Archive member included because of file (symbol)

C:\Users\Ashray Jain\Desktop\EE2024 Workspace\Lib_CMSISv1p30_LPC17xx\Debug\libCMSISv1p30_LPC17xx.a(system_LPC17xx.o)
                              ./src/main.o (SystemCoreClock)
C:\Users\Ashray Jain\Desktop\EE2024 Workspace\Lib_EaBaseBoard\Debug\libLib_EaBaseBoard.a(acc.o)
                              ./src/main.o (acc_init)
C:\Users\Ashray Jain\Desktop\EE2024 Workspace\Lib_EaBaseBoard\Debug\libLib_EaBaseBoard.a(led7seg.o)
                              ./src/main.o (led7seg_init)
C:\Users\Ashray Jain\Desktop\EE2024 Workspace\Lib_EaBaseBoard\Debug\libLib_EaBaseBoard.a(light.o)
                              ./src/main.o (light_init)
C:\Users\Ashray Jain\Desktop\EE2024 Workspace\Lib_EaBaseBoard\Debug\libLib_EaBaseBoard.a(oled.o)
                              ./src/main.o (oled_init)
C:\Users\Ashray Jain\Desktop\EE2024 Workspace\Lib_EaBaseBoard\Debug\libLib_EaBaseBoard.a(pca9532.o)
                              ./src/main.o (pca9532_init)
C:\Users\Ashray Jain\Desktop\EE2024 Workspace\Lib_EaBaseBoard\Debug\libLib_EaBaseBoard.a(rgb.o)
                              ./src/main.o (rgb_init)
C:\Users\Ashray Jain\Desktop\EE2024 Workspace\Lib_EaBaseBoard\Debug\libLib_EaBaseBoard.a(font5x7.o)
                              C:\Users\Ashray Jain\Desktop\EE2024 Workspace\Lib_EaBaseBoard\Debug\libLib_EaBaseBoard.a(oled.o) (font5x7)
C:\Users\Ashray Jain\Desktop\EE2024 Workspace\Lib_MCU\Debug\libLib_MCU.a(lpc17xx_gpio.o)
                              ./src/main.o (GPIO_SetDir)
C:\Users\Ashray Jain\Desktop\EE2024 Workspace\Lib_MCU\Debug\libLib_MCU.a(lpc17xx_i2c.o)
                              ./src/main.o (I2C_Init)
C:\Users\Ashray Jain\Desktop\EE2024 Workspace\Lib_MCU\Debug\libLib_MCU.a(lpc17xx_pinsel.o)
                              ./src/main.o (PINSEL_ConfigPin)
C:\Users\Ashray Jain\Desktop\EE2024 Workspace\Lib_MCU\Debug\libLib_MCU.a(lpc17xx_ssp.o)
                              ./src/main.o (SSP_Init)
C:\Users\Ashray Jain\Desktop\EE2024 Workspace\Lib_MCU\Debug\libLib_MCU.a(lpc17xx_timer.o)
                              ./src/main.o (TIM_ClearIntPending)
C:\Users\Ashray Jain\Desktop\EE2024 Workspace\Lib_MCU\Debug\libLib_MCU.a(lpc17xx_uart.o)
                              ./src/main.o (UART_DeInit)
C:\Users\Ashray Jain\Desktop\EE2024 Workspace\Lib_MCU\Debug\libLib_MCU.a(lpc17xx_clkpwr.o)
                              C:\Users\Ashray Jain\Desktop\EE2024 Workspace\Lib_MCU\Debug\libLib_MCU.a(lpc17xx_i2c.o) (CLKPWR_SetPCLKDiv)
c:/nxp/lpcxpresso_3.6.3_317/tools/bin/../lib/gcc/arm-none-eabi/4.3.3/thumb2\libgcc.a(_arm_addsubdf3.o)
                              ./src/main.o (__aeabi_i2d)
c:/nxp/lpcxpresso_3.6.3_317/tools/bin/../lib/gcc/arm-none-eabi/4.3.3/thumb2\libgcc.a(_arm_muldivdf3.o)
                              ./src/main.o (__aeabi_dmul)
c:/nxp/lpcxpresso_3.6.3_317/tools/bin/../lib/gcc/arm-none-eabi/4.3.3/thumb2\libgcc.a(_arm_truncdfsf2.o)
                              ./src/main.o (__aeabi_d2f)
c:/nxp/lpcxpresso_3.6.3_317/tools/bin/../lib/gcc/arm-none-eabi/4.3.3/thumb2\libgcc.a(_arm_addsubsf3.o)
                              ./src/main.o (__aeabi_fsub)
c:/nxp/lpcxpresso_3.6.3_317/tools/bin/../lib/gcc/arm-none-eabi/4.3.3/thumb2\libgcc.a(_arm_muldivsf3.o)
                              ./src/main.o (__aeabi_fmul)
c:/nxp/lpcxpresso_3.6.3_317/tools/bin/../lib/gcc/arm-none-eabi/4.3.3/thumb2\libgcc.a(_arm_cmpsf2.o)
                              ./src/main.o (__aeabi_fcmplt)
c:/nxp/lpcxpresso_3.6.3_317/tools/bin/../lib/gcc/arm-none-eabi/4.3.3/thumb2\libgcc.a(_arm_fixsfsi.o)
                              ./src/main.o (__aeabi_f2iz)
c:/nxp/lpcxpresso_3.6.3_317/tools/bin/../lib/gcc/arm-none-eabi/4.3.3/thumb2\libgcc.a(_aeabi_uldivmod.o)
                              C:\Users\Ashray Jain\Desktop\EE2024 Workspace\Lib_CMSISv1p30_LPC17xx\Debug\libCMSISv1p30_LPC17xx.a(system_LPC17xx.o) (__aeabi_uldivmod)
c:/nxp/lpcxpresso_3.6.3_317/tools/bin/../lib/gcc/arm-none-eabi/4.3.3/thumb2\libgcc.a(bpabi.o)
                              c:/nxp/lpcxpresso_3.6.3_317/tools/bin/../lib/gcc/arm-none-eabi/4.3.3/thumb2\libgcc.a(_aeabi_uldivmod.o) (__gnu_uldivmod_helper)
c:/nxp/lpcxpresso_3.6.3_317/tools/bin/../lib/gcc/arm-none-eabi/4.3.3/thumb2\libgcc.a(_dvmd_tls.o)
                              c:/nxp/lpcxpresso_3.6.3_317/tools/bin/../lib/gcc/arm-none-eabi/4.3.3/thumb2\libgcc.a(_aeabi_uldivmod.o) (__aeabi_ldiv0)
c:/nxp/lpcxpresso_3.6.3_317/tools/bin/../lib/gcc/arm-none-eabi/4.3.3/thumb2\libgcc.a(_divdi3.o)
                              c:/nxp/lpcxpresso_3.6.3_317/tools/bin/../lib/gcc/arm-none-eabi/4.3.3/thumb2\libgcc.a(bpabi.o) (__divdi3)
c:/nxp/lpcxpresso_3.6.3_317/tools/bin/../lib/gcc/arm-none-eabi/4.3.3/thumb2\libgcc.a(_udivdi3.o)
                              c:/nxp/lpcxpresso_3.6.3_317/tools/bin/../lib/gcc/arm-none-eabi/4.3.3/thumb2\libgcc.a(bpabi.o) (__udivdi3)
c:/nxp/lpcxpresso_3.6.3_317/tools/bin/../lib/gcc/arm-none-eabi/4.3.3/thumb2\libgcc.a(_udivsi3.o)
[...]
Memory Configuration

Name             Origin             Length             Attributes
MFlash512        0x00000000         0x00020000         xr
RamLoc32         0x10000000         0x00008000         xrw
RamAHB32         0x2007c000         0x00008000         xrw
CANAccFilterRAM  0x40038000         0x00000800         xrw
*default*        0x00000000         0xffffffff

Linker script and memory map

LOAD ./src/cr_startup_lpc17.o
LOAD ./src/main.o
LOAD C:\Users\Ashray Jain\Desktop\EE2024 Workspace\Lib_CMSISv1p30_LPC17xx\Debug\libCMSISv1p30_LPC17xx.a
LOAD C:\Users\Ashray Jain\Desktop\EE2024 Workspace\Lib_EaBaseBoard\Debug\libLib_EaBaseBoard.a
LOAD C:\Users\Ashray Jain\Desktop\EE2024 Workspace\Lib_MCU\Debug\libLib_MCU.a
START GROUP
LOAD c:/nxp/lpcxpresso_3.6.3_317/tools/bin/../lib/gcc/arm-none-eabi/4.3.3/thumb2\libgcc.a
LOAD c:/nxp/lpcxpresso_3.6.3_317/tools/bin/../lib/gcc/arm-none-eabi/4.3.3/../../../../arm-none-eabi/lib/thumb2\libc.a
LOAD c:/nxp/lpcxpresso_3.6.3_317/tools/bin/../lib/gcc/arm-none-eabi/4.3.3/../../../../arm-none-eabi/lib/thumb2\libm.a
LOAD c:/nxp/lpcxpresso_3.6.3_317/tools/bin/../lib/gcc/arm-none-eabi/4.3.3/../../../../arm-none-eabi/lib/thumb2\libcr_newlib_semihost.a
END GROUP
                0x00080000                __top_MFlash512 = 0x80000
                0x10008000                __top_RamLoc32 = 0x10008000
                0x20084000                __top_RamAHB32 = 0x20084000
                0x40038800                __top_CANAccFilterRAM = 0x40038800

.text           0x00000000     0xd1a0
 FILL mask 0xff
 *(.isr_vector)
 .isr_vector    0x00000000       0xcc ./src/cr_startup_lpc17.o
                0x00000000                g_pfnVectors
                0x000000cc                . = ALIGN (0x4)
                0x000000cc                __section_table_start = .
                0x000000cc                __data_section_table = .
                0x000000cc        0x4 LONG 0xd1a8 LOADADDR (.data)
                0x000000d0        0x4 LONG 0x10000000 ADDR (.data)
                0x000000d4        0x4 LONG 0x590 SIZEOF (.data)
                0x000000d8        0x4 LONG 0xd1a8 LOADADDR (.data_RAM2)
                0x000000dc        0x4 LONG 0x2007c000 ADDR (.data_RAM2)
                0x000000e0        0x4 LONG 0x0 SIZEOF (.data_RAM2)
                0x000000e4        0x4 LONG 0xd1a8 LOADADDR (.data_RAM3)
                0x000000e8        0x4 LONG 0x40038000 ADDR (.data_RAM3)
                0x000000ec        0x4 LONG 0x0 SIZEOF (.data_RAM3)
                0x000000f0                __data_section_table_end = .
                0x000000f0                __bss_section_table = .
                0x000000f0        0x4 LONG 0x10000590 ADDR (.bss)
                0x000000f4        0x4 LONG 0x3f8 SIZEOF (.bss)
                0x000000f8        0x4 LONG 0x2007c000 ADDR (.bss_RAM2)
                0x000000fc        0x4 LONG 0x0 SIZEOF (.bss_RAM2)
                0x00000100        0x4 LONG 0x40038000 ADDR (.bss_RAM3)
                0x00000104        0x4 LONG 0x0 SIZEOF (.bss_RAM3)
                0x00000108                __bss_section_table_end = .
                0x00000108                __section_table_end = .
 *(.after_vectors*)
 *(.text*)
 .text.ResetISR
                0x00000108       0x68 ./src/cr_startup_lpc17.o
                0x00000108                ResetISR
 .text.NMI_Handler
                0x00000170        0x8 ./src/cr_startup_lpc17.o
                0x00000170                NMI_Handler
 .text.HardFault_Handler
                0x00000178        0x8 ./src/cr_startup_lpc17.o
                0x00000178                HardFault_Handler
 .text.MemManage_Handler
                0x00000180        0x8 ./src/cr_startup_lpc17.o
                0x00000180                MemManage_Handler
 .text.BusFault_Handler
                0x00000188        0x8 ./src/cr_startup_lpc17.o
                0x00000188                BusFault_Handler
 .text.UsageFault_Handler
                0x00000190        0x8 ./src/cr_startup_lpc17.o
                0x00000190                UsageFault_Handler
 .text.SVCall_Handler
                0x00000198        0x8 ./src/cr_startup_lpc17.o
                0x00000198                SVCall_Handler
 .text.DebugMon_Handler
                0x000001a0        0x8 ./src/cr_startup_lpc17.o
                0x000001a0                DebugMon_Handler
 .text.PendSV_Handler
                0x000001a8        0x8 ./src/cr_startup_lpc17.o
                0x000001a8                PendSV_Handler
 .text.IntDefaultHandler
                0x000001b0        0x8 ./src/cr_startup_lpc17.o
                0x000001b0                RIT_IRQHandler
                0x000001b0                I2C0_IRQHandler
                0x000001b0                USBActivity_IRQHandler
                0x000001b0                PWM1_IRQHandler
                0x000001b0                I2C1_IRQHandler
                0x000001b0                EINT2_IRQHandler
                0x000001b0                UART1_IRQHandler
                0x000001b0                CANActivity_IRQHandler
                0x000001b0                UART0_IRQHandler
                0x000001b0                IntDefaultHandler
                0x000001b0                PLL0_IRQHandler
                0x000001b0                CAN_IRQHandler
                0x000001b0                PLL1_IRQHandler
                0x000001b0                SSP0_IRQHandler
                0x000001b0                I2S_IRQHandler
                0x000001b0                I2C2_IRQHandler
                0x000001b0                RTC_IRQHandler
                0x000001b0                TIMER0_IRQHandler
                0x000001b0                SPI_IRQHandler
                0x000001b0                EINT1_IRQHandler
                0x000001b0                UART2_IRQHandler
                0x000001b0                ADC_IRQHandler
                0x000001b0                SSP1_IRQHandler
                0x000001b0                USB_IRQHandler
                0x000001b0                BOD_IRQHandler
                0x000001b0                WDT_IRQHandler
                0x000001b0                QEI_IRQHandler
                0x000001b0                DMA_IRQHandler
                0x000001b0                MCPWM_IRQHandler
                0x000001b0                ENET_IRQHandler
 .text.initAllPeripherals
                0x000001b8       0x8c ./src/main.o
                0x000001b8                initAllPeripherals
 .text.NVIC_ClearPendingIRQ
                0x00000244       0x3c ./src/main.o
 .text.NVIC_EnableIRQ
                0x00000280       0x38 ./src/main.o
 .text.init_ssp
                0x000002b8       0xa0 ./src/main.o
                0x000002b8                init_ssp
 .text.init_i2c
                0x00000358       0x60 ./src/main.o
                0x00000358                init_i2c
 .text.init_GPIO
                0x000003b8      0x118 ./src/main.o
                0x000003b8                init_GPIO
 .text.init_buzzer
                0x000004d0       0x8c ./src/main.o
                0x000004d0                init_buzzer
 .text.init_uart
                0x0000055c       0xa0 ./src/main.o
                0x0000055c                init_uart
 .text.init_timer
                0x000005fc      0x17c ./src/main.o
                0x000005fc                init_timer
 .text.NVIC_SetPriority
                0x00000778       0x5c ./src/main.o
 .text.init_temp_interrupt
                0x000007d4       0x94 ./src/main.o
                0x000007d4                init_temp_interrupt
 .text.disable_temp_interrupt
                0x00000868       0x3c ./src/main.o
                0x00000868                disable_temp_interrupt
 .text.init_handShake
                0x000008a4       0x28 ./src/main.o
                0x000008a4                init_handShake
 .text.calibratingHandler
                0x000008cc       0x5c ./src/main.o
                0x000008cc                calibratingHandler
 .text.stdbyCountingDownHandler
                0x00000928       0x28 ./src/main.o
                0x00000928                stdbyCountingDownHandler
 .text.stdbyEnvTestingHandler
                0x00000950       0x60 ./src/main.o
                0x00000950                stdbyEnvTestingHandler
 .text.activeHandler
                0x000009b0      0x1fc ./src/main.o
                0x000009b0                activeHandler
 *fill*         0x00000bac        0x4 00
 .text.SysTick_Handler
                0x00000bb0      0x358 ./src/main.o
                0x00000bb0                SysTick_Handler
 .text.EINT0_IRQHandler
                0x00000f08       0x34 ./src/main.o
                0x00000f08                EINT0_IRQHandler
 .text.EINT3_IRQHandler
                0x00000f3c      0x218 ./src/main.o
                0x00000f3c                EINT3_IRQHandler
 .text.TIMER1_IRQHandler
                0x00001154      0x11c ./src/main.o
                0x00001154                TIMER1_IRQHandler
 .text.TIMER2_IRQHandler
                0x00001270       0x30 ./src/main.o
                0x00001270                TIMER2_IRQHandler
 .text.TIMER3_IRQHandler
                0x000012a0       0x40 ./src/main.o
                0x000012a0                TIMER3_IRQHandler
 .text.UART3_IRQHandler
                0x000012e0      0x20c ./src/main.o
                0x000012e0                UART3_IRQHandler
 .text.getMsTicks
                0x000014ec       0x18 ./src/main.o
                0x000014ec                getMsTicks
 .text.enterCalibratingState
                0x00001504       0x50 ./src/main.o
                0x00001504                enterCalibratingState
 .text.enterStdByCountingDownState
                0x00001554       0x5c ./src/main.o
                0x00001554                enterStdByCountingDownState
 .text.enterActiveState
                0x000015b0       0x60 ./src/main.o
                0x000015b0                enterActiveState
 .text.leaveActiveState
                0x00001610       0x2c ./src/main.o
                0x00001610                leaveActiveState
 .text.leaveCalibratingState
                0x0000163c       0x84 ./src/main.o
                0x0000163c                leaveCalibratingState
 .text.leaveStdByCountingDownState
                0x000016c0       0x18 ./src/main.o
                0x000016c0                leaveStdByCountingDownState
 .text.updateReadings
                0x000016d8       0x34 ./src/main.o
                0x000016d8                updateReadings
 .text.updateTemperatureReading
                0x0000170c       0x44 ./src/main.o
                0x0000170c                updateTemperatureReading
 .text.updateAccReading
                0x00001750       0xa4 ./src/main.o
                0x00001750                updateAccReading
 .text.updateFreqCounter
                0x000017f4      0x250 ./src/main.o
                0x000017f4                updateFreqCounter
 .text.startWarning
                0x00001a44       0x30 ./src/main.o
                0x00001a44                startWarning
 .text.turnOnLedArray
                0x00001a74       0x14 ./src/main.o
                0x00001a74                turnOnLedArray
 .text.stopWarning
                0x00001a88       0x48 ./src/main.o
                0x00001a88                stopWarning
 .text.turnOffLedArray
                0x00001ad0       0x14 ./src/main.o
                0x00001ad0                turnOffLedArray
 .text.countDownFrom
                0x00001ae4       0x3c ./src/main.o
                0x00001ae4                countDownFrom
 .text.decrementCount
                0x00001b20       0x78 ./src/main.o
                0x00001b20                decrementCount
 .text.writeHeaderToOled
                0x00001b98      0x188 ./src/main.o
                0x00001b98                writeHeaderToOled
 .text.writeStatesToOled
                0x00001d20      0x184 ./src/main.o
                0x00001d20                writeStatesToOled
 .text.writeTempToOled
                0x00001ea4      0x124 ./src/main.o
                0x00001ea4                writeTempToOled
 .text.writeAccValueToOled
                0x00001fc8      0x254 ./src/main.o
                0x00001fc8                writeAccValueToOled
 .text.sendUartReady
                0x0000221c       0x34 ./src/main.o
                0x0000221c                sendUartReady
 .text.processUartCommand
                0x00002250      0x488 ./src/main.o
                0x00002250                processUartCommand
 .text.changeReportingTime
                0x000026d8       0xcc ./src/main.o
                0x000026d8                changeReportingTime
 .text.changeTimeWindow
                0x000027a4       0x4c ./src/main.o
                0x000027a4                changeTimeWindow
 .text.changeLowerThreshold
                0x000027f0       0x54 ./src/main.o
                0x000027f0                changeLowerThreshold
 .text.changeUpperThreshold
                0x00002844       0x54 ./src/main.o
                0x00002844                changeUpperThreshold
 .text.tempToString
                0x00002898      0x124 ./src/main.o
                0x00002898                tempToString
 .text.toStringInt
                0x000029bc       0x24 ./src/main.o
                0x000029bc                toStringInt
 .text.toStringDouble
                0x000029e0       0x2c ./src/main.o
                0x000029e0                toStringDouble
 .text.rgb_setLeds_OledHack
                0x00002a0c       0x20 ./src/main.o
                0x00002a0c                rgb_setLeds_OledHack
 .text.stringToInt
                0x00002a2c       0x98 ./src/main.o
                0x00002a2c                stringToInt
 .text.main     0x00002ac4       0x70 ./src/main.o
                0x00002ac4                main
 .text.SysTick_Config
                0x00002b34       0x68 ./src/main.o
 .text.check_failed
                0x00002b9c        0xc ./src/main.o
                0x00002b9c                check_failed
 .text.SystemInit
                0x00002ba8      0x224 C:\Users\Ashray Jain\Desktop\EE2024 Workspace\Lib_CMSISv1p30_LPC17xx\Debug\libCMSISv1p30_LPC17xx.a(system_LPC17xx.o)
                0x00002ba8                SystemInit
 .text.I2CRead  0x00002dcc       0x64 C:\Users\Ashray Jain\Desktop\EE2024 Workspace\Lib_EaBaseBoard\Debug\libLib_EaBaseBoard.a(acc.o)
 .text.I2CWrite
                0x00002e30       0x64 C:\Users\Ashray Jain\Desktop\EE2024 Workspace\Lib_EaBaseBoard\Debug\libLib_EaBaseBoard.a(acc.o)
 .text.getStatus
                0x00002e94       0x3c C:\Users\Ashray Jain\Desktop\EE2024 Workspace\Lib_EaBaseBoard\Debug\libLib_EaBaseBoard.a(acc.o)
 .text.getModeControl
                0x00002ed0       0x3c C:\Users\Ashray Jain\Desktop\EE2024 Workspace\Lib_EaBaseBoard\Debug\libLib_EaBaseBoard.a(acc.o)
 .text.setModeControl
                0x00002f0c       0x30 C:\Users\Ashray Jain\Desktop\EE2024 Workspace\Lib_EaBaseBoard\Debug\libLib_EaBaseBoard.a(acc.o)
 .text.acc_init
                0x00002f3c       0x10 C:\Users\Ashray Jain\Desktop\EE2024 Workspace\Lib_EaBaseBoard\Debug\libLib_EaBaseBoard.a(acc.o)
                0x00002f3c                acc_init
 .text.acc_read
                0x00002f4c       0xb4 C:\Users\Ashray Jain\Desktop\EE2024 Workspace\Lib_EaBaseBoard\Debug\libLib_EaBaseBoard.a(acc.o)
                0x00002f4c                acc_read
 .text.acc_setMode
                0x00003000       0x3c C:\Users\Ashray Jain\Desktop\EE2024 Workspace\Lib_EaBaseBoard\Debug\libLib_EaBaseBoard.a(acc.o)
                0x00003000                acc_setMode
 .text.led7seg_init
                0x0000303c       0x24 C:\Users\Ashray Jain\Desktop\EE2024 Workspace\Lib_EaBaseBoard\Debug\libLib_EaBaseBoard.a(led7seg.o)
                0x0000303c                led7seg_init
 .text.led7seg_setChar
                0x00003060       0x88 C:\Users\Ashray Jain\Desktop\EE2024 Workspace\Lib_EaBaseBoard\Debug\libLib_EaBaseBoard.a(led7seg.o)
                0x00003060                led7seg_setChar
 .text.I2CRead  0x000030e8       0x64 C:\Users\Ashray Jain\Desktop\EE2024 Workspace\Lib_EaBaseBoard\Debug\libLib_EaBaseBoard.a(light.o)
 .text.I2CWrite
                0x0000314c       0x64 C:\Users\Ashray Jain\Desktop\EE2024 Workspace\Lib_EaBaseBoard\Debug\libLib_EaBaseBoard.a(light.o)
 .text.readControlReg
                0x000031b0       0x3c C:\Users\Ashray Jain\Desktop\EE2024 Workspace\Lib_EaBaseBoard\Debug\libLib_EaBaseBoard.a(light.o)
 .text.light_init
                0x000031ec        0xc C:\Users\Ashray Jain\Desktop\EE2024 Workspace\Lib_EaBaseBoard\Debug\libLib_EaBaseBoard.a(light.o)
                0x000031ec                light_init
 .text.light_enable
                0x000031f8       0x48 C:\Users\Ashray Jain\Desktop\EE2024 Workspace\Lib_EaBaseBoard\Debug\libLib_EaBaseBoard.a(light.o)
                0x000031f8                light_enable
 .text.light_setRange
                0x00003240       0xb0 C:\Users\Ashray Jain\Desktop\EE2024 Workspace\Lib_EaBaseBoard\Debug\libLib_EaBaseBoard.a(light.o)
                0x00003240                light_setRange
 .text.light_setHiThreshold
                0x000032f0       0x58 C:\Users\Ashray Jain\Desktop\EE2024 Workspace\Lib_EaBaseBoard\Debug\libLib_EaBaseBoard.a(light.o)
                0x000032f0                light_setHiThreshold
 .text.light_setLoThreshold
                0x00003348       0x58 C:\Users\Ashray Jain\Desktop\EE2024 Workspace\Lib_EaBaseBoard\Debug\libLib_EaBaseBoard.a(light.o)
                0x00003348                light_setLoThreshold
 .text.light_clearIrqStatus
                0x000033a0       0x3c C:\Users\Ashray Jain\Desktop\EE2024 Workspace\Lib_EaBaseBoard\Debug\libLib_EaBaseBoard.a(light.o)
                0x000033a0                light_clearIrqStatus
 .text.writeCommand
                0x000033dc       0x60 C:\Users\Ashray Jain\Desktop\EE2024 Workspace\Lib_EaBaseBoard\Debug\libLib_EaBaseBoard.a(oled.o)
 .text.writeData
                0x0000343c       0x60 C:\Users\Ashray Jain\Desktop\EE2024 Workspace\Lib_EaBaseBoard\Debug\libLib_EaBaseBoard.a(oled.o)
 .text.writeDataLen
                0x0000349c       0x90 C:\Users\Ashray Jain\Desktop\EE2024 Workspace\Lib_EaBaseBoard\Debug\libLib_EaBaseBoard.a(oled.o)
 .text.runInitSequence
                0x0000352c      0x118 C:\Users\Ashray Jain\Desktop\EE2024 Workspace\Lib_EaBaseBoard\Debug\libLib_EaBaseBoard.a(oled.o)
 .text.hLine    0x00003644       0x58 C:\Users\Ashray Jain\Desktop\EE2024 Workspace\Lib_EaBaseBoard\Debug\libLib_EaBaseBoard.a(oled.o)
 .text.vLine    0x0000369c       0x58 C:\Users\Ashray Jain\Desktop\EE2024 Workspace\Lib_EaBaseBoard\Debug\libLib_EaBaseBoard.a(oled.o)
 .text.oled_init
                0x000036f4       0x9c C:\Users\Ashray Jain\Desktop\EE2024 Workspace\Lib_EaBaseBoard\Debug\libLib_EaBaseBoard.a(oled.o)
                0x000036f4                oled_init
 .text.oled_putPixel
                0x00003790      0x178 C:\Users\Ashray Jain\Desktop\EE2024 Workspace\Lib_EaBaseBoard\Debug\libLib_EaBaseBoard.a(oled.o)
                0x00003790                oled_putPixel
 .text.oled_fillRect
                0x00003908       0xb4 C:\Users\Ashray Jain\Desktop\EE2024 Workspace\Lib_EaBaseBoard\Debug\libLib_EaBaseBoard.a(oled.o)
                0x00003908                oled_fillRect
 .text.oled_clearScreen
                0x000039bc       0x74 C:\Users\Ashray Jain\Desktop\EE2024 Workspace\Lib_EaBaseBoard\Debug\libLib_EaBaseBoard.a(oled.o)
                0x000039bc                oled_clearScreen
 .text.oled_putChar
                0x00003a30      0x100 C:\Users\Ashray Jain\Desktop\EE2024 Workspace\Lib_EaBaseBoard\Debug\libLib_EaBaseBoard.a(oled.o)
                0x00003a30                oled_putChar
 .text.oled_putString
                0x00003b30       0x58 C:\Users\Ashray Jain\Desktop\EE2024 Workspace\Lib_EaBaseBoard\Debug\libLib_EaBaseBoard.a(oled.o)
                0x00003b30                oled_putString
 .text.I2CWrite
                0x00003b88       0x64 C:\Users\Ashray Jain\Desktop\EE2024 Workspace\Lib_EaBaseBoard\Debug\libLib_EaBaseBoard.a(pca9532.o)
 .text.setLsStates
                0x00003bec       0xd0 C:\Users\Ashray Jain\Desktop\EE2024 Workspace\Lib_EaBaseBoard\Debug\libLib_EaBaseBoard.a(pca9532.o)
 .text.setLeds  0x00003cbc       0xa4 C:\Users\Ashray Jain\Desktop\EE2024 Workspace\Lib_EaBaseBoard\Debug\libLib_EaBaseBoard.a(pca9532.o)
 .text.pca9532_init
                0x00003d60        0xc C:\Users\Ashray Jain\Desktop\EE2024 Workspace\Lib_EaBaseBoard\Debug\libLib_EaBaseBoard.a(pca9532.o)
                0x00003d60                pca9532_init
 .text.pca9532_setLeds
                0x00003d6c       0xa4 C:\Users\Ashray Jain\Desktop\EE2024 Workspace\Lib_EaBaseBoard\Debug\libLib_EaBaseBoard.a(pca9532.o)
                0x00003d6c                pca9532_setLeds
 .text.rgb_init
                0x00003e10       0x38 C:\Users\Ashray Jain\Desktop\EE2024 Workspace\Lib_EaBaseBoard\Debug\libLib_EaBaseBoard.a(rgb.o)
                0x00003e10                rgb_init
 .text.rgb_setLeds
                0x00003e48       0x80 C:\Users\Ashray Jain\Desktop\EE2024 Workspace\Lib_EaBaseBoard\Debug\libLib_EaBaseBoard.a(rgb.o)
                0x00003e48                rgb_setLeds
 .text.GPIO_GetPointer
                0x00003ec8       0x78 C:\Users\Ashray Jain\Desktop\EE2024 Workspace\Lib_MCU\Debug\libLib_MCU.a(lpc17xx_gpio.o)
 .text.GPIO_SetDir
                0x00003f40       0x54 C:\Users\Ashray Jain\Desktop\EE2024 Workspace\Lib_MCU\Debug\libLib_MCU.a(lpc17xx_gpio.o)
                0x00003f40                GPIO_SetDir
 .text.GPIO_SetValue
                0x00003f94       0x2c C:\Users\Ashray Jain\Desktop\EE2024 Workspace\Lib_MCU\Debug\libLib_MCU.a(lpc17xx_gpio.o)
                0x00003f94                GPIO_SetValue
 .text.GPIO_ClearValue
                0x00003fc0       0x2c C:\Users\Ashray Jain\Desktop\EE2024 Workspace\Lib_MCU\Debug\libLib_MCU.a(lpc17xx_gpio.o)
                0x00003fc0                GPIO_ClearValue
 .text.GPIO_ReadValue
                0x00003fec       0x38 C:\Users\Ashray Jain\Desktop\EE2024 Workspace\Lib_MCU\Debug\libLib_MCU.a(lpc17xx_gpio.o)
                0x00003fec                GPIO_ReadValue
 .text.I2C_getNum
                0x00004024       0x60 C:\Users\Ashray Jain\Desktop\EE2024 Workspace\Lib_MCU\Debug\libLib_MCU.a(lpc17xx_i2c.o)
 .text.I2C_Start
                0x00004084       0x40 C:\Users\Ashray Jain\Desktop\EE2024 Workspace\Lib_MCU\Debug\libLib_MCU.a(lpc17xx_i2c.o)
 .text.I2C_Stop
                0x000040c4       0x38 C:\Users\Ashray Jain\Desktop\EE2024 Workspace\Lib_MCU\Debug\libLib_MCU.a(lpc17xx_i2c.o)
 .text.I2C_SendByte
                0x000040fc       0x50 C:\Users\Ashray Jain\Desktop\EE2024 Workspace\Lib_MCU\Debug\libLib_MCU.a(lpc17xx_i2c.o)
 .text.I2C_GetByte
                0x0000414c       0x58 C:\Users\Ashray Jain\Desktop\EE2024 Workspace\Lib_MCU\Debug\libLib_MCU.a(lpc17xx_i2c.o)
 .text.I2C_IntCmd
                0x000041a4       0xa8 C:\Users\Ashray Jain\Desktop\EE2024 Workspace\Lib_MCU\Debug\libLib_MCU.a(lpc17xx_i2c.o)
                0x000041a4                I2C_IntCmd
 .text.NVIC_EnableIRQ
                0x0000424c       0x38 C:\Users\Ashray Jain\Desktop\EE2024 Workspace\Lib_MCU\Debug\libLib_MCU.a(lpc17xx_i2c.o)
 .text.NVIC_DisableIRQ
                0x00004284       0x3c C:\Users\Ashray Jain\Desktop\EE2024 Workspace\Lib_MCU\Debug\libLib_MCU.a(lpc17xx_i2c.o)
 .text.I2C_MasterHandler
                0x000042c0      0x410 C:\Users\Ashray Jain\Desktop\EE2024 Workspace\Lib_MCU\Debug\libLib_MCU.a(lpc17xx_i2c.o)
                0x000042c0                I2C_MasterHandler
 .text.I2C_SetClock
                0x000046d0       0xc8 C:\Users\Ashray Jain\Desktop\EE2024 Workspace\Lib_MCU\Debug\libLib_MCU.a(lpc17xx_i2c.o)
                0x000046d0                I2C_SetClock
 .text.I2C_Init
                0x00004798       0xd4 C:\Users\Ashray Jain\Desktop\EE2024 Workspace\Lib_MCU\Debug\libLib_MCU.a(lpc17xx_i2c.o)
                0x00004798                I2C_Init
 .text.I2C_Cmd  0x0000486c       0x84 C:\Users\Ashray Jain\Desktop\EE2024 Workspace\Lib_MCU\Debug\libLib_MCU.a(lpc17xx_i2c.o)
                0x0000486c                I2C_Cmd
 .text.I2C_MasterTransferData
                0x000048f0      0x374 C:\Users\Ashray Jain\Desktop\EE2024 Workspace\Lib_MCU\Debug\libLib_MCU.a(lpc17xx_i2c.o)
                0x000048f0                I2C_MasterTransferData
 .text.PINSEL_SetPinFunc
                0x00004c64       0xa4 C:\Users\Ashray Jain\Desktop\EE2024 Workspace\Lib_MCU\Debug\libLib_MCU.a(lpc17xx_pinsel.o)
                0x00004c64                PINSEL_SetPinFunc
 .text.PINSEL_SetResistorMode
                0x00004d08       0xa4 C:\Users\Ashray Jain\Desktop\EE2024 Workspace\Lib_MCU\Debug\libLib_MCU.a(lpc17xx_pinsel.o)
                0x00004d08                PINSEL_SetResistorMode
 .text.PINSEL_SetOpenDrainMode
                0x00004dac       0x84 C:\Users\Ashray Jain\Desktop\EE2024 Workspace\Lib_MCU\Debug\libLib_MCU.a(lpc17xx_pinsel.o)
                0x00004dac                PINSEL_SetOpenDrainMode
 .text.PINSEL_ConfigPin
                0x00004e30       0x4c C:\Users\Ashray Jain\Desktop\EE2024 Workspace\Lib_MCU\Debug\libLib_MCU.a(lpc17xx_pinsel.o)
                0x00004e30                PINSEL_ConfigPin
 .text.SSP_getNum
                0x00004e7c       0x48 C:\Users\Ashray Jain\Desktop\EE2024 Workspace\Lib_MCU\Debug\libLib_MCU.a(lpc17xx_ssp.o)
 .text.SSP_IntHandler
                0x00004ec4      0x324 C:\Users\Ashray Jain\Desktop\EE2024 Workspace\Lib_MCU\Debug\libLib_MCU.a(lpc17xx_ssp.o)
                0x00004ec4                SSP_IntHandler
 .text.SSP_SetClock
                0x000051e8       0xf8 C:\Users\Ashray Jain\Desktop\EE2024 Workspace\Lib_MCU\Debug\libLib_MCU.a(lpc17xx_ssp.o)
                0x000051e8                SSP_SetClock
 .text.SSP_Init
                0x000052e0      0x10c C:\Users\Ashray Jain\Desktop\EE2024 Workspace\Lib_MCU\Debug\libLib_MCU.a(lpc17xx_ssp.o)
                0x000052e0                SSP_Init
 .text.SSP_ConfigStructInit
                0x000053ec       0x48 C:\Users\Ashray Jain\Desktop\EE2024 Workspace\Lib_MCU\Debug\libLib_MCU.a(lpc17xx_ssp.o)
                0x000053ec                SSP_ConfigStructInit
 .text.SSP_Cmd  0x00005434       0x7c C:\Users\Ashray Jain\Desktop\EE2024 Workspace\Lib_MCU\Debug\libLib_MCU.a(lpc17xx_ssp.o)
                0x00005434                SSP_Cmd
 .text.SSP_SendData
                0x000054b0       0x48 C:\Users\Ashray Jain\Desktop\EE2024 Workspace\Lib_MCU\Debug\libLib_MCU.a(lpc17xx_ssp.o)
                0x000054b0                SSP_SendData
 .text.SSP_ReceiveData
                0x000054f8       0x44 C:\Users\Ashray Jain\Desktop\EE2024 Workspace\Lib_MCU\Debug\libLib_MCU.a(lpc17xx_ssp.o)
                0x000054f8                SSP_ReceiveData
 .text.SSP_ReadWrite
                0x0000553c      0x448 C:\Users\Ashray Jain\Desktop\EE2024 Workspace\Lib_MCU\Debug\libLib_MCU.a(lpc17xx_ssp.o)
                0x0000553c                SSP_ReadWrite
 .text.TIM_GetPClock
                0x00005984       0x68 C:\Users\Ashray Jain\Desktop\EE2024 Workspace\Lib_MCU\Debug\libLib_MCU.a(lpc17xx_timer.o)
                0x00005984                TIM_GetPClock
 .text.TIM_ConverUSecToVal
                0x000059ec       0x68 C:\Users\Ashray Jain\Desktop\EE2024 Workspace\Lib_MCU\Debug\libLib_MCU.a(lpc17xx_timer.o)
                0x000059ec                TIM_ConverUSecToVal
 .text.TIM_ConverPtrToTimeNum
                0x00005a54       0x74 C:\Users\Ashray Jain\Desktop\EE2024 Workspace\Lib_MCU\Debug\libLib_MCU.a(lpc17xx_timer.o)
                0x00005a54                TIM_ConverPtrToTimeNum
 .text.TIM_ClearIntPending
                0x00005ac8       0xa8 C:\Users\Ashray Jain\Desktop\EE2024 Workspace\Lib_MCU\Debug\libLib_MCU.a(lpc17xx_timer.o)
                0x00005ac8                TIM_ClearIntPending
 .text.TIM_Init
                0x00005b70      0x1cc C:\Users\Ashray Jain\Desktop\EE2024 Workspace\Lib_MCU\Debug\libLib_MCU.a(lpc17xx_timer.o)
                0x00005b70                TIM_Init
 .text.TIM_Cmd  0x00005d3c       0x7c C:\Users\Ashray Jain\Desktop\EE2024 Workspace\Lib_MCU\Debug\libLib_MCU.a(lpc17xx_timer.o)
                0x00005d3c                TIM_Cmd
 .text.TIM_ResetCounter
                0x00005db8       0x70 C:\Users\Ashray Jain\Desktop\EE2024 Workspace\Lib_MCU\Debug\libLib_MCU.a(lpc17xx_timer.o)
                0x00005db8                TIM_ResetCounter
 .text.TIM_ConfigMatch
                0x00005e28      0x1a0 C:\Users\Ashray Jain\Desktop\EE2024 Workspace\Lib_MCU\Debug\libLib_MCU.a(lpc17xx_timer.o)
                0x00005e28                TIM_ConfigMatch
 .text.uart_set_divisors
                0x00005fc8      0x26c C:\Users\Ashray Jain\Desktop\EE2024 Workspace\Lib_MCU\Debug\libLib_MCU.a(lpc17xx_uart.o)
                0x00005fc8                uart_set_divisors
 .text.UART_Init
                0x00006234      0x360 C:\Users\Ashray Jain\Desktop\EE2024 Workspace\Lib_MCU\Debug\libLib_MCU.a(lpc17xx_uart.o)
                0x00006234                UART_Init
 .text.UART_SendData
                0x00006594       0x78 C:\Users\Ashray Jain\Desktop\EE2024 Workspace\Lib_MCU\Debug\libLib_MCU.a(lpc17xx_uart.o)
                0x00006594                UART_SendData
 .text.UART_ReceiveData
                0x0000660c       0x7c C:\Users\Ashray Jain\Desktop\EE2024 Workspace\Lib_MCU\Debug\libLib_MCU.a(lpc17xx_uart.o)
                0x0000660c                UART_ReceiveData
 .text.UART_IntConfig
                0x00006688      0x1d4 C:\Users\Ashray Jain\Desktop\EE2024 Workspace\Lib_MCU\Debug\libLib_MCU.a(lpc17xx_uart.o)
                0x00006688                UART_IntConfig
 .text.UART_TxCmd
                0x0000685c       0xf0 C:\Users\Ashray Jain\Desktop\EE2024 Workspace\Lib_MCU\Debug\libLib_MCU.a(lpc17xx_uart.o)
                0x0000685c                UART_TxCmd
 .text.UART_Send
                0x0000694c      0x100 C:\Users\Ashray Jain\Desktop\EE2024 Workspace\Lib_MCU\Debug\libLib_MCU.a(lpc17xx_uart.o)
                0x0000694c                UART_Send
 .text.UART_Receive
                0x00006a4c       0xc8 C:\Users\Ashray Jain\Desktop\EE2024 Workspace\Lib_MCU\Debug\libLib_MCU.a(lpc17xx_uart.o)
                0x00006a4c                UART_Receive
 .text.CLKPWR_SetPCLKDiv
                0x00006b14       0xd0 C:\Users\Ashray Jain\Desktop\EE2024 Workspace\Lib_MCU\Debug\libLib_MCU.a(lpc17xx_clkpwr.o)
                0x00006b14                CLKPWR_SetPCLKDiv
 .text.CLKPWR_GetPCLKSEL
                0x00006be4       0x54 C:\Users\Ashray Jain\Desktop\EE2024 Workspace\Lib_MCU\Debug\libLib_MCU.a(lpc17xx_clkpwr.o)
                0x00006be4                CLKPWR_GetPCLKSEL
 .text.CLKPWR_GetPCLK
                0x00006c38       0x70 C:\Users\Ashray Jain\Desktop\EE2024 Workspace\Lib_MCU\Debug\libLib_MCU.a(lpc17xx_clkpwr.o)
                0x00006c38                CLKPWR_GetPCLK
 .text.CLKPWR_ConfigPPWR
                0x00006ca8       0x7c C:\Users\Ashray Jain\Desktop\EE2024 Workspace\Lib_MCU\Debug\libLib_MCU.a(lpc17xx_clkpwr.o)
                0x00006ca8                CLKPWR_ConfigPPWR
 .text          0x00006d24      0x370 c:/nxp/lpcxpresso_3.6.3_317/tools/bin/../lib/gcc/arm-none-eabi/4.3.3/thumb2\libgcc.a(_arm_addsubdf3.o)
                0x00007038                __floatdidf
                0x00006fc8                __floatsidf
                0x00006fa8                __aeabi_ui2d
                0x00006d24                __aeabi_drsub
                0x00006fec                __extendsfdf2
                0x00006d30                __adddf3
                0x00006fa8                __floatunsidf
                0x00006d30                __aeabi_dadd
                0x00007028                __aeabi_ul2d
                0x00006d2c                __aeabi_dsub
                0x00007028                __floatundidf
                0x00006fc8                __aeabi_i2d
                0x00007038                __aeabi_l2d
                0x00006fec                __aeabi_f2d
                0x00006d2c                __subdf3
 .text          0x00007094      0x424 c:/nxp/lpcxpresso_3.6.3_317/tools/bin/../lib/gcc/arm-none-eabi/4.3.3/thumb2\libgcc.a(_arm_muldivdf3.o)
                0x000072e8                __aeabi_ddiv
                0x00007094                __aeabi_dmul
                0x000072e8                __divdf3
                0x00007094                __muldf3
 .text          0x000074b8       0xa0 c:/nxp/lpcxpresso_3.6.3_317/tools/bin/../lib/gcc/arm-none-eabi/4.3.3/thumb2\libgcc.a(_arm_truncdfsf2.o)
                0x000074b8                __aeabi_d2f
                0x000074b8                __truncdfsf2
 .text          0x00007558      0x21c c:/nxp/lpcxpresso_3.6.3_317/tools/bin/../lib/gcc/arm-none-eabi/4.3.3/thumb2\libgcc.a(_arm_addsubsf3.o)
                0x00007564                __aeabi_fadd
                0x00007560                __subsf3
                0x000076cc                __aeabi_i2f
                0x00007560                __aeabi_fsub
                0x000076f8                __floatdisf
                0x000076cc                __floatsisf
                0x000076e8                __floatundisf
                0x000076c4                __aeabi_ui2f
                0x000076f8                __aeabi_l2f
                0x000076e8                __aeabi_ul2f
                0x00007558                __aeabi_frsub
                0x000076c4                __floatunsisf
                0x00007564                __addsf3
 .text          0x00007774      0x2a0 c:/nxp/lpcxpresso_3.6.3_317/tools/bin/../lib/gcc/arm-none-eabi/4.3.3/thumb2\libgcc.a(_arm_muldivsf3.o)
                0x000078dc                __divsf3
                0x000078dc                __aeabi_fdiv
                0x00007774                __mulsf3
                0x00007774                __aeabi_fmul
 .text          0x00007a14       0xec c:/nxp/lpcxpresso_3.6.3_317/tools/bin/../lib/gcc/arm-none-eabi/4.3.3/thumb2\libgcc.a(_arm_cmpsf2.o)
                0x00007aec                __aeabi_fcmpgt
                0x00007a1c                __lesf2
                0x00007a24                __nesf2
                0x00007ad8                __aeabi_fcmpge
                0x00007a14                __gtsf2
                0x00007ac4                __aeabi_fcmple
                0x00007a24                __eqsf2
                0x00007a24                __cmpsf2
                0x00007a1c                __ltsf2
                0x00007a8c                __aeabi_cfcmple
                0x00007a14                __gesf2
                0x00007a9c                __aeabi_fcmpeq
                0x00007a84                __aeabi_cfrcmple
                0x00007ab0                __aeabi_fcmplt
                0x00007a8c                __aeabi_cfcmpeq
 .text          0x00007b00       0x4c c:/nxp/lpcxpresso_3.6.3_317/tools/bin/../lib/gcc/arm-none-eabi/4.3.3/thumb2\libgcc.a(_arm_fixsfsi.o)
                0x00007b00                __fixsfsi
                0x00007b00                __aeabi_f2iz
 .text          0x00007b4c       0x2c c:/nxp/lpcxpresso_3.6.3_317/tools/bin/../lib/gcc/arm-none-eabi/4.3.3/thumb2\libgcc.a(_aeabi_uldivmod.o)
                0x00007b4c                __aeabi_uldivmod
 .text          0x00007b78       0x60 c:/nxp/lpcxpresso_3.6.3_317/tools/bin/../lib/gcc/arm-none-eabi/4.3.3/thumb2\libgcc.a(bpabi.o)
                0x00007b78                __gnu_uldivmod_helper
                0x00007ba8                __gnu_ldivmod_helper
 .text          0x00007bd8        0x4 c:/nxp/lpcxpresso_3.6.3_317/tools/bin/../lib/gcc/arm-none-eabi/4.3.3/thumb2\libgcc.a(_dvmd_tls.o)
                0x00007bd8                __aeabi_ldiv0
                0x00007bd8                __aeabi_idiv0
 .text          0x00007bdc      0x40c c:/nxp/lpcxpresso_3.6.3_317/tools/bin/../lib/gcc/arm-none-eabi/4.3.3/thumb2\libgcc.a(_divdi3.o)
                0x00007bdc                __divdi3
 .text          0x00007fe8      0x3cc c:/nxp/lpcxpresso_3.6.3_317/tools/bin/../lib/gcc/arm-none-eabi/4.3.3/thumb2\libgcc.a(_udivdi3.o)
                0x00007fe8                __udivdi3
 .text          0x000083b4       0x8c c:/nxp/lpcxpresso_3.6.3_317/tools/bin/../lib/gcc/arm-none-eabi/4.3.3/thumb2\libgcc.a(_udivsi3.o)
                0x000083b4                __udivsi3
                0x000083b4                __aeabi_uidiv
                0x0000842c                __aeabi_uidivmod
 .text          0x00008440       0x14 c:/nxp/lpcxpresso_3.6.3_317/tools/bin/../lib/gcc/arm-none-eabi/4.3.3/../../../../arm-none-eabi/lib/thumb2\libc.a(lib_a-isdigit.o)
                0x00008440                isdigit
 .text          0x00008454      0x12c c:/nxp/lpcxpresso_3.6.3_317/tools/bin/../lib/gcc/arm-none-eabi/4.3.3/../../../../arm-none-eabi/lib/thumb2\libc.a(lib_a-memcpy.o)
                0x00008454                memcpy
 .text          0x00008580       0xb0 c:/nxp/lpcxpresso_3.6.3_317/tools/bin/../lib/gcc/arm-none-eabi/4.3.3/../../../../arm-none-eabi/lib/thumb2\libc.a(lib_a-memset.o)
                0x00008580                memset
 .text          0x00008630       0x8c c:/nxp/lpcxpresso_3.6.3_317/tools/bin/../lib/gcc/arm-none-eabi/4.3.3/../../../../arm-none-eabi/lib/thumb2\libc.a(lib_a-sprintf.o)
                0x0000867c                _sprintf_r
                0x00008630                sprintf
 .text          0x000086bc       0x80 c:/nxp/lpcxpresso_3.6.3_317/tools/bin/../lib/gcc/arm-none-eabi/4.3.3/../../../../arm-none-eabi/lib/thumb2\libc.a(lib_a-strcasecmp.o)
                0x000086bc                strcasecmp
 .text          0x0000873c       0x48 c:/nxp/lpcxpresso_3.6.3_317/tools/bin/../lib/gcc/arm-none-eabi/4.3.3/../../../../arm-none-eabi/lib/thumb2\libc.a(lib_a-strcat.o)
                0x0000873c                strcat
 .text          0x00008784       0xbc c:/nxp/lpcxpresso_3.6.3_317/tools/bin/../lib/gcc/arm-none-eabi/4.3.3/../../../../arm-none-eabi/lib/thumb2\libc.a(lib_a-strcpy.o)
                0x00008784                strcpy
 .text          0x00008840       0x60 c:/nxp/lpcxpresso_3.6.3_317/tools/bin/../lib/gcc/arm-none-eabi/4.3.3/../../../../arm-none-eabi/lib/thumb2\libc.a(lib_a-strlen.o)
                0x00008840                strlen
 .text          0x000088a0       0x88 c:/nxp/lpcxpresso_3.6.3_317/tools/bin/../lib/gcc/arm-none-eabi/4.3.3/../../../../arm-none-eabi/lib/thumb2\libc.a(lib_a-strncasecmp.o)
                0x000088a0                strncasecmp
 .text          0x00008928     0x1488 c:/nxp/lpcxpresso_3.6.3_317/tools/bin/../lib/gcc/arm-none-eabi/4.3.3/../../../../arm-none-eabi/lib/thumb2\libc.a(lib_a-svfprintf.o)
                0x00008a24                _svfprintf_r
 .text          0x00009db0      0xf88 c:/nxp/lpcxpresso_3.6.3_317/tools/bin/../lib/gcc/arm-none-eabi/4.3.3/../../../../arm-none-eabi/lib/thumb2\libc.a(lib_a-dtoa.o)
                0x00009ee0                _dtoa_r
 .text          0x0000ad38      0x238 c:/nxp/lpcxpresso_3.6.3_317/tools/bin/../lib/gcc/arm-none-eabi/4.3.3/../../../../arm-none-eabi/lib/thumb2\libc.a(lib_a-freer.o)
                0x0000ade4                _free_r
                0x0000ad38                _malloc_trim_r
 .text          0x0000af70       0x74 c:/nxp/lpcxpresso_3.6.3_317/tools/bin/../lib/gcc/arm-none-eabi/4.3.3/../../../../arm-none-eabi/lib/thumb2\libc.a(lib_a-locale.o)
                0x0000af8c                _setlocale_r
                0x0000af70                __locale_charset
                0x0000af7c                _localeconv_r
                0x0000afcc                setlocale
                0x0000af84                localeconv
 .text          0x0000afe4       0x28 c:/nxp/lpcxpresso_3.6.3_317/tools/bin/../lib/gcc/arm-none-eabi/4.3.3/../../../../arm-none-eabi/lib/thumb2\libc.a(lib_a-malloc.o)
                0x0000aff8                malloc
                0x0000afe4                free
 .text          0x0000b00c      0x530 c:/nxp/lpcxpresso_3.6.3_317/tools/bin/../lib/gcc/arm-none-eabi/4.3.3/../../../../arm-none-eabi/lib/thumb2\libc.a(lib_a-mallocr.o)
                0x0000b00c                _malloc_r
 .text          0x0000b53c       0x7c c:/nxp/lpcxpresso_3.6.3_317/tools/bin/../lib/gcc/arm-none-eabi/4.3.3/../../../../arm-none-eabi/lib/thumb2\libc.a(lib_a-memchr.o)
                0x0000b53c                memchr
 .text          0x0000b5b8       0xc0 c:/nxp/lpcxpresso_3.6.3_317/tools/bin/../lib/gcc/arm-none-eabi/4.3.3/../../../../arm-none-eabi/lib/thumb2\libc.a(lib_a-memmove.o)
                0x0000b5b8                memmove
 .text          0x0000b678        0x8 c:/nxp/lpcxpresso_3.6.3_317/tools/bin/../lib/gcc/arm-none-eabi/4.3.3/../../../../arm-none-eabi/lib/thumb2\libc.a(lib_a-mlock.o)
                0x0000b67c                __malloc_unlock
                0x0000b678                __malloc_lock
 .text          0x0000b680      0x92c c:/nxp/lpcxpresso_3.6.3_317/tools/bin/../lib/gcc/arm-none-eabi/4.3.3/../../../../arm-none-eabi/lib/thumb2\libc.a(lib_a-mprec.o)
                0x0000b8ac                _mprec_log10
                0x0000b938                __any_on
                0x0000b9cc                _Balloc
                0x0000b858                __ratio
                0x0000bdd4                __i2b
                0x0000b7ac                __b2d
                0x0000bf18                __s2b
                0x0000b724                __mcmp
                0x0000b680                __hi0bits
                0x0000be64                __pow5mult
                0x0000bbf0                __lshift
                0x0000bca4                __multiply
                0x0000ba3c                __d2b
                0x0000b8e8                __copybits
                0x0000b764                __ulp
                0x0000baf4                __mdiff
                0x0000b6c0                __lo0bits
                0x0000bde8                __multadd
                0x0000b99c                _Bfree
 .text          0x0000bfac      0x388 c:/nxp/lpcxpresso_3.6.3_317/tools/bin/../lib/gcc/arm-none-eabi/4.3.3/../../../../arm-none-eabi/lib/thumb2\libc.a(lib_a-reallocr.o)
                0x0000bfac                _realloc_r
 .text          0x0000c334       0x28 c:/nxp/lpcxpresso_3.6.3_317/tools/bin/../lib/gcc/arm-none-eabi/4.3.3/../../../../arm-none-eabi/lib/thumb2\libc.a(lib_a-s_isinfd.o)
                0x0000c334                __isinfd
 .text          0x0000c35c       0x1c c:/nxp/lpcxpresso_3.6.3_317/tools/bin/../lib/gcc/arm-none-eabi/4.3.3/../../../../arm-none-eabi/lib/thumb2\libc.a(lib_a-s_isnand.o)
                0x0000c35c                __isnand
 .text          0x0000c378       0x28 c:/nxp/lpcxpresso_3.6.3_317/tools/bin/../lib/gcc/arm-none-eabi/4.3.3/../../../../arm-none-eabi/lib/thumb2\libc.a(lib_a-sbrkr.o)
                0x0000c378                _sbrk_r
 .text          0x0000c3a0      0x1dc c:/nxp/lpcxpresso_3.6.3_317/tools/bin/../lib/gcc/arm-none-eabi/4.3.3/../../../../arm-none-eabi/lib/thumb2\libc.a(lib_a-strcmp.o)
                0x0000c3a0                strcmp
 .text          0x0000c57c       0x5c c:/nxp/lpcxpresso_3.6.3_317/tools/bin/../lib/gcc/arm-none-eabi/4.3.3/../../../../arm-none-eabi/lib/thumb2\libc.a(lib_a-callocr.o)
                0x0000c57c                _calloc_r
 .text._sbrk    0x0000c5d8       0x7c c:/nxp/lpcxpresso_3.6.3_317/tools/bin/../lib/gcc/arm-none-eabi/4.3.3/../../../../arm-none-eabi/lib/thumb2\libcr_newlib_semihost.a(syscalls.o)
                0x0000c5d8                _sbrk
 .text          0x0000c654      0x110 c:/nxp/lpcxpresso_3.6.3_317/tools/bin/../lib/gcc/arm-none-eabi/4.3.3/thumb2\libgcc.a(_arm_cmpdf2.o)
                0x0000c728                __aeabi_dcmple
                0x0000c664                __cmpdf2
                0x0000c664                __eqdf2
                0x0000c654                __gtdf2
                0x0000c6f0                __aeabi_cdcmple
                0x0000c6e0                __aeabi_cdrcmple
                0x0000c65c                __ltdf2
                0x0000c714                __aeabi_dcmplt
                0x0000c65c                __ledf2
                0x0000c750                __aeabi_dcmpgt
                0x0000c73c                __aeabi_dcmpge
                0x0000c664                __nedf2
                0x0000c700                __aeabi_dcmpeq
                0x0000c6f0                __aeabi_cdcmpeq
                0x0000c654                __gedf2
 .text          0x0000c764       0x50 c:/nxp/lpcxpresso_3.6.3_317/tools/bin/../lib/gcc/arm-none-eabi/4.3.3/thumb2\libgcc.a(_arm_fixdfsi.o)
                0x0000c764                __fixdfsi
                0x0000c764                __aeabi_d2iz
 .text          0x0000c7b4        0xc c:/nxp/lpcxpresso_3.6.3_317/tools/bin/../lib/gcc/arm-none-eabi/4.3.3/../../../../arm-none-eabi/lib/thumb2\libc.a(lib_a-errno.o)
                0x0000c7b4                __errno
 *(.rodata .rodata.*)
 .rodata        0x0000c7c0      0x268 ./src/main.o
                0x0000c91c                MESSAGE_CONFIRM_CHANGE_UPPER_THRESHOLD
                0x0000c944                REPLY_ACK
                0x0000c964                CMD_CHANGE_REPORTING_TIME
                0x0000c8f4                MESSAGE_CONFIRM_CHANGE_LOWER_THRESHOLD
                0x0000c7c6                RESET_PIN
                0x0000c7d0                ACC_THRESHOLD
                0x0000c7d8                notes
                0x0000c96c                CMD_CHANGE_LOWER_THRESHOLD
                0x0000c970                CMD_CHANGE_UPPER_THRESHOLD
                0x0000c7cc                TEMP_UPPER_LIMIT
                0x0000c8cc                MESSAGE_CONFIRM_CHANGE_TWTIME
                0x0000c840                MESSAGE_READY
                0x0000c7d4                FREQ_UPDATE_PERIOD_MS
                0x0000c95c                CMD_RESET_TO_STDBY
                0x0000c7c8                LIGHT_PORT
                0x0000c7c0                CALIBRATED_PORT
                0x0000c810                tempStateStringMap
                0x0000c87c                MESSAGE_CONFIRM_ENTER_STDBY
                0x0000c8b8                MESSAGE_CONFIRM_NOT_CHANGE_RTIME
                0x0000c7c4                RESET_PORT
                0x0000c7c2                CALIBRATED_PIN
                0x0000c82b                radiationStateStringMap
                0x0000c94c                REPLY_NOT_ACK
                0x0000c890                MESSAGE_REPORT_TEMPLATE
                0x0000c930                MESSAGE_CONFIRM_NOT_CHANGE_UPPER_THRESHOLD
                0x0000c954                CMD_RESET_TO_CALIB
                0x0000c7ce                ACC_UPDATE_PERIOD_MS
                0x0000c7ca                LIGHT_PIN
                0x0000c8e0                MESSAGE_CONFIRM_NOT_CHANGE_TWTIME
                0x0000c968                CMD_CHANGE_TIME_WINDOW
                0x0000c8a4                MESSAGE_CONFIRM_CHANGE_RTIME
                0x0000c868                MESSAGE_CONFIRM_ENTER_CALIB
                0x0000c854                MESSAGE_HANDSHAKE_CONFIRM
                0x0000c908                MESSAGE_CONFIRM_NOT_CHANGE_LOWER_THRESHOLD
 .rodata        0x0000ca28        0x8 C:\Users\Ashray Jain\Desktop\EE2024 Workspace\Lib_EaBaseBoard\Debug\libLib_EaBaseBoard.a(oled.o)
 .rodata        0x0000ca30        0x4 C:\Users\Ashray Jain\Desktop\EE2024 Workspace\Lib_EaBaseBoard\Debug\libLib_EaBaseBoard.a(pca9532.o)
 .rodata        0x0000ca34      0x308 C:\Users\Ashray Jain\Desktop\EE2024 Workspace\Lib_EaBaseBoard\Debug\libLib_EaBaseBoard.a(font5x7.o)
                0x0000ca34                font5x7
 .rodata        0x0000cd3c       0x18 C:\Users\Ashray Jain\Desktop\EE2024 Workspace\Lib_MCU\Debug\libLib_MCU.a(lpc17xx_i2c.o)
 .rodata        0x0000cd54       0x18 C:\Users\Ashray Jain\Desktop\EE2024 Workspace\Lib_MCU\Debug\libLib_MCU.a(lpc17xx_ssp.o)
 .rodata        0x0000cd6c       0x18 C:\Users\Ashray Jain\Desktop\EE2024 Workspace\Lib_MCU\Debug\libLib_MCU.a(lpc17xx_timer.o)
 .rodata        0x0000cd84       0x18 C:\Users\Ashray Jain\Desktop\EE2024 Workspace\Lib_MCU\Debug\libLib_MCU.a(lpc17xx_uart.o)
 .rodata        0x0000cd9c      0x100 c:/nxp/lpcxpresso_3.6.3_317/tools/bin/../lib/gcc/arm-none-eabi/4.3.3/thumb2\libgcc.a(_clz.o)
                0x0000cd9c                __clz_tab
 .rodata        0x0000ce9c       0x20 c:/nxp/lpcxpresso_3.6.3_317/tools/bin/../lib/gcc/arm-none-eabi/4.3.3/../../../../arm-none-eabi/lib/thumb2\libc.a(lib_a-svfprintf.o)
 .rodata.str1.4
                0x0000cebc       0x5e c:/nxp/lpcxpresso_3.6.3_317/tools/bin/../lib/gcc/arm-none-eabi/4.3.3/../../../../arm-none-eabi/lib/thumb2\libc.a(lib_a-svfprintf.o)
                                 0x60 (size before relaxing)
 .rodata        0x0000cf1a      0x101 c:/nxp/lpcxpresso_3.6.3_317/tools/bin/../lib/gcc/arm-none-eabi/4.3.3/../../../../arm-none-eabi/lib/thumb2\libc.a(lib_a-ctype_.o)
                0x0000cf1a                _ctype_
 *fill*         0x0000d01b        0x1 00
 .rodata.str1.4
                0x0000d01c       0x10 c:/nxp/lpcxpresso_3.6.3_317/tools/bin/../lib/gcc/arm-none-eabi/4.3.3/../../../../arm-none-eabi/lib/thumb2\libc.a(lib_a-dtoa.o)
                                 0x14 (size before relaxing)
 .rodata.str1.4
                0x0000d02c        0x2 c:/nxp/lpcxpresso_3.6.3_317/tools/bin/../lib/gcc/arm-none-eabi/4.3.3/../../../../arm-none-eabi/lib/thumb2\libc.a(lib_a-impure.o)
                                  0x4 (size before relaxing)
 *fill*         0x0000d02e        0x2 00
 .rodata        0x0000d030       0x34 c:/nxp/lpcxpresso_3.6.3_317/tools/bin/../lib/gcc/arm-none-eabi/4.3.3/../../../../arm-none-eabi/lib/thumb2\libc.a(lib_a-locale.o)
 .rodata.str1.4
                0x0000d064       0x10 c:/nxp/lpcxpresso_3.6.3_317/tools/bin/../lib/gcc/arm-none-eabi/4.3.3/../../../../arm-none-eabi/lib/thumb2\libc.a(lib_a-locale.o)
                                 0x18 (size before relaxing)
 *fill*         0x0000d074        0x4 00
 .rodata        0x0000d078      0x128 c:/nxp/lpcxpresso_3.6.3_317/tools/bin/../lib/gcc/arm-none-eabi/4.3.3/../../../../arm-none-eabi/lib/thumb2\libc.a(lib_a-mprec.o)
                0x0000d178                __mprec_tinytens
                0x0000d078                __mprec_tens
                0x0000d150                __mprec_bigtens
                0x0000d1a0                . = ALIGN (0x4)

.glue_7         0x0000d1a0        0x0
 .glue_7        0x00000000        0x0 linker stubs

.glue_7t        0x0000d1a0        0x0
 .glue_7t       0x00000000        0x0 linker stubs

.vfp11_veneer   0x0000d1a0        0x0
 .vfp11_veneer  0x00000000        0x0 linker stubs

.v4_bx          0x0000d1a0        0x0
 .v4_bx         0x00000000        0x0 linker stubs

.ARM.extab
 *(.ARM.extab* .gnu.linkonce.armextab.*)
                0x0000d1a0                __exidx_start = .

.ARM.exidx      0x0000d1a0        0x8
 *(.ARM.exidx* .gnu.linkonce.armexidx.*)
 .ARM.exidx     0x0000d1a0        0x8 c:/nxp/lpcxpresso_3.6.3_317/tools/bin/../lib/gcc/arm-none-eabi/4.3.3/thumb2\libgcc.a(_divdi3.o)
 .ARM.exidx     0x0000d1a8        0x0 c:/nxp/lpcxpresso_3.6.3_317/tools/bin/../lib/gcc/arm-none-eabi/4.3.3/thumb2\libgcc.a(_udivdi3.o)
                                  0x8 (size before relaxing)
                0x0000d1a8                __exidx_end = .
                0x0000d1a8                _etext = .

.data_RAM2      0x2007c000        0x0 load address 0x0000d1a8
 FILL mask 0xff
 *(.data.$RAM2*)
 *(.data.$RamAHB32*)
                0x2007c000                . = ALIGN (0x4)

.data_RAM3      0x40038000        0x0 load address 0x0000d1a8
 FILL mask 0xff
 *(.data.$RAM3*)
 *(.data.$CANAccFilterRAM*)
                0x40038000                . = ALIGN (0x4)

.uninit_RESERVED
 *(.bss.$RESERVED*)

.data           0x10000000      0x590 load address 0x0000d1a8
 FILL mask 0xff
                0x10000000                _data = .
 *(vtable)
 *(.data*)
 .data          0x10000000       0x28 ./src/main.o
                0x10000006                REPORTING_PERIOD_MS
                0x10000004                UNSAFE_UPPER_HZ
                0x1000000c                stationCommand
                0x10000002                UNSAFE_LOWER_HZ
                0x10000000                TIME_WINDOW_MS
                0x10000014                newReport
                0x10000013                radiationState
                0x10000008                handShakeSymbol
 .data          0x10000028        0x4 C:\Users\Ashray Jain\Desktop\EE2024 Workspace\Lib_CMSISv1p30_LPC17xx\Debug\libCMSISv1p30_LPC17xx.a(system_LPC17xx.o)
                0x10000028                SystemCoreClock
 .data          0x1000002c       0x50 C:\Users\Ashray Jain\Desktop\EE2024 Workspace\Lib_EaBaseBoard\Debug\libLib_EaBaseBoard.a(led7seg.o)
 .data          0x1000007c        0x8 C:\Users\Ashray Jain\Desktop\EE2024 Workspace\Lib_EaBaseBoard\Debug\libLib_EaBaseBoard.a(light.o)
 .data          0x10000084        0x8 c:/nxp/lpcxpresso_3.6.3_317/tools/bin/../lib/gcc/arm-none-eabi/4.3.3/../../../../arm-none-eabi/lib/thumb2\libc.a(lib_a-ctype_.o)
                0x10000084                __ctype_ptr
                0x10000088                __ctype_ptr__
 .data          0x1000008c       0xf4 c:/nxp/lpcxpresso_3.6.3_317/tools/bin/../lib/gcc/arm-none-eabi/4.3.3/../../../../arm-none-eabi/lib/thumb2\libc.a(lib_a-impure.o)
                0x1000008c                _impure_ptr
 .data          0x10000180      0x410 c:/nxp/lpcxpresso_3.6.3_317/tools/bin/../lib/gcc/arm-none-eabi/4.3.3/../../../../arm-none-eabi/lib/thumb2\libc.a(lib_a-mallocr.o)
                0x10000588                __malloc_sbrk_base
                0x10000180                __malloc_av_
                0x1000058c                __malloc_trim_threshold
                0x10000590                . = ALIGN (0x4)
                0x10000590                _edata = .

.bss_RAM2       0x2007c000        0x0
 *(.bss.$RAM2*)
 *(.bss.$RamAHB32*)
                0x2007c000                . = ALIGN (0x4)

.bss_RAM3       0x40038000        0x0
 *(.bss.$RAM3*)
 *(.bss.$CANAccFilterRAM*)
                0x40038000                . = ALIGN (0x4)

.bss            0x10000590      0x3f8
                0x10000590                _bss = .
 *(.bss*)
 .bss           0x10000590       0x60 ./src/main.o
                0x100005a0                temp_i
                0x100005e8                accTick
                0x100005af                accValues
                0x100005de                reportBytesLeftToSend
                0x100005ab                accXOffset
                0x100005da                setWarningToStop
                0x100005dc                setWarningToStart
                0x100005aa                accZ
                0x100005cc                hasCrossedAccThreshold
                0x10000592                countDownStarted
                0x10000594                currentCountValue
                0x100005ae                accZValToRemove
                0x100005d8                isWarningOn
                0x100005e4                handShakeSymbolTick
                0x100005c4                currentAccZFilteredValue
                0x100005ec                warningTick
                0x100005e0                oneSecondTick
                0x100005a4                temp_pointer
                0x100005d4                currentFrequency
                0x100005c8                prevAccZFilteredValue
                0x1000059c                temp_t2
                0x10000598                temp_t1
                0x100005c3                currentAccIdx
                0x100005d0                currentFreqCounter
                0x100005ad                accZOffset
                0x100005b9                accValuesSorted
                0x10000590                hasNewCommand
                0x100005a9                accY
                0x100005ac                accYOffset
                0x100005a8                accX
 .bss           0x100005f0      0x300 C:\Users\Ashray Jain\Desktop\EE2024 Workspace\Lib_EaBaseBoard\Debug\libLib_EaBaseBoard.a(oled.o)
 .bss           0x100008f0        0x6 C:\Users\Ashray Jain\Desktop\EE2024 Workspace\Lib_EaBaseBoard\Debug\libLib_EaBaseBoard.a(pca9532.o)
 *fill*         0x100008f6        0x2 00
 .bss           0x100008f8       0x24 C:\Users\Ashray Jain\Desktop\EE2024 Workspace\Lib_MCU\Debug\libLib_MCU.a(lpc17xx_i2c.o)
 .bss           0x1000091c       0x18 C:\Users\Ashray Jain\Desktop\EE2024 Workspace\Lib_MCU\Debug\libLib_MCU.a(lpc17xx_ssp.o)
 .bss           0x10000934       0x34 c:/nxp/lpcxpresso_3.6.3_317/tools/bin/../lib/gcc/arm-none-eabi/4.3.3/../../../../arm-none-eabi/lib/thumb2\libc.a(lib_a-mallocr.o)
                0x10000934                __malloc_top_pad
                0x10000960                __malloc_max_sbrked_mem
                0x10000938                __malloc_current_mallinfo
                0x10000964                __malloc_max_total_mem
 .bss.heap_end.2542
                0x10000968        0x4 c:/nxp/lpcxpresso_3.6.3_317/tools/bin/../lib/gcc/arm-none-eabi/4.3.3/../../../../arm-none-eabi/lib/thumb2\libcr_newlib_semihost.a(syscalls.o)
 .bss.heap_base.2543
                0x1000096c        0x4 c:/nxp/lpcxpresso_3.6.3_317/tools/bin/../lib/gcc/arm-none-eabi/4.3.3/../../../../arm-none-eabi/lib/thumb2\libcr_newlib_semihost.a(syscalls.o)
 *(COMMON)
 COMMON         0x10000970       0x11 ./src/main.o
                0x10000970                currentTemperatureReading
                0x10000974                buzzerState
                0x10000975                currentState
                0x10000976                accMode
                0x10000977                flutterState
                0x10000978                currentHandshakeState
                0x1000097c                msTicks
                0x10000980                temperatureState
 *fill*         0x10000981        0x3 00
 COMMON         0x10000984        0x4 c:/nxp/lpcxpresso_3.6.3_317/tools/bin/../lib/gcc/arm-none-eabi/4.3.3/../../../../arm-none-eabi/lib/thumb2\libc.a(lib_a-reent.o)
                0x10000984                errno
                0x10000988                . = ALIGN (0x4)
                0x10000988                _ebss = .
                0x10000988                PROVIDE (end, .)
                0x10000988                PROVIDE (_pvHeapStart, .)
                0x10008000                PROVIDE (_vStackTop, (__top_RamLoc32 - 0x0))
OUTPUT(Assignment2.axf elf32-littlearm)

.debug_abbrev   0x00000000     0x1933
 .debug_abbrev  0x00000000       0xbd ./src/cr_startup_lpc17.o
 .debug_abbrev  0x000000bd      0x279 ./src/main.o
 .debug_abbrev  0x00000336       0xc6 C:\Users\Ashray Jain\Desktop\EE2024 Workspace\Lib_CMSISv1p30_LPC17xx\Debug\libCMSISv1p30_LPC17xx.a(system_LPC17xx.o)
 .debug_abbrev  0x000003fc      0x165 C:\Users\Ashray Jain\Desktop\EE2024 Workspace\Lib_EaBaseBoard\Debug\libLib_EaBaseBoard.a(acc.o)
 .debug_abbrev  0x00000561      0x151 C:\Users\Ashray Jain\Desktop\EE2024 Workspace\Lib_EaBaseBoard\Debug\libLib_EaBaseBoard.a(led7seg.o)
 .debug_abbrev  0x000006b2      0x1c6 C:\Users\Ashray Jain\Desktop\EE2024 Workspace\Lib_EaBaseBoard\Debug\libLib_EaBaseBoard.a(light.o)
 .debug_abbrev  0x00000878      0x1ed C:\Users\Ashray Jain\Desktop\EE2024 Workspace\Lib_EaBaseBoard\Debug\libLib_EaBaseBoard.a(oled.o)
 .debug_abbrev  0x00000a65      0x1b3 C:\Users\Ashray Jain\Desktop\EE2024 Workspace\Lib_EaBaseBoard\Debug\libLib_EaBaseBoard.a(pca9532.o)
 .debug_abbrev  0x00000c18       0x97 C:\Users\Ashray Jain\Desktop\EE2024 Workspace\Lib_EaBaseBoard\Debug\libLib_EaBaseBoard.a(rgb.o)
 .debug_abbrev  0x00000caf       0x54 C:\Users\Ashray Jain\Desktop\EE2024 Workspace\Lib_EaBaseBoard\Debug\libLib_EaBaseBoard.a(font5x7.o)
 .debug_abbrev  0x00000d03      0x18e C:\Users\Ashray Jain\Desktop\EE2024 Workspace\Lib_MCU\Debug\libLib_MCU.a(lpc17xx_gpio.o)
 .debug_abbrev  0x00000e91      0x253 C:\Users\Ashray Jain\Desktop\EE2024 Workspace\Lib_MCU\Debug\libLib_MCU.a(lpc17xx_i2c.o)
 .debug_abbrev  0x000010e4      0x113 C:\Users\Ashray Jain\Desktop\EE2024 Workspace\Lib_MCU\Debug\libLib_MCU.a(lpc17xx_pinsel.o)
 .debug_abbrev  0x000011f7      0x1dc C:\Users\Ashray Jain\Desktop\EE2024 Workspace\Lib_MCU\Debug\libLib_MCU.a(lpc17xx_ssp.o)
 .debug_abbrev  0x000013d3      0x1a8 C:\Users\Ashray Jain\Desktop\EE2024 Workspace\Lib_MCU\Debug\libLib_MCU.a(lpc17xx_timer.o)
 .debug_abbrev  0x0000157b      0x23b C:\Users\Ashray Jain\Desktop\EE2024 Workspace\Lib_MCU\Debug\libLib_MCU.a(lpc17xx_uart.o)
 .debug_abbrev  0x000017b6      0x17d C:\Users\Ashray Jain\Desktop\EE2024 Workspace\Lib_MCU\Debug\libLib_MCU.a(lpc17xx_clkpwr.o)

.debug_info     0x00000000     0x8eda
 .debug_info    0x00000000      0x1ec ./src/cr_startup_lpc17.o
 .debug_info    0x000001ec     0x216c ./src/main.o
 .debug_info    0x00002358      0x334 C:\Users\Ashray Jain\Desktop\EE2024 Workspace\Lib_CMSISv1p30_LPC17xx\Debug\libCMSISv1p30_LPC17xx.a(system_LPC17xx.o)
 .debug_info    0x0000268c      0x526 C:\Users\Ashray Jain\Desktop\EE2024 Workspace\Lib_EaBaseBoard\Debug\libLib_EaBaseBoard.a(acc.o)
 .debug_info    0x00002bb2      0x26b C:\Users\Ashray Jain\Desktop\EE2024 Workspace\Lib_EaBaseBoard\Debug\libLib_EaBaseBoard.a(led7seg.o)
 .debug_info    0x00002e1d      0x74c C:\Users\Ashray Jain\Desktop\EE2024 Workspace\Lib_EaBaseBoard\Debug\libLib_EaBaseBoard.a(light.o)
 .debug_info    0x00003569      0x954 C:\Users\Ashray Jain\Desktop\EE2024 Workspace\Lib_EaBaseBoard\Debug\libLib_EaBaseBoard.a(oled.o)
 .debug_info    0x00003ebd      0x62b C:\Users\Ashray Jain\Desktop\EE2024 Workspace\Lib_EaBaseBoard\Debug\libLib_EaBaseBoard.a(pca9532.o)
 .debug_info    0x000044e8       0xd9 C:\Users\Ashray Jain\Desktop\EE2024 Workspace\Lib_EaBaseBoard\Debug\libLib_EaBaseBoard.a(rgb.o)
 .debug_info    0x000045c1       0x61 C:\Users\Ashray Jain\Desktop\EE2024 Workspace\Lib_EaBaseBoard\Debug\libLib_EaBaseBoard.a(font5x7.o)
 .debug_info    0x00004622      0xb8a C:\Users\Ashray Jain\Desktop\EE2024 Workspace\Lib_MCU\Debug\libLib_MCU.a(lpc17xx_gpio.o)
 .debug_info    0x000051ac      0xcad C:\Users\Ashray Jain\Desktop\EE2024 Workspace\Lib_MCU\Debug\libLib_MCU.a(lpc17xx_i2c.o)
 .debug_info    0x00005e59      0x49b C:\Users\Ashray Jain\Desktop\EE2024 Workspace\Lib_MCU\Debug\libLib_MCU.a(lpc17xx_pinsel.o)
 .debug_info    0x000062f4      0x85c C:\Users\Ashray Jain\Desktop\EE2024 Workspace\Lib_MCU\Debug\libLib_MCU.a(lpc17xx_ssp.o)
 .debug_info    0x00006b50      0x8d9 C:\Users\Ashray Jain\Desktop\EE2024 Workspace\Lib_MCU\Debug\libLib_MCU.a(lpc17xx_timer.o)
 .debug_info    0x00007429     0x149e C:\Users\Ashray Jain\Desktop\EE2024 Workspace\Lib_MCU\Debug\libLib_MCU.a(lpc17xx_uart.o)
 .debug_info    0x000088c7      0x613 C:\Users\Ashray Jain\Desktop\EE2024 Workspace\Lib_MCU\Debug\libLib_MCU.a(lpc17xx_clkpwr.o)

.debug_line     0x00000000     0x535f
 .debug_line    0x00000000      0x24c ./src/cr_startup_lpc17.o
 .debug_line    0x0000024c      0xdc0 ./src/main.o
 .debug_line    0x0000100c      0x313 C:\Users\Ashray Jain\Desktop\EE2024 Workspace\Lib_CMSISv1p30_LPC17xx\Debug\libCMSISv1p30_LPC17xx.a(system_LPC17xx.o)
 .debug_line    0x0000131f      0x426 C:\Users\Ashray Jain\Desktop\EE2024 Workspace\Lib_EaBaseBoard\Debug\libLib_EaBaseBoard.a(acc.o)
 .debug_line    0x00001745      0x3a1 C:\Users\Ashray Jain\Desktop\EE2024 Workspace\Lib_EaBaseBoard\Debug\libLib_EaBaseBoard.a(led7seg.o)
 .debug_line    0x00001ae6      0x4d1 C:\Users\Ashray Jain\Desktop\EE2024 Workspace\Lib_EaBaseBoard\Debug\libLib_EaBaseBoard.a(light.o)
 .debug_line    0x00001fb7      0x5c2 C:\Users\Ashray Jain\Desktop\EE2024 Workspace\Lib_EaBaseBoard\Debug\libLib_EaBaseBoard.a(oled.o)
 .debug_line    0x00002579      0x494 C:\Users\Ashray Jain\Desktop\EE2024 Workspace\Lib_EaBaseBoard\Debug\libLib_EaBaseBoard.a(pca9532.o)
 .debug_line    0x00002a0d      0x385 C:\Users\Ashray Jain\Desktop\EE2024 Workspace\Lib_EaBaseBoard\Debug\libLib_EaBaseBoard.a(rgb.o)
 .debug_line    0x00002d92       0x83 C:\Users\Ashray Jain\Desktop\EE2024 Workspace\Lib_EaBaseBoard\Debug\libLib_EaBaseBoard.a(font5x7.o)
 .debug_line    0x00002e15      0x516 C:\Users\Ashray Jain\Desktop\EE2024 Workspace\Lib_MCU\Debug\libLib_MCU.a(lpc17xx_gpio.o)
 .debug_line    0x0000332b      0x673 C:\Users\Ashray Jain\Desktop\EE2024 Workspace\Lib_MCU\Debug\libLib_MCU.a(lpc17xx_i2c.o)
 .debug_line    0x0000399e      0x3a7 C:\Users\Ashray Jain\Desktop\EE2024 Workspace\Lib_MCU\Debug\libLib_MCU.a(lpc17xx_pinsel.o)
 .debug_line    0x00003d45      0x5a9 C:\Users\Ashray Jain\Desktop\EE2024 Workspace\Lib_MCU\Debug\libLib_MCU.a(lpc17xx_ssp.o)
 .debug_line    0x000042ee      0x532 C:\Users\Ashray Jain\Desktop\EE2024 Workspace\Lib_MCU\Debug\libLib_MCU.a(lpc17xx_timer.o)
 .debug_line    0x00004820      0x75e C:\Users\Ashray Jain\Desktop\EE2024 Workspace\Lib_MCU\Debug\libLib_MCU.a(lpc17xx_uart.o)
 .debug_line    0x00004f7e      0x3e1 C:\Users\Ashray Jain\Desktop\EE2024 Workspace\Lib_MCU\Debug\libLib_MCU.a(lpc17xx_clkpwr.o)

.debug_macinfo  0x00000000    0x7f9f5
 .debug_macinfo
                0x00000000     0x151f ./src/cr_startup_lpc17.o
 .debug_macinfo
                0x0000151f     0xcf9d ./src/main.o
 .debug_macinfo
                0x0000e4bc     0x6d5c C:\Users\Ashray Jain\Desktop\EE2024 Workspace\Lib_CMSISv1p30_LPC17xx\Debug\libCMSISv1p30_LPC17xx.a(system_LPC17xx.o)
 .debug_macinfo
                0x00015218     0x787f C:\Users\Ashray Jain\Desktop\EE2024 Workspace\Lib_EaBaseBoard\Debug\libLib_EaBaseBoard.a(acc.o)
 .debug_macinfo
                0x0001ca97     0x8007 C:\Users\Ashray Jain\Desktop\EE2024 Workspace\Lib_EaBaseBoard\Debug\libLib_EaBaseBoard.a(led7seg.o)
 .debug_macinfo
                0x00024a9e     0x779e C:\Users\Ashray Jain\Desktop\EE2024 Workspace\Lib_EaBaseBoard\Debug\libLib_EaBaseBoard.a(light.o)
 .debug_macinfo
                0x0002c23c     0x8aa7 C:\Users\Ashray Jain\Desktop\EE2024 Workspace\Lib_EaBaseBoard\Debug\libLib_EaBaseBoard.a(oled.o)
 .debug_macinfo
                0x00034ce3     0x77bd C:\Users\Ashray Jain\Desktop\EE2024 Workspace\Lib_EaBaseBoard\Debug\libLib_EaBaseBoard.a(pca9532.o)
 .debug_macinfo
                0x0003c4a0     0x6eb0 C:\Users\Ashray Jain\Desktop\EE2024 Workspace\Lib_EaBaseBoard\Debug\libLib_EaBaseBoard.a(rgb.o)
 .debug_macinfo
                0x00043350     0x1cb1 C:\Users\Ashray Jain\Desktop\EE2024 Workspace\Lib_EaBaseBoard\Debug\libLib_EaBaseBoard.a(font5x7.o)
 .debug_macinfo
                0x00045001     0x701c C:\Users\Ashray Jain\Desktop\EE2024 Workspace\Lib_MCU\Debug\libLib_MCU.a(lpc17xx_gpio.o)
 .debug_macinfo
                0x0004c01d     0x8f3c C:\Users\Ashray Jain\Desktop\EE2024 Workspace\Lib_MCU\Debug\libLib_MCU.a(lpc17xx_i2c.o)
 .debug_macinfo
                0x00054f59     0x7137 C:\Users\Ashray Jain\Desktop\EE2024 Workspace\Lib_MCU\Debug\libLib_MCU.a(lpc17xx_pinsel.o)
 .debug_macinfo
                0x0005c090     0x9234 C:\Users\Ashray Jain\Desktop\EE2024 Workspace\Lib_MCU\Debug\libLib_MCU.a(lpc17xx_ssp.o)
 .debug_macinfo
                0x000652c4     0x8e31 C:\Users\Ashray Jain\Desktop\EE2024 Workspace\Lib_MCU\Debug\libLib_MCU.a(lpc17xx_timer.o)
 .debug_macinfo
                0x0006e0f5     0x99a3 C:\Users\Ashray Jain\Desktop\EE2024 Workspace\Lib_MCU\Debug\libLib_MCU.a(lpc17xx_uart.o)
 .debug_macinfo
                0x00077a98     0x7f5d C:\Users\Ashray Jain\Desktop\EE2024 Workspace\Lib_MCU\Debug\libLib_MCU.a(lpc17xx_clkpwr.o)

.debug_frame    0x00000000     0x293c
 .debug_frame   0x00000000      0x120 ./src/cr_startup_lpc17.o
 .debug_frame   0x00000120      0x764 ./src/main.o
 .debug_frame   0x00000884       0x48 C:\Users\Ashray Jain\Desktop\EE2024 Workspace\Lib_CMSISv1p30_LPC17xx\Debug\libCMSISv1p30_LPC17xx.a(system_LPC17xx.o)
 .debug_frame   0x000008cc      0x12c C:\Users\Ashray Jain\Desktop\EE2024 Workspace\Lib_EaBaseBoard\Debug\libLib_EaBaseBoard.a(acc.o)
 .debug_frame   0x000009f8       0x4c C:\Users\Ashray Jain\Desktop\EE2024 Workspace\Lib_EaBaseBoard\Debug\libLib_EaBaseBoard.a(led7seg.o)
 .debug_frame   0x00000a44      0x208 C:\Users\Ashray Jain\Desktop\EE2024 Workspace\Lib_EaBaseBoard\Debug\libLib_EaBaseBoard.a(light.o)
 .debug_frame   0x00000c4c      0x1fc C:\Users\Ashray Jain\Desktop\EE2024 Workspace\Lib_EaBaseBoard\Debug\libLib_EaBaseBoard.a(oled.o)
 .debug_frame   0x00000e48      0x1a8 C:\Users\Ashray Jain\Desktop\EE2024 Workspace\Lib_EaBaseBoard\Debug\libLib_EaBaseBoard.a(pca9532.o)
 .debug_frame   0x00000ff0       0x4c C:\Users\Ashray Jain\Desktop\EE2024 Workspace\Lib_EaBaseBoard\Debug\libLib_EaBaseBoard.a(rgb.o)
 .debug_frame   0x0000103c      0x2c4 C:\Users\Ashray Jain\Desktop\EE2024 Workspace\Lib_MCU\Debug\libLib_MCU.a(lpc17xx_gpio.o)
 .debug_frame   0x00001300      0x2c8 C:\Users\Ashray Jain\Desktop\EE2024 Workspace\Lib_MCU\Debug\libLib_MCU.a(lpc17xx_i2c.o)
 .debug_frame   0x000015c8       0xbc C:\Users\Ashray Jain\Desktop\EE2024 Workspace\Lib_MCU\Debug\libLib_MCU.a(lpc17xx_pinsel.o)
 .debug_frame   0x00001684      0x280 C:\Users\Ashray Jain\Desktop\EE2024 Workspace\Lib_MCU\Debug\libLib_MCU.a(lpc17xx_ssp.o)
 .debug_frame   0x00001904      0x22c C:\Users\Ashray Jain\Desktop\EE2024 Workspace\Lib_MCU\Debug\libLib_MCU.a(lpc17xx_timer.o)
 .debug_frame   0x00001b30      0x44c C:\Users\Ashray Jain\Desktop\EE2024 Workspace\Lib_MCU\Debug\libLib_MCU.a(lpc17xx_uart.o)
 .debug_frame   0x00001f7c      0x10c C:\Users\Ashray Jain\Desktop\EE2024 Workspace\Lib_MCU\Debug\libLib_MCU.a(lpc17xx_clkpwr.o)
 .debug_frame   0x00002088       0x50 c:/nxp/lpcxpresso_3.6.3_317/tools/bin/../lib/gcc/arm-none-eabi/4.3.3/thumb2\libgcc.a(bpabi.o)
 .debug_frame   0x000020d8       0x38 c:/nxp/lpcxpresso_3.6.3_317/tools/bin/../lib/gcc/arm-none-eabi/4.3.3/thumb2\libgcc.a(_divdi3.o)
 .debug_frame   0x00002110       0x38 c:/nxp/lpcxpresso_3.6.3_317/tools/bin/../lib/gcc/arm-none-eabi/4.3.3/thumb2\libgcc.a(_udivdi3.o)
 .debug_frame   0x00002148       0x20 c:/nxp/lpcxpresso_3.6.3_317/tools/bin/../lib/gcc/arm-none-eabi/4.3.3/thumb2\libgcc.a(_udivsi3.o)
 .debug_frame   0x00002168       0x20 c:/nxp/lpcxpresso_3.6.3_317/tools/bin/../lib/gcc/arm-none-eabi/4.3.3/../../../../arm-none-eabi/lib/thumb2\libc.a(lib_a-isdigit.o)
 .debug_frame   0x00002188       0x30 c:/nxp/lpcxpresso_3.6.3_317/tools/bin/../lib/gcc/arm-none-eabi/4.3.3/../../../../arm-none-eabi/lib/thumb2\libc.a(lib_a-memcpy.o)
 .debug_frame   0x000021b8       0x28 c:/nxp/lpcxpresso_3.6.3_317/tools/bin/../lib/gcc/arm-none-eabi/4.3.3/../../../../arm-none-eabi/lib/thumb2\libc.a(lib_a-memset.o)
 .debug_frame   0x000021e0       0x58 c:/nxp/lpcxpresso_3.6.3_317/tools/bin/../lib/gcc/arm-none-eabi/4.3.3/../../../../arm-none-eabi/lib/thumb2\libc.a(lib_a-sprintf.o)
 .debug_frame   0x00002238       0x30 c:/nxp/lpcxpresso_3.6.3_317/tools/bin/../lib/gcc/arm-none-eabi/4.3.3/../../../../arm-none-eabi/lib/thumb2\libc.a(lib_a-strcasecmp.o)
 .debug_frame   0x00002268       0x28 c:/nxp/lpcxpresso_3.6.3_317/tools/bin/../lib/gcc/arm-none-eabi/4.3.3/../../../../arm-none-eabi/lib/thumb2\libc.a(lib_a-strcat.o)
 .debug_frame   0x00002290       0x20 c:/nxp/lpcxpresso_3.6.3_317/tools/bin/../lib/gcc/arm-none-eabi/4.3.3/../../../../arm-none-eabi/lib/thumb2\libc.a(lib_a-strcpy.o)
 .debug_frame   0x000022b0       0x20 c:/nxp/lpcxpresso_3.6.3_317/tools/bin/../lib/gcc/arm-none-eabi/4.3.3/../../../../arm-none-eabi/lib/thumb2\libc.a(lib_a-strlen.o)
 .debug_frame   0x000022d0       0x34 c:/nxp/lpcxpresso_3.6.3_317/tools/bin/../lib/gcc/arm-none-eabi/4.3.3/../../../../arm-none-eabi/lib/thumb2\libc.a(lib_a-strncasecmp.o)
 .debug_frame   0x00002304       0x64 c:/nxp/lpcxpresso_3.6.3_317/tools/bin/../lib/gcc/arm-none-eabi/4.3.3/../../../../arm-none-eabi/lib/thumb2\libc.a(lib_a-svfprintf.o)
 .debug_frame   0x00002368       0x64 c:/nxp/lpcxpresso_3.6.3_317/tools/bin/../lib/gcc/arm-none-eabi/4.3.3/../../../../arm-none-eabi/lib/thumb2\libc.a(lib_a-dtoa.o)
 .debug_frame   0x000023cc       0x50 c:/nxp/lpcxpresso_3.6.3_317/tools/bin/../lib/gcc/arm-none-eabi/4.3.3/../../../../arm-none-eabi/lib/thumb2\libc.a(lib_a-freer.o)
 .debug_frame   0x0000241c       0x74 c:/nxp/lpcxpresso_3.6.3_317/tools/bin/../lib/gcc/arm-none-eabi/4.3.3/../../../../arm-none-eabi/lib/thumb2\libc.a(lib_a-locale.o)
 .debug_frame   0x00002490       0x40 c:/nxp/lpcxpresso_3.6.3_317/tools/bin/../lib/gcc/arm-none-eabi/4.3.3/../../../../arm-none-eabi/lib/thumb2\libc.a(lib_a-malloc.o)
 .debug_frame   0x000024d0       0x38 c:/nxp/lpcxpresso_3.6.3_317/tools/bin/../lib/gcc/arm-none-eabi/4.3.3/../../../../arm-none-eabi/lib/thumb2\libc.a(lib_a-mallocr.o)
 .debug_frame   0x00002508       0x28 c:/nxp/lpcxpresso_3.6.3_317/tools/bin/../lib/gcc/arm-none-eabi/4.3.3/../../../../arm-none-eabi/lib/thumb2\libc.a(lib_a-memchr.o)
 .debug_frame   0x00002530       0x2c c:/nxp/lpcxpresso_3.6.3_317/tools/bin/../lib/gcc/arm-none-eabi/4.3.3/../../../../arm-none-eabi/lib/thumb2\libc.a(lib_a-memmove.o)
 .debug_frame   0x0000255c       0x30 c:/nxp/lpcxpresso_3.6.3_317/tools/bin/../lib/gcc/arm-none-eabi/4.3.3/../../../../arm-none-eabi/lib/thumb2\libc.a(lib_a-mlock.o)
 .debug_frame   0x0000258c      0x228 c:/nxp/lpcxpresso_3.6.3_317/tools/bin/../lib/gcc/arm-none-eabi/4.3.3/../../../../arm-none-eabi/lib/thumb2\libc.a(lib_a-mprec.o)
 .debug_frame   0x000027b4       0x38 c:/nxp/lpcxpresso_3.6.3_317/tools/bin/../lib/gcc/arm-none-eabi/4.3.3/../../../../arm-none-eabi/lib/thumb2\libc.a(lib_a-reallocr.o)
 .debug_frame   0x000027ec       0x28 c:/nxp/lpcxpresso_3.6.3_317/tools/bin/../lib/gcc/arm-none-eabi/4.3.3/../../../../arm-none-eabi/lib/thumb2\libc.a(lib_a-s_isinfd.o)
 .debug_frame   0x00002814       0x20 c:/nxp/lpcxpresso_3.6.3_317/tools/bin/../lib/gcc/arm-none-eabi/4.3.3/../../../../arm-none-eabi/lib/thumb2\libc.a(lib_a-s_isnand.o)
 .debug_frame   0x00002834       0x2c c:/nxp/lpcxpresso_3.6.3_317/tools/bin/../lib/gcc/arm-none-eabi/4.3.3/../../../../arm-none-eabi/lib/thumb2\libc.a(lib_a-sbrkr.o)
 .debug_frame   0x00002860       0x30 c:/nxp/lpcxpresso_3.6.3_317/tools/bin/../lib/gcc/arm-none-eabi/4.3.3/../../../../arm-none-eabi/lib/thumb2\libc.a(lib_a-strcmp.o)
 .debug_frame   0x00002890       0x28 c:/nxp/lpcxpresso_3.6.3_317/tools/bin/../lib/gcc/arm-none-eabi/4.3.3/../../../../arm-none-eabi/lib/thumb2\libc.a(lib_a-callocr.o)
 .debug_frame   0x000028b8       0x64 c:/nxp/lpcxpresso_3.6.3_317/tools/bin/../lib/gcc/arm-none-eabi/4.3.3/../../../../arm-none-eabi/lib/thumb2\libc.a(lib_a-reent.o)
 .debug_frame   0x0000291c       0x20 c:/nxp/lpcxpresso_3.6.3_317/tools/bin/../lib/gcc/arm-none-eabi/4.3.3/../../../../arm-none-eabi/lib/thumb2\libc.a(lib_a-errno.o)

.debug_loc      0x00000000     0x3631
 .debug_loc     0x00000000      0x1e5 ./src/cr_startup_lpc17.o
 .debug_loc     0x000001e5      0xc39 ./src/main.o
 .debug_loc     0x00000e1e       0x56 C:\Users\Ashray Jain\Desktop\EE2024 Workspace\Lib_CMSISv1p30_LPC17xx\Debug\libCMSISv1p30_LPC17xx.a(system_LPC17xx.o)
 .debug_loc     0x00000e74      0x1e7 C:\Users\Ashray Jain\Desktop\EE2024 Workspace\Lib_EaBaseBoard\Debug\libLib_EaBaseBoard.a(acc.o)
 .debug_loc     0x0000105b       0x62 C:\Users\Ashray Jain\Desktop\EE2024 Workspace\Lib_EaBaseBoard\Debug\libLib_EaBaseBoard.a(led7seg.o)
 .debug_loc     0x000010bd      0x368 C:\Users\Ashray Jain\Desktop\EE2024 Workspace\Lib_EaBaseBoard\Debug\libLib_EaBaseBoard.a(light.o)
 .debug_loc     0x00001425      0x331 C:\Users\Ashray Jain\Desktop\EE2024 Workspace\Lib_EaBaseBoard\Debug\libLib_EaBaseBoard.a(oled.o)
 .debug_loc     0x00001756      0x2c3 C:\Users\Ashray Jain\Desktop\EE2024 Workspace\Lib_EaBaseBoard\Debug\libLib_EaBaseBoard.a(pca9532.o)
 .debug_loc     0x00001a19       0x62 C:\Users\Ashray Jain\Desktop\EE2024 Workspace\Lib_EaBaseBoard\Debug\libLib_EaBaseBoard.a(rgb.o)
 .debug_loc     0x00001a7b      0x4ba C:\Users\Ashray Jain\Desktop\EE2024 Workspace\Lib_MCU\Debug\libLib_MCU.a(lpc17xx_gpio.o)
 .debug_loc     0x00001f35      0x4cd C:\Users\Ashray Jain\Desktop\EE2024 Workspace\Lib_MCU\Debug\libLib_MCU.a(lpc17xx_i2c.o)
 .debug_loc     0x00002402      0x14a C:\Users\Ashray Jain\Desktop\EE2024 Workspace\Lib_MCU\Debug\libLib_MCU.a(lpc17xx_pinsel.o)
 .debug_loc     0x0000254c      0x434 C:\Users\Ashray Jain\Desktop\EE2024 Workspace\Lib_MCU\Debug\libLib_MCU.a(lpc17xx_ssp.o)
 .debug_loc     0x00002980      0x3a7 C:\Users\Ashray Jain\Desktop\EE2024 Workspace\Lib_MCU\Debug\libLib_MCU.a(lpc17xx_timer.o)
 .debug_loc     0x00002d27      0x757 C:\Users\Ashray Jain\Desktop\EE2024 Workspace\Lib_MCU\Debug\libLib_MCU.a(lpc17xx_uart.o)
 .debug_loc     0x0000347e      0x1b3 C:\Users\Ashray Jain\Desktop\EE2024 Workspace\Lib_MCU\Debug\libLib_MCU.a(lpc17xx_clkpwr.o)

.debug_pubnames
                0x00000000     0x1ac1
 .debug_pubnames
                0x00000000       0xfd ./src/cr_startup_lpc17.o
 .debug_pubnames
                0x000000fd      0xb8b ./src/main.o
 .debug_pubnames
                0x00000c88       0x4f C:\Users\Ashray Jain\Desktop\EE2024 Workspace\Lib_CMSISv1p30_LPC17xx\Debug\libCMSISv1p30_LPC17xx.a(system_LPC17xx.o)
 .debug_pubnames
                0x00000cd7       0x4d C:\Users\Ashray Jain\Desktop\EE2024 Workspace\Lib_EaBaseBoard\Debug\libLib_EaBaseBoard.a(acc.o)
 .debug_pubnames
                0x00000d24       0x37 C:\Users\Ashray Jain\Desktop\EE2024 Workspace\Lib_EaBaseBoard\Debug\libLib_EaBaseBoard.a(led7seg.o)
 .debug_pubnames
                0x00000d5b      0x107 C:\Users\Ashray Jain\Desktop\EE2024 Workspace\Lib_EaBaseBoard\Debug\libLib_EaBaseBoard.a(light.o)
 .debug_pubnames
                0x00000e62       0xa9 C:\Users\Ashray Jain\Desktop\EE2024 Workspace\Lib_EaBaseBoard\Debug\libLib_EaBaseBoard.a(oled.o)
 .debug_pubnames
                0x00000f0b       0xef C:\Users\Ashray Jain\Desktop\EE2024 Workspace\Lib_EaBaseBoard\Debug\libLib_EaBaseBoard.a(pca9532.o)
 .debug_pubnames
                0x00000ffa       0x2f C:\Users\Ashray Jain\Desktop\EE2024 Workspace\Lib_EaBaseBoard\Debug\libLib_EaBaseBoard.a(rgb.o)
 .debug_pubnames
                0x00001029       0x1e C:\Users\Ashray Jain\Desktop\EE2024 Workspace\Lib_EaBaseBoard\Debug\libLib_EaBaseBoard.a(font5x7.o)
 .debug_pubnames
                0x00001047      0x196 C:\Users\Ashray Jain\Desktop\EE2024 Workspace\Lib_MCU\Debug\libLib_MCU.a(lpc17xx_gpio.o)
 .debug_pubnames
                0x000011dd      0x165 C:\Users\Ashray Jain\Desktop\EE2024 Workspace\Lib_MCU\Debug\libLib_MCU.a(lpc17xx_i2c.o)
 .debug_pubnames
                0x00001342       0xa6 C:\Users\Ashray Jain\Desktop\EE2024 Workspace\Lib_MCU\Debug\libLib_MCU.a(lpc17xx_pinsel.o)
 .debug_pubnames
                0x000013e8      0x17f C:\Users\Ashray Jain\Desktop\EE2024 Workspace\Lib_MCU\Debug\libLib_MCU.a(lpc17xx_ssp.o)
 .debug_pubnames
                0x00001567      0x17a C:\Users\Ashray Jain\Desktop\EE2024 Workspace\Lib_MCU\Debug\libLib_MCU.a(lpc17xx_timer.o)
 .debug_pubnames
                0x000016e1      0x325 C:\Users\Ashray Jain\Desktop\EE2024 Workspace\Lib_MCU\Debug\libLib_MCU.a(lpc17xx_uart.o)
 .debug_pubnames
                0x00001a06       0xbb C:\Users\Ashray Jain\Desktop\EE2024 Workspace\Lib_MCU\Debug\libLib_MCU.a(lpc17xx_clkpwr.o)

.debug_aranges  0x00000000      0x9c8
 .debug_aranges
                0x00000000       0x70 ./src/cr_startup_lpc17.o
 .debug_aranges
                0x00000070      0x210 ./src/main.o
 .debug_aranges
                0x00000280       0x28 C:\Users\Ashray Jain\Desktop\EE2024 Workspace\Lib_CMSISv1p30_LPC17xx\Debug\libCMSISv1p30_LPC17xx.a(system_LPC17xx.o)
 .debug_aranges
                0x000002a8       0x60 C:\Users\Ashray Jain\Desktop\EE2024 Workspace\Lib_EaBaseBoard\Debug\libLib_EaBaseBoard.a(acc.o)
 .debug_aranges
                0x00000308       0x28 C:\Users\Ashray Jain\Desktop\EE2024 Workspace\Lib_EaBaseBoard\Debug\libLib_EaBaseBoard.a(led7seg.o)
 .debug_aranges
                0x00000330       0x98 C:\Users\Ashray Jain\Desktop\EE2024 Workspace\Lib_EaBaseBoard\Debug\libLib_EaBaseBoard.a(light.o)
 .debug_aranges
                0x000003c8       0x90 C:\Users\Ashray Jain\Desktop\EE2024 Workspace\Lib_EaBaseBoard\Debug\libLib_EaBaseBoard.a(oled.o)
 .debug_aranges
                0x00000458       0x80 C:\Users\Ashray Jain\Desktop\EE2024 Workspace\Lib_EaBaseBoard\Debug\libLib_EaBaseBoard.a(pca9532.o)
 .debug_aranges
                0x000004d8       0x28 C:\Users\Ashray Jain\Desktop\EE2024 Workspace\Lib_EaBaseBoard\Debug\libLib_EaBaseBoard.a(rgb.o)
 .debug_aranges
                0x00000500       0xc8 C:\Users\Ashray Jain\Desktop\EE2024 Workspace\Lib_MCU\Debug\libLib_MCU.a(lpc17xx_gpio.o)
 .debug_aranges
                0x000005c8       0xd0 C:\Users\Ashray Jain\Desktop\EE2024 Workspace\Lib_MCU\Debug\libLib_MCU.a(lpc17xx_i2c.o)
 .debug_aranges
                0x00000698       0x48 C:\Users\Ashray Jain\Desktop\EE2024 Workspace\Lib_MCU\Debug\libLib_MCU.a(lpc17xx_pinsel.o)
 .debug_aranges
                0x000006e0       0xb8 C:\Users\Ashray Jain\Desktop\EE2024 Workspace\Lib_MCU\Debug\libLib_MCU.a(lpc17xx_ssp.o)
 .debug_aranges
                0x00000798       0xa0 C:\Users\Ashray Jain\Desktop\EE2024 Workspace\Lib_MCU\Debug\libLib_MCU.a(lpc17xx_timer.o)
 .debug_aranges
                0x00000838      0x130 C:\Users\Ashray Jain\Desktop\EE2024 Workspace\Lib_MCU\Debug\libLib_MCU.a(lpc17xx_uart.o)
 .debug_aranges
                0x00000968       0x60 C:\Users\Ashray Jain\Desktop\EE2024 Workspace\Lib_MCU\Debug\libLib_MCU.a(lpc17xx_clkpwr.o)

.debug_ranges   0x00000000      0x948
 .debug_ranges  0x00000000       0x68 ./src/cr_startup_lpc17.o
 .debug_ranges  0x00000068      0x208 ./src/main.o
 .debug_ranges  0x00000270       0x20 C:\Users\Ashray Jain\Desktop\EE2024 Workspace\Lib_CMSISv1p30_LPC17xx\Debug\libCMSISv1p30_LPC17xx.a(system_LPC17xx.o)
 .debug_ranges  0x00000290       0x58 C:\Users\Ashray Jain\Desktop\EE2024 Workspace\Lib_EaBaseBoard\Debug\libLib_EaBaseBoard.a(acc.o)
 .debug_ranges  0x000002e8       0x20 C:\Users\Ashray Jain\Desktop\EE2024 Workspace\Lib_EaBaseBoard\Debug\libLib_EaBaseBoard.a(led7seg.o)
 .debug_ranges  0x00000308       0x90 C:\Users\Ashray Jain\Desktop\EE2024 Workspace\Lib_EaBaseBoard\Debug\libLib_EaBaseBoard.a(light.o)
 .debug_ranges  0x00000398       0x88 C:\Users\Ashray Jain\Desktop\EE2024 Workspace\Lib_EaBaseBoard\Debug\libLib_EaBaseBoard.a(oled.o)
 .debug_ranges  0x00000420       0x78 C:\Users\Ashray Jain\Desktop\EE2024 Workspace\Lib_EaBaseBoard\Debug\libLib_EaBaseBoard.a(pca9532.o)
 .debug_ranges  0x00000498       0x20 C:\Users\Ashray Jain\Desktop\EE2024 Workspace\Lib_EaBaseBoard\Debug\libLib_EaBaseBoard.a(rgb.o)
 .debug_ranges  0x000004b8       0xc0 C:\Users\Ashray Jain\Desktop\EE2024 Workspace\Lib_MCU\Debug\libLib_MCU.a(lpc17xx_gpio.o)
 .debug_ranges  0x00000578       0xc8 C:\Users\Ashray Jain\Desktop\EE2024 Workspace\Lib_MCU\Debug\libLib_MCU.a(lpc17xx_i2c.o)
 .debug_ranges  0x00000640       0x40 C:\Users\Ashray Jain\Desktop\EE2024 Workspace\Lib_MCU\Debug\libLib_MCU.a(lpc17xx_pinsel.o)
 .debug_ranges  0x00000680       0xb0 C:\Users\Ashray Jain\Desktop\EE2024 Workspace\Lib_MCU\Debug\libLib_MCU.a(lpc17xx_ssp.o)
 .debug_ranges  0x00000730       0x98 C:\Users\Ashray Jain\Desktop\EE2024 Workspace\Lib_MCU\Debug\libLib_MCU.a(lpc17xx_timer.o)
 .debug_ranges  0x000007c8      0x128 C:\Users\Ashray Jain\Desktop\EE2024 Workspace\Lib_MCU\Debug\libLib_MCU.a(lpc17xx_uart.o)
 .debug_ranges  0x000008f0       0x58 C:\Users\Ashray Jain\Desktop\EE2024 Workspace\Lib_MCU\Debug\libLib_MCU.a(lpc17xx_clkpwr.o)

.debug_str      0x00000000     0x35a7
 .debug_str     0x00000000      0x18e ./src/cr_startup_lpc17.o
                                0x1c8 (size before relaxing)
 .debug_str     0x0000018e     0x155e ./src/main.o
                               0x1688 (size before relaxing)
 .debug_str     0x000016ec       0x8b C:\Users\Ashray Jain\Desktop\EE2024 Workspace\Lib_CMSISv1p30_LPC17xx\Debug\libCMSISv1p30_LPC17xx.a(system_LPC17xx.o)
                                0x251 (size before relaxing)
 .debug_str     0x00001777      0x1da C:\Users\Ashray Jain\Desktop\EE2024 Workspace\Lib_EaBaseBoard\Debug\libLib_EaBaseBoard.a(acc.o)
                                0x34c (size before relaxing)
 .debug_str     0x00001951       0x95 C:\Users\Ashray Jain\Desktop\EE2024 Workspace\Lib_EaBaseBoard\Debug\libLib_EaBaseBoard.a(led7seg.o)
                                0x1b8 (size before relaxing)
 .debug_str     0x000019e6      0x204 C:\Users\Ashray Jain\Desktop\EE2024 Workspace\Lib_EaBaseBoard\Debug\libLib_EaBaseBoard.a(light.o)
                                0x4b1 (size before relaxing)
 .debug_str     0x00001bea      0x1ad C:\Users\Ashray Jain\Desktop\EE2024 Workspace\Lib_EaBaseBoard\Debug\libLib_EaBaseBoard.a(oled.o)
                                0x369 (size before relaxing)
 .debug_str     0x00001d97      0x12e C:\Users\Ashray Jain\Desktop\EE2024 Workspace\Lib_EaBaseBoard\Debug\libLib_EaBaseBoard.a(pca9532.o)
                                0x3a3 (size before relaxing)
 .debug_str     0x00001ec5       0x22 C:\Users\Ashray Jain\Desktop\EE2024 Workspace\Lib_EaBaseBoard\Debug\libLib_EaBaseBoard.a(rgb.o)
                                0x10d (size before relaxing)
 .debug_str     0x00001ee7       0x11 C:\Users\Ashray Jain\Desktop\EE2024 Workspace\Lib_EaBaseBoard\Debug\libLib_EaBaseBoard.a(font5x7.o)
                                 0x77 (size before relaxing)
 .debug_str     0x00001ef8      0x37a C:\Users\Ashray Jain\Desktop\EE2024 Workspace\Lib_MCU\Debug\libLib_MCU.a(lpc17xx_gpio.o)
                                0x435 (size before relaxing)
 .debug_str     0x00002272      0x319 C:\Users\Ashray Jain\Desktop\EE2024 Workspace\Lib_MCU\Debug\libLib_MCU.a(lpc17xx_i2c.o)
                                0x7c1 (size before relaxing)
 .debug_str     0x0000258b      0x201 C:\Users\Ashray Jain\Desktop\EE2024 Workspace\Lib_MCU\Debug\libLib_MCU.a(lpc17xx_pinsel.o)
                                0x357 (size before relaxing)
 .debug_str     0x0000278c      0x219 C:\Users\Ashray Jain\Desktop\EE2024 Workspace\Lib_MCU\Debug\libLib_MCU.a(lpc17xx_ssp.o)
                                0x448 (size before relaxing)
 .debug_str     0x000029a5      0x283 C:\Users\Ashray Jain\Desktop\EE2024 Workspace\Lib_MCU\Debug\libLib_MCU.a(lpc17xx_timer.o)
                                0x57e (size before relaxing)
 .debug_str     0x00002c28      0x8b4 C:\Users\Ashray Jain\Desktop\EE2024 Workspace\Lib_MCU\Debug\libLib_MCU.a(lpc17xx_uart.o)
                                0xc05 (size before relaxing)
 .debug_str     0x000034dc       0xcb C:\Users\Ashray Jain\Desktop\EE2024 Workspace\Lib_MCU\Debug\libLib_MCU.a(lpc17xx_clkpwr.o)
                                0x34e (size before relaxing)

.comment        0x00000000      0x305
 .comment       0x00000000       0x2b ./src/cr_startup_lpc17.o
 .comment       0x0000002b       0x2b ./src/main.o
 .comment       0x00000056       0x2b C:\Users\Ashray Jain\Desktop\EE2024 Workspace\Lib_CMSISv1p30_LPC17xx\Debug\libCMSISv1p30_LPC17xx.a(system_LPC17xx.o)
 .comment       0x00000081       0x2b C:\Users\Ashray Jain\Desktop\EE2024 Workspace\Lib_EaBaseBoard\Debug\libLib_EaBaseBoard.a(acc.o)
 .comment       0x000000ac       0x2b C:\Users\Ashray Jain\Desktop\EE2024 Workspace\Lib_EaBaseBoard\Debug\libLib_EaBaseBoard.a(led7seg.o)
 .comment       0x000000d7       0x2b C:\Users\Ashray Jain\Desktop\EE2024 Workspace\Lib_EaBaseBoard\Debug\libLib_EaBaseBoard.a(light.o)
 .comment       0x00000102       0x2b C:\Users\Ashray Jain\Desktop\EE2024 Workspace\Lib_EaBaseBoard\Debug\libLib_EaBaseBoard.a(oled.o)
 .comment       0x0000012d       0x2b C:\Users\Ashray Jain\Desktop\EE2024 Workspace\Lib_EaBaseBoard\Debug\libLib_EaBaseBoard.a(pca9532.o)
 .comment       0x00000158       0x2b C:\Users\Ashray Jain\Desktop\EE2024 Workspace\Lib_EaBaseBoard\Debug\libLib_EaBaseBoard.a(rgb.o)
 .comment       0x00000183       0x2b C:\Users\Ashray Jain\Desktop\EE2024 Workspace\Lib_EaBaseBoard\Debug\libLib_EaBaseBoard.a(font5x7.o)
 .comment       0x000001ae       0x2b C:\Users\Ashray Jain\Desktop\EE2024 Workspace\Lib_MCU\Debug\libLib_MCU.a(lpc17xx_gpio.o)
 .comment       0x000001d9       0x2b C:\Users\Ashray Jain\Desktop\EE2024 Workspace\Lib_MCU\Debug\libLib_MCU.a(lpc17xx_i2c.o)
 .comment       0x00000204       0x2b C:\Users\Ashray Jain\Desktop\EE2024 Workspace\Lib_MCU\Debug\libLib_MCU.a(lpc17xx_pinsel.o)
 .comment       0x0000022f       0x2b C:\Users\Ashray Jain\Desktop\EE2024 Workspace\Lib_MCU\Debug\libLib_MCU.a(lpc17xx_ssp.o)
 .comment       0x0000025a       0x2b C:\Users\Ashray Jain\Desktop\EE2024 Workspace\Lib_MCU\Debug\libLib_MCU.a(lpc17xx_timer.o)
 .comment       0x00000285       0x2b C:\Users\Ashray Jain\Desktop\EE2024 Workspace\Lib_MCU\Debug\libLib_MCU.a(lpc17xx_uart.o)
 .comment       0x000002b0       0x2b C:\Users\Ashray Jain\Desktop\EE2024 Workspace\Lib_MCU\Debug\libLib_MCU.a(lpc17xx_clkpwr.o)
 .comment       0x000002db       0x2a c:/nxp/lpcxpresso_3.6.3_317/tools/bin/../lib/gcc/arm-none-eabi/4.3.3/../../../../arm-none-eabi/lib/thumb2\libcr_newlib_semihost.a(syscalls.o)

.ARM.attributes
                0x00000000       0x2f
 .ARM.attributes
                0x00000000       0x31 ./src/cr_startup_lpc17.o
 .ARM.attributes
                0x00000031       0x31 ./src/main.o
 .ARM.attributes
                0x00000062       0x31 C:\Users\Ashray Jain\Desktop\EE2024 Workspace\Lib_CMSISv1p30_LPC17xx\Debug\libCMSISv1p30_LPC17xx.a(system_LPC17xx.o)
 .ARM.attributes
                0x00000093       0x31 C:\Users\Ashray Jain\Desktop\EE2024 Workspace\Lib_EaBaseBoard\Debug\libLib_EaBaseBoard.a(acc.o)
 .ARM.attributes
                0x000000c4       0x31 C:\Users\Ashray Jain\Desktop\EE2024 Workspace\Lib_EaBaseBoard\Debug\libLib_EaBaseBoard.a(led7seg.o)
 .ARM.attributes
                0x000000f5       0x31 C:\Users\Ashray Jain\Desktop\EE2024 Workspace\Lib_EaBaseBoard\Debug\libLib_EaBaseBoard.a(light.o)
 .ARM.attributes
                0x00000126       0x31 C:\Users\Ashray Jain\Desktop\EE2024 Workspace\Lib_EaBaseBoard\Debug\libLib_EaBaseBoard.a(oled.o)
 .ARM.attributes
                0x00000157       0x31 C:\Users\Ashray Jain\Desktop\EE2024 Workspace\Lib_EaBaseBoard\Debug\libLib_EaBaseBoard.a(pca9532.o)
 .ARM.attributes
                0x00000188       0x31 C:\Users\Ashray Jain\Desktop\EE2024 Workspace\Lib_EaBaseBoard\Debug\libLib_EaBaseBoard.a(rgb.o)
 .ARM.attributes
                0x000001b9       0x31 C:\Users\Ashray Jain\Desktop\EE2024 Workspace\Lib_EaBaseBoard\Debug\libLib_EaBaseBoard.a(font5x7.o)
 .ARM.attributes
                0x000001ea       0x31 C:\Users\Ashray Jain\Desktop\EE2024 Workspace\Lib_MCU\Debug\libLib_MCU.a(lpc17xx_gpio.o)
 .ARM.attributes
                0x0000021b       0x31 C:\Users\Ashray Jain\Desktop\EE2024 Workspace\Lib_MCU\Debug\libLib_MCU.a(lpc17xx_i2c.o)
 .ARM.attributes
                0x0000024c       0x31 C:\Users\Ashray Jain\Desktop\EE2024 Workspace\Lib_MCU\Debug\libLib_MCU.a(lpc17xx_pinsel.o)
 .ARM.attributes
                0x0000027d       0x31 C:\Users\Ashray Jain\Desktop\EE2024 Workspace\Lib_MCU\Debug\libLib_MCU.a(lpc17xx_ssp.o)
 .ARM.attributes
                0x000002ae       0x31 C:\Users\Ashray Jain\Desktop\EE2024 Workspace\Lib_MCU\Debug\libLib_MCU.a(lpc17xx_timer.o)
 .ARM.attributes
                0x000002df       0x31 C:\Users\Ashray Jain\Desktop\EE2024 Workspace\Lib_MCU\Debug\libLib_MCU.a(lpc17xx_uart.o)
 .ARM.attributes
                0x00000310       0x31 C:\Users\Ashray Jain\Desktop\EE2024 Workspace\Lib_MCU\Debug\libLib_MCU.a(lpc17xx_clkpwr.o)
 .ARM.attributes
                0x00000341       0x17 c:/nxp/lpcxpresso_3.6.3_317/tools/bin/../lib/gcc/arm-none-eabi/4.3.3/thumb2\libgcc.a(_arm_addsubdf3.o)
 .ARM.attributes
                0x00000358       0x17 c:/nxp/lpcxpresso_3.6.3_317/tools/bin/../lib/gcc/arm-none-eabi/4.3.3/thumb2\libgcc.a(_arm_muldivdf3.o)
 .ARM.attributes
                0x0000036f       0x17 c:/nxp/lpcxpresso_3.6.3_317/tools/bin/../lib/gcc/arm-none-eabi/4.3.3/thumb2\libgcc.a(_arm_truncdfsf2.o)
 .ARM.attributes
                0x00000386       0x17 c:/nxp/lpcxpresso_3.6.3_317/tools/bin/../lib/gcc/arm-none-eabi/4.3.3/thumb2\libgcc.a(_arm_addsubsf3.o)
 .ARM.attributes
                0x0000039d       0x17 c:/nxp/lpcxpresso_3.6.3_317/tools/bin/../lib/gcc/arm-none-eabi/4.3.3/thumb2\libgcc.a(_arm_muldivsf3.o)
 .ARM.attributes
                0x000003b4       0x17 c:/nxp/lpcxpresso_3.6.3_317/tools/bin/../lib/gcc/arm-none-eabi/4.3.3/thumb2\libgcc.a(_arm_cmpsf2.o)
 .ARM.attributes
                0x000003cb       0x17 c:/nxp/lpcxpresso_3.6.3_317/tools/bin/../lib/gcc/arm-none-eabi/4.3.3/thumb2\libgcc.a(_arm_fixsfsi.o)
 .ARM.attributes
                0x000003e2       0x17 c:/nxp/lpcxpresso_3.6.3_317/tools/bin/../lib/gcc/arm-none-eabi/4.3.3/thumb2\libgcc.a(_aeabi_uldivmod.o)
 .ARM.attributes
                0x000003f9       0x27 c:/nxp/lpcxpresso_3.6.3_317/tools/bin/../lib/gcc/arm-none-eabi/4.3.3/thumb2\libgcc.a(bpabi.o)
 .ARM.attributes
                0x00000420       0x17 c:/nxp/lpcxpresso_3.6.3_317/tools/bin/../lib/gcc/arm-none-eabi/4.3.3/thumb2\libgcc.a(_dvmd_tls.o)
 .ARM.attributes
                0x00000437       0x27 c:/nxp/lpcxpresso_3.6.3_317/tools/bin/../lib/gcc/arm-none-eabi/4.3.3/thumb2\libgcc.a(_divdi3.o)
 .ARM.attributes
                0x0000045e       0x27 c:/nxp/lpcxpresso_3.6.3_317/tools/bin/../lib/gcc/arm-none-eabi/4.3.3/thumb2\libgcc.a(_udivdi3.o)
 .ARM.attributes
                0x00000485       0x17 c:/nxp/lpcxpresso_3.6.3_317/tools/bin/../lib/gcc/arm-none-eabi/4.3.3/thumb2\libgcc.a(_udivsi3.o)
 .ARM.attributes
                0x0000049c       0x27 c:/nxp/lpcxpresso_3.6.3_317/tools/bin/../lib/gcc/arm-none-eabi/4.3.3/thumb2\libgcc.a(_clz.o)
 .ARM.attributes
                0x000004c3       0x27 c:/nxp/lpcxpresso_3.6.3_317/tools/bin/../lib/gcc/arm-none-eabi/4.3.3/../../../../arm-none-eabi/lib/thumb2\libc.a(lib_a-isdigit.o)
 .ARM.attributes
                0x000004ea       0x27 c:/nxp/lpcxpresso_3.6.3_317/tools/bin/../lib/gcc/arm-none-eabi/4.3.3/../../../../arm-none-eabi/lib/thumb2\libc.a(lib_a-memcpy.o)
 .ARM.attributes
                0x00000511       0x27 c:/nxp/lpcxpresso_3.6.3_317/tools/bin/../lib/gcc/arm-none-eabi/4.3.3/../../../../arm-none-eabi/lib/thumb2\libc.a(lib_a-memset.o)
 .ARM.attributes
                0x00000538       0x27 c:/nxp/lpcxpresso_3.6.3_317/tools/bin/../lib/gcc/arm-none-eabi/4.3.3/../../../../arm-none-eabi/lib/thumb2\libc.a(lib_a-sprintf.o)
 .ARM.attributes
                0x0000055f       0x27 c:/nxp/lpcxpresso_3.6.3_317/tools/bin/../lib/gcc/arm-none-eabi/4.3.3/../../../../arm-none-eabi/lib/thumb2\libc.a(lib_a-strcasecmp.o)
 .ARM.attributes
                0x00000586       0x27 c:/nxp/lpcxpresso_3.6.3_317/tools/bin/../lib/gcc/arm-none-eabi/4.3.3/../../../../arm-none-eabi/lib/thumb2\libc.a(lib_a-strcat.o)
 .ARM.attributes
                0x000005ad       0x27 c:/nxp/lpcxpresso_3.6.3_317/tools/bin/../lib/gcc/arm-none-eabi/4.3.3/../../../../arm-none-eabi/lib/thumb2\libc.a(lib_a-strcpy.o)
 .ARM.attributes
                0x000005d4       0x27 c:/nxp/lpcxpresso_3.6.3_317/tools/bin/../lib/gcc/arm-none-eabi/4.3.3/../../../../arm-none-eabi/lib/thumb2\libc.a(lib_a-strlen.o)
 .ARM.attributes