Archive member included because of file (symbol)

C:\Users\thyagesh93\Documents\NUS\IVLEDrive\EE2024 PROGRAMMING FOR COMPUTER INTERFACES\PROGRAMMING FOR COMPUTER INTERFACES\Assignment 2\Lib_CMSISv1p30_LPC17xx\Debug\libCMSISv1p30_LPC17xx.a(system_LPC17xx.o)
                              ./src/main.o (SystemCoreClock)
C:\Users\thyagesh93\Documents\NUS\IVLEDrive\EE2024 PROGRAMMING FOR COMPUTER INTERFACES\PROGRAMMING FOR COMPUTER INTERFACES\Assignment 2\Lib_EaBaseBoard\Debug\libLib_EaBaseBoard.a(acc.o)
                              ./src/main.o (acc_init)
C:\Users\thyagesh93\Documents\NUS\IVLEDrive\EE2024 PROGRAMMING FOR COMPUTER INTERFACES\PROGRAMMING FOR COMPUTER INTERFACES\Assignment 2\Lib_EaBaseBoard\Debug\libLib_EaBaseBoard.a(led7seg.o)
                              ./src/main.o (led7seg_init)
C:\Users\thyagesh93\Documents\NUS\IVLEDrive\EE2024 PROGRAMMING FOR COMPUTER INTERFACES\PROGRAMMING FOR COMPUTER INTERFACES\Assignment 2\Lib_EaBaseBoard\Debug\libLib_EaBaseBoard.a(light.o)
                              ./src/main.o (light_init)
C:\Users\thyagesh93\Documents\NUS\IVLEDrive\EE2024 PROGRAMMING FOR COMPUTER INTERFACES\PROGRAMMING FOR COMPUTER INTERFACES\Assignment 2\Lib_EaBaseBoard\Debug\libLib_EaBaseBoard.a(oled.o)
                              ./src/main.o (oled_init)
C:\Users\thyagesh93\Documents\NUS\IVLEDrive\EE2024 PROGRAMMING FOR COMPUTER INTERFACES\PROGRAMMING FOR COMPUTER INTERFACES\Assignment 2\Lib_EaBaseBoard\Debug\libLib_EaBaseBoard.a(pca9532.o)
                              ./src/main.o (pca9532_init)
C:\Users\thyagesh93\Documents\NUS\IVLEDrive\EE2024 PROGRAMMING FOR COMPUTER INTERFACES\PROGRAMMING FOR COMPUTER INTERFACES\Assignment 2\Lib_EaBaseBoard\Debug\libLib_EaBaseBoard.a(rgb.o)
                              ./src/main.o (rgb_init)
C:\Users\thyagesh93\Documents\NUS\IVLEDrive\EE2024 PROGRAMMING FOR COMPUTER INTERFACES\PROGRAMMING FOR COMPUTER INTERFACES\Assignment 2\Lib_EaBaseBoard\Debug\libLib_EaBaseBoard.a(font5x7.o)
                              C:\Users\thyagesh93\Documents\NUS\IVLEDrive\EE2024 PROGRAMMING FOR COMPUTER INTERFACES\PROGRAMMING FOR COMPUTER INTERFACES\Assignment 2\Lib_EaBaseBoard\Debug\libLib_EaBaseBoard.a(oled.o) (font5x7)
C:\Users\thyagesh93\Documents\NUS\IVLEDrive\EE2024 PROGRAMMING FOR COMPUTER INTERFACES\PROGRAMMING FOR COMPUTER INTERFACES\Assignment 2\Lib_MCU\Debug\libLib_MCU.a(lpc17xx_gpio.o)
                              ./src/main.o (GPIO_SetDir)
C:\Users\thyagesh93\Documents\NUS\IVLEDrive\EE2024 PROGRAMMING FOR COMPUTER INTERFACES\PROGRAMMING FOR COMPUTER INTERFACES\Assignment 2\Lib_MCU\Debug\libLib_MCU.a(lpc17xx_i2c.o)
                              ./src/main.o (I2C_Init)
C:\Users\thyagesh93\Documents\NUS\IVLEDrive\EE2024 PROGRAMMING FOR COMPUTER INTERFACES\PROGRAMMING FOR COMPUTER INTERFACES\Assignment 2\Lib_MCU\Debug\libLib_MCU.a(lpc17xx_pinsel.o)
                              ./src/main.o (PINSEL_ConfigPin)
C:\Users\thyagesh93\Documents\NUS\IVLEDrive\EE2024 PROGRAMMING FOR COMPUTER INTERFACES\PROGRAMMING FOR COMPUTER INTERFACES\Assignment 2\Lib_MCU\Debug\libLib_MCU.a(lpc17xx_ssp.o)
                              ./src/main.o (SSP_Init)
C:\Users\thyagesh93\Documents\NUS\IVLEDrive\EE2024 PROGRAMMING FOR COMPUTER INTERFACES\PROGRAMMING FOR COMPUTER INTERFACES\Assignment 2\Lib_MCU\Debug\libLib_MCU.a(lpc17xx_timer.o)
                              ./src/main.o (TIM_ClearIntPending)
C:\Users\thyagesh93\Documents\NUS\IVLEDrive\EE2024 PROGRAMMING FOR COMPUTER INTERFACES\PROGRAMMING FOR COMPUTER INTERFACES\Assignment 2\Lib_MCU\Debug\libLib_MCU.a(lpc17xx_uart.o)
                              ./src/main.o (UART_DeInit)
C:\Users\thyagesh93\Documents\NUS\IVLEDrive\EE2024 PROGRAMMING FOR COMPUTER INTERFACES\PROGRAMMING FOR COMPUTER INTERFACES\Assignment 2\Lib_MCU\Debug\libLib_MCU.a(lpc17xx_clkpwr.o)
                              C:\Users\thyagesh93\Documents\NUS\IVLEDrive\EE2024 PROGRAMMING FOR COMPUTER INTERFACES\PROGRAMMING FOR COMPUTER INTERFACES\Assignment 2\Lib_MCU\Debug\libLib_MCU.a(lpc17xx_i2c.o) (CLKPWR_SetPCLKDiv)
c:/nxp/lpcxpresso_3.6.3_317/tools/bin/../lib/gcc/arm-none-eabi/4.3.3/thumb2\libgcc.a(_arm_addsubdf3.o)
                              ./src/main.o (__aeabi_i2d)
c:/nxp/lpcxpresso_3.6.3_317/tools/bin/../lib/gcc/arm-none-eabi/4.3.3/thumb2\libgcc.a(_arm_muldivdf3.o)
                              ./src/main.o (__aeabi_dmul)
c:/nxp/lpcxpresso_3.6.3_317/tools/bin/../lib/gcc/arm-none-eabi/4.3.3/thumb2\libgcc.a(_arm_truncdfsf2.o)
                              ./src/main.o (__aeabi_d2f)
c:/nxp/lpcxpresso_3.6.3_317/tools/bin/../lib/gcc/arm-none-eabi/4.3.3/thumb2\libgcc.a(_arm_addsubsf3.o)
                              ./src/main.o (__aeabi_fsub)
c:/nxp/lpcxpresso_3.6.3_317/tools/bin/../lib/gcc/arm-none-eabi/4.3.3/thumb2\libgcc.a(_arm_muldivsf3.o)
                              ./src/main.o (__aeabi_fmul)
c:/nxp/lpcxpresso_3.6.3_317/tools/bin/../lib/gcc/arm-none-eabi/4.3.3/thumb2\libgcc.a(_arm_cmpsf2.o)
                              ./src/main.o (__aeabi_fcmplt)
[...]
Memory Configuration

Name             Origin             Length             Attributes
MFlash512        0x00000000         0x00020000         xr
RamLoc32         0x10000000         0x00008000         xrw
RamAHB32         0x2007c000         0x00008000         xrw
CANAccFilterRAM  0x40038000         0x00000800         xrw
*default*        0x00000000         0xffffffff

Linker script and memory map

LOAD ./src/cr_startup_lpc17.o
LOAD ./src/main.o
LOAD C:\Users\thyagesh93\Documents\NUS\IVLEDrive\EE2024 PROGRAMMING FOR COMPUTER INTERFACES\PROGRAMMING FOR COMPUTER INTERFACES\Assignment 2\Lib_CMSISv1p30_LPC17xx\Debug\libCMSISv1p30_LPC17xx.a
LOAD C:\Users\thyagesh93\Documents\NUS\IVLEDrive\EE2024 PROGRAMMING FOR COMPUTER INTERFACES\PROGRAMMING FOR COMPUTER INTERFACES\Assignment 2\Lib_EaBaseBoard\Debug\libLib_EaBaseBoard.a
LOAD C:\Users\thyagesh93\Documents\NUS\IVLEDrive\EE2024 PROGRAMMING FOR COMPUTER INTERFACES\PROGRAMMING FOR COMPUTER INTERFACES\Assignment 2\Lib_MCU\Debug\libLib_MCU.a
START GROUP
LOAD c:/nxp/lpcxpresso_3.6.3_317/tools/bin/../lib/gcc/arm-none-eabi/4.3.3/thumb2\libgcc.a
LOAD c:/nxp/lpcxpresso_3.6.3_317/tools/bin/../lib/gcc/arm-none-eabi/4.3.3/../../../../arm-none-eabi/lib/thumb2\libc.a
LOAD c:/nxp/lpcxpresso_3.6.3_317/tools/bin/../lib/gcc/arm-none-eabi/4.3.3/../../../../arm-none-eabi/lib/thumb2\libm.a
LOAD c:/nxp/lpcxpresso_3.6.3_317/tools/bin/../lib/gcc/arm-none-eabi/4.3.3/../../../../arm-none-eabi/lib/thumb2\libcr_newlib_semihost.a
END GROUP
                0x00080000                __top_MFlash512 = 0x80000
                0x10008000                __top_RamLoc32 = 0x10008000
                0x20084000                __top_RamAHB32 = 0x20084000
                0x40038800                __top_CANAccFilterRAM = 0x40038800

.text           0x00000000     0xd018
 FILL mask 0xff
 *(.isr_vector)
 .isr_vector    0x00000000       0xcc ./src/cr_startup_lpc17.o
                0x00000000                g_pfnVectors
                0x000000cc                . = ALIGN (0x4)
                0x000000cc                __section_table_start = .
                0x000000cc                __data_section_table = .
                0x000000cc        0x4 LONG 0xd020 LOADADDR (.data)
                0x000000d0        0x4 LONG 0x10000000 ADDR (.data)
                0x000000d4        0x4 LONG 0x594 SIZEOF (.data)
                0x000000d8        0x4 LONG 0xd020 LOADADDR (.data_RAM2)
                0x000000dc        0x4 LONG 0x2007c000 ADDR (.data_RAM2)
                0x000000e0        0x4 LONG 0x0 SIZEOF (.data_RAM2)
                0x000000e4        0x4 LONG 0xd020 LOADADDR (.data_RAM3)
                0x000000e8        0x4 LONG 0x40038000 ADDR (.data_RAM3)
                0x000000ec        0x4 LONG 0x0 SIZEOF (.data_RAM3)
                0x000000f0                __data_section_table_end = .
                0x000000f0                __bss_section_table = .
                0x000000f0        0x4 LONG 0x10000594 ADDR (.bss)
                0x000000f4        0x4 LONG 0x3f8 SIZEOF (.bss)
                0x000000f8        0x4 LONG 0x2007c000 ADDR (.bss_RAM2)
                0x000000fc        0x4 LONG 0x0 SIZEOF (.bss_RAM2)
                0x00000100        0x4 LONG 0x40038000 ADDR (.bss_RAM3)
                0x00000104        0x4 LONG 0x0 SIZEOF (.bss_RAM3)
                0x00000108                __bss_section_table_end = .
                0x00000108                __section_table_end = .
 *(.after_vectors*)
 *(.text*)
 .text.ResetISR
                0x00000108       0x68 ./src/cr_startup_lpc17.o
                0x00000108                ResetISR
 .text.NMI_Handler
                0x00000170        0x8 ./src/cr_startup_lpc17.o
                0x00000170                NMI_Handler
 .text.HardFault_Handler
                0x00000178        0x8 ./src/cr_startup_lpc17.o
                0x00000178                HardFault_Handler
 .text.MemManage_Handler
                0x00000180        0x8 ./src/cr_startup_lpc17.o
                0x00000180                MemManage_Handler
 .text.BusFault_Handler
                0x00000188        0x8 ./src/cr_startup_lpc17.o
                0x00000188                BusFault_Handler
 .text.UsageFault_Handler
                0x00000190        0x8 ./src/cr_startup_lpc17.o
                0x00000190                UsageFault_Handler
 .text.SVCall_Handler
                0x00000198        0x8 ./src/cr_startup_lpc17.o
                0x00000198                SVCall_Handler
 .text.DebugMon_Handler
                0x000001a0        0x8 ./src/cr_startup_lpc17.o
                0x000001a0                DebugMon_Handler
 .text.PendSV_Handler
                0x000001a8        0x8 ./src/cr_startup_lpc17.o
                0x000001a8                PendSV_Handler
 .text.IntDefaultHandler
                0x000001b0        0x8 ./src/cr_startup_lpc17.o
                0x000001b0                RIT_IRQHandler
                0x000001b0                I2C0_IRQHandler
                0x000001b0                USBActivity_IRQHandler
                0x000001b0                PWM1_IRQHandler
                0x000001b0                I2C1_IRQHandler
                0x000001b0                EINT2_IRQHandler
                0x000001b0                UART1_IRQHandler
                0x000001b0                CANActivity_IRQHandler
                0x000001b0                UART0_IRQHandler
                0x000001b0                IntDefaultHandler
                0x000001b0                PLL0_IRQHandler
                0x000001b0                CAN_IRQHandler
                0x000001b0                PLL1_IRQHandler
                0x000001b0                SSP0_IRQHandler
                0x000001b0                I2S_IRQHandler
                0x000001b0                I2C2_IRQHandler
                0x000001b0                RTC_IRQHandler
                0x000001b0                TIMER0_IRQHandler
                0x000001b0                SPI_IRQHandler
                0x000001b0                EINT1_IRQHandler
                0x000001b0                UART2_IRQHandler
                0x000001b0                ADC_IRQHandler
                0x000001b0                SSP1_IRQHandler
                0x000001b0                USB_IRQHandler
                0x000001b0                BOD_IRQHandler
                0x000001b0                WDT_IRQHandler
                0x000001b0                QEI_IRQHandler
                0x000001b0                DMA_IRQHandler
                0x000001b0                MCPWM_IRQHandler
                0x000001b0                ENET_IRQHandler
 .text.initAllPeripherals
                0x000001b8       0x8c ./src/main.o
                0x000001b8                initAllPeripherals
 .text.NVIC_ClearPendingIRQ
                0x00000244       0x3c ./src/main.o
 .text.NVIC_EnableIRQ
                0x00000280       0x38 ./src/main.o
 .text.init_ssp
                0x000002b8       0xa0 ./src/main.o
                0x000002b8                init_ssp
 .text.init_i2c
                0x00000358       0x60 ./src/main.o
                0x00000358                init_i2c
 .text.init_GPIO
                0x000003b8      0x118 ./src/main.o
                0x000003b8                init_GPIO
 .text.init_buzzer
                0x000004d0       0x8c ./src/main.o
                0x000004d0                init_buzzer
 .text.init_uart
                0x0000055c       0xa0 ./src/main.o
                0x0000055c                init_uart
 .text.init_timer
                0x000005fc      0x17c ./src/main.o
                0x000005fc                init_timer
 .text.NVIC_SetPriority
                0x00000778       0x5c ./src/main.o
 .text.init_temp_interrupt
                0x000007d4       0x94 ./src/main.o
                0x000007d4                init_temp_interrupt
 .text.disable_temp_interrupt
                0x00000868       0x3c ./src/main.o
                0x00000868                disable_temp_interrupt
 .text.init_handShake
                0x000008a4       0x28 ./src/main.o
                0x000008a4                init_handShake
 .text.calibratingHandler
                0x000008cc       0x5c ./src/main.o
                0x000008cc                calibratingHandler
 .text.stdbyCountingDownHandler
                0x00000928       0x28 ./src/main.o
                0x00000928                stdbyCountingDownHandler
 .text.stdbyEnvTestingHandler
                0x00000950       0x60 ./src/main.o
                0x00000950                stdbyEnvTestingHandler
 .text.activeHandler
                0x000009b0      0x1fc ./src/main.o
                0x000009b0                activeHandler
 *fill*         0x00000bac        0x4 00
 .text.SysTick_Handler
                0x00000bb0      0x358 ./src/main.o
                0x00000bb0                SysTick_Handler
 .text.EINT0_IRQHandler
                0x00000f08       0x34 ./src/main.o
                0x00000f08                EINT0_IRQHandler
 .text.EINT3_IRQHandler
                0x00000f3c      0x218 ./src/main.o
                0x00000f3c                EINT3_IRQHandler
 .text.TIMER1_IRQHandler
                0x00001154      0x12c ./src/main.o
                0x00001154                TIMER1_IRQHandler
 .text.TIMER2_IRQHandler
                0x00001280       0x30 ./src/main.o
                0x00001280                TIMER2_IRQHandler
 .text.TIMER3_IRQHandler
                0x000012b0       0x40 ./src/main.o
                0x000012b0                TIMER3_IRQHandler
 .text.UART3_IRQHandler
                0x000012f0      0x20c ./src/main.o
                0x000012f0                UART3_IRQHandler
 .text.getMsTicks
                0x000014fc       0x18 ./src/main.o
                0x000014fc                getMsTicks
 .text.enterCalibratingState
                0x00001514       0x50 ./src/main.o
                0x00001514                enterCalibratingState
 .text.enterStdByCountingDownState
                0x00001564       0x5c ./src/main.o
                0x00001564                enterStdByCountingDownState
 .text.enterActiveState
                0x000015c0       0x60 ./src/main.o
                0x000015c0                enterActiveState
 .text.leaveActiveState
                0x00001620       0x2c ./src/main.o
                0x00001620                leaveActiveState
 .text.leaveCalibratingState
                0x0000164c       0x84 ./src/main.o
                0x0000164c                leaveCalibratingState
 .text.leaveStdByCountingDownState
                0x000016d0       0x18 ./src/main.o
                0x000016d0                leaveStdByCountingDownState
 .text.updateReadings
                0x000016e8       0x34 ./src/main.o
                0x000016e8                updateReadings
 .text.updateTemperatureReading
                0x0000171c       0x44 ./src/main.o
                0x0000171c                updateTemperatureReading
 .text.updateAccReading
                0x00001760       0xa4 ./src/main.o
                0x00001760                updateAccReading
 .text.updateFreqCounter
                0x00001804      0x250 ./src/main.o
                0x00001804                updateFreqCounter
 .text.startWarning
                0x00001a54       0x30 ./src/main.o
                0x00001a54                startWarning
 .text.turnOnLedArray
                0x00001a84       0x14 ./src/main.o
                0x00001a84                turnOnLedArray
 .text.stopWarning
                0x00001a98       0x48 ./src/main.o
                0x00001a98                stopWarning
 .text.turnOffLedArray
                0x00001ae0       0x14 ./src/main.o
                0x00001ae0                turnOffLedArray
 .text.countDownFrom
                0x00001af4       0x3c ./src/main.o
                0x00001af4                countDownFrom
 .text.decrementCount
                0x00001b30       0x78 ./src/main.o
                0x00001b30                decrementCount
 .text.writeHeaderToOled
                0x00001ba8       0x4c ./src/main.o
                0x00001ba8                writeHeaderToOled
 .text.writeStatesToOled
                0x00001bf4      0x1e4 ./src/main.o
                0x00001bf4                writeStatesToOled
 .text.writeTempToOled
                0x00001dd8      0x124 ./src/main.o
                0x00001dd8                writeTempToOled
 .text.writeAccValueToOled
                0x00001efc      0x254 ./src/main.o
                0x00001efc                writeAccValueToOled
 .text.sendUartReady
                0x00002150       0x34 ./src/main.o
                0x00002150                sendUartReady
 .text.processUartCommand
                0x00002184      0x490 ./src/main.o
                0x00002184                processUartCommand
 .text.changeReportingTime
                0x00002614       0xfc ./src/main.o
                0x00002614                changeReportingTime
 .text.tempToString
                0x00002710      0x124 ./src/main.o
                0x00002710                tempToString
 .text.toStringInt
                0x00002834       0x24 ./src/main.o
                0x00002834                toStringInt
 .text.toStringDouble
                0x00002858       0x2c ./src/main.o
                0x00002858                toStringDouble
 .text.rgb_setLeds_OledHack
                0x00002884       0x20 ./src/main.o
                0x00002884                rgb_setLeds_OledHack
 .text.stringToInt
                0x000028a4       0x98 ./src/main.o
                0x000028a4                stringToInt
 .text.main     0x0000293c       0x70 ./src/main.o
                0x0000293c                main
 .text.SysTick_Config
                0x000029ac       0x68 ./src/main.o
 .text.check_failed
                0x00002a14        0xc ./src/main.o
                0x00002a14                check_failed
 .text.SystemInit
                0x00002a20      0x224 C:\Users\thyagesh93\Documents\NUS\IVLEDrive\EE2024 PROGRAMMING FOR COMPUTER INTERFACES\PROGRAMMING FOR COMPUTER INTERFACES\Assignment 2\Lib_CMSISv1p30_LPC17xx\Debug\libCMSISv1p30_LPC17xx.a(system_LPC17xx.o)
                0x00002a20                SystemInit
 .text.I2CRead  0x00002c44       0x64 C:\Users\thyagesh93\Documents\NUS\IVLEDrive\EE2024 PROGRAMMING FOR COMPUTER INTERFACES\PROGRAMMING FOR COMPUTER INTERFACES\Assignment 2\Lib_EaBaseBoard\Debug\libLib_EaBaseBoard.a(acc.o)
 .text.I2CWrite
                0x00002ca8       0x64 C:\Users\thyagesh93\Documents\NUS\IVLEDrive\EE2024 PROGRAMMING FOR COMPUTER INTERFACES\PROGRAMMING FOR COMPUTER INTERFACES\Assignment 2\Lib_EaBaseBoard\Debug\libLib_EaBaseBoard.a(acc.o)
 .text.getStatus
                0x00002d0c       0x3c C:\Users\thyagesh93\Documents\NUS\IVLEDrive\EE2024 PROGRAMMING FOR COMPUTER INTERFACES\PROGRAMMING FOR COMPUTER INTERFACES\Assignment 2\Lib_EaBaseBoard\Debug\libLib_EaBaseBoard.a(acc.o)
 .text.getModeControl
                0x00002d48       0x3c C:\Users\thyagesh93\Documents\NUS\IVLEDrive\EE2024 PROGRAMMING FOR COMPUTER INTERFACES\PROGRAMMING FOR COMPUTER INTERFACES\Assignment 2\Lib_EaBaseBoard\Debug\libLib_EaBaseBoard.a(acc.o)
 .text.setModeControl
                0x00002d84       0x30 C:\Users\thyagesh93\Documents\NUS\IVLEDrive\EE2024 PROGRAMMING FOR COMPUTER INTERFACES\PROGRAMMING FOR COMPUTER INTERFACES\Assignment 2\Lib_EaBaseBoard\Debug\libLib_EaBaseBoard.a(acc.o)
 .text.acc_init
                0x00002db4       0x10 C:\Users\thyagesh93\Documents\NUS\IVLEDrive\EE2024 PROGRAMMING FOR COMPUTER INTERFACES\PROGRAMMING FOR COMPUTER INTERFACES\Assignment 2\Lib_EaBaseBoard\Debug\libLib_EaBaseBoard.a(acc.o)
                0x00002db4                acc_init
 .text.acc_read
                0x00002dc4       0xb4 C:\Users\thyagesh93\Documents\NUS\IVLEDrive\EE2024 PROGRAMMING FOR COMPUTER INTERFACES\PROGRAMMING FOR COMPUTER INTERFACES\Assignment 2\Lib_EaBaseBoard\Debug\libLib_EaBaseBoard.a(acc.o)
                0x00002dc4                acc_read
 .text.acc_setMode
                0x00002e78       0x3c C:\Users\thyagesh93\Documents\NUS\IVLEDrive\EE2024 PROGRAMMING FOR COMPUTER INTERFACES\PROGRAMMING FOR COMPUTER INTERFACES\Assignment 2\Lib_EaBaseBoard\Debug\libLib_EaBaseBoard.a(acc.o)
                0x00002e78                acc_setMode
 .text.led7seg_init
                0x00002eb4       0x24 C:\Users\thyagesh93\Documents\NUS\IVLEDrive\EE2024 PROGRAMMING FOR COMPUTER INTERFACES\PROGRAMMING FOR COMPUTER INTERFACES\Assignment 2\Lib_EaBaseBoard\Debug\libLib_EaBaseBoard.a(led7seg.o)
                0x00002eb4                led7seg_init
 .text.led7seg_setChar
                0x00002ed8       0x88 C:\Users\thyagesh93\Documents\NUS\IVLEDrive\EE2024 PROGRAMMING FOR COMPUTER INTERFACES\PROGRAMMING FOR COMPUTER INTERFACES\Assignment 2\Lib_EaBaseBoard\Debug\libLib_EaBaseBoard.a(led7seg.o)
                0x00002ed8                led7seg_setChar
 .text.I2CRead  0x00002f60       0x64 C:\Users\thyagesh93\Documents\NUS\IVLEDrive\EE2024 PROGRAMMING FOR COMPUTER INTERFACES\PROGRAMMING FOR COMPUTER INTERFACES\Assignment 2\Lib_EaBaseBoard\Debug\libLib_EaBaseBoard.a(light.o)
 .text.I2CWrite
                0x00002fc4       0x64 C:\Users\thyagesh93\Documents\NUS\IVLEDrive\EE2024 PROGRAMMING FOR COMPUTER INTERFACES\PROGRAMMING FOR COMPUTER INTERFACES\Assignment 2\Lib_EaBaseBoard\Debug\libLib_EaBaseBoard.a(light.o)
 .text.readControlReg
                0x00003028       0x3c C:\Users\thyagesh93\Documents\NUS\IVLEDrive\EE2024 PROGRAMMING FOR COMPUTER INTERFACES\PROGRAMMING FOR COMPUTER INTERFACES\Assignment 2\Lib_EaBaseBoard\Debug\libLib_EaBaseBoard.a(light.o)
 .text.light_init
                0x00003064        0xc C:\Users\thyagesh93\Documents\NUS\IVLEDrive\EE2024 PROGRAMMING FOR COMPUTER INTERFACES\PROGRAMMING FOR COMPUTER INTERFACES\Assignment 2\Lib_EaBaseBoard\Debug\libLib_EaBaseBoard.a(light.o)
                0x00003064                light_init
 .text.light_enable
                0x00003070       0x48 C:\Users\thyagesh93\Documents\NUS\IVLEDrive\EE2024 PROGRAMMING FOR COMPUTER INTERFACES\PROGRAMMING FOR COMPUTER INTERFACES\Assignment 2\Lib_EaBaseBoard\Debug\libLib_EaBaseBoard.a(light.o)
                0x00003070                light_enable
 .text.light_setRange
                0x000030b8       0xb0 C:\Users\thyagesh93\Documents\NUS\IVLEDrive\EE2024 PROGRAMMING FOR COMPUTER INTERFACES\PROGRAMMING FOR COMPUTER INTERFACES\Assignment 2\Lib_EaBaseBoard\Debug\libLib_EaBaseBoard.a(light.o)
                0x000030b8                light_setRange
 .text.light_setHiThreshold
                0x00003168       0x58 C:\Users\thyagesh93\Documents\NUS\IVLEDrive\EE2024 PROGRAMMING FOR COMPUTER INTERFACES\PROGRAMMING FOR COMPUTER INTERFACES\Assignment 2\Lib_EaBaseBoard\Debug\libLib_EaBaseBoard.a(light.o)
                0x00003168                light_setHiThreshold
 .text.light_setLoThreshold
                0x000031c0       0x58 C:\Users\thyagesh93\Documents\NUS\IVLEDrive\EE2024 PROGRAMMING FOR COMPUTER INTERFACES\PROGRAMMING FOR COMPUTER INTERFACES\Assignment 2\Lib_EaBaseBoard\Debug\libLib_EaBaseBoard.a(light.o)
                0x000031c0                light_setLoThreshold
 .text.light_clearIrqStatus
                0x00003218       0x3c C:\Users\thyagesh93\Documents\NUS\IVLEDrive\EE2024 PROGRAMMING FOR COMPUTER INTERFACES\PROGRAMMING FOR COMPUTER INTERFACES\Assignment 2\Lib_EaBaseBoard\Debug\libLib_EaBaseBoard.a(light.o)
                0x00003218                light_clearIrqStatus
 .text.writeCommand
                0x00003254       0x60 C:\Users\thyagesh93\Documents\NUS\IVLEDrive\EE2024 PROGRAMMING FOR COMPUTER INTERFACES\PROGRAMMING FOR COMPUTER INTERFACES\Assignment 2\Lib_EaBaseBoard\Debug\libLib_EaBaseBoard.a(oled.o)
 .text.writeData
                0x000032b4       0x60 C:\Users\thyagesh93\Documents\NUS\IVLEDrive\EE2024 PROGRAMMING FOR COMPUTER INTERFACES\PROGRAMMING FOR COMPUTER INTERFACES\Assignment 2\Lib_EaBaseBoard\Debug\libLib_EaBaseBoard.a(oled.o)
 .text.writeDataLen
                0x00003314       0x90 C:\Users\thyagesh93\Documents\NUS\IVLEDrive\EE2024 PROGRAMMING FOR COMPUTER INTERFACES\PROGRAMMING FOR COMPUTER INTERFACES\Assignment 2\Lib_EaBaseBoard\Debug\libLib_EaBaseBoard.a(oled.o)
 .text.runInitSequence
                0x000033a4      0x118 C:\Users\thyagesh93\Documents\NUS\IVLEDrive\EE2024 PROGRAMMING FOR COMPUTER INTERFACES\PROGRAMMING FOR COMPUTER INTERFACES\Assignment 2\Lib_EaBaseBoard\Debug\libLib_EaBaseBoard.a(oled.o)
 .text.hLine    0x000034bc       0x58 C:\Users\thyagesh93\Documents\NUS\IVLEDrive\EE2024 PROGRAMMING FOR COMPUTER INTERFACES\PROGRAMMING FOR COMPUTER INTERFACES\Assignment 2\Lib_EaBaseBoard\Debug\libLib_EaBaseBoard.a(oled.o)
 .text.vLine    0x00003514       0x58 C:\Users\thyagesh93\Documents\NUS\IVLEDrive\EE2024 PROGRAMMING FOR COMPUTER INTERFACES\PROGRAMMING FOR COMPUTER INTERFACES\Assignment 2\Lib_EaBaseBoard\Debug\libLib_EaBaseBoard.a(oled.o)
 .text.oled_init
                0x0000356c       0x9c C:\Users\thyagesh93\Documents\NUS\IVLEDrive\EE2024 PROGRAMMING FOR COMPUTER INTERFACES\PROGRAMMING FOR COMPUTER INTERFACES\Assignment 2\Lib_EaBaseBoard\Debug\libLib_EaBaseBoard.a(oled.o)
                0x0000356c                oled_init
 .text.oled_putPixel
                0x00003608      0x178 C:\Users\thyagesh93\Documents\NUS\IVLEDrive\EE2024 PROGRAMMING FOR COMPUTER INTERFACES\PROGRAMMING FOR COMPUTER INTERFACES\Assignment 2\Lib_EaBaseBoard\Debug\libLib_EaBaseBoard.a(oled.o)
                0x00003608                oled_putPixel
 .text.oled_fillRect
                0x00003780       0xb4 C:\Users\thyagesh93\Documents\NUS\IVLEDrive\EE2024 PROGRAMMING FOR COMPUTER INTERFACES\PROGRAMMING FOR COMPUTER INTERFACES\Assignment 2\Lib_EaBaseBoard\Debug\libLib_EaBaseBoard.a(oled.o)
                0x00003780                oled_fillRect
 .text.oled_clearScreen
                0x00003834       0x74 C:\Users\thyagesh93\Documents\NUS\IVLEDrive\EE2024 PROGRAMMING FOR COMPUTER INTERFACES\PROGRAMMING FOR COMPUTER INTERFACES\Assignment 2\Lib_EaBaseBoard\Debug\libLib_EaBaseBoard.a(oled.o)
                0x00003834                oled_clearScreen
 .text.oled_putChar
                0x000038a8      0x100 C:\Users\thyagesh93\Documents\NUS\IVLEDrive\EE2024 PROGRAMMING FOR COMPUTER INTERFACES\PROGRAMMING FOR COMPUTER INTERFACES\Assignment 2\Lib_EaBaseBoard\Debug\libLib_EaBaseBoard.a(oled.o)
                0x000038a8                oled_putChar
 .text.oled_putString
                0x000039a8       0x58 C:\Users\thyagesh93\Documents\NUS\IVLEDrive\EE2024 PROGRAMMING FOR COMPUTER INTERFACES\PROGRAMMING FOR COMPUTER INTERFACES\Assignment 2\Lib_EaBaseBoard\Debug\libLib_EaBaseBoard.a(oled.o)
                0x000039a8                oled_putString
 .text.I2CWrite
                0x00003a00       0x64 C:\Users\thyagesh93\Documents\NUS\IVLEDrive\EE2024 PROGRAMMING FOR COMPUTER INTERFACES\PROGRAMMING FOR COMPUTER INTERFACES\Assignment 2\Lib_EaBaseBoard\Debug\libLib_EaBaseBoard.a(pca9532.o)
 .text.setLsStates
                0x00003a64       0xd0 C:\Users\thyagesh93\Documents\NUS\IVLEDrive\EE2024 PROGRAMMING FOR COMPUTER INTERFACES\PROGRAMMING FOR COMPUTER INTERFACES\Assignment 2\Lib_EaBaseBoard\Debug\libLib_EaBaseBoard.a(pca9532.o)
 .text.setLeds  0x00003b34       0xa4 C:\Users\thyagesh93\Documents\NUS\IVLEDrive\EE2024 PROGRAMMING FOR COMPUTER INTERFACES\PROGRAMMING FOR COMPUTER INTERFACES\Assignment 2\Lib_EaBaseBoard\Debug\libLib_EaBaseBoard.a(pca9532.o)
 .text.pca9532_init
                0x00003bd8        0xc C:\Users\thyagesh93\Documents\NUS\IVLEDrive\EE2024 PROGRAMMING FOR COMPUTER INTERFACES\PROGRAMMING FOR COMPUTER INTERFACES\Assignment 2\Lib_EaBaseBoard\Debug\libLib_EaBaseBoard.a(pca9532.o)
                0x00003bd8                pca9532_init
 .text.pca9532_setLeds
                0x00003be4       0xa4 C:\Users\thyagesh93\Documents\NUS\IVLEDrive\EE2024 PROGRAMMING FOR COMPUTER INTERFACES\PROGRAMMING FOR COMPUTER INTERFACES\Assignment 2\Lib_EaBaseBoard\Debug\libLib_EaBaseBoard.a(pca9532.o)
                0x00003be4                pca9532_setLeds
 .text.rgb_init
                0x00003c88       0x38 C:\Users\thyagesh93\Documents\NUS\IVLEDrive\EE2024 PROGRAMMING FOR COMPUTER INTERFACES\PROGRAMMING FOR COMPUTER INTERFACES\Assignment 2\Lib_EaBaseBoard\Debug\libLib_EaBaseBoard.a(rgb.o)
                0x00003c88                rgb_init
 .text.rgb_setLeds
                0x00003cc0       0x80 C:\Users\thyagesh93\Documents\NUS\IVLEDrive\EE2024 PROGRAMMING FOR COMPUTER INTERFACES\PROGRAMMING FOR COMPUTER INTERFACES\Assignment 2\Lib_EaBaseBoard\Debug\libLib_EaBaseBoard.a(rgb.o)
                0x00003cc0                rgb_setLeds
 .text.GPIO_GetPointer
                0x00003d40       0x78 C:\Users\thyagesh93\Documents\NUS\IVLEDrive\EE2024 PROGRAMMING FOR COMPUTER INTERFACES\PROGRAMMING FOR COMPUTER INTERFACES\Assignment 2\Lib_MCU\Debug\libLib_MCU.a(lpc17xx_gpio.o)
 .text.GPIO_SetDir
                0x00003db8       0x54 C:\Users\thyagesh93\Documents\NUS\IVLEDrive\EE2024 PROGRAMMING FOR COMPUTER INTERFACES\PROGRAMMING FOR COMPUTER INTERFACES\Assignment 2\Lib_MCU\Debug\libLib_MCU.a(lpc17xx_gpio.o)
                0x00003db8                GPIO_SetDir
 .text.GPIO_SetValue
                0x00003e0c       0x2c C:\Users\thyagesh93\Documents\NUS\IVLEDrive\EE2024 PROGRAMMING FOR COMPUTER INTERFACES\PROGRAMMING FOR COMPUTER INTERFACES\Assignment 2\Lib_MCU\Debug\libLib_MCU.a(lpc17xx_gpio.o)
                0x00003e0c                GPIO_SetValue
 .text.GPIO_ClearValue
                0x00003e38       0x2c C:\Users\thyagesh93\Documents\NUS\IVLEDrive\EE2024 PROGRAMMING FOR COMPUTER INTERFACES\PROGRAMMING FOR COMPUTER INTERFACES\Assignment 2\Lib_MCU\Debug\libLib_MCU.a(lpc17xx_gpio.o)
                0x00003e38                GPIO_ClearValue
 .text.GPIO_ReadValue
                0x00003e64       0x38 C:\Users\thyagesh93\Documents\NUS\IVLEDrive\EE2024 PROGRAMMING FOR COMPUTER INTERFACES\PROGRAMMING FOR COMPUTER INTERFACES\Assignment 2\Lib_MCU\Debug\libLib_MCU.a(lpc17xx_gpio.o)
                0x00003e64                GPIO_ReadValue
 .text.I2C_getNum
                0x00003e9c       0x60 C:\Users\thyagesh93\Documents\NUS\IVLEDrive\EE2024 PROGRAMMING FOR COMPUTER INTERFACES\PROGRAMMING FOR COMPUTER INTERFACES\Assignment 2\Lib_MCU\Debug\libLib_MCU.a(lpc17xx_i2c.o)
 .text.I2C_Start
                0x00003efc       0x40 C:\Users\thyagesh93\Documents\NUS\IVLEDrive\EE2024 PROGRAMMING FOR COMPUTER INTERFACES\PROGRAMMING FOR COMPUTER INTERFACES\Assignment 2\Lib_MCU\Debug\libLib_MCU.a(lpc17xx_i2c.o)
 .text.I2C_Stop
                0x00003f3c       0x38 C:\Users\thyagesh93\Documents\NUS\IVLEDrive\EE2024 PROGRAMMING FOR COMPUTER INTERFACES\PROGRAMMING FOR COMPUTER INTERFACES\Assignment 2\Lib_MCU\Debug\libLib_MCU.a(lpc17xx_i2c.o)
 .text.I2C_SendByte
                0x00003f74       0x50 C:\Users\thyagesh93\Documents\NUS\IVLEDrive\EE2024 PROGRAMMING FOR COMPUTER INTERFACES\PROGRAMMING FOR COMPUTER INTERFACES\Assignment 2\Lib_MCU\Debug\libLib_MCU.a(lpc17xx_i2c.o)
 .text.I2C_GetByte
                0x00003fc4       0x58 C:\Users\thyagesh93\Documents\NUS\IVLEDrive\EE2024 PROGRAMMING FOR COMPUTER INTERFACES\PROGRAMMING FOR COMPUTER INTERFACES\Assignment 2\Lib_MCU\Debug\libLib_MCU.a(lpc17xx_i2c.o)
 .text.I2C_IntCmd
                0x0000401c       0xa8 C:\Users\thyagesh93\Documents\NUS\IVLEDrive\EE2024 PROGRAMMING FOR COMPUTER INTERFACES\PROGRAMMING FOR COMPUTER INTERFACES\Assignment 2\Lib_MCU\Debug\libLib_MCU.a(lpc17xx_i2c.o)
                0x0000401c                I2C_IntCmd
 .text.NVIC_EnableIRQ
                0x000040c4       0x38 C:\Users\thyagesh93\Documents\NUS\IVLEDrive\EE2024 PROGRAMMING FOR COMPUTER INTERFACES\PROGRAMMING FOR COMPUTER INTERFACES\Assignment 2\Lib_MCU\Debug\libLib_MCU.a(lpc17xx_i2c.o)
 .text.NVIC_DisableIRQ
                0x000040fc       0x3c C:\Users\thyagesh93\Documents\NUS\IVLEDrive\EE2024 PROGRAMMING FOR COMPUTER INTERFACES\PROGRAMMING FOR COMPUTER INTERFACES\Assignment 2\Lib_MCU\Debug\libLib_MCU.a(lpc17xx_i2c.o)
 .text.I2C_MasterHandler
                0x00004138      0x410 C:\Users\thyagesh93\Documents\NUS\IVLEDrive\EE2024 PROGRAMMING FOR COMPUTER INTERFACES\PROGRAMMING FOR COMPUTER INTERFACES\Assignment 2\Lib_MCU\Debug\libLib_MCU.a(lpc17xx_i2c.o)
                0x00004138                I2C_MasterHandler
 .text.I2C_SetClock
                0x00004548       0xc8 C:\Users\thyagesh93\Documents\NUS\IVLEDrive\EE2024 PROGRAMMING FOR COMPUTER INTERFACES\PROGRAMMING FOR COMPUTER INTERFACES\Assignment 2\Lib_MCU\Debug\libLib_MCU.a(lpc17xx_i2c.o)
                0x00004548                I2C_SetClock
 .text.I2C_Init
                0x00004610       0xd4 C:\Users\thyagesh93\Documents\NUS\IVLEDrive\EE2024 PROGRAMMING FOR COMPUTER INTERFACES\PROGRAMMING FOR COMPUTER INTERFACES\Assignment 2\Lib_MCU\Debug\libLib_MCU.a(lpc17xx_i2c.o)
                0x00004610                I2C_Init
 .text.I2C_Cmd  0x000046e4       0x84 C:\Users\thyagesh93\Documents\NUS\IVLEDrive\EE2024 PROGRAMMING FOR COMPUTER INTERFACES\PROGRAMMING FOR COMPUTER INTERFACES\Assignment 2\Lib_MCU\Debug\libLib_MCU.a(lpc17xx_i2c.o)
                0x000046e4                I2C_Cmd
 .text.I2C_MasterTransferData
                0x00004768      0x374 C:\Users\thyagesh93\Documents\NUS\IVLEDrive\EE2024 PROGRAMMING FOR COMPUTER INTERFACES\PROGRAMMING FOR COMPUTER INTERFACES\Assignment 2\Lib_MCU\Debug\libLib_MCU.a(lpc17xx_i2c.o)
                0x00004768                I2C_MasterTransferData
 .text.PINSEL_SetPinFunc
                0x00004adc       0xa4 C:\Users\thyagesh93\Documents\NUS\IVLEDrive\EE2024 PROGRAMMING FOR COMPUTER INTERFACES\PROGRAMMING FOR COMPUTER INTERFACES\Assignment 2\Lib_MCU\Debug\libLib_MCU.a(lpc17xx_pinsel.o)
                0x00004adc                PINSEL_SetPinFunc
 .text.PINSEL_SetResistorMode
                0x00004b80       0xa4 C:\Users\thyagesh93\Documents\NUS\IVLEDrive\EE2024 PROGRAMMING FOR COMPUTER INTERFACES\PROGRAMMING FOR COMPUTER INTERFACES\Assignment 2\Lib_MCU\Debug\libLib_MCU.a(lpc17xx_pinsel.o)
                0x00004b80                PINSEL_SetResistorMode
 .text.PINSEL_SetOpenDrainMode
                0x00004c24       0x84 C:\Users\thyagesh93\Documents\NUS\IVLEDrive\EE2024 PROGRAMMING FOR COMPUTER INTERFACES\PROGRAMMING FOR COMPUTER INTERFACES\Assignment 2\Lib_MCU\Debug\libLib_MCU.a(lpc17xx_pinsel.o)
                0x00004c24                PINSEL_SetOpenDrainMode
 .text.PINSEL_ConfigPin
                0x00004ca8       0x4c C:\Users\thyagesh93\Documents\NUS\IVLEDrive\EE2024 PROGRAMMING FOR COMPUTER INTERFACES\PROGRAMMING FOR COMPUTER INTERFACES\Assignment 2\Lib_MCU\Debug\libLib_MCU.a(lpc17xx_pinsel.o)
                0x00004ca8                PINSEL_ConfigPin
 .text.SSP_getNum
                0x00004cf4       0x48 C:\Users\thyagesh93\Documents\NUS\IVLEDrive\EE2024 PROGRAMMING FOR COMPUTER INTERFACES\PROGRAMMING FOR COMPUTER INTERFACES\Assignment 2\Lib_MCU\Debug\libLib_MCU.a(lpc17xx_ssp.o)
 .text.SSP_IntHandler
                0x00004d3c      0x324 C:\Users\thyagesh93\Documents\NUS\IVLEDrive\EE2024 PROGRAMMING FOR COMPUTER INTERFACES\PROGRAMMING FOR COMPUTER INTERFACES\Assignment 2\Lib_MCU\Debug\libLib_MCU.a(lpc17xx_ssp.o)
                0x00004d3c                SSP_IntHandler
 .text.SSP_SetClock
                0x00005060       0xf8 C:\Users\thyagesh93\Documents\NUS\IVLEDrive\EE2024 PROGRAMMING FOR COMPUTER INTERFACES\PROGRAMMING FOR COMPUTER INTERFACES\Assignment 2\Lib_MCU\Debug\libLib_MCU.a(lpc17xx_ssp.o)
                0x00005060                SSP_SetClock
 .text.SSP_Init
                0x00005158      0x10c C:\Users\thyagesh93\Documents\NUS\IVLEDrive\EE2024 PROGRAMMING FOR COMPUTER INTERFACES\PROGRAMMING FOR COMPUTER INTERFACES\Assignment 2\Lib_MCU\Debug\libLib_MCU.a(lpc17xx_ssp.o)
                0x00005158                SSP_Init
 .text.SSP_ConfigStructInit
                0x00005264       0x48 C:\Users\thyagesh93\Documents\NUS\IVLEDrive\EE2024 PROGRAMMING FOR COMPUTER INTERFACES\PROGRAMMING FOR COMPUTER INTERFACES\Assignment 2\Lib_MCU\Debug\libLib_MCU.a(lpc17xx_ssp.o)
                0x00005264                SSP_ConfigStructInit
 .text.SSP_Cmd  0x000052ac       0x7c C:\Users\thyagesh93\Documents\NUS\IVLEDrive\EE2024 PROGRAMMING FOR COMPUTER INTERFACES\PROGRAMMING FOR COMPUTER INTERFACES\Assignment 2\Lib_MCU\Debug\libLib_MCU.a(lpc17xx_ssp.o)
                0x000052ac                SSP_Cmd
 .text.SSP_SendData
                0x00005328       0x48 C:\Users\thyagesh93\Documents\NUS\IVLEDrive\EE2024 PROGRAMMING FOR COMPUTER INTERFACES\PROGRAMMING FOR COMPUTER INTERFACES\Assignment 2\Lib_MCU\Debug\libLib_MCU.a(lpc17xx_ssp.o)
                0x00005328                SSP_SendData
 .text.SSP_ReceiveData
                0x00005370       0x44 C:\Users\thyagesh93\Documents\NUS\IVLEDrive\EE2024 PROGRAMMING FOR COMPUTER INTERFACES\PROGRAMMING FOR COMPUTER INTERFACES\Assignment 2\Lib_MCU\Debug\libLib_MCU.a(lpc17xx_ssp.o)
                0x00005370                SSP_ReceiveData
 .text.SSP_ReadWrite
                0x000053b4      0x448 C:\Users\thyagesh93\Documents\NUS\IVLEDrive\EE2024 PROGRAMMING FOR COMPUTER INTERFACES\PROGRAMMING FOR COMPUTER INTERFACES\Assignment 2\Lib_MCU\Debug\libLib_MCU.a(lpc17xx_ssp.o)
                0x000053b4                SSP_ReadWrite
 .text.TIM_GetPClock
                0x000057fc       0x68 C:\Users\thyagesh93\Documents\NUS\IVLEDrive\EE2024 PROGRAMMING FOR COMPUTER INTERFACES\PROGRAMMING FOR COMPUTER INTERFACES\Assignment 2\Lib_MCU\Debug\libLib_MCU.a(lpc17xx_timer.o)
                0x000057fc                TIM_GetPClock
 .text.TIM_ConverUSecToVal
                0x00005864       0x68 C:\Users\thyagesh93\Documents\NUS\IVLEDrive\EE2024 PROGRAMMING FOR COMPUTER INTERFACES\PROGRAMMING FOR COMPUTER INTERFACES\Assignment 2\Lib_MCU\Debug\libLib_MCU.a(lpc17xx_timer.o)
                0x00005864                TIM_ConverUSecToVal
 .text.TIM_ConverPtrToTimeNum
                0x000058cc       0x74 C:\Users\thyagesh93\Documents\NUS\IVLEDrive\EE2024 PROGRAMMING FOR COMPUTER INTERFACES\PROGRAMMING FOR COMPUTER INTERFACES\Assignment 2\Lib_MCU\Debug\libLib_MCU.a(lpc17xx_timer.o)
                0x000058cc                TIM_ConverPtrToTimeNum
 .text.TIM_ClearIntPending
                0x00005940       0xa8 C:\Users\thyagesh93\Documents\NUS\IVLEDrive\EE2024 PROGRAMMING FOR COMPUTER INTERFACES\PROGRAMMING FOR COMPUTER INTERFACES\Assignment 2\Lib_MCU\Debug\libLib_MCU.a(lpc17xx_timer.o)
                0x00005940                TIM_ClearIntPending
 .text.TIM_Init
                0x000059e8      0x1cc C:\Users\thyagesh93\Documents\NUS\IVLEDrive\EE2024 PROGRAMMING FOR COMPUTER INTERFACES\PROGRAMMING FOR COMPUTER INTERFACES\Assignment 2\Lib_MCU\Debug\libLib_MCU.a(lpc17xx_timer.o)
                0x000059e8                TIM_Init
 .text.TIM_Cmd  0x00005bb4       0x7c C:\Users\thyagesh93\Documents\NUS\IVLEDrive\EE2024 PROGRAMMING FOR COMPUTER INTERFACES\PROGRAMMING FOR COMPUTER INTERFACES\Assignment 2\Lib_MCU\Debug\libLib_MCU.a(lpc17xx_timer.o)
                0x00005bb4                TIM_Cmd
 .text.TIM_ResetCounter
                0x00005c30       0x70 C:\Users\thyagesh93\Documents\NUS\IVLEDrive\EE2024 PROGRAMMING FOR COMPUTER INTERFACES\PROGRAMMING FOR COMPUTER INTERFACES\Assignment 2\Lib_MCU\Debug\libLib_MCU.a(lpc17xx_timer.o)
                0x00005c30                TIM_ResetCounter
 .text.TIM_ConfigMatch
                0x00005ca0      0x1a0 C:\Users\thyagesh93\Documents\NUS\IVLEDrive\EE2024 PROGRAMMING FOR COMPUTER INTERFACES\PROGRAMMING FOR COMPUTER INTERFACES\Assignment 2\Lib_MCU\Debug\libLib_MCU.a(lpc17xx_timer.o)
                0x00005ca0                TIM_ConfigMatch
 .text.uart_set_divisors
                0x00005e40      0x26c C:\Users\thyagesh93\Documents\NUS\IVLEDrive\EE2024 PROGRAMMING FOR COMPUTER INTERFACES\PROGRAMMING FOR COMPUTER INTERFACES\Assignment 2\Lib_MCU\Debug\libLib_MCU.a(lpc17xx_uart.o)
                0x00005e40                uart_set_divisors
 .text.UART_Init
                0x000060ac      0x360 C:\Users\thyagesh93\Documents\NUS\IVLEDrive\EE2024 PROGRAMMING FOR COMPUTER INTERFACES\PROGRAMMING FOR COMPUTER INTERFACES\Assignment 2\Lib_MCU\Debug\libLib_MCU.a(lpc17xx_uart.o)
                0x000060ac                UART_Init
 .text.UART_SendData
                0x0000640c       0x78 C:\Users\thyagesh93\Documents\NUS\IVLEDrive\EE2024 PROGRAMMING FOR COMPUTER INTERFACES\PROGRAMMING FOR COMPUTER INTERFACES\Assignment 2\Lib_MCU\Debug\libLib_MCU.a(lpc17xx_uart.o)
                0x0000640c                UART_SendData
 .text.UART_ReceiveData
                0x00006484       0x7c C:\Users\thyagesh93\Documents\NUS\IVLEDrive\EE2024 PROGRAMMING FOR COMPUTER INTERFACES\PROGRAMMING FOR COMPUTER INTERFACES\Assignment 2\Lib_MCU\Debug\libLib_MCU.a(lpc17xx_uart.o)
                0x00006484                UART_ReceiveData
 .text.UART_IntConfig
                0x00006500      0x1d4 C:\Users\thyagesh93\Documents\NUS\IVLEDrive\EE2024 PROGRAMMING FOR COMPUTER INTERFACES\PROGRAMMING FOR COMPUTER INTERFACES\Assignment 2\Lib_MCU\Debug\libLib_MCU.a(lpc17xx_uart.o)
                0x00006500                UART_IntConfig
 .text.UART_TxCmd
                0x000066d4       0xf0 C:\Users\thyagesh93\Documents\NUS\IVLEDrive\EE2024 PROGRAMMING FOR COMPUTER INTERFACES\PROGRAMMING FOR COMPUTER INTERFACES\Assignment 2\Lib_MCU\Debug\libLib_MCU.a(lpc17xx_uart.o)
                0x000066d4                UART_TxCmd
 .text.UART_Send
                0x000067c4      0x100 C:\Users\thyagesh93\Documents\NUS\IVLEDrive\EE2024 PROGRAMMING FOR COMPUTER INTERFACES\PROGRAMMING FOR COMPUTER INTERFACES\Assignment 2\Lib_MCU\Debug\libLib_MCU.a(lpc17xx_uart.o)
                0x000067c4                UART_Send
 .text.UART_Receive
                0x000068c4       0xc8 C:\Users\thyagesh93\Documents\NUS\IVLEDrive\EE2024 PROGRAMMING FOR COMPUTER INTERFACES\PROGRAMMING FOR COMPUTER INTERFACES\Assignment 2\Lib_MCU\Debug\libLib_MCU.a(lpc17xx_uart.o)
                0x000068c4                UART_Receive
 .text.CLKPWR_SetPCLKDiv
                0x0000698c       0xd0 C:\Users\thyagesh93\Documents\NUS\IVLEDrive\EE2024 PROGRAMMING FOR COMPUTER INTERFACES\PROGRAMMING FOR COMPUTER INTERFACES\Assignment 2\Lib_MCU\Debug\libLib_MCU.a(lpc17xx_clkpwr.o)
                0x0000698c                CLKPWR_SetPCLKDiv
 .text.CLKPWR_GetPCLKSEL
                0x00006a5c       0x54 C:\Users\thyagesh93\Documents\NUS\IVLEDrive\EE2024 PROGRAMMING FOR COMPUTER INTERFACES\PROGRAMMING FOR COMPUTER INTERFACES\Assignment 2\Lib_MCU\Debug\libLib_MCU.a(lpc17xx_clkpwr.o)
                0x00006a5c                CLKPWR_GetPCLKSEL
 .text.CLKPWR_GetPCLK
                0x00006ab0       0x70 C:\Users\thyagesh93\Documents\NUS\IVLEDrive\EE2024 PROGRAMMING FOR COMPUTER INTERFACES\PROGRAMMING FOR COMPUTER INTERFACES\Assignment 2\Lib_MCU\Debug\libLib_MCU.a(lpc17xx_clkpwr.o)
                0x00006ab0                CLKPWR_GetPCLK
 .text.CLKPWR_ConfigPPWR
                0x00006b20       0x7c C:\Users\thyagesh93\Documents\NUS\IVLEDrive\EE2024 PROGRAMMING FOR COMPUTER INTERFACES\PROGRAMMING FOR COMPUTER INTERFACES\Assignment 2\Lib_MCU\Debug\libLib_MCU.a(lpc17xx_clkpwr.o)
                0x00006b20                CLKPWR_ConfigPPWR
 .text          0x00006b9c      0x370 c:/nxp/lpcxpresso_3.6.3_317/tools/bin/../lib/gcc/arm-none-eabi/4.3.3/thumb2\libgcc.a(_arm_addsubdf3.o)
                0x00006eb0                __floatdidf
                0x00006e40                __floatsidf
                0x00006e20                __aeabi_ui2d
                0x00006b9c                __aeabi_drsub
                0x00006e64                __extendsfdf2
                0x00006ba8                __adddf3
                0x00006e20                __floatunsidf
                0x00006ba8                __aeabi_dadd
                0x00006ea0                __aeabi_ul2d
                0x00006ba4                __aeabi_dsub
                0x00006ea0                __floatundidf
                0x00006e40                __aeabi_i2d
                0x00006eb0                __aeabi_l2d
                0x00006e64                __aeabi_f2d
                0x00006ba4                __subdf3
 .text          0x00006f0c      0x424 c:/nxp/lpcxpresso_3.6.3_317/tools/bin/../lib/gcc/arm-none-eabi/4.3.3/thumb2\libgcc.a(_arm_muldivdf3.o)
                0x00007160                __aeabi_ddiv
                0x00006f0c                __aeabi_dmul
                0x00007160                __divdf3
                0x00006f0c                __muldf3
 .text          0x00007330       0xa0 c:/nxp/lpcxpresso_3.6.3_317/tools/bin/../lib/gcc/arm-none-eabi/4.3.3/thumb2\libgcc.a(_arm_truncdfsf2.o)
                0x00007330                __aeabi_d2f
                0x00007330                __truncdfsf2
 .text          0x000073d0      0x21c c:/nxp/lpcxpresso_3.6.3_317/tools/bin/../lib/gcc/arm-none-eabi/4.3.3/thumb2\libgcc.a(_arm_addsubsf3.o)
                0x000073dc                __aeabi_fadd
                0x000073d8                __subsf3
                0x00007544                __aeabi_i2f
                0x000073d8                __aeabi_fsub
                0x00007570                __floatdisf
                0x00007544                __floatsisf
                0x00007560                __floatundisf
                0x0000753c                __aeabi_ui2f
                0x00007570                __aeabi_l2f
                0x00007560                __aeabi_ul2f
                0x000073d0                __aeabi_frsub
                0x0000753c                __floatunsisf
                0x000073dc                __addsf3
 .text          0x000075ec      0x2a0 c:/nxp/lpcxpresso_3.6.3_317/tools/bin/../lib/gcc/arm-none-eabi/4.3.3/thumb2\libgcc.a(_arm_muldivsf3.o)
                0x00007754                __divsf3
                0x00007754                __aeabi_fdiv
                0x000075ec                __mulsf3
                0x000075ec                __aeabi_fmul
 .text          0x0000788c       0xec c:/nxp/lpcxpresso_3.6.3_317/tools/bin/../lib/gcc/arm-none-eabi/4.3.3/thumb2\libgcc.a(_arm_cmpsf2.o)
                0x00007964                __aeabi_fcmpgt
                0x00007894                __lesf2
                0x0000789c                __nesf2
                0x00007950                __aeabi_fcmpge
                0x0000788c                __gtsf2
                0x0000793c                __aeabi_fcmple
                0x0000789c                __eqsf2
                0x0000789c                __cmpsf2
                0x00007894                __ltsf2
                0x00007904                __aeabi_cfcmple
                0x0000788c                __gesf2
                0x00007914                __aeabi_fcmpeq
                0x000078fc                __aeabi_cfrcmple
                0x00007928                __aeabi_fcmplt
                0x00007904                __aeabi_cfcmpeq
 .text          0x00007978       0x4c c:/nxp/lpcxpresso_3.6.3_317/tools/bin/../lib/gcc/arm-none-eabi/4.3.3/thumb2\libgcc.a(_arm_fixsfsi.o)
                0x00007978                __fixsfsi
                0x00007978                __aeabi_f2iz
 .text          0x000079c4       0x2c c:/nxp/lpcxpresso_3.6.3_317/tools/bin/../lib/gcc/arm-none-eabi/4.3.3/thumb2\libgcc.a(_aeabi_uldivmod.o)
                0x000079c4                __aeabi_uldivmod
 .text          0x000079f0       0x60 c:/nxp/lpcxpresso_3.6.3_317/tools/bin/../lib/gcc/arm-none-eabi/4.3.3/thumb2\libgcc.a(bpabi.o)
                0x000079f0                __gnu_uldivmod_helper
                0x00007a20                __gnu_ldivmod_helper
 .text          0x00007a50        0x4 c:/nxp/lpcxpresso_3.6.3_317/tools/bin/../lib/gcc/arm-none-eabi/4.3.3/thumb2\libgcc.a(_dvmd_tls.o)
                0x00007a50                __aeabi_ldiv0
                0x00007a50                __aeabi_idiv0
 .text          0x00007a54      0x40c c:/nxp/lpcxpresso_3.6.3_317/tools/bin/../lib/gcc/arm-none-eabi/4.3.3/thumb2\libgcc.a(_divdi3.o)
                0x00007a54                __divdi3
 .text          0x00007e60      0x3cc c:/nxp/lpcxpresso_3.6.3_317/tools/bin/../lib/gcc/arm-none-eabi/4.3.3/thumb2\libgcc.a(_udivdi3.o)
                0x00007e60                __udivdi3
 .text          0x0000822c       0x8c c:/nxp/lpcxpresso_3.6.3_317/tools/bin/../lib/gcc/arm-none-eabi/4.3.3/thumb2\libgcc.a(_udivsi3.o)
                0x0000822c                __udivsi3
                0x0000822c                __aeabi_uidiv
                0x000082a4                __aeabi_uidivmod
 .text          0x000082b8       0x14 c:/nxp/lpcxpresso_3.6.3_317/tools/bin/../lib/gcc/arm-none-eabi/4.3.3/../../../../arm-none-eabi/lib/thumb2\libc.a(lib_a-isdigit.o)
                0x000082b8                isdigit
 .text          0x000082cc      0x12c c:/nxp/lpcxpresso_3.6.3_317/tools/bin/../lib/gcc/arm-none-eabi/4.3.3/../../../../arm-none-eabi/lib/thumb2\libc.a(lib_a-memcpy.o)
                0x000082cc                memcpy
 .text          0x000083f8       0xb0 c:/nxp/lpcxpresso_3.6.3_317/tools/bin/../lib/gcc/arm-none-eabi/4.3.3/../../../../arm-none-eabi/lib/thumb2\libc.a(lib_a-memset.o)
                0x000083f8                memset
 .text          0x000084a8       0x8c c:/nxp/lpcxpresso_3.6.3_317/tools/bin/../lib/gcc/arm-none-eabi/4.3.3/../../../../arm-none-eabi/lib/thumb2\libc.a(lib_a-sprintf.o)
                0x000084f4                _sprintf_r
                0x000084a8                sprintf
 .text          0x00008534       0x80 c:/nxp/lpcxpresso_3.6.3_317/tools/bin/../lib/gcc/arm-none-eabi/4.3.3/../../../../arm-none-eabi/lib/thumb2\libc.a(lib_a-strcasecmp.o)
                0x00008534                strcasecmp
 .text          0x000085b4       0x48 c:/nxp/lpcxpresso_3.6.3_317/tools/bin/../lib/gcc/arm-none-eabi/4.3.3/../../../../arm-none-eabi/lib/thumb2\libc.a(lib_a-strcat.o)
                0x000085b4                strcat
 .text          0x000085fc       0xbc c:/nxp/lpcxpresso_3.6.3_317/tools/bin/../lib/gcc/arm-none-eabi/4.3.3/../../../../arm-none-eabi/lib/thumb2\libc.a(lib_a-strcpy.o)
                0x000085fc                strcpy
 .text          0x000086b8       0x60 c:/nxp/lpcxpresso_3.6.3_317/tools/bin/../lib/gcc/arm-none-eabi/4.3.3/../../../../arm-none-eabi/lib/thumb2\libc.a(lib_a-strlen.o)
                0x000086b8                strlen
 .text          0x00008718       0x88 c:/nxp/lpcxpresso_3.6.3_317/tools/bin/../lib/gcc/arm-none-eabi/4.3.3/../../../../arm-none-eabi/lib/thumb2\libc.a(lib_a-strncasecmp.o)
                0x00008718                strncasecmp
 .text          0x000087a0     0x1488 c:/nxp/lpcxpresso_3.6.3_317/tools/bin/../lib/gcc/arm-none-eabi/4.3.3/../../../../arm-none-eabi/lib/thumb2\libc.a(lib_a-svfprintf.o)
                0x0000889c                _svfprintf_r
 .text          0x00009c28      0xf88 c:/nxp/lpcxpresso_3.6.3_317/tools/bin/../lib/gcc/arm-none-eabi/4.3.3/../../../../arm-none-eabi/lib/thumb2\libc.a(lib_a-dtoa.o)
                0x00009d58                _dtoa_r
 .text          0x0000abb0      0x238 c:/nxp/lpcxpresso_3.6.3_317/tools/bin/../lib/gcc/arm-none-eabi/4.3.3/../../../../arm-none-eabi/lib/thumb2\libc.a(lib_a-freer.o)
                0x0000ac5c                _free_r
                0x0000abb0                _malloc_trim_r
 .text          0x0000ade8       0x74 c:/nxp/lpcxpresso_3.6.3_317/tools/bin/../lib/gcc/arm-none-eabi/4.3.3/../../../../arm-none-eabi/lib/thumb2\libc.a(lib_a-locale.o)
                0x0000ae04                _setlocale_r
                0x0000ade8                __locale_charset
                0x0000adf4                _localeconv_r
                0x0000ae44                setlocale
                0x0000adfc                localeconv
 .text          0x0000ae5c       0x28 c:/nxp/lpcxpresso_3.6.3_317/tools/bin/../lib/gcc/arm-none-eabi/4.3.3/../../../../arm-none-eabi/lib/thumb2\libc.a(lib_a-malloc.o)
                0x0000ae70                malloc
                0x0000ae5c                free
 .text          0x0000ae84      0x530 c:/nxp/lpcxpresso_3.6.3_317/tools/bin/../lib/gcc/arm-none-eabi/4.3.3/../../../../arm-none-eabi/lib/thumb2\libc.a(lib_a-mallocr.o)
                0x0000ae84                _malloc_r
 .text          0x0000b3b4       0x7c c:/nxp/lpcxpresso_3.6.3_317/tools/bin/../lib/gcc/arm-none-eabi/4.3.3/../../../../arm-none-eabi/lib/thumb2\libc.a(lib_a-memchr.o)
                0x0000b3b4                memchr
 .text          0x0000b430       0xc0 c:/nxp/lpcxpresso_3.6.3_317/tools/bin/../lib/gcc/arm-none-eabi/4.3.3/../../../../arm-none-eabi/lib/thumb2\libc.a(lib_a-memmove.o)
                0x0000b430                memmove
 .text          0x0000b4f0        0x8 c:/nxp/lpcxpresso_3.6.3_317/tools/bin/../lib/gcc/arm-none-eabi/4.3.3/../../../../arm-none-eabi/lib/thumb2\libc.a(lib_a-mlock.o)
                0x0000b4f4                __malloc_unlock
                0x0000b4f0                __malloc_lock
 .text          0x0000b4f8      0x92c c:/nxp/lpcxpresso_3.6.3_317/tools/bin/../lib/gcc/arm-none-eabi/4.3.3/../../../../arm-none-eabi/lib/thumb2\libc.a(lib_a-mprec.o)
                0x0000b724                _mprec_log10
                0x0000b7b0                __any_on
                0x0000b844                _Balloc
                0x0000b6d0                __ratio
                0x0000bc4c                __i2b
                0x0000b624                __b2d
                0x0000bd90                __s2b
                0x0000b59c                __mcmp
                0x0000b4f8                __hi0bits
                0x0000bcdc                __pow5mult
                0x0000ba68                __lshift
                0x0000bb1c                __multiply
                0x0000b8b4                __d2b
                0x0000b760                __copybits
                0x0000b5dc                __ulp
                0x0000b96c                __mdiff
                0x0000b538                __lo0bits
                0x0000bc60                __multadd
                0x0000b814                _Bfree
 .text          0x0000be24      0x388 c:/nxp/lpcxpresso_3.6.3_317/tools/bin/../lib/gcc/arm-none-eabi/4.3.3/../../../../arm-none-eabi/lib/thumb2\libc.a(lib_a-reallocr.o)
                0x0000be24                _realloc_r
 .text          0x0000c1ac       0x28 c:/nxp/lpcxpresso_3.6.3_317/tools/bin/../lib/gcc/arm-none-eabi/4.3.3/../../../../arm-none-eabi/lib/thumb2\libc.a(lib_a-s_isinfd.o)
                0x0000c1ac                __isinfd
 .text          0x0000c1d4       0x1c c:/nxp/lpcxpresso_3.6.3_317/tools/bin/../lib/gcc/arm-none-eabi/4.3.3/../../../../arm-none-eabi/lib/thumb2\libc.a(lib_a-s_isnand.o)
                0x0000c1d4                __isnand
 .text          0x0000c1f0       0x28 c:/nxp/lpcxpresso_3.6.3_317/tools/bin/../lib/gcc/arm-none-eabi/4.3.3/../../../../arm-none-eabi/lib/thumb2\libc.a(lib_a-sbrkr.o)
                0x0000c1f0                _sbrk_r
 .text          0x0000c218      0x1dc c:/nxp/lpcxpresso_3.6.3_317/tools/bin/../lib/gcc/arm-none-eabi/4.3.3/../../../../arm-none-eabi/lib/thumb2\libc.a(lib_a-strcmp.o)
                0x0000c218                strcmp
 .text          0x0000c3f4       0x5c c:/nxp/lpcxpresso_3.6.3_317/tools/bin/../lib/gcc/arm-none-eabi/4.3.3/../../../../arm-none-eabi/lib/thumb2\libc.a(lib_a-callocr.o)
                0x0000c3f4                _calloc_r
 .text._sbrk    0x0000c450       0x7c c:/nxp/lpcxpresso_3.6.3_317/tools/bin/../lib/gcc/arm-none-eabi/4.3.3/../../../../arm-none-eabi/lib/thumb2\libcr_newlib_semihost.a(syscalls.o)
                0x0000c450                _sbrk
 .text          0x0000c4cc      0x110 c:/nxp/lpcxpresso_3.6.3_317/tools/bin/../lib/gcc/arm-none-eabi/4.3.3/thumb2\libgcc.a(_arm_cmpdf2.o)
                0x0000c5a0                __aeabi_dcmple
                0x0000c4dc                __cmpdf2
                0x0000c4dc                __eqdf2
                0x0000c4cc                __gtdf2
                0x0000c568                __aeabi_cdcmple
                0x0000c558                __aeabi_cdrcmple
                0x0000c4d4                __ltdf2
                0x0000c58c                __aeabi_dcmplt
                0x0000c4d4                __ledf2
                0x0000c5c8                __aeabi_dcmpgt
                0x0000c5b4                __aeabi_dcmpge
                0x0000c4dc                __nedf2
                0x0000c578                __aeabi_dcmpeq
                0x0000c568                __aeabi_cdcmpeq
                0x0000c4cc                __gedf2
 .text          0x0000c5dc       0x50 c:/nxp/lpcxpresso_3.6.3_317/tools/bin/../lib/gcc/arm-none-eabi/4.3.3/thumb2\libgcc.a(_arm_fixdfsi.o)
                0x0000c5dc                __fixdfsi
                0x0000c5dc                __aeabi_d2iz
 .text          0x0000c62c        0xc c:/nxp/lpcxpresso_3.6.3_317/tools/bin/../lib/gcc/arm-none-eabi/4.3.3/../../../../arm-none-eabi/lib/thumb2\libc.a(lib_a-errno.o)
                0x0000c62c                __errno
 *(.rodata .rodata.*)
 .rodata        0x0000c638      0x268 ./src/main.o
                0x0000c794                MESSAGE_CONFIRM_CHANGE_UPPER_THRESHOLD
                0x0000c7bc                REPLY_ACK
                0x0000c7dc                CMD_CHANGE_REPORTING_TIME
                0x0000c76c                MESSAGE_CONFIRM_CHANGE_LOWER_THRESHOLD
                0x0000c63e                RESET_PIN
                0x0000c648                ACC_THRESHOLD
                0x0000c650                notes
                0x0000c7e4                CMD_CHANGE_LOWER_THRESHOLD
                0x0000c7e8                CMD_CHANGE_UPPER_THRESHOLD
                0x0000c644                TEMP_UPPER_LIMIT
                0x0000c744                MESSAGE_CONFIRM_CHANGE_TWTIME
                0x0000c6b8                MESSAGE_READY
                0x0000c64c                FREQ_UPDATE_PERIOD_MS
                0x0000c7d4                CMD_RESET_TO_STDBY
                0x0000c640                LIGHT_PORT
                0x0000c638                CALIBRATED_PORT
                0x0000c688                tempStateStringMap
                0x0000c6f4                MESSAGE_CONFIRM_ENTER_STDBY
                0x0000c730                MESSAGE_CONFIRM_NOT_CHANGE_RTIME
                0x0000c63c                RESET_PORT
                0x0000c63a                CALIBRATED_PIN
                0x0000c6a3                radiationStateStringMap
                0x0000c7c4                REPLY_NOT_ACK
                0x0000c708                MESSAGE_REPORT_TEMPLATE
                0x0000c7a8                MESSAGE_CONFIRM_NOT_CHANGE_UPPER_THRESHOLD
                0x0000c7cc                CMD_RESET_TO_CALIB
                0x0000c646                ACC_UPDATE_PERIOD_MS
                0x0000c642                LIGHT_PIN
                0x0000c758                MESSAGE_CONFIRM_NOT_CHANGE_TWTIME
                0x0000c7e0                CMD_CHANGE_TIME_WINDOW
                0x0000c71c                MESSAGE_CONFIRM_CHANGE_RTIME
                0x0000c6e0                MESSAGE_CONFIRM_ENTER_CALIB
                0x0000c6cc                MESSAGE_HANDSHAKE_CONFIRM
                0x0000c780                MESSAGE_CONFIRM_NOT_CHANGE_LOWER_THRESHOLD
 .rodata        0x0000c8a0        0x8 C:\Users\thyagesh93\Documents\NUS\IVLEDrive\EE2024 PROGRAMMING FOR COMPUTER INTERFACES\PROGRAMMING FOR COMPUTER INTERFACES\Assignment 2\Lib_EaBaseBoard\Debug\libLib_EaBaseBoard.a(oled.o)
 .rodata        0x0000c8a8        0x4 C:\Users\thyagesh93\Documents\NUS\IVLEDrive\EE2024 PROGRAMMING FOR COMPUTER INTERFACES\PROGRAMMING FOR COMPUTER INTERFACES\Assignment 2\Lib_EaBaseBoard\Debug\libLib_EaBaseBoard.a(pca9532.o)
 .rodata        0x0000c8ac      0x308 C:\Users\thyagesh93\Documents\NUS\IVLEDrive\EE2024 PROGRAMMING FOR COMPUTER INTERFACES\PROGRAMMING FOR COMPUTER INTERFACES\Assignment 2\Lib_EaBaseBoard\Debug\libLib_EaBaseBoard.a(font5x7.o)
                0x0000c8ac                font5x7
 .rodata        0x0000cbb4       0x18 C:\Users\thyagesh93\Documents\NUS\IVLEDrive\EE2024 PROGRAMMING FOR COMPUTER INTERFACES\PROGRAMMING FOR COMPUTER INTERFACES\Assignment 2\Lib_MCU\Debug\libLib_MCU.a(lpc17xx_i2c.o)
 .rodata        0x0000cbcc       0x18 C:\Users\thyagesh93\Documents\NUS\IVLEDrive\EE2024 PROGRAMMING FOR COMPUTER INTERFACES\PROGRAMMING FOR COMPUTER INTERFACES\Assignment 2\Lib_MCU\Debug\libLib_MCU.a(lpc17xx_ssp.o)
 .rodata        0x0000cbe4       0x18 C:\Users\thyagesh93\Documents\NUS\IVLEDrive\EE2024 PROGRAMMING FOR COMPUTER INTERFACES\PROGRAMMING FOR COMPUTER INTERFACES\Assignment 2\Lib_MCU\Debug\libLib_MCU.a(lpc17xx_timer.o)
 .rodata        0x0000cbfc       0x18 C:\Users\thyagesh93\Documents\NUS\IVLEDrive\EE2024 PROGRAMMING FOR COMPUTER INTERFACES\PROGRAMMING FOR COMPUTER INTERFACES\Assignment 2\Lib_MCU\Debug\libLib_MCU.a(lpc17xx_uart.o)
 .rodata        0x0000cc14      0x100 c:/nxp/lpcxpresso_3.6.3_317/tools/bin/../lib/gcc/arm-none-eabi/4.3.3/thumb2\libgcc.a(_clz.o)
                0x0000cc14                __clz_tab
 .rodata        0x0000cd14       0x20 c:/nxp/lpcxpresso_3.6.3_317/tools/bin/../lib/gcc/arm-none-eabi/4.3.3/../../../../arm-none-eabi/lib/thumb2\libc.a(lib_a-svfprintf.o)
 .rodata.str1.4
                0x0000cd34       0x5e c:/nxp/lpcxpresso_3.6.3_317/tools/bin/../lib/gcc/arm-none-eabi/4.3.3/../../../../arm-none-eabi/lib/thumb2\libc.a(lib_a-svfprintf.o)
                                 0x60 (size before relaxing)
 .rodata        0x0000cd92      0x101 c:/nxp/lpcxpresso_3.6.3_317/tools/bin/../lib/gcc/arm-none-eabi/4.3.3/../../../../arm-none-eabi/lib/thumb2\libc.a(lib_a-ctype_.o)
                0x0000cd92                _ctype_
 *fill*         0x0000ce93        0x1 00
 .rodata.str1.4
                0x0000ce94       0x10 c:/nxp/lpcxpresso_3.6.3_317/tools/bin/../lib/gcc/arm-none-eabi/4.3.3/../../../../arm-none-eabi/lib/thumb2\libc.a(lib_a-dtoa.o)
                                 0x14 (size before relaxing)
 .rodata.str1.4
                0x0000cea4        0x2 c:/nxp/lpcxpresso_3.6.3_317/tools/bin/../lib/gcc/arm-none-eabi/4.3.3/../../../../arm-none-eabi/lib/thumb2\libc.a(lib_a-impure.o)
                                  0x4 (size before relaxing)
 *fill*         0x0000cea6        0x2 00
 .rodata        0x0000cea8       0x34 c:/nxp/lpcxpresso_3.6.3_317/tools/bin/../lib/gcc/arm-none-eabi/4.3.3/../../../../arm-none-eabi/lib/thumb2\libc.a(lib_a-locale.o)
 .rodata.str1.4
                0x0000cedc       0x10 c:/nxp/lpcxpresso_3.6.3_317/tools/bin/../lib/gcc/arm-none-eabi/4.3.3/../../../../arm-none-eabi/lib/thumb2\libc.a(lib_a-locale.o)
                                 0x18 (size before relaxing)
 *fill*         0x0000ceec        0x4 00
 .rodata        0x0000cef0      0x128 c:/nxp/lpcxpresso_3.6.3_317/tools/bin/../lib/gcc/arm-none-eabi/4.3.3/../../../../arm-none-eabi/lib/thumb2\libc.a(lib_a-mprec.o)
                0x0000cff0                __mprec_tinytens
                0x0000cef0                __mprec_tens
                0x0000cfc8                __mprec_bigtens
                0x0000d018                . = ALIGN (0x4)

.glue_7         0x0000d018        0x0
 .glue_7        0x00000000        0x0 linker stubs

.glue_7t        0x0000d018        0x0
 .glue_7t       0x00000000        0x0 linker stubs

.vfp11_veneer   0x0000d018        0x0
 .vfp11_veneer  0x00000000        0x0 linker stubs

.v4_bx          0x0000d018        0x0
 .v4_bx         0x00000000        0x0 linker stubs

.ARM.extab
 *(.ARM.extab* .gnu.linkonce.armextab.*)
                0x0000d018                __exidx_start = .

.ARM.exidx      0x0000d018        0x8
 *(.ARM.exidx* .gnu.linkonce.armexidx.*)
 .ARM.exidx     0x0000d018        0x8 c:/nxp/lpcxpresso_3.6.3_317/tools/bin/../lib/gcc/arm-none-eabi/4.3.3/thumb2\libgcc.a(_divdi3.o)
 .ARM.exidx     0x0000d020        0x0 c:/nxp/lpcxpresso_3.6.3_317/tools/bin/../lib/gcc/arm-none-eabi/4.3.3/thumb2\libgcc.a(_udivdi3.o)
                                  0x8 (size before relaxing)
                0x0000d020                __exidx_end = .
                0x0000d020                _etext = .

.data_RAM2      0x2007c000        0x0 load address 0x0000d020
 FILL mask 0xff
 *(.data.$RAM2*)
 *(.data.$RamAHB32*)
                0x2007c000                . = ALIGN (0x4)

.data_RAM3      0x40038000        0x0 load address 0x0000d020
 FILL mask 0xff
 *(.data.$RAM3*)
 *(.data.$CANAccFilterRAM*)
                0x40038000                . = ALIGN (0x4)

.uninit_RESERVED
 *(.bss.$RESERVED*)

.data           0x10000000      0x594 load address 0x0000d020
 FILL mask 0xff
                0x10000000                _data = .
 *(vtable)
 *(.data*)
 .data          0x10000000       0x2c ./src/main.o
                0x10000028                sendReportFlag
                0x10000006                REPORTING_PERIOD_MS
                0x10000004                UNSAFE_UPPER_HZ
                0x1000000c                stationCommand
                0x10000002                UNSAFE_LOWER_HZ
                0x10000000                TIME_WINDOW_MS
                0x10000014                newReport
                0x10000013                radiationState
                0x10000008                handShakeSymbol
 .data          0x1000002c        0x4 C:\Users\thyagesh93\Documents\NUS\IVLEDrive\EE2024 PROGRAMMING FOR COMPUTER INTERFACES\PROGRAMMING FOR COMPUTER INTERFACES\Assignment 2\Lib_CMSISv1p30_LPC17xx\Debug\libCMSISv1p30_LPC17xx.a(system_LPC17xx.o)
                0x1000002c                SystemCoreClock
 .data          0x10000030       0x50 C:\Users\thyagesh93\Documents\NUS\IVLEDrive\EE2024 PROGRAMMING FOR COMPUTER INTERFACES\PROGRAMMING FOR COMPUTER INTERFACES\Assignment 2\Lib_EaBaseBoard\Debug\libLib_EaBaseBoard.a(led7seg.o)
 .data          0x10000080        0x8 C:\Users\thyagesh93\Documents\NUS\IVLEDrive\EE2024 PROGRAMMING FOR COMPUTER INTERFACES\PROGRAMMING FOR COMPUTER INTERFACES\Assignment 2\Lib_EaBaseBoard\Debug\libLib_EaBaseBoard.a(light.o)
 .data          0x10000088        0x8 c:/nxp/lpcxpresso_3.6.3_317/tools/bin/../lib/gcc/arm-none-eabi/4.3.3/../../../../arm-none-eabi/lib/thumb2\libc.a(lib_a-ctype_.o)
                0x10000088                __ctype_ptr
                0x1000008c                __ctype_ptr__
 .data          0x10000090       0xf4 c:/nxp/lpcxpresso_3.6.3_317/tools/bin/../lib/gcc/arm-none-eabi/4.3.3/../../../../arm-none-eabi/lib/thumb2\libc.a(lib_a-impure.o)
                0x10000090                _impure_ptr
 .data          0x10000184      0x410 c:/nxp/lpcxpresso_3.6.3_317/tools/bin/../lib/gcc/arm-none-eabi/4.3.3/../../../../arm-none-eabi/lib/thumb2\libc.a(lib_a-mallocr.o)
                0x1000058c                __malloc_sbrk_base
                0x10000184                __malloc_av_
                0x10000590                __malloc_trim_threshold
                0x10000594                . = ALIGN (0x4)
                0x10000594                _edata = .

.bss_RAM2       0x2007c000        0x0
 *(.bss.$RAM2*)
 *(.bss.$RamAHB32*)
                0x2007c000                . = ALIGN (0x4)

.bss_RAM3       0x40038000        0x0
 *(.bss.$RAM3*)
 *(.bss.$CANAccFilterRAM*)
                0x40038000                . = ALIGN (0x4)

.bss            0x10000594      0x3f8
                0x10000594                _bss = .
 *(.bss*)
 .bss           0x10000594       0x60 ./src/main.o
                0x100005a4                temp_i
                0x100005ec                accTick
                0x100005b3                accValues
                0x100005e2                reportBytesLeftToSend
                0x100005af                accXOffset
                0x100005de                setWarningToStop
                0x100005e0                setWarningToStart
                0x100005ae                accZ
                0x100005d0                hasCrossedAccThreshold
                0x10000596                countDownStarted
                0x10000598                currentCountValue
                0x100005b2                accZValToRemove
                0x100005dc                isWarningOn
                0x100005e8                handShakeSymbolTick
                0x100005c8                currentAccZFilteredValue
                0x100005f0                warningTick
                0x100005e4                oneSecondTick
                0x100005a8                temp_pointer
                0x100005d8                currentFrequency
                0x100005cc                prevAccZFilteredValue
                0x100005a0                temp_t2
                0x1000059c                temp_t1
                0x100005c7                currentAccIdx
                0x100005d4                currentFreqCounter
                0x100005b1                accZOffset
                0x100005bd                accValuesSorted
                0x10000594                hasNewCommand
                0x100005ad                accY
                0x100005b0                accYOffset
                0x100005ac                accX
 .bss           0x100005f4      0x300 C:\Users\thyagesh93\Documents\NUS\IVLEDrive\EE2024 PROGRAMMING FOR COMPUTER INTERFACES\PROGRAMMING FOR COMPUTER INTERFACES\Assignment 2\Lib_EaBaseBoard\Debug\libLib_EaBaseBoard.a(oled.o)
 .bss           0x100008f4        0x6 C:\Users\thyagesh93\Documents\NUS\IVLEDrive\EE2024 PROGRAMMING FOR COMPUTER INTERFACES\PROGRAMMING FOR COMPUTER INTERFACES\Assignment 2\Lib_EaBaseBoard\Debug\libLib_EaBaseBoard.a(pca9532.o)
 *fill*         0x100008fa        0x2 00
 .bss           0x100008fc       0x24 C:\Users\thyagesh93\Documents\NUS\IVLEDrive\EE2024 PROGRAMMING FOR COMPUTER INTERFACES\PROGRAMMING FOR COMPUTER INTERFACES\Assignment 2\Lib_MCU\Debug\libLib_MCU.a(lpc17xx_i2c.o)
 .bss           0x10000920       0x18 C:\Users\thyagesh93\Documents\NUS\IVLEDrive\EE2024 PROGRAMMING FOR COMPUTER INTERFACES\PROGRAMMING FOR COMPUTER INTERFACES\Assignment 2\Lib_MCU\Debug\libLib_MCU.a(lpc17xx_ssp.o)
 .bss           0x10000938       0x34 c:/nxp/lpcxpresso_3.6.3_317/tools/bin/../lib/gcc/arm-none-eabi/4.3.3/../../../../arm-none-eabi/lib/thumb2\libc.a(lib_a-mallocr.o)
                0x10000938                __malloc_top_pad
                0x10000964                __malloc_max_sbrked_mem
                0x1000093c                __malloc_current_mallinfo
                0x10000968                __malloc_max_total_mem
 .bss.heap_end.2542
                0x1000096c        0x4 c:/nxp/lpcxpresso_3.6.3_317/tools/bin/../lib/gcc/arm-none-eabi/4.3.3/../../../../arm-none-eabi/lib/thumb2\libcr_newlib_semihost.a(syscalls.o)
 .bss.heap_base.2543
                0x10000970        0x4 c:/nxp/lpcxpresso_3.6.3_317/tools/bin/../lib/gcc/arm-none-eabi/4.3.3/../../../../arm-none-eabi/lib/thumb2\libcr_newlib_semihost.a(syscalls.o)
 *(COMMON)
 COMMON         0x10000974       0x11 ./src/main.o
                0x10000974                currentTemperatureReading
                0x10000978                buzzerState
                0x10000979                currentState
                0x1000097a                accMode
                0x1000097b                flutterState
                0x1000097c                currentHandshakeState
                0x10000980                msTicks
                0x10000984                temperatureState
 *fill*         0x10000985        0x3 00
 COMMON         0x10000988        0x4 c:/nxp/lpcxpresso_3.6.3_317/tools/bin/../lib/gcc/arm-none-eabi/4.3.3/../../../../arm-none-eabi/lib/thumb2\libc.a(lib_a-reent.o)
                0x10000988                errno
                0x1000098c                . = ALIGN (0x4)
                0x1000098c                _ebss = .
                0x1000098c                PROVIDE (end, .)
                0x1000098c                PROVIDE (_pvHeapStart, .)
                0x10008000                PROVIDE (_vStackTop, (__top_RamLoc32 - 0x0))
OUTPUT(Assignment2.axf elf32-littlearm)

.debug_abbrev   0x00000000     0x193e
 .debug_abbrev  0x00000000       0xbd ./src/cr_startup_lpc17.o
 .debug_abbrev  0x000000bd      0x284 ./src/main.o
 .debug_abbrev  0x00000341       0xc6 C:\Users\thyagesh93\Documents\NUS\IVLEDrive\EE2024 PROGRAMMING FOR COMPUTER INTERFACES\PROGRAMMING FOR COMPUTER INTERFACES\Assignment 2\Lib_CMSISv1p30_LPC17xx\Debug\libCMSISv1p30_LPC17xx.a(system_LPC17xx.o)
 .debug_abbrev  0x00000407      0x165 C:\Users\thyagesh93\Documents\NUS\IVLEDrive\EE2024 PROGRAMMING FOR COMPUTER INTERFACES\PROGRAMMING FOR COMPUTER INTERFACES\Assignment 2\Lib_EaBaseBoard\Debug\libLib_EaBaseBoard.a(acc.o)
 .debug_abbrev  0x0000056c      0x151 C:\Users\thyagesh93\Documents\NUS\IVLEDrive\EE2024 PROGRAMMING FOR COMPUTER INTERFACES\PROGRAMMING FOR COMPUTER INTERFACES\Assignment 2\Lib_EaBaseBoard\Debug\libLib_EaBaseBoard.a(led7seg.o)
 .debug_abbrev  0x000006bd      0x1c6 C:\Users\thyagesh93\Documents\NUS\IVLEDrive\EE2024 PROGRAMMING FOR COMPUTER INTERFACES\PROGRAMMING FOR COMPUTER INTERFACES\Assignment 2\Lib_EaBaseBoard\Debug\libLib_EaBaseBoard.a(light.o)
 .debug_abbrev  0x00000883      0x1ed C:\Users\thyagesh93\Documents\NUS\IVLEDrive\EE2024 PROGRAMMING FOR COMPUTER INTERFACES\PROGRAMMING FOR COMPUTER INTERFACES\Assignment 2\Lib_EaBaseBoard\Debug\libLib_EaBaseBoard.a(oled.o)
 .debug_abbrev  0x00000a70      0x1b3 C:\Users\thyagesh93\Documents\NUS\IVLEDrive\EE2024 PROGRAMMING FOR COMPUTER INTERFACES\PROGRAMMING FOR COMPUTER INTERFACES\Assignment 2\Lib_EaBaseBoard\Debug\libLib_EaBaseBoard.a(pca9532.o)
 .debug_abbrev  0x00000c23       0x97 C:\Users\thyagesh93\Documents\NUS\IVLEDrive\EE2024 PROGRAMMING FOR COMPUTER INTERFACES\PROGRAMMING FOR COMPUTER INTERFACES\Assignment 2\Lib_EaBaseBoard\Debug\libLib_EaBaseBoard.a(rgb.o)
 .debug_abbrev  0x00000cba       0x54 C:\Users\thyagesh93\Documents\NUS\IVLEDrive\EE2024 PROGRAMMING FOR COMPUTER INTERFACES\PROGRAMMING FOR COMPUTER INTERFACES\Assignment 2\Lib_EaBaseBoard\Debug\libLib_EaBaseBoard.a(font5x7.o)
 .debug_abbrev  0x00000d0e      0x18e C:\Users\thyagesh93\Documents\NUS\IVLEDrive\EE2024 PROGRAMMING FOR COMPUTER INTERFACES\PROGRAMMING FOR COMPUTER INTERFACES\Assignment 2\Lib_MCU\Debug\libLib_MCU.a(lpc17xx_gpio.o)
 .debug_abbrev  0x00000e9c      0x253 C:\Users\thyagesh93\Documents\NUS\IVLEDrive\EE2024 PROGRAMMING FOR COMPUTER INTERFACES\PROGRAMMING FOR COMPUTER INTERFACES\Assignment 2\Lib_MCU\Debug\libLib_MCU.a(lpc17xx_i2c.o)
 .debug_abbrev  0x000010ef      0x113 C:\Users\thyagesh93\Documents\NUS\IVLEDrive\EE2024 PROGRAMMING FOR COMPUTER INTERFACES\PROGRAMMING FOR COMPUTER INTERFACES\Assignment 2\Lib_MCU\Debug\libLib_MCU.a(lpc17xx_pinsel.o)
 .debug_abbrev  0x00001202      0x1dc C:\Users\thyagesh93\Documents\NUS\IVLEDrive\EE2024 PROGRAMMING FOR COMPUTER INTERFACES\PROGRAMMING FOR COMPUTER INTERFACES\Assignment 2\Lib_MCU\Debug\libLib_MCU.a(lpc17xx_ssp.o)
 .debug_abbrev  0x000013de      0x1a8 C:\Users\thyagesh93\Documents\NUS\IVLEDrive\EE2024 PROGRAMMING FOR COMPUTER INTERFACES\PROGRAMMING FOR COMPUTER INTERFACES\Assignment 2\Lib_MCU\Debug\libLib_MCU.a(lpc17xx_timer.o)
 .debug_abbrev  0x00001586      0x23b C:\Users\thyagesh93\Documents\NUS\IVLEDrive\EE2024 PROGRAMMING FOR COMPUTER INTERFACES\PROGRAMMING FOR COMPUTER INTERFACES\Assignment 2\Lib_MCU\Debug\libLib_MCU.a(lpc17xx_uart.o)
 .debug_abbrev  0x000017c1      0x17d C:\Users\thyagesh93\Documents\NUS\IVLEDrive\EE2024 PROGRAMMING FOR COMPUTER INTERFACES\PROGRAMMING FOR COMPUTER INTERFACES\Assignment 2\Lib_MCU\Debug\libLib_MCU.a(lpc17xx_clkpwr.o)

.debug_info     0x00000000     0x8ef0
 .debug_info    0x00000000      0x1ec ./src/cr_startup_lpc17.o
 .debug_info    0x000001ec     0x2182 ./src/main.o
 .debug_info    0x0000236e      0x334 C:\Users\thyagesh93\Documents\NUS\IVLEDrive\EE2024 PROGRAMMING FOR COMPUTER INTERFACES\PROGRAMMING FOR COMPUTER INTERFACES\Assignment 2\Lib_CMSISv1p30_LPC17xx\Debug\libCMSISv1p30_LPC17xx.a(system_LPC17xx.o)
 .debug_info    0x000026a2      0x526 C:\Users\thyagesh93\Documents\NUS\IVLEDrive\EE2024 PROGRAMMING FOR COMPUTER INTERFACES\PROGRAMMING FOR COMPUTER INTERFACES\Assignment 2\Lib_EaBaseBoard\Debug\libLib_EaBaseBoard.a(acc.o)
 .debug_info    0x00002bc8      0x26b C:\Users\thyagesh93\Documents\NUS\IVLEDrive\EE2024 PROGRAMMING FOR COMPUTER INTERFACES\PROGRAMMING FOR COMPUTER INTERFACES\Assignment 2\Lib_EaBaseBoard\Debug\libLib_EaBaseBoard.a(led7seg.o)
 .debug_info    0x00002e33      0x74c C:\Users\thyagesh93\Documents\NUS\IVLEDrive\EE2024 PROGRAMMING FOR COMPUTER INTERFACES\PROGRAMMING FOR COMPUTER INTERFACES\Assignment 2\Lib_EaBaseBoard\Debug\libLib_EaBaseBoard.a(light.o)
 .debug_info    0x0000357f      0x954 C:\Users\thyagesh93\Documents\NUS\IVLEDrive\EE2024 PROGRAMMING FOR COMPUTER INTERFACES\PROGRAMMING FOR COMPUTER INTERFACES\Assignment 2\Lib_EaBaseBoard\Debug\libLib_EaBaseBoard.a(oled.o)
 .debug_info    0x00003ed3      0x62b C:\Users\thyagesh93\Documents\NUS\IVLEDrive\EE2024 PROGRAMMING FOR COMPUTER INTERFACES\PROGRAMMING FOR COMPUTER INTERFACES\Assignment 2\Lib_EaBaseBoard\Debug\libLib_EaBaseBoard.a(pca9532.o)
 .debug_info    0x000044fe       0xd9 C:\Users\thyagesh93\Documents\NUS\IVLEDrive\EE2024 PROGRAMMING FOR COMPUTER INTERFACES\PROGRAMMING FOR COMPUTER INTERFACES\Assignment 2\Lib_EaBaseBoard\Debug\libLib_EaBaseBoard.a(rgb.o)
 .debug_info    0x000045d7       0x61 C:\Users\thyagesh93\Documents\NUS\IVLEDrive\EE2024 PROGRAMMING FOR COMPUTER INTERFACES\PROGRAMMING FOR COMPUTER INTERFACES\Assignment 2\Lib_EaBaseBoard\Debug\libLib_EaBaseBoard.a(font5x7.o)
 .debug_info    0x00004638      0xb8a C:\Users\thyagesh93\Documents\NUS\IVLEDrive\EE2024 PROGRAMMING FOR COMPUTER INTERFACES\PROGRAMMING FOR COMPUTER INTERFACES\Assignment 2\Lib_MCU\Debug\libLib_MCU.a(lpc17xx_gpio.o)
 .debug_info    0x000051c2      0xcad C:\Users\thyagesh93\Documents\NUS\IVLEDrive\EE2024 PROGRAMMING FOR COMPUTER INTERFACES\PROGRAMMING FOR COMPUTER INTERFACES\Assignment 2\Lib_MCU\Debug\libLib_MCU.a(lpc17xx_i2c.o)
 .debug_info    0x00005e6f      0x49b C:\Users\thyagesh93\Documents\NUS\IVLEDrive\EE2024 PROGRAMMING FOR COMPUTER INTERFACES\PROGRAMMING FOR COMPUTER INTERFACES\Assignment 2\Lib_MCU\Debug\libLib_MCU.a(lpc17xx_pinsel.o)
 .debug_info    0x0000630a      0x85c C:\Users\thyagesh93\Documents\NUS\IVLEDrive\EE2024 PROGRAMMING FOR COMPUTER INTERFACES\PROGRAMMING FOR COMPUTER INTERFACES\Assignment 2\Lib_MCU\Debug\libLib_MCU.a(lpc17xx_ssp.o)
 .debug_info    0x00006b66      0x8d9 C:\Users\thyagesh93\Documents\NUS\IVLEDrive\EE2024 PROGRAMMING FOR COMPUTER INTERFACES\PROGRAMMING FOR COMPUTER INTERFACES\Assignment 2\Lib_MCU\Debug\libLib_MCU.a(lpc17xx_timer.o)
 .debug_info    0x0000743f     0x149e C:\Users\thyagesh93\Documents\NUS\IVLEDrive\EE2024 PROGRAMMING FOR COMPUTER INTERFACES\PROGRAMMING FOR COMPUTER INTERFACES\Assignment 2\Lib_MCU\Debug\libLib_MCU.a(lpc17xx_uart.o)
 .debug_info    0x000088dd      0x613 C:\Users\thyagesh93\Documents\NUS\IVLEDrive\EE2024 PROGRAMMING FOR COMPUTER INTERFACES\PROGRAMMING FOR COMPUTER INTERFACES\Assignment 2\Lib_MCU\Debug\libLib_MCU.a(lpc17xx_clkpwr.o)

.debug_line     0x00000000     0x6062
 .debug_line    0x00000000      0x24c ./src/cr_startup_lpc17.o
 .debug_line    0x0000024c      0xecf ./src/main.o
 .debug_line    0x0000111b      0x36d C:\Users\thyagesh93\Documents\NUS\IVLEDrive\EE2024 PROGRAMMING FOR COMPUTER INTERFACES\PROGRAMMING FOR COMPUTER INTERFACES\Assignment 2\Lib_CMSISv1p30_LPC17xx\Debug\libCMSISv1p30_LPC17xx.a(system_LPC17xx.o)
 .debug_line    0x00001488      0x534 C:\Users\thyagesh93\Documents\NUS\IVLEDrive\EE2024 PROGRAMMING FOR COMPUTER INTERFACES\PROGRAMMING FOR COMPUTER INTERFACES\Assignment 2\Lib_EaBaseBoard\Debug\libLib_EaBaseBoard.a(acc.o)
 .debug_line    0x000019bc      0x4af C:\Users\thyagesh93\Documents\NUS\IVLEDrive\EE2024 PROGRAMMING FOR COMPUTER INTERFACES\PROGRAMMING FOR COMPUTER INTERFACES\Assignment 2\Lib_EaBaseBoard\Debug\libLib_EaBaseBoard.a(led7seg.o)
 .debug_line    0x00001e6b      0x5df C:\Users\thyagesh93\Documents\NUS\IVLEDrive\EE2024 PROGRAMMING FOR COMPUTER INTERFACES\PROGRAMMING FOR COMPUTER INTERFACES\Assignment 2\Lib_EaBaseBoard\Debug\libLib_EaBaseBoard.a(light.o)
 .debug_line    0x0000244a      0x6d0 C:\Users\thyagesh93\Documents\NUS\IVLEDrive\EE2024 PROGRAMMING FOR COMPUTER INTERFACES\PROGRAMMING FOR COMPUTER INTERFACES\Assignment 2\Lib_EaBaseBoard\Debug\libLib_EaBaseBoard.a(oled.o)
 .debug_line    0x00002b1a      0x5a2 C:\Users\thyagesh93\Documents\NUS\IVLEDrive\EE2024 PROGRAMMING FOR COMPUTER INTERFACES\PROGRAMMING FOR COMPUTER INTERFACES\Assignment 2\Lib_EaBaseBoard\Debug\libLib_EaBaseBoard.a(pca9532.o)
 .debug_line    0x000030bc      0x493 C:\Users\thyagesh93\Documents\NUS\IVLEDrive\EE2024 PROGRAMMING FOR COMPUTER INTERFACES\PROGRAMMING FOR COMPUTER INTERFACES\Assignment 2\Lib_EaBaseBoard\Debug\libLib_EaBaseBoard.a(rgb.o)
 .debug_line    0x0000354f       0xdd C:\Users\thyagesh93\Documents\NUS\IVLEDrive\EE2024 PROGRAMMING FOR COMPUTER INTERFACES\PROGRAMMING FOR COMPUTER INTERFACES\Assignment 2\Lib_EaBaseBoard\Debug\libLib_EaBaseBoard.a(font5x7.o)
 .debug_line    0x0000362c      0x5ca C:\Users\thyagesh93\Documents\NUS\IVLEDrive\EE2024 PROGRAMMING FOR COMPUTER INTERFACES\PROGRAMMING FOR COMPUTER INTERFACES\Assignment 2\Lib_MCU\Debug\libLib_MCU.a(lpc17xx_gpio.o)
 .debug_line    0x00003bf6      0x727 C:\Users\thyagesh93\Documents\NUS\IVLEDrive\EE2024 PROGRAMMING FOR COMPUTER INTERFACES\PROGRAMMING FOR COMPUTER INTERFACES\Assignment 2\Lib_MCU\Debug\libLib_MCU.a(lpc17xx_i2c.o)
 .debug_line    0x0000431d      0x45b C:\Users\thyagesh93\Documents\NUS\IVLEDrive\EE2024 PROGRAMMING FOR COMPUTER INTERFACES\PROGRAMMING FOR COMPUTER INTERFACES\Assignment 2\Lib_MCU\Debug\libLib_MCU.a(lpc17xx_pinsel.o)
 .debug_line    0x00004778      0x65d C:\Users\thyagesh93\Documents\NUS\IVLEDrive\EE2024 PROGRAMMING FOR COMPUTER INTERFACES\PROGRAMMING FOR COMPUTER INTERFACES\Assignment 2\Lib_MCU\Debug\libLib_MCU.a(lpc17xx_ssp.o)
 .debug_line    0x00004dd5      0x5e6 C:\Users\thyagesh93\Documents\NUS\IVLEDrive\EE2024 PROGRAMMING FOR COMPUTER INTERFACES\PROGRAMMING FOR COMPUTER INTERFACES\Assignment 2\Lib_MCU\Debug\libLib_MCU.a(lpc17xx_timer.o)
 .debug_line    0x000053bb      0x812 C:\Users\thyagesh93\Documents\NUS\IVLEDrive\EE2024 PROGRAMMING FOR COMPUTER INTERFACES\PROGRAMMING FOR COMPUTER INTERFACES\Assignment 2\Lib_MCU\Debug\libLib_MCU.a(lpc17xx_uart.o)
 .debug_line    0x00005bcd      0x495 C:\Users\thyagesh93\Documents\NUS\IVLEDrive\EE2024 PROGRAMMING FOR COMPUTER INTERFACES\PROGRAMMING FOR COMPUTER INTERFACES\Assignment 2\Lib_MCU\Debug\libLib_MCU.a(lpc17xx_clkpwr.o)

.debug_macinfo  0x00000000    0x7f9b7
 .debug_macinfo
                0x00000000     0x151f ./src/cr_startup_lpc17.o
 .debug_macinfo
                0x0000151f     0xcf5f ./src/main.o
 .debug_macinfo
                0x0000e47e     0x6d5c C:\Users\thyagesh93\Documents\NUS\IVLEDrive\EE2024 PROGRAMMING FOR COMPUTER INTERFACES\PROGRAMMING FOR COMPUTER INTERFACES\Assignment 2\Lib_CMSISv1p30_LPC17xx\Debug\libCMSISv1p30_LPC17xx.a(system_LPC17xx.o)
 .debug_macinfo
                0x000151da     0x787f C:\Users\thyagesh93\Documents\NUS\IVLEDrive\EE2024 PROGRAMMING FOR COMPUTER INTERFACES\PROGRAMMING FOR COMPUTER INTERFACES\Assignment 2\Lib_EaBaseBoard\Debug\libLib_EaBaseBoard.a(acc.o)
 .debug_macinfo
                0x0001ca59     0x8007 C:\Users\thyagesh93\Documents\NUS\IVLEDrive\EE2024 PROGRAMMING FOR COMPUTER INTERFACES\PROGRAMMING FOR COMPUTER INTERFACES\Assignment 2\Lib_EaBaseBoard\Debug\libLib_EaBaseBoard.a(led7seg.o)
 .debug_macinfo
                0x00024a60     0x779e C:\Users\thyagesh93\Documents\NUS\IVLEDrive\EE2024 PROGRAMMING FOR COMPUTER INTERFACES\PROGRAMMING FOR COMPUTER INTERFACES\Assignment 2\Lib_EaBaseBoard\Debug\libLib_EaBaseBoard.a(light.o)
 .debug_macinfo
                0x0002c1fe     0x8aa7 C:\Users\thyagesh93\Documents\NUS\IVLEDrive\EE2024 PROGRAMMING FOR COMPUTER INTERFACES\PROGRAMMING FOR COMPUTER INTERFACES\Assignment 2\Lib_EaBaseBoard\Debug\libLib_EaBaseBoard.a(oled.o)
 .debug_macinfo
                0x00034ca5     0x77bd C:\Users\thyagesh93\Documents\NUS\IVLEDrive\EE2024 PROGRAMMING FOR COMPUTER INTERFACES\PROGRAMMING FOR COMPUTER INTERFACES\Assignment 2\Lib_EaBaseBoard\Debug\libLib_EaBaseBoard.a(pca9532.o)
 .debug_macinfo
                0x0003c462     0x6eb0 C:\Users\thyagesh93\Documents\NUS\IVLEDrive\EE2024 PROGRAMMING FOR COMPUTER INTERFACES\PROGRAMMING FOR COMPUTER INTERFACES\Assignment 2\Lib_EaBaseBoard\Debug\libLib_EaBaseBoard.a(rgb.o)
 .debug_macinfo
                0x00043312     0x1cb1 C:\Users\thyagesh93\Documents\NUS\IVLEDrive\EE2024 PROGRAMMING FOR COMPUTER INTERFACES\PROGRAMMING FOR COMPUTER INTERFACES\Assignment 2\Lib_EaBaseBoard\Debug\libLib_EaBaseBoard.a(font5x7.o)
 .debug_macinfo
                0x00044fc3     0x701c C:\Users\thyagesh93\Documents\NUS\IVLEDrive\EE2024 PROGRAMMING FOR COMPUTER INTERFACES\PROGRAMMING FOR COMPUTER INTERFACES\Assignment 2\Lib_MCU\Debug\libLib_MCU.a(lpc17xx_gpio.o)
 .debug_macinfo
                0x0004bfdf     0x8f3c C:\Users\thyagesh93\Documents\NUS\IVLEDrive\EE2024 PROGRAMMING FOR COMPUTER INTERFACES\PROGRAMMING FOR COMPUTER INTERFACES\Assignment 2\Lib_MCU\Debug\libLib_MCU.a(lpc17xx_i2c.o)
 .debug_macinfo
                0x00054f1b     0x7137 C:\Users\thyagesh93\Documents\NUS\IVLEDrive\EE2024 PROGRAMMING FOR COMPUTER INTERFACES\PROGRAMMING FOR COMPUTER INTERFACES\Assignment 2\Lib_MCU\Debug\libLib_MCU.a(lpc17xx_pinsel.o)
 .debug_macinfo
                0x0005c052     0x9234 C:\Users\thyagesh93\Documents\NUS\IVLEDrive\EE2024 PROGRAMMING FOR COMPUTER INTERFACES\PROGRAMMING FOR COMPUTER INTERFACES\Assignment 2\Lib_MCU\Debug\libLib_MCU.a(lpc17xx_ssp.o)
 .debug_macinfo
                0x00065286     0x8e31 C:\Users\thyagesh93\Documents\NUS\IVLEDrive\EE2024 PROGRAMMING FOR COMPUTER INTERFACES\PROGRAMMING FOR COMPUTER INTERFACES\Assignment 2\Lib_MCU\Debug\libLib_MCU.a(lpc17xx_timer.o)
 .debug_macinfo
                0x0006e0b7     0x99a3 C:\Users\thyagesh93\Documents\NUS\IVLEDrive\EE2024 PROGRAMMING FOR COMPUTER INTERFACES\PROGRAMMING FOR COMPUTER INTERFACES\Assignment 2\Lib_MCU\Debug\libLib_MCU.a(lpc17xx_uart.o)
 .debug_macinfo
                0x00077a5a     0x7f5d C:\Users\thyagesh93\Documents\NUS\IVLEDrive\EE2024 PROGRAMMING FOR COMPUTER INTERFACES\PROGRAMMING FOR COMPUTER INTERFACES\Assignment 2\Lib_MCU\Debug\libLib_MCU.a(lpc17xx_clkpwr.o)

.debug_frame    0x00000000     0x293c
 .debug_frame   0x00000000      0x120 ./src/cr_startup_lpc17.o
 .debug_frame   0x00000120      0x764 ./src/main.o
 .debug_frame   0x00000884       0x48 C:\Users\thyagesh93\Documents\NUS\IVLEDrive\EE2024 PROGRAMMING FOR COMPUTER INTERFACES\PROGRAMMING FOR COMPUTER INTERFACES\Assignment 2\Lib_CMSISv1p30_LPC17xx\Debug\libCMSISv1p30_LPC17xx.a(system_LPC17xx.o)
 .debug_frame   0x000008cc      0x12c C:\Users\thyagesh93\Documents\NUS\IVLEDrive\EE2024 PROGRAMMING FOR COMPUTER INTERFACES\PROGRAMMING FOR COMPUTER INTERFACES\Assignment 2\Lib_EaBaseBoard\Debug\libLib_EaBaseBoard.a(acc.o)
 .debug_frame   0x000009f8       0x4c C:\Users\thyagesh93\Documents\NUS\IVLEDrive\EE2024 PROGRAMMING FOR COMPUTER INTERFACES\PROGRAMMING FOR COMPUTER INTERFACES\Assignment 2\Lib_EaBaseBoard\Debug\libLib_EaBaseBoard.a(led7seg.o)
 .debug_frame   0x00000a44      0x208 C:\Users\thyagesh93\Documents\NUS\IVLEDrive\EE2024 PROGRAMMING FOR COMPUTER INTERFACES\PROGRAMMING FOR COMPUTER INTERFACES\Assignment 2\Lib_EaBaseBoard\Debug\libLib_EaBaseBoard.a(light.o)
 .debug_frame   0x00000c4c      0x1fc C:\Users\thyagesh93\Documents\NUS\IVLEDrive\EE2024 PROGRAMMING FOR COMPUTER INTERFACES\PROGRAMMING FOR COMPUTER INTERFACES\Assignment 2\Lib_EaBaseBoard\Debug\libLib_EaBaseBoard.a(oled.o)
 .debug_frame   0x00000e48      0x1a8 C:\Users\thyagesh93\Documents\NUS\IVLEDrive\EE2024 PROGRAMMING FOR COMPUTER INTERFACES\PROGRAMMING FOR COMPUTER INTERFACES\Assignment 2\Lib_EaBaseBoard\Debug\libLib_EaBaseBoard.a(pca9532.o)
 .debug_frame   0x00000ff0       0x4c C:\Users\thyagesh93\Documents\NUS\IVLEDrive\EE2024 PROGRAMMING FOR COMPUTER INTERFACES\PROGRAMMING FOR COMPUTER INTERFACES\Assignment 2\Lib_EaBaseBoard\Debug\libLib_EaBaseBoard.a(rgb.o)
 .debug_frame   0x0000103c      0x2c4 C:\Users\thyagesh93\Documents\NUS\IVLEDrive\EE2024 PROGRAMMING FOR COMPUTER INTERFACES\PROGRAMMING FOR COMPUTER INTERFACES\Assignment 2\Lib_MCU\Debug\libLib_MCU.a(lpc17xx_gpio.o)
 .debug_frame   0x00001300      0x2c8 C:\Users\thyagesh93\Documents\NUS\IVLEDrive\EE2024 PROGRAMMING FOR COMPUTER INTERFACES\PROGRAMMING FOR COMPUTER INTERFACES\Assignment 2\Lib_MCU\Debug\libLib_MCU.a(lpc17xx_i2c.o)
 .debug_frame   0x000015c8       0xbc C:\Users\thyagesh93\Documents\NUS\IVLEDrive\EE2024 PROGRAMMING FOR COMPUTER INTERFACES\PROGRAMMING FOR COMPUTER INTERFACES\Assignment 2\Lib_MCU\Debug\libLib_MCU.a(lpc17xx_pinsel.o)
 .debug_frame   0x00001684      0x280 C:\Users\thyagesh93\Documents\NUS\IVLEDrive\EE2024 PROGRAMMING FOR COMPUTER INTERFACES\PROGRAMMING FOR COMPUTER INTERFACES\Assignment 2\Lib_MCU\Debug\libLib_MCU.a(lpc17xx_ssp.o)
 .debug_frame   0x00001904      0x22c C:\Users\thyagesh93\Documents\NUS\IVLEDrive\EE2024 PROGRAMMING FOR COMPUTER INTERFACES\PROGRAMMING FOR COMPUTER INTERFACES\Assignment 2\Lib_MCU\Debug\libLib_MCU.a(lpc17xx_timer.o)
 .debug_frame   0x00001b30      0x44c C:\Users\thyagesh93\Documents\NUS\IVLEDrive\EE2024 PROGRAMMING FOR COMPUTER INTERFACES\PROGRAMMING FOR COMPUTER INTERFACES\Assignment 2\Lib_MCU\Debug\libLib_MCU.a(lpc17xx_uart.o)
 .debug_frame   0x00001f7c      0x10c C:\Users\thyagesh93\Documents\NUS\IVLEDrive\EE2024 PROGRAMMING FOR COMPUTER INTERFACES\PROGRAMMING FOR COMPUTER INTERFACES\Assignment 2\Lib_MCU\Debug\libLib_MCU.a(lpc17xx_clkpwr.o)
 .debug_frame   0x00002088       0x50 c:/nxp/lpcxpresso_3.6.3_317/tools/bin/../lib/gcc/arm-none-eabi/4.3.3/thumb2\libgcc.a(bpabi.o)
 .debug_frame   0x000020d8       0x38 c:/nxp/lpcxpresso_3.6.3_317/tools/bin/../lib/gcc/arm-none-eabi/4.3.3/thumb2\libgcc.a(_divdi3.o)
 .debug_frame   0x00002110       0x38 c:/nxp/lpcxpresso_3.6.3_317/tools/bin/../lib/gcc/arm-none-eabi/4.3.3/thumb2\libgcc.a(_udivdi3.o)
 .debug_frame   0x00002148       0x20 c:/nxp/lpcxpresso_3.6.3_317/tools/bin/../lib/gcc/arm-none-eabi/4.3.3/thumb2\libgcc.a(_udivsi3.o)
 .debug_frame   0x00002168       0x20 c:/nxp/lpcxpresso_3.6.3_317/tools/bin/../lib/gcc/arm-none-eabi/4.3.3/../../../../arm-none-eabi/lib/thumb2\libc.a(lib_a-isdigit.o)
 .debug_frame   0x00002188       0x30 c:/nxp/lpcxpresso_3.6.3_317/tools/bin/../lib/gcc/arm-none-eabi/4.3.3/../../../../arm-none-eabi/lib/thumb2\libc.a(lib_a-memcpy.o)
 .debug_frame   0x000021b8       0x28 c:/nxp/lpcxpresso_3.6.3_317/tools/bin/../lib/gcc/arm-none-eabi/4.3.3/../../../../arm-none-eabi/lib/thumb2\libc.a(lib_a-memset.o)
 .debug_frame   0x000021e0       0x58 c:/nxp/lpcxpresso_3.6.3_317/tools/bin/../lib/gcc/arm-none-eabi/4.3.3/../../../../arm-none-eabi/lib/thumb2\libc.a(lib_a-sprintf.o)
 .debug_frame   0x00002238       0x30 c:/nxp/lpcxpresso_3.6.3_317/tools/bin/../lib/gcc/arm-none-eabi/4.3.3/../../../../arm-none-eabi/lib/thumb2\libc.a(lib_a-strcasecmp.o)
 .debug_frame   0x00002268       0x28 c:/nxp/lpcxpresso_3.6.3_317/tools/bin/../lib/gcc/arm-none-eabi/4.3.3/../../../../arm-none-eabi/lib/thumb2\libc.a(lib_a-strcat.o)
 .debug_frame   0x00002290       0x20 c:/nxp/lpcxpresso_3.6.3_317/tools/bin/../lib/gcc/arm-none-eabi/4.3.3/../../../../arm-none-eabi/lib/thumb2\libc.a(lib_a-strcpy.o)
 .debug_frame   0x000022b0       0x20 c:/nxp/lpcxpresso_3.6.3_317/tools/bin/../lib/gcc/arm-none-eabi/4.3.3/../../../../arm-none-eabi/lib/thumb2\libc.a(lib_a-strlen.o)
 .debug_frame   0x000022d0       0x34 c:/nxp/lpcxpresso_3.6.3_317/tools/bin/../lib/gcc/arm-none-eabi/4.3.3/../../../../arm-none-eabi/lib/thumb2\libc.a(lib_a-strncasecmp.o)
 .debug_frame   0x00002304       0x64 c:/nxp/lpcxpresso_3.6.3_317/tools/bin/../lib/gcc/arm-none-eabi/4.3.3/../../../../arm-none-eabi/lib/thumb2\libc.a(lib_a-svfprintf.o)
 .debug_frame   0x00002368       0x64 c:/nxp/lpcxpresso_3.6.3_317/tools/bin/../lib/gcc/arm-none-eabi/4.3.3/../../../../arm-none-eabi/lib/thumb2\libc.a(lib_a-dtoa.o)
 .debug_frame   0x000023cc       0x50 c:/nxp/lpcxpresso_3.6.3_317/tools/bin/../lib/gcc/arm-none-eabi/4.3.3/../../../../arm-none-eabi/lib/thumb2\libc.a(lib_a-freer.o)
 .debug_frame   0x0000241c       0x74 c:/nxp/lpcxpresso_3.6.3_317/tools/bin/../lib/gcc/arm-none-eabi/4.3.3/../../../../arm-none-eabi/lib/thumb2\libc.a(lib_a-locale.o)
 .debug_frame   0x00002490       0x40 c:/nxp/lpcxpresso_3.6.3_317/tools/bin/../lib/gcc/arm-none-eabi/4.3.3/../../../../arm-none-eabi/lib/thumb2\libc.a(lib_a-malloc.o)
 .debug_frame   0x000024d0       0x38 c:/nxp/lpcxpresso_3.6.3_317/tools/bin/../lib/gcc/arm-none-eabi/4.3.3/../../../../arm-none-eabi/lib/thumb2\libc.a(lib_a-mallocr.o)
 .debug_frame   0x00002508       0x28 c:/nxp/lpcxpresso_3.6.3_317/tools/bin/../lib/gcc/arm-none-eabi/4.3.3/../../../../arm-none-eabi/lib/thumb2\libc.a(lib_a-memchr.o)
 .debug_frame   0x00002530       0x2c c:/nxp/lpcxpresso_3.6.3_317/tools/bin/../lib/gcc/arm-none-eabi/4.3.3/../../../../arm-none-eabi/lib/thumb2\libc.a(lib_a-memmove.o)
 .debug_frame   0x0000255c       0x30 c:/nxp/lpcxpresso_3.6.3_317/tools/bin/../lib/gcc/arm-none-eabi/4.3.3/../../../../arm-none-eabi/lib/thumb2\libc.a(lib_a-mlock.o)
 .debug_frame   0x0000258c      0x228 c:/nxp/lpcxpresso_3.6.3_317/tools/bin/../lib/gcc/arm-none-eabi/4.3.3/../../../../arm-none-eabi/lib/thumb2\libc.a(lib_a-mprec.o)
 .debug_frame   0x000027b4       0x38 c:/nxp/lpcxpresso_3.6.3_317/tools/bin/../lib/gcc/arm-none-eabi/4.3.3/../../../../arm-none-eabi/lib/thumb2\libc.a(lib_a-reallocr.o)
 .debug_frame   0x000027ec       0x28 c:/nxp/lpcxpresso_3.6.3_317/tools/bin/../lib/gcc/arm-none-eabi/4.3.3/../../../../arm-none-eabi/lib/thumb2\libc.a(lib_a-s_isinfd.o)
 .debug_frame   0x00002814       0x20 c:/nxp/lpcxpresso_3.6.3_317/tools/bin/../lib/gcc/arm-none-eabi/4.3.3/../../../../arm-none-eabi/lib/thumb2\libc.a(lib_a-s_isnand.o)
 .debug_frame   0x00002834       0x2c c:/nxp/lpcxpresso_3.6.3_317/tools/bin/../lib/gcc/arm-none-eabi/4.3.3/../../../../arm-none-eabi/lib/thumb2\libc.a(lib_a-sbrkr.o)
 .debug_frame   0x00002860       0x30 c:/nxp/lpcxpresso_3.6.3_317/tools/bin/../lib/gcc/arm-none-eabi/4.3.3/../../../../arm-none-eabi/lib/thumb2\libc.a(lib_a-strcmp.o)
 .debug_frame   0x00002890       0x28 c:/nxp/lpcxpresso_3.6.3_317/tools/bin/../lib/gcc/arm-none-eabi/4.3.3/../../../../arm-none-eabi/lib/thumb2\libc.a(lib_a-callocr.o)
 .debug_frame   0x000028b8       0x64 c:/nxp/lpcxpresso_3.6.3_317/tools/bin/../lib/gcc/arm-none-eabi/4.3.3/../../../../arm-none-eabi/lib/thumb2\libc.a(lib_a-reent.o)
 .debug_frame   0x0000291c       0x20 c:/nxp/lpcxpresso_3.6.3_317/tools/bin/../lib/gcc/arm-none-eabi/4.3.3/../../../../arm-none-eabi/lib/thumb2\libc.a(lib_a-errno.o)

.debug_loc      0x00000000     0x3631
 .debug_loc     0x00000000      0x1e5 ./src/cr_startup_lpc17.o
 .debug_loc     0x000001e5      0xc39 ./src/main.o
 .debug_loc     0x00000e1e       0x56 C:\Users\thyagesh93\Documents\NUS\IVLEDrive\EE2024 PROGRAMMING FOR COMPUTER INTERFACES\PROGRAMMING FOR COMPUTER INTERFACES\Assignment 2\Lib_CMSISv1p30_LPC17xx\Debug\libCMSISv1p30_LPC17xx.a(system_LPC17xx.o)
 .debug_loc     0x00000e74      0x1e7 C:\Users\thyagesh93\Documents\NUS\IVLEDrive\EE2024 PROGRAMMING FOR COMPUTER INTERFACES\PROGRAMMING FOR COMPUTER INTERFACES\Assignment 2\Lib_EaBaseBoard\Debug\libLib_EaBaseBoard.a(acc.o)
 .debug_loc     0x0000105b       0x62 C:\Users\thyagesh93\Documents\NUS\IVLEDrive\EE2024 PROGRAMMING FOR COMPUTER INTERFACES\PROGRAMMING FOR COMPUTER INTERFACES\Assignment 2\Lib_EaBaseBoard\Debug\libLib_EaBaseBoard.a(led7seg.o)
 .debug_loc     0x000010bd      0x368 C:\Users\thyagesh93\Documents\NUS\IVLEDrive\EE2024 PROGRAMMING FOR COMPUTER INTERFACES\PROGRAMMING FOR COMPUTER INTERFACES\Assignment 2\Lib_EaBaseBoard\Debug\libLib_EaBaseBoard.a(light.o)
 .debug_loc     0x00001425      0x331 C:\Users\thyagesh93\Documents\NUS\IVLEDrive\EE2024 PROGRAMMING FOR COMPUTER INTERFACES\PROGRAMMING FOR COMPUTER INTERFACES\Assignment 2\Lib_EaBaseBoard\Debug\libLib_EaBaseBoard.a(oled.o)
 .debug_loc     0x00001756      0x2c3 C:\Users\thyagesh93\Documents\NUS\IVLEDrive\EE2024 PROGRAMMING FOR COMPUTER INTERFACES\PROGRAMMING FOR COMPUTER INTERFACES\Assignment 2\Lib_EaBaseBoard\Debug\libLib_EaBaseBoard.a(pca9532.o)
 .debug_loc     0x00001a19       0x62 C:\Users\thyagesh93\Documents\NUS\IVLEDrive\EE2024 PROGRAMMING FOR COMPUTER INTERFACES\PROGRAMMING FOR COMPUTER INTERFACES\Assignment 2\Lib_EaBaseBoard\Debug\libLib_EaBaseBoard.a(rgb.o)
 .debug_loc     0x00001a7b      0x4ba C:\Users\thyagesh93\Documents\NUS\IVLEDrive\EE2024 PROGRAMMING FOR COMPUTER INTERFACES\PROGRAMMING FOR COMPUTER INTERFACES\Assignment 2\Lib_MCU\Debug\libLib_MCU.a(lpc17xx_gpio.o)
 .debug_loc     0x00001f35      0x4cd C:\Users\thyagesh93\Documents\NUS\IVLEDrive\EE2024 PROGRAMMING FOR COMPUTER INTERFACES\PROGRAMMING FOR COMPUTER INTERFACES\Assignment 2\Lib_MCU\Debug\libLib_MCU.a(lpc17xx_i2c.o)
 .debug_loc     0x00002402      0x14a C:\Users\thyagesh93\Documents\NUS\IVLEDrive\EE2024 PROGRAMMING FOR COMPUTER INTERFACES\PROGRAMMING FOR COMPUTER INTERFACES\Assignment 2\Lib_MCU\Debug\libLib_MCU.a(lpc17xx_pinsel.o)
 .debug_loc     0x0000254c      0x434 C:\Users\thyagesh93\Documents\NUS\IVLEDrive\EE2024 PROGRAMMING FOR COMPUTER INTERFACES\PROGRAMMING FOR COMPUTER INTERFACES\Assignment 2\Lib_MCU\Debug\libLib_MCU.a(lpc17xx_ssp.o)
 .debug_loc     0x00002980      0x3a7 C:\Users\thyagesh93\Documents\NUS\IVLEDrive\EE2024 PROGRAMMING FOR COMPUTER INTERFACES\PROGRAMMING FOR COMPUTER INTERFACES\Assignment 2\Lib_MCU\Debug\libLib_MCU.a(lpc17xx_timer.o)
 .debug_loc     0x00002d27      0x757 C:\Users\thyagesh93\Documents\NUS\IVLEDrive\EE2024 PROGRAMMING FOR COMPUTER INTERFACES\PROGRAMMING FOR COMPUTER INTERFACES\Assignment 2\Lib_MCU\Debug\libLib_MCU.a(lpc17xx_uart.o)
 .debug_loc     0x0000347e      0x1b3 C:\Users\thyagesh93\Documents\NUS\IVLEDrive\EE2024 PROGRAMMING FOR COMPUTER INTERFACES\PROGRAMMING FOR COMPUTER INTERFACES\Assignment 2\Lib_MCU\Debug\libLib_MCU.a(lpc17xx_clkpwr.o)

.debug_pubnames
                0x00000000     0x1ad4
 .debug_pubnames
                0x00000000       0xfd ./src/cr_startup_lpc17.o
 .debug_pubnames
                0x000000fd      0xb9e ./src/main.o
 .debug_pubnames
                0x00000c9b       0x4f C:\Users\thyagesh93\Documents\NUS\IVLEDrive\EE2024 PROGRAMMING FOR COMPUTER INTERFACES\PROGRAMMING FOR COMPUTER INTERFACES\Assignment 2\Lib_CMSISv1p30_LPC17xx\Debug\libCMSISv1p30_LPC17xx.a(system_LPC17xx.o)
 .debug_pubnames
                0x00000cea       0x4d C:\Users\thyagesh93\Documents\NUS\IVLEDrive\EE2024 PROGRAMMING FOR COMPUTER INTERFACES\PROGRAMMING FOR COMPUTER INTERFACES\Assignment 2\Lib_EaBaseBoard\Debug\libLib_EaBaseBoard.a(acc.o)
 .debug_pubnames
                0x00000d37       0x37 C:\Users\thyagesh93\Documents\NUS\IVLEDrive\EE2024 PROGRAMMING FOR COMPUTER INTERFACES\PROGRAMMING FOR COMPUTER INTERFACES\Assignment 2\Lib_EaBaseBoard\Debug\libLib_EaBaseBoard.a(led7seg.o)
 .debug_pubnames
                0x00000d6e      0x107 C:\Users\thyagesh93\Documents\NUS\IVLEDrive\EE2024 PROGRAMMING FOR COMPUTER INTERFACES\PROGRAMMING FOR COMPUTER INTERFACES\Assignment 2\Lib_EaBaseBoard\Debug\libLib_EaBaseBoard.a(light.o)
 .debug_pubnames