Archive member included because of file (symbol)

C:\Users\Ashray Jain\Desktop\EE2024 Workspace\Lib_CMSISv1p30_LPC17xx\Debug\libCMSISv1p30_LPC17xx.a(system_LPC17xx.o)
                              ./src/main.o (SystemCoreClock)
C:\Users\Ashray Jain\Desktop\EE2024 Workspace\Lib_EaBaseBoard\Debug\libLib_EaBaseBoard.a(acc.o)
                              ./src/main.o (acc_init)
C:\Users\Ashray Jain\Desktop\EE2024 Workspace\Lib_EaBaseBoard\Debug\libLib_EaBaseBoard.a(led7seg.o)
                              ./src/main.o (led7seg_init)
C:\Users\Ashray Jain\Desktop\EE2024 Workspace\Lib_EaBaseBoard\Debug\libLib_EaBaseBoard.a(light.o)
                              ./src/main.o (light_init)
C:\Users\Ashray Jain\Desktop\EE2024 Workspace\Lib_EaBaseBoard\Debug\libLib_EaBaseBoard.a(oled.o)
                              ./src/main.o (oled_init)
C:\Users\Ashray Jain\Desktop\EE2024 Workspace\Lib_EaBaseBoard\Debug\libLib_EaBaseBoard.a(pca9532.o)
                              ./src/main.o (pca9532_init)
C:\Users\Ashray Jain\Desktop\EE2024 Workspace\Lib_EaBaseBoard\Debug\libLib_EaBaseBoard.a(rgb.o)
                              ./src/main.o (rgb_init)
C:\Users\Ashray Jain\Desktop\EE2024 Workspace\Lib_EaBaseBoard\Debug\libLib_EaBaseBoard.a(font5x7.o)
                              C:\Users\Ashray Jain\Desktop\EE2024 Workspace\Lib_EaBaseBoard\Debug\libLib_EaBaseBoard.a(oled.o) (font5x7)
C:\Users\Ashray Jain\Desktop\EE2024 Workspace\Lib_MCU\Debug\libLib_MCU.a(lpc17xx_gpio.o)
                              ./src/main.o (GPIO_SetDir)
C:\Users\Ashray Jain\Desktop\EE2024 Workspace\Lib_MCU\Debug\libLib_MCU.a(lpc17xx_i2c.o)
                              ./src/main.o (I2C_Init)
C:\Users\Ashray Jain\Desktop\EE2024 Workspace\Lib_MCU\Debug\libLib_MCU.a(lpc17xx_pinsel.o)
                              ./src/main.o (PINSEL_ConfigPin)
C:\Users\Ashray Jain\Desktop\EE2024 Workspace\Lib_MCU\Debug\libLib_MCU.a(lpc17xx_ssp.o)
                              ./src/main.o (SSP_Init)
C:\Users\Ashray Jain\Desktop\EE2024 Workspace\Lib_MCU\Debug\libLib_MCU.a(lpc17xx_timer.o)
                              ./src/main.o (TIM_ClearIntPending)
C:\Users\Ashray Jain\Desktop\EE2024 Workspace\Lib_MCU\Debug\libLib_MCU.a(lpc17xx_uart.o)
                              ./src/main.o (UART_TxCmd)
C:\Users\Ashray Jain\Desktop\EE2024 Workspace\Lib_MCU\Debug\libLib_MCU.a(lpc17xx_clkpwr.o)
                              C:\Users\Ashray Jain\Desktop\EE2024 Workspace\Lib_MCU\Debug\libLib_MCU.a(lpc17xx_i2c.o) (CLKPWR_SetPCLKDiv)
c:/nxp/lpcxpresso_3.6.3_317/tools/bin/../lib/gcc/arm-none-eabi/4.3.3/thumb2\libgcc.a(_arm_addsubdf3.o)
                              ./src/main.o (__aeabi_i2d)
c:/nxp/lpcxpresso_3.6.3_317/tools/bin/../lib/gcc/arm-none-eabi/4.3.3/thumb2\libgcc.a(_arm_muldivdf3.o)
                              ./src/main.o (__aeabi_dmul)
c:/nxp/lpcxpresso_3.6.3_317/tools/bin/../lib/gcc/arm-none-eabi/4.3.3/thumb2\libgcc.a(_arm_truncdfsf2.o)
                              ./src/main.o (__aeabi_d2f)
c:/nxp/lpcxpresso_3.6.3_317/tools/bin/../lib/gcc/arm-none-eabi/4.3.3/thumb2\libgcc.a(_arm_addsubsf3.o)
                              ./src/main.o (__aeabi_fsub)
c:/nxp/lpcxpresso_3.6.3_317/tools/bin/../lib/gcc/arm-none-eabi/4.3.3/thumb2\libgcc.a(_arm_muldivsf3.o)
                              ./src/main.o (__aeabi_fmul)
c:/nxp/lpcxpresso_3.6.3_317/tools/bin/../lib/gcc/arm-none-eabi/4.3.3/thumb2\libgcc.a(_arm_cmpsf2.o)
                              ./src/main.o (__aeabi_fcmplt)
c:/nxp/lpcxpresso_3.6.3_317/tools/bin/../lib/gcc/arm-none-eabi/4.3.3/thumb2\libgcc.a(_aeabi_uldivmod.o)
                              C:\Users\Ashray Jain\Desktop\EE2024 Workspace\Lib_CMSISv1p30_LPC17xx\Debug\libCMSISv1p30_LPC17xx.a(system_LPC17xx.o) (__aeabi_uldivmod)
c:/nxp/lpcxpresso_3.6.3_317/tools/bin/../lib/gcc/arm-none-eabi/4.3.3/thumb2\libgcc.a(bpabi.o)
                              c:/nxp/lpcxpresso_3.6.3_317/tools/bin/../lib/gcc/arm-none-eabi/4.3.3/thumb2\libgcc.a(_aeabi_uldivmod.o) (__gnu_uldivmod_helper)
c:/nxp/lpcxpresso_3.6.3_317/tools/bin/../lib/gcc/arm-none-eabi/4.3.3/thumb2\libgcc.a(_dvmd_tls.o)
                              c:/nxp/lpcxpresso_3.6.3_317/tools/bin/../lib/gcc/arm-none-eabi/4.3.3/thumb2\libgcc.a(_aeabi_uldivmod.o) (__aeabi_ldiv0)
c:/nxp/lpcxpresso_3.6.3_317/tools/bin/../lib/gcc/arm-none-eabi/4.3.3/thumb2\libgcc.a(_divdi3.o)
                              c:/nxp/lpcxpresso_3.6.3_317/tools/bin/../lib/gcc/arm-none-eabi/4.3.3/thumb2\libgcc.a(bpabi.o) (__divdi3)
c:/nxp/lpcxpresso_3.6.3_317/tools/bin/../lib/gcc/arm-none-eabi/4.3.3/thumb2\libgcc.a(_udivdi3.o)
                              c:/nxp/lpcxpresso_3.6.3_317/tools/bin/../lib/gcc/arm-none-eabi/4.3.3/thumb2\libgcc.a(bpabi.o) (__udivdi3)
c:/nxp/lpcxpresso_3.6.3_317/tools/bin/../lib/gcc/arm-none-eabi/4.3.3/thumb2\libgcc.a(_udivsi3.o)
                              c:/nxp/lpcxpresso_3.6.3_317/tools/bin/../lib/gcc/arm-none-eabi/4.3.3/thumb2\libgcc.a(_divdi3.o) (__aeabi_uidiv)
[...]
Memory Configuration

Name             Origin             Length             Attributes
MFlash512        0x00000000         0x00020000         xr
RamLoc32         0x10000000         0x00008000         xrw
RamAHB32         0x2007c000         0x00008000         xrw
CANAccFilterRAM  0x40038000         0x00000800         xrw
*default*        0x00000000         0xffffffff

Linker script and memory map

LOAD ./src/cr_startup_lpc17.o
LOAD ./src/main.o
LOAD C:\Users\Ashray Jain\Desktop\EE2024 Workspace\Lib_CMSISv1p30_LPC17xx\Debug\libCMSISv1p30_LPC17xx.a
LOAD C:\Users\Ashray Jain\Desktop\EE2024 Workspace\Lib_EaBaseBoard\Debug\libLib_EaBaseBoard.a
LOAD C:\Users\Ashray Jain\Desktop\EE2024 Workspace\Lib_MCU\Debug\libLib_MCU.a
START GROUP
LOAD c:/nxp/lpcxpresso_3.6.3_317/tools/bin/../lib/gcc/arm-none-eabi/4.3.3/thumb2\libgcc.a
LOAD c:/nxp/lpcxpresso_3.6.3_317/tools/bin/../lib/gcc/arm-none-eabi/4.3.3/../../../../arm-none-eabi/lib/thumb2\libc.a
LOAD c:/nxp/lpcxpresso_3.6.3_317/tools/bin/../lib/gcc/arm-none-eabi/4.3.3/../../../../arm-none-eabi/lib/thumb2\libm.a
LOAD c:/nxp/lpcxpresso_3.6.3_317/tools/bin/../lib/gcc/arm-none-eabi/4.3.3/../../../../arm-none-eabi/lib/thumb2\libcr_newlib_semihost.a
END GROUP
                0x00080000                __top_MFlash512 = 0x80000
                0x10008000                __top_RamLoc32 = 0x10008000
                0x20084000                __top_RamAHB32 = 0x20084000
                0x40038800                __top_CANAccFilterRAM = 0x40038800

.text           0x00000000     0xbbe0
 FILL mask 0xff
 *(.isr_vector)
 .isr_vector    0x00000000       0xcc ./src/cr_startup_lpc17.o
                0x00000000                g_pfnVectors
                0x000000cc                . = ALIGN (0x4)
                0x000000cc                __section_table_start = .
                0x000000cc                __data_section_table = .
                0x000000cc        0x4 LONG 0xbbe8 LOADADDR (.data)
                0x000000d0        0x4 LONG 0x10000000 ADDR (.data)
                0x000000d4        0x4 LONG 0x56c SIZEOF (.data)
                0x000000d8        0x4 LONG 0xbbe8 LOADADDR (.data_RAM2)
                0x000000dc        0x4 LONG 0x2007c000 ADDR (.data_RAM2)
                0x000000e0        0x4 LONG 0x0 SIZEOF (.data_RAM2)
                0x000000e4        0x4 LONG 0xbbe8 LOADADDR (.data_RAM3)
                0x000000e8        0x4 LONG 0x40038000 ADDR (.data_RAM3)
                0x000000ec        0x4 LONG 0x0 SIZEOF (.data_RAM3)
                0x000000f0                __data_section_table_end = .
                0x000000f0                __bss_section_table = .
                0x000000f0        0x4 LONG 0x1000056c ADDR (.bss)
                0x000000f4        0x4 LONG 0x40c SIZEOF (.bss)
                0x000000f8        0x4 LONG 0x2007c000 ADDR (.bss_RAM2)
                0x000000fc        0x4 LONG 0x0 SIZEOF (.bss_RAM2)
                0x00000100        0x4 LONG 0x40038000 ADDR (.bss_RAM3)
                0x00000104        0x4 LONG 0x0 SIZEOF (.bss_RAM3)
                0x00000108                __bss_section_table_end = .
                0x00000108                __section_table_end = .
 *(.after_vectors*)
 *(.text*)
 .text.ResetISR
                0x00000108       0x68 ./src/cr_startup_lpc17.o
                0x00000108                ResetISR
 .text.NMI_Handler
                0x00000170        0x8 ./src/cr_startup_lpc17.o
                0x00000170                NMI_Handler
 .text.HardFault_Handler
                0x00000178        0x8 ./src/cr_startup_lpc17.o
                0x00000178                HardFault_Handler
 .text.MemManage_Handler
                0x00000180        0x8 ./src/cr_startup_lpc17.o
                0x00000180                MemManage_Handler
 .text.BusFault_Handler
                0x00000188        0x8 ./src/cr_startup_lpc17.o
                0x00000188                BusFault_Handler
 .text.UsageFault_Handler
                0x00000190        0x8 ./src/cr_startup_lpc17.o
                0x00000190                UsageFault_Handler
 .text.SVCall_Handler
                0x00000198        0x8 ./src/cr_startup_lpc17.o
                0x00000198                SVCall_Handler
 .text.DebugMon_Handler
                0x000001a0        0x8 ./src/cr_startup_lpc17.o
                0x000001a0                DebugMon_Handler
 .text.PendSV_Handler
                0x000001a8        0x8 ./src/cr_startup_lpc17.o
                0x000001a8                PendSV_Handler
 .text.IntDefaultHandler
                0x000001b0        0x8 ./src/cr_startup_lpc17.o
                0x000001b0                RIT_IRQHandler
                0x000001b0                I2C0_IRQHandler
                0x000001b0                USBActivity_IRQHandler
                0x000001b0                PWM1_IRQHandler
                0x000001b0                I2C1_IRQHandler
                0x000001b0                EINT2_IRQHandler
                0x000001b0                UART1_IRQHandler
                0x000001b0                CANActivity_IRQHandler
                0x000001b0                TIMER3_IRQHandler
                0x000001b0                UART0_IRQHandler
                0x000001b0                IntDefaultHandler
                0x000001b0                PLL0_IRQHandler
                0x000001b0                CAN_IRQHandler
                0x000001b0                PLL1_IRQHandler
                0x000001b0                SSP0_IRQHandler
                0x000001b0                I2S_IRQHandler
                0x000001b0                I2C2_IRQHandler
                0x000001b0                RTC_IRQHandler
                0x000001b0                TIMER0_IRQHandler
                0x000001b0                SPI_IRQHandler
                0x000001b0                EINT1_IRQHandler
                0x000001b0                UART2_IRQHandler
                0x000001b0                ADC_IRQHandler
                0x000001b0                SSP1_IRQHandler
                0x000001b0                USB_IRQHandler
                0x000001b0                BOD_IRQHandler
                0x000001b0                WDT_IRQHandler
                0x000001b0                QEI_IRQHandler
                0x000001b0                DMA_IRQHandler
                0x000001b0                UART3_IRQHandler
                0x000001b0                MCPWM_IRQHandler
                0x000001b0                ENET_IRQHandler
 .text.initAllPeripherals
                0x000001b8       0x8c ./src/main.o
                0x000001b8                initAllPeripherals
 .text.NVIC_ClearPendingIRQ
                0x00000244       0x3c ./src/main.o
 .text.NVIC_EnableIRQ
                0x00000280       0x38 ./src/main.o
 .text.init_ssp
                0x000002b8       0xa0 ./src/main.o
 .text.init_i2c
                0x00000358       0x60 ./src/main.o
 .text.init_GPIO
                0x000003b8      0x118 ./src/main.o
 .text.init_buzzer
                0x000004d0       0x8c ./src/main.o
                0x000004d0                init_buzzer
 .text.init_uart
                0x0000055c       0x48 ./src/main.o
                0x0000055c                init_uart
 .text.init_timer
                0x000005a4      0x118 ./src/main.o
                0x000005a4                init_timer
 .text.NVIC_SetPriority
                0x000006bc       0x5c ./src/main.o
 .text.init_temp_interrupt
                0x00000718       0x94 ./src/main.o
                0x00000718                init_temp_interrupt
 .text.disable_temp_interrupt
                0x000007ac       0x3c ./src/main.o
                0x000007ac                disable_temp_interrupt
 .text.calibratingHandler
                0x000007e8       0x5c ./src/main.o
                0x000007e8                calibratingHandler
 .text.stdbyCountingDownHandler
                0x00000844       0x20 ./src/main.o
                0x00000844                stdbyCountingDownHandler
 .text.stdbyEnvTestingHandler
                0x00000864       0x50 ./src/main.o
                0x00000864                stdbyEnvTestingHandler
 .text.activeHandler
                0x000008b4      0x1f8 ./src/main.o
                0x000008b4                activeHandler
 *fill*         0x00000aac        0x4 00
 .text.SysTick_Handler
                0x00000ab0      0x250 ./src/main.o
                0x00000ab0                SysTick_Handler
 .text.EINT0_IRQHandler
                0x00000d00       0x34 ./src/main.o
                0x00000d00                EINT0_IRQHandler
 .text.EINT3_IRQHandler
                0x00000d34      0x218 ./src/main.o
                0x00000d34                EINT3_IRQHandler
 .text.TIMER2_IRQHandler
                0x00000f4c       0x30 ./src/main.o
                0x00000f4c                TIMER2_IRQHandler
 .text.TIMER1_IRQHandler
                0x00000f7c       0x74 ./src/main.o
                0x00000f7c                TIMER1_IRQHandler
 .text.oneSecondHandler
                0x00000ff0       0x1c ./src/main.o
                0x00000ff0                oneSecondHandler
 .text.getMsTicks
                0x0000100c       0x18 ./src/main.o
                0x0000100c                getMsTicks
 .text.enterCalibratingState
                0x00001024       0x50 ./src/main.o
                0x00001024                enterCalibratingState
 .text.enterStdByCountingDownState
                0x00001074       0x48 ./src/main.o
                0x00001074                enterStdByCountingDownState
 .text.enterActiveState
                0x000010bc       0x60 ./src/main.o
                0x000010bc                enterActiveState
 .text.leaveActiveState
                0x0000111c       0x2c ./src/main.o
                0x0000111c                leaveActiveState
 .text.leaveCalibratingState
                0x00001148       0x84 ./src/main.o
                0x00001148                leaveCalibratingState
 .text.leaveStdByCountingDownState
                0x000011cc       0x18 ./src/main.o
                0x000011cc                leaveStdByCountingDownState
 .text.updateReadings
                0x000011e4       0x34 ./src/main.o
                0x000011e4                updateReadings
 .text.updateTemperatureReading
                0x00001218       0x44 ./src/main.o
                0x00001218                updateTemperatureReading
 .text.updateAccReading
                0x0000125c       0xa4 ./src/main.o
                0x0000125c                updateAccReading
 .text.updateFreqCounter
                0x00001300      0x258 ./src/main.o
                0x00001300                updateFreqCounter
 .text.startWarning
                0x00001558       0x30 ./src/main.o
                0x00001558                startWarning
 .text.turnOnLedArray
                0x00001588       0x14 ./src/main.o
                0x00001588                turnOnLedArray
 .text.stopWarning
                0x0000159c       0x48 ./src/main.o
                0x0000159c                stopWarning
 .text.turnOffLedArray
                0x000015e4       0x14 ./src/main.o
                0x000015e4                turnOffLedArray
 .text.countDownFrom
                0x000015f8       0x3c ./src/main.o
                0x000015f8                countDownFrom
 .text.decrementCount
                0x00001634       0x78 ./src/main.o
                0x00001634                decrementCount
 .text.writeHeaderToOled
                0x000016ac       0x4c ./src/main.o
                0x000016ac                writeHeaderToOled
 .text.writeStatesToOled
                0x000016f8      0x174 ./src/main.o
                0x000016f8                writeStatesToOled
 .text.writeTempToOled
                0x0000186c      0x124 ./src/main.o
                0x0000186c                writeTempToOled
 .text.writeAccValueToOled
                0x00001990      0x254 ./src/main.o
                0x00001990                writeAccValueToOled
 .text.tempToString
                0x00001be4      0x124 ./src/main.o
                0x00001be4                tempToString
 .text.toStringInt
                0x00001d08       0x24 ./src/main.o
                0x00001d08                toStringInt
 .text.toStringDouble
                0x00001d2c       0x2c ./src/main.o
                0x00001d2c                toStringDouble
 .text.rgb_setLeds_OledHack
                0x00001d58       0x20 ./src/main.o
                0x00001d58                rgb_setLeds_OledHack
 .text.main     0x00001d78       0x70 ./src/main.o
                0x00001d78                main
 .text.SysTick_Config
                0x00001de8       0x68 ./src/main.o
 .text.check_failed
                0x00001e50        0xc ./src/main.o
                0x00001e50                check_failed
 .text.SystemInit
                0x00001e5c      0x224 C:\Users\Ashray Jain\Desktop\EE2024 Workspace\Lib_CMSISv1p30_LPC17xx\Debug\libCMSISv1p30_LPC17xx.a(system_LPC17xx.o)
                0x00001e5c                SystemInit
 .text.I2CRead  0x00002080       0x64 C:\Users\Ashray Jain\Desktop\EE2024 Workspace\Lib_EaBaseBoard\Debug\libLib_EaBaseBoard.a(acc.o)
 .text.I2CWrite
                0x000020e4       0x64 C:\Users\Ashray Jain\Desktop\EE2024 Workspace\Lib_EaBaseBoard\Debug\libLib_EaBaseBoard.a(acc.o)
 .text.getStatus
                0x00002148       0x3c C:\Users\Ashray Jain\Desktop\EE2024 Workspace\Lib_EaBaseBoard\Debug\libLib_EaBaseBoard.a(acc.o)
 .text.getModeControl
                0x00002184       0x3c C:\Users\Ashray Jain\Desktop\EE2024 Workspace\Lib_EaBaseBoard\Debug\libLib_EaBaseBoard.a(acc.o)
 .text.setModeControl
                0x000021c0       0x30 C:\Users\Ashray Jain\Desktop\EE2024 Workspace\Lib_EaBaseBoard\Debug\libLib_EaBaseBoard.a(acc.o)
 .text.acc_init
                0x000021f0       0x10 C:\Users\Ashray Jain\Desktop\EE2024 Workspace\Lib_EaBaseBoard\Debug\libLib_EaBaseBoard.a(acc.o)
                0x000021f0                acc_init
 .text.acc_read
                0x00002200       0xb4 C:\Users\Ashray Jain\Desktop\EE2024 Workspace\Lib_EaBaseBoard\Debug\libLib_EaBaseBoard.a(acc.o)
                0x00002200                acc_read
 .text.acc_setMode
                0x000022b4       0x3c C:\Users\Ashray Jain\Desktop\EE2024 Workspace\Lib_EaBaseBoard\Debug\libLib_EaBaseBoard.a(acc.o)
                0x000022b4                acc_setMode
 .text.led7seg_init
                0x000022f0       0x24 C:\Users\Ashray Jain\Desktop\EE2024 Workspace\Lib_EaBaseBoard\Debug\libLib_EaBaseBoard.a(led7seg.o)
                0x000022f0                led7seg_init
 .text.led7seg_setChar
                0x00002314       0x88 C:\Users\Ashray Jain\Desktop\EE2024 Workspace\Lib_EaBaseBoard\Debug\libLib_EaBaseBoard.a(led7seg.o)
                0x00002314                led7seg_setChar
 .text.I2CRead  0x0000239c       0x64 C:\Users\Ashray Jain\Desktop\EE2024 Workspace\Lib_EaBaseBoard\Debug\libLib_EaBaseBoard.a(light.o)
 .text.I2CWrite
                0x00002400       0x64 C:\Users\Ashray Jain\Desktop\EE2024 Workspace\Lib_EaBaseBoard\Debug\libLib_EaBaseBoard.a(light.o)
 .text.readControlReg
                0x00002464       0x3c C:\Users\Ashray Jain\Desktop\EE2024 Workspace\Lib_EaBaseBoard\Debug\libLib_EaBaseBoard.a(light.o)
 .text.light_init
                0x000024a0        0xc C:\Users\Ashray Jain\Desktop\EE2024 Workspace\Lib_EaBaseBoard\Debug\libLib_EaBaseBoard.a(light.o)
                0x000024a0                light_init
 .text.light_enable
                0x000024ac       0x48 C:\Users\Ashray Jain\Desktop\EE2024 Workspace\Lib_EaBaseBoard\Debug\libLib_EaBaseBoard.a(light.o)
                0x000024ac                light_enable
 .text.light_setRange
                0x000024f4       0xb0 C:\Users\Ashray Jain\Desktop\EE2024 Workspace\Lib_EaBaseBoard\Debug\libLib_EaBaseBoard.a(light.o)
                0x000024f4                light_setRange
 .text.light_setHiThreshold
                0x000025a4       0x58 C:\Users\Ashray Jain\Desktop\EE2024 Workspace\Lib_EaBaseBoard\Debug\libLib_EaBaseBoard.a(light.o)
                0x000025a4                light_setHiThreshold
 .text.light_setLoThreshold
                0x000025fc       0x58 C:\Users\Ashray Jain\Desktop\EE2024 Workspace\Lib_EaBaseBoard\Debug\libLib_EaBaseBoard.a(light.o)
                0x000025fc                light_setLoThreshold
 .text.light_clearIrqStatus
                0x00002654       0x3c C:\Users\Ashray Jain\Desktop\EE2024 Workspace\Lib_EaBaseBoard\Debug\libLib_EaBaseBoard.a(light.o)
                0x00002654                light_clearIrqStatus
 .text.writeCommand
                0x00002690       0x60 C:\Users\Ashray Jain\Desktop\EE2024 Workspace\Lib_EaBaseBoard\Debug\libLib_EaBaseBoard.a(oled.o)
 .text.writeData
                0x000026f0       0x60 C:\Users\Ashray Jain\Desktop\EE2024 Workspace\Lib_EaBaseBoard\Debug\libLib_EaBaseBoard.a(oled.o)
 .text.writeDataLen
                0x00002750       0x90 C:\Users\Ashray Jain\Desktop\EE2024 Workspace\Lib_EaBaseBoard\Debug\libLib_EaBaseBoard.a(oled.o)
 .text.runInitSequence
                0x000027e0      0x118 C:\Users\Ashray Jain\Desktop\EE2024 Workspace\Lib_EaBaseBoard\Debug\libLib_EaBaseBoard.a(oled.o)
 .text.hLine    0x000028f8       0x58 C:\Users\Ashray Jain\Desktop\EE2024 Workspace\Lib_EaBaseBoard\Debug\libLib_EaBaseBoard.a(oled.o)
 .text.vLine    0x00002950       0x58 C:\Users\Ashray Jain\Desktop\EE2024 Workspace\Lib_EaBaseBoard\Debug\libLib_EaBaseBoard.a(oled.o)
 .text.oled_init
                0x000029a8       0x9c C:\Users\Ashray Jain\Desktop\EE2024 Workspace\Lib_EaBaseBoard\Debug\libLib_EaBaseBoard.a(oled.o)
                0x000029a8                oled_init
 .text.oled_putPixel
                0x00002a44      0x178 C:\Users\Ashray Jain\Desktop\EE2024 Workspace\Lib_EaBaseBoard\Debug\libLib_EaBaseBoard.a(oled.o)
                0x00002a44                oled_putPixel
 .text.oled_fillRect
                0x00002bbc       0xb4 C:\Users\Ashray Jain\Desktop\EE2024 Workspace\Lib_EaBaseBoard\Debug\libLib_EaBaseBoard.a(oled.o)
                0x00002bbc                oled_fillRect
 .text.oled_clearScreen
                0x00002c70       0x74 C:\Users\Ashray Jain\Desktop\EE2024 Workspace\Lib_EaBaseBoard\Debug\libLib_EaBaseBoard.a(oled.o)
                0x00002c70                oled_clearScreen
 .text.oled_putChar
                0x00002ce4      0x104 C:\Users\Ashray Jain\Desktop\EE2024 Workspace\Lib_EaBaseBoard\Debug\libLib_EaBaseBoard.a(oled.o)
                0x00002ce4                oled_putChar
 .text.oled_putString
                0x00002de8       0x58 C:\Users\Ashray Jain\Desktop\EE2024 Workspace\Lib_EaBaseBoard\Debug\libLib_EaBaseBoard.a(oled.o)
                0x00002de8                oled_putString
 .text.I2CWrite
                0x00002e40       0x64 C:\Users\Ashray Jain\Desktop\EE2024 Workspace\Lib_EaBaseBoard\Debug\libLib_EaBaseBoard.a(pca9532.o)
 .text.setLsStates
                0x00002ea4       0xd0 C:\Users\Ashray Jain\Desktop\EE2024 Workspace\Lib_EaBaseBoard\Debug\libLib_EaBaseBoard.a(pca9532.o)
 .text.setLeds  0x00002f74       0xa4 C:\Users\Ashray Jain\Desktop\EE2024 Workspace\Lib_EaBaseBoard\Debug\libLib_EaBaseBoard.a(pca9532.o)
 .text.pca9532_init
                0x00003018        0xc C:\Users\Ashray Jain\Desktop\EE2024 Workspace\Lib_EaBaseBoard\Debug\libLib_EaBaseBoard.a(pca9532.o)
                0x00003018                pca9532_init
 .text.pca9532_setLeds
                0x00003024       0xa4 C:\Users\Ashray Jain\Desktop\EE2024 Workspace\Lib_EaBaseBoard\Debug\libLib_EaBaseBoard.a(pca9532.o)
                0x00003024                pca9532_setLeds
 .text.rgb_init
                0x000030c8       0x38 C:\Users\Ashray Jain\Desktop\EE2024 Workspace\Lib_EaBaseBoard\Debug\libLib_EaBaseBoard.a(rgb.o)
                0x000030c8                rgb_init
 .text.rgb_setLeds
                0x00003100       0x80 C:\Users\Ashray Jain\Desktop\EE2024 Workspace\Lib_EaBaseBoard\Debug\libLib_EaBaseBoard.a(rgb.o)
                0x00003100                rgb_setLeds
 .text.GPIO_GetPointer
                0x00003180       0x78 C:\Users\Ashray Jain\Desktop\EE2024 Workspace\Lib_MCU\Debug\libLib_MCU.a(lpc17xx_gpio.o)
 .text.GPIO_SetDir
                0x000031f8       0x54 C:\Users\Ashray Jain\Desktop\EE2024 Workspace\Lib_MCU\Debug\libLib_MCU.a(lpc17xx_gpio.o)
                0x000031f8                GPIO_SetDir
 .text.GPIO_SetValue
                0x0000324c       0x2c C:\Users\Ashray Jain\Desktop\EE2024 Workspace\Lib_MCU\Debug\libLib_MCU.a(lpc17xx_gpio.o)
                0x0000324c                GPIO_SetValue
 .text.GPIO_ClearValue
                0x00003278       0x2c C:\Users\Ashray Jain\Desktop\EE2024 Workspace\Lib_MCU\Debug\libLib_MCU.a(lpc17xx_gpio.o)
                0x00003278                GPIO_ClearValue
 .text.GPIO_ReadValue
                0x000032a4       0x38 C:\Users\Ashray Jain\Desktop\EE2024 Workspace\Lib_MCU\Debug\libLib_MCU.a(lpc17xx_gpio.o)
                0x000032a4                GPIO_ReadValue
 .text.I2C_getNum
                0x000032dc       0x60 C:\Users\Ashray Jain\Desktop\EE2024 Workspace\Lib_MCU\Debug\libLib_MCU.a(lpc17xx_i2c.o)
 .text.I2C_Start
                0x0000333c       0x40 C:\Users\Ashray Jain\Desktop\EE2024 Workspace\Lib_MCU\Debug\libLib_MCU.a(lpc17xx_i2c.o)
 .text.I2C_Stop
                0x0000337c       0x38 C:\Users\Ashray Jain\Desktop\EE2024 Workspace\Lib_MCU\Debug\libLib_MCU.a(lpc17xx_i2c.o)
 .text.I2C_SendByte
                0x000033b4       0x50 C:\Users\Ashray Jain\Desktop\EE2024 Workspace\Lib_MCU\Debug\libLib_MCU.a(lpc17xx_i2c.o)
 .text.I2C_GetByte
                0x00003404       0x58 C:\Users\Ashray Jain\Desktop\EE2024 Workspace\Lib_MCU\Debug\libLib_MCU.a(lpc17xx_i2c.o)
 .text.I2C_IntCmd
                0x0000345c       0xa8 C:\Users\Ashray Jain\Desktop\EE2024 Workspace\Lib_MCU\Debug\libLib_MCU.a(lpc17xx_i2c.o)
                0x0000345c                I2C_IntCmd
 .text.NVIC_EnableIRQ
                0x00003504       0x38 C:\Users\Ashray Jain\Desktop\EE2024 Workspace\Lib_MCU\Debug\libLib_MCU.a(lpc17xx_i2c.o)
 .text.NVIC_DisableIRQ
                0x0000353c       0x3c C:\Users\Ashray Jain\Desktop\EE2024 Workspace\Lib_MCU\Debug\libLib_MCU.a(lpc17xx_i2c.o)
 .text.I2C_MasterHandler
                0x00003578      0x410 C:\Users\Ashray Jain\Desktop\EE2024 Workspace\Lib_MCU\Debug\libLib_MCU.a(lpc17xx_i2c.o)
                0x00003578                I2C_MasterHandler
 .text.I2C_SetClock
                0x00003988       0xc8 C:\Users\Ashray Jain\Desktop\EE2024 Workspace\Lib_MCU\Debug\libLib_MCU.a(lpc17xx_i2c.o)
                0x00003988                I2C_SetClock
 .text.I2C_Init
                0x00003a50       0xd4 C:\Users\Ashray Jain\Desktop\EE2024 Workspace\Lib_MCU\Debug\libLib_MCU.a(lpc17xx_i2c.o)
                0x00003a50                I2C_Init
 .text.I2C_Cmd  0x00003b24       0x84 C:\Users\Ashray Jain\Desktop\EE2024 Workspace\Lib_MCU\Debug\libLib_MCU.a(lpc17xx_i2c.o)
                0x00003b24                I2C_Cmd
 .text.I2C_MasterTransferData
                0x00003ba8      0x374 C:\Users\Ashray Jain\Desktop\EE2024 Workspace\Lib_MCU\Debug\libLib_MCU.a(lpc17xx_i2c.o)
                0x00003ba8                I2C_MasterTransferData
 .text.PINSEL_SetPinFunc
                0x00003f1c       0xa4 C:\Users\Ashray Jain\Desktop\EE2024 Workspace\Lib_MCU\Debug\libLib_MCU.a(lpc17xx_pinsel.o)
                0x00003f1c                PINSEL_SetPinFunc
 .text.PINSEL_SetResistorMode
                0x00003fc0       0xa4 C:\Users\Ashray Jain\Desktop\EE2024 Workspace\Lib_MCU\Debug\libLib_MCU.a(lpc17xx_pinsel.o)
                0x00003fc0                PINSEL_SetResistorMode
 .text.PINSEL_SetOpenDrainMode
                0x00004064       0x84 C:\Users\Ashray Jain\Desktop\EE2024 Workspace\Lib_MCU\Debug\libLib_MCU.a(lpc17xx_pinsel.o)
                0x00004064                PINSEL_SetOpenDrainMode
 .text.PINSEL_ConfigPin
                0x000040e8       0x4c C:\Users\Ashray Jain\Desktop\EE2024 Workspace\Lib_MCU\Debug\libLib_MCU.a(lpc17xx_pinsel.o)
                0x000040e8                PINSEL_ConfigPin
 .text.SSP_getNum
                0x00004134       0x48 C:\Users\Ashray Jain\Desktop\EE2024 Workspace\Lib_MCU\Debug\libLib_MCU.a(lpc17xx_ssp.o)
 .text.SSP_IntHandler
                0x0000417c      0x324 C:\Users\Ashray Jain\Desktop\EE2024 Workspace\Lib_MCU\Debug\libLib_MCU.a(lpc17xx_ssp.o)
                0x0000417c                SSP_IntHandler
 .text.SSP_SetClock
                0x000044a0       0xf8 C:\Users\Ashray Jain\Desktop\EE2024 Workspace\Lib_MCU\Debug\libLib_MCU.a(lpc17xx_ssp.o)
                0x000044a0                SSP_SetClock
 .text.SSP_Init
                0x00004598      0x10c C:\Users\Ashray Jain\Desktop\EE2024 Workspace\Lib_MCU\Debug\libLib_MCU.a(lpc17xx_ssp.o)
                0x00004598                SSP_Init
 .text.SSP_ConfigStructInit
                0x000046a4       0x48 C:\Users\Ashray Jain\Desktop\EE2024 Workspace\Lib_MCU\Debug\libLib_MCU.a(lpc17xx_ssp.o)
                0x000046a4                SSP_ConfigStructInit
 .text.SSP_Cmd  0x000046ec       0x7c C:\Users\Ashray Jain\Desktop\EE2024 Workspace\Lib_MCU\Debug\libLib_MCU.a(lpc17xx_ssp.o)
                0x000046ec                SSP_Cmd
 .text.SSP_SendData
                0x00004768       0x48 C:\Users\Ashray Jain\Desktop\EE2024 Workspace\Lib_MCU\Debug\libLib_MCU.a(lpc17xx_ssp.o)
                0x00004768                SSP_SendData
 .text.SSP_ReceiveData
                0x000047b0       0x44 C:\Users\Ashray Jain\Desktop\EE2024 Workspace\Lib_MCU\Debug\libLib_MCU.a(lpc17xx_ssp.o)
                0x000047b0                SSP_ReceiveData
 .text.SSP_ReadWrite
                0x000047f4      0x448 C:\Users\Ashray Jain\Desktop\EE2024 Workspace\Lib_MCU\Debug\libLib_MCU.a(lpc17xx_ssp.o)
                0x000047f4                SSP_ReadWrite
 .text.TIM_GetPClock
                0x00004c3c       0x68 C:\Users\Ashray Jain\Desktop\EE2024 Workspace\Lib_MCU\Debug\libLib_MCU.a(lpc17xx_timer.o)
                0x00004c3c                TIM_GetPClock
 .text.TIM_ConverUSecToVal
                0x00004ca4       0x68 C:\Users\Ashray Jain\Desktop\EE2024 Workspace\Lib_MCU\Debug\libLib_MCU.a(lpc17xx_timer.o)
                0x00004ca4                TIM_ConverUSecToVal
 .text.TIM_ConverPtrToTimeNum
                0x00004d0c       0x74 C:\Users\Ashray Jain\Desktop\EE2024 Workspace\Lib_MCU\Debug\libLib_MCU.a(lpc17xx_timer.o)
                0x00004d0c                TIM_ConverPtrToTimeNum
 .text.TIM_ClearIntPending
                0x00004d80       0xa8 C:\Users\Ashray Jain\Desktop\EE2024 Workspace\Lib_MCU\Debug\libLib_MCU.a(lpc17xx_timer.o)
                0x00004d80                TIM_ClearIntPending
 .text.TIM_Init
                0x00004e28      0x1cc C:\Users\Ashray Jain\Desktop\EE2024 Workspace\Lib_MCU\Debug\libLib_MCU.a(lpc17xx_timer.o)
                0x00004e28                TIM_Init
 .text.TIM_Cmd  0x00004ff4       0x7c C:\Users\Ashray Jain\Desktop\EE2024 Workspace\Lib_MCU\Debug\libLib_MCU.a(lpc17xx_timer.o)
                0x00004ff4                TIM_Cmd
 .text.TIM_ResetCounter
                0x00005070       0x70 C:\Users\Ashray Jain\Desktop\EE2024 Workspace\Lib_MCU\Debug\libLib_MCU.a(lpc17xx_timer.o)
                0x00005070                TIM_ResetCounter
 .text.TIM_ConfigMatch
                0x000050e0      0x1a0 C:\Users\Ashray Jain\Desktop\EE2024 Workspace\Lib_MCU\Debug\libLib_MCU.a(lpc17xx_timer.o)
                0x000050e0                TIM_ConfigMatch
 .text.uart_set_divisors
                0x00005280      0x26c C:\Users\Ashray Jain\Desktop\EE2024 Workspace\Lib_MCU\Debug\libLib_MCU.a(lpc17xx_uart.o)
                0x00005280                uart_set_divisors
 .text.UART_Init
                0x000054ec      0x360 C:\Users\Ashray Jain\Desktop\EE2024 Workspace\Lib_MCU\Debug\libLib_MCU.a(lpc17xx_uart.o)
                0x000054ec                UART_Init
 .text.UART_TxCmd
                0x0000584c       0xf0 C:\Users\Ashray Jain\Desktop\EE2024 Workspace\Lib_MCU\Debug\libLib_MCU.a(lpc17xx_uart.o)
                0x0000584c                UART_TxCmd
 .text.CLKPWR_SetPCLKDiv
                0x0000593c       0xd0 C:\Users\Ashray Jain\Desktop\EE2024 Workspace\Lib_MCU\Debug\libLib_MCU.a(lpc17xx_clkpwr.o)
                0x0000593c                CLKPWR_SetPCLKDiv
 .text.CLKPWR_GetPCLKSEL
                0x00005a0c       0x54 C:\Users\Ashray Jain\Desktop\EE2024 Workspace\Lib_MCU\Debug\libLib_MCU.a(lpc17xx_clkpwr.o)
                0x00005a0c                CLKPWR_GetPCLKSEL
 .text.CLKPWR_GetPCLK
                0x00005a60       0x70 C:\Users\Ashray Jain\Desktop\EE2024 Workspace\Lib_MCU\Debug\libLib_MCU.a(lpc17xx_clkpwr.o)
                0x00005a60                CLKPWR_GetPCLK
 .text.CLKPWR_ConfigPPWR
                0x00005ad0       0x7c C:\Users\Ashray Jain\Desktop\EE2024 Workspace\Lib_MCU\Debug\libLib_MCU.a(lpc17xx_clkpwr.o)
                0x00005ad0                CLKPWR_ConfigPPWR
 .text          0x00005b4c      0x370 c:/nxp/lpcxpresso_3.6.3_317/tools/bin/../lib/gcc/arm-none-eabi/4.3.3/thumb2\libgcc.a(_arm_addsubdf3.o)
                0x00005e60                __floatdidf
                0x00005df0                __floatsidf
                0x00005dd0                __aeabi_ui2d
                0x00005b4c                __aeabi_drsub
                0x00005e14                __extendsfdf2
                0x00005b58                __adddf3
                0x00005dd0                __floatunsidf
                0x00005b58                __aeabi_dadd
                0x00005e50                __aeabi_ul2d
                0x00005b54                __aeabi_dsub
                0x00005e50                __floatundidf
                0x00005df0                __aeabi_i2d
                0x00005e60                __aeabi_l2d
                0x00005e14                __aeabi_f2d
                0x00005b54                __subdf3
 .text          0x00005ebc      0x424 c:/nxp/lpcxpresso_3.6.3_317/tools/bin/../lib/gcc/arm-none-eabi/4.3.3/thumb2\libgcc.a(_arm_muldivdf3.o)
                0x00006110                __aeabi_ddiv
                0x00005ebc                __aeabi_dmul
                0x00006110                __divdf3
                0x00005ebc                __muldf3
 .text          0x000062e0       0xa0 c:/nxp/lpcxpresso_3.6.3_317/tools/bin/../lib/gcc/arm-none-eabi/4.3.3/thumb2\libgcc.a(_arm_truncdfsf2.o)
                0x000062e0                __aeabi_d2f
                0x000062e0                __truncdfsf2
 .text          0x00006380      0x21c c:/nxp/lpcxpresso_3.6.3_317/tools/bin/../lib/gcc/arm-none-eabi/4.3.3/thumb2\libgcc.a(_arm_addsubsf3.o)
                0x0000638c                __aeabi_fadd
                0x00006388                __subsf3
                0x000064f4                __aeabi_i2f
                0x00006388                __aeabi_fsub
                0x00006520                __floatdisf
                0x000064f4                __floatsisf
                0x00006510                __floatundisf
                0x000064ec                __aeabi_ui2f
                0x00006520                __aeabi_l2f
                0x00006510                __aeabi_ul2f
                0x00006380                __aeabi_frsub
                0x000064ec                __floatunsisf
                0x0000638c                __addsf3
 .text          0x0000659c      0x2a0 c:/nxp/lpcxpresso_3.6.3_317/tools/bin/../lib/gcc/arm-none-eabi/4.3.3/thumb2\libgcc.a(_arm_muldivsf3.o)
                0x00006704                __divsf3
                0x00006704                __aeabi_fdiv
                0x0000659c                __mulsf3
                0x0000659c                __aeabi_fmul
 .text          0x0000683c       0xec c:/nxp/lpcxpresso_3.6.3_317/tools/bin/../lib/gcc/arm-none-eabi/4.3.3/thumb2\libgcc.a(_arm_cmpsf2.o)
                0x00006914                __aeabi_fcmpgt
                0x00006844                __lesf2
                0x0000684c                __nesf2
                0x00006900                __aeabi_fcmpge
                0x0000683c                __gtsf2
                0x000068ec                __aeabi_fcmple
                0x0000684c                __eqsf2
                0x0000684c                __cmpsf2
                0x00006844                __ltsf2
                0x000068b4                __aeabi_cfcmple
                0x0000683c                __gesf2
                0x000068c4                __aeabi_fcmpeq
                0x000068ac                __aeabi_cfrcmple
                0x000068d8                __aeabi_fcmplt
                0x000068b4                __aeabi_cfcmpeq
 .text          0x00006928       0x2c c:/nxp/lpcxpresso_3.6.3_317/tools/bin/../lib/gcc/arm-none-eabi/4.3.3/thumb2\libgcc.a(_aeabi_uldivmod.o)
                0x00006928                __aeabi_uldivmod
 .text          0x00006954       0x60 c:/nxp/lpcxpresso_3.6.3_317/tools/bin/../lib/gcc/arm-none-eabi/4.3.3/thumb2\libgcc.a(bpabi.o)
                0x00006954                __gnu_uldivmod_helper
                0x00006984                __gnu_ldivmod_helper
 .text          0x000069b4        0x4 c:/nxp/lpcxpresso_3.6.3_317/tools/bin/../lib/gcc/arm-none-eabi/4.3.3/thumb2\libgcc.a(_dvmd_tls.o)
                0x000069b4                __aeabi_ldiv0
                0x000069b4                __aeabi_idiv0
 .text          0x000069b8      0x40c c:/nxp/lpcxpresso_3.6.3_317/tools/bin/../lib/gcc/arm-none-eabi/4.3.3/thumb2\libgcc.a(_divdi3.o)
                0x000069b8                __divdi3
 .text          0x00006dc4      0x3cc c:/nxp/lpcxpresso_3.6.3_317/tools/bin/../lib/gcc/arm-none-eabi/4.3.3/thumb2\libgcc.a(_udivdi3.o)
                0x00006dc4                __udivdi3
 .text          0x00007190       0x8c c:/nxp/lpcxpresso_3.6.3_317/tools/bin/../lib/gcc/arm-none-eabi/4.3.3/thumb2\libgcc.a(_udivsi3.o)
                0x00007190                __udivsi3
                0x00007190                __aeabi_uidiv
                0x00007208                __aeabi_uidivmod
 .text          0x0000721c      0x12c c:/nxp/lpcxpresso_3.6.3_317/tools/bin/../lib/gcc/arm-none-eabi/4.3.3/../../../../arm-none-eabi/lib/thumb2\libc.a(lib_a-memcpy.o)
                0x0000721c                memcpy
 .text          0x00007348       0xb0 c:/nxp/lpcxpresso_3.6.3_317/tools/bin/../lib/gcc/arm-none-eabi/4.3.3/../../../../arm-none-eabi/lib/thumb2\libc.a(lib_a-memset.o)
                0x00007348                memset
 .text          0x000073f8       0x8c c:/nxp/lpcxpresso_3.6.3_317/tools/bin/../lib/gcc/arm-none-eabi/4.3.3/../../../../arm-none-eabi/lib/thumb2\libc.a(lib_a-sprintf.o)
                0x00007444                _sprintf_r
                0x000073f8                sprintf
 .text          0x00007484       0x48 c:/nxp/lpcxpresso_3.6.3_317/tools/bin/../lib/gcc/arm-none-eabi/4.3.3/../../../../arm-none-eabi/lib/thumb2\libc.a(lib_a-strcat.o)
                0x00007484                strcat
 .text          0x000074cc       0xbc c:/nxp/lpcxpresso_3.6.3_317/tools/bin/../lib/gcc/arm-none-eabi/4.3.3/../../../../arm-none-eabi/lib/thumb2\libc.a(lib_a-strcpy.o)
                0x000074cc                strcpy
 .text          0x00007588       0x60 c:/nxp/lpcxpresso_3.6.3_317/tools/bin/../lib/gcc/arm-none-eabi/4.3.3/../../../../arm-none-eabi/lib/thumb2\libc.a(lib_a-strlen.o)
                0x00007588                strlen
 .text          0x000075e8     0x1488 c:/nxp/lpcxpresso_3.6.3_317/tools/bin/../lib/gcc/arm-none-eabi/4.3.3/../../../../arm-none-eabi/lib/thumb2\libc.a(lib_a-svfprintf.o)
                0x000076e4                _svfprintf_r
 .text          0x00008a70      0xf88 c:/nxp/lpcxpresso_3.6.3_317/tools/bin/../lib/gcc/arm-none-eabi/4.3.3/../../../../arm-none-eabi/lib/thumb2\libc.a(lib_a-dtoa.o)
                0x00008ba0                _dtoa_r
 .text          0x000099f8      0x238 c:/nxp/lpcxpresso_3.6.3_317/tools/bin/../lib/gcc/arm-none-eabi/4.3.3/../../../../arm-none-eabi/lib/thumb2\libc.a(lib_a-freer.o)
                0x00009aa4                _free_r
                0x000099f8                _malloc_trim_r
 .text          0x00009c30       0x74 c:/nxp/lpcxpresso_3.6.3_317/tools/bin/../lib/gcc/arm-none-eabi/4.3.3/../../../../arm-none-eabi/lib/thumb2\libc.a(lib_a-locale.o)
                0x00009c4c                _setlocale_r
                0x00009c30                __locale_charset
                0x00009c3c                _localeconv_r
                0x00009c8c                setlocale
                0x00009c44                localeconv
 .text          0x00009ca4       0x28 c:/nxp/lpcxpresso_3.6.3_317/tools/bin/../lib/gcc/arm-none-eabi/4.3.3/../../../../arm-none-eabi/lib/thumb2\libc.a(lib_a-malloc.o)
                0x00009cb8                malloc
                0x00009ca4                free
 .text          0x00009ccc      0x530 c:/nxp/lpcxpresso_3.6.3_317/tools/bin/../lib/gcc/arm-none-eabi/4.3.3/../../../../arm-none-eabi/lib/thumb2\libc.a(lib_a-mallocr.o)
                0x00009ccc                _malloc_r
 .text          0x0000a1fc       0x7c c:/nxp/lpcxpresso_3.6.3_317/tools/bin/../lib/gcc/arm-none-eabi/4.3.3/../../../../arm-none-eabi/lib/thumb2\libc.a(lib_a-memchr.o)
                0x0000a1fc                memchr
 .text          0x0000a278       0xc0 c:/nxp/lpcxpresso_3.6.3_317/tools/bin/../lib/gcc/arm-none-eabi/4.3.3/../../../../arm-none-eabi/lib/thumb2\libc.a(lib_a-memmove.o)
                0x0000a278                memmove
 .text          0x0000a338        0x8 c:/nxp/lpcxpresso_3.6.3_317/tools/bin/../lib/gcc/arm-none-eabi/4.3.3/../../../../arm-none-eabi/lib/thumb2\libc.a(lib_a-mlock.o)
                0x0000a33c                __malloc_unlock
                0x0000a338                __malloc_lock
 .text          0x0000a340      0x92c c:/nxp/lpcxpresso_3.6.3_317/tools/bin/../lib/gcc/arm-none-eabi/4.3.3/../../../../arm-none-eabi/lib/thumb2\libc.a(lib_a-mprec.o)
                0x0000a56c                _mprec_log10
                0x0000a5f8                __any_on
                0x0000a68c                _Balloc
                0x0000a518                __ratio
                0x0000aa94                __i2b
                0x0000a46c                __b2d
                0x0000abd8                __s2b
                0x0000a3e4                __mcmp
                0x0000a340                __hi0bits
                0x0000ab24                __pow5mult
                0x0000a8b0                __lshift
                0x0000a964                __multiply
                0x0000a6fc                __d2b
                0x0000a5a8                __copybits
                0x0000a424                __ulp
                0x0000a7b4                __mdiff
                0x0000a380                __lo0bits
                0x0000aaa8                __multadd
                0x0000a65c                _Bfree
 .text          0x0000ac6c      0x388 c:/nxp/lpcxpresso_3.6.3_317/tools/bin/../lib/gcc/arm-none-eabi/4.3.3/../../../../arm-none-eabi/lib/thumb2\libc.a(lib_a-reallocr.o)
                0x0000ac6c                _realloc_r
 .text          0x0000aff4       0x28 c:/nxp/lpcxpresso_3.6.3_317/tools/bin/../lib/gcc/arm-none-eabi/4.3.3/../../../../arm-none-eabi/lib/thumb2\libc.a(lib_a-s_isinfd.o)
                0x0000aff4                __isinfd
 .text          0x0000b01c       0x1c c:/nxp/lpcxpresso_3.6.3_317/tools/bin/../lib/gcc/arm-none-eabi/4.3.3/../../../../arm-none-eabi/lib/thumb2\libc.a(lib_a-s_isnand.o)
                0x0000b01c                __isnand
 .text          0x0000b038       0x28 c:/nxp/lpcxpresso_3.6.3_317/tools/bin/../lib/gcc/arm-none-eabi/4.3.3/../../../../arm-none-eabi/lib/thumb2\libc.a(lib_a-sbrkr.o)
                0x0000b038                _sbrk_r
 .text          0x0000b060      0x1dc c:/nxp/lpcxpresso_3.6.3_317/tools/bin/../lib/gcc/arm-none-eabi/4.3.3/../../../../arm-none-eabi/lib/thumb2\libc.a(lib_a-strcmp.o)
                0x0000b060                strcmp
 .text          0x0000b23c       0x5c c:/nxp/lpcxpresso_3.6.3_317/tools/bin/../lib/gcc/arm-none-eabi/4.3.3/../../../../arm-none-eabi/lib/thumb2\libc.a(lib_a-callocr.o)
                0x0000b23c                _calloc_r
 .text._sbrk    0x0000b298       0x7c c:/nxp/lpcxpresso_3.6.3_317/tools/bin/../lib/gcc/arm-none-eabi/4.3.3/../../../../arm-none-eabi/lib/thumb2\libcr_newlib_semihost.a(syscalls.o)
                0x0000b298                _sbrk
 .text          0x0000b314      0x110 c:/nxp/lpcxpresso_3.6.3_317/tools/bin/../lib/gcc/arm-none-eabi/4.3.3/thumb2\libgcc.a(_arm_cmpdf2.o)
                0x0000b3e8                __aeabi_dcmple
                0x0000b324                __cmpdf2
                0x0000b324                __eqdf2
                0x0000b314                __gtdf2
                0x0000b3b0                __aeabi_cdcmple
                0x0000b3a0                __aeabi_cdrcmple
                0x0000b31c                __ltdf2
                0x0000b3d4                __aeabi_dcmplt
                0x0000b31c                __ledf2
                0x0000b410                __aeabi_dcmpgt
                0x0000b3fc                __aeabi_dcmpge
                0x0000b324                __nedf2
                0x0000b3c0                __aeabi_dcmpeq
                0x0000b3b0                __aeabi_cdcmpeq
                0x0000b314                __gedf2
 .text          0x0000b424       0x50 c:/nxp/lpcxpresso_3.6.3_317/tools/bin/../lib/gcc/arm-none-eabi/4.3.3/thumb2\libgcc.a(_arm_fixdfsi.o)
                0x0000b424                __fixdfsi
                0x0000b424                __aeabi_d2iz
 .text          0x0000b474        0xc c:/nxp/lpcxpresso_3.6.3_317/tools/bin/../lib/gcc/arm-none-eabi/4.3.3/../../../../arm-none-eabi/lib/thumb2\libc.a(lib_a-errno.o)
                0x0000b474                __errno
 *(.rodata .rodata.*)
 .rodata        0x0000b480       0xf0 ./src/main.o
                0x0000b486                RESET_PIN
                0x0000b490                ACC_THRESHOLD
                0x0000b498                notes
                0x0000b48c                TEMP_UPPER_LIMIT
                0x0000b494                FREQ_UPDATE_PERIOD_MS
                0x0000b488                LIGHT_PORT
                0x0000b480                CALIBRATED_PORT
                0x0000b4d0                tempStateStringMap
                0x0000b484                RESET_PORT
                0x0000b482                CALIBRATED_PIN
                0x0000b4eb                radiationStateStringMap
                0x0000b48e                ACC_UPDATE_PERIOD_MS
                0x0000b48a                LIGHT_PIN
 .rodata        0x0000b570        0x8 C:\Users\Ashray Jain\Desktop\EE2024 Workspace\Lib_EaBaseBoard\Debug\libLib_EaBaseBoard.a(oled.o)
 .rodata        0x0000b578        0x4 C:\Users\Ashray Jain\Desktop\EE2024 Workspace\Lib_EaBaseBoard\Debug\libLib_EaBaseBoard.a(pca9532.o)
 .rodata        0x0000b57c      0x300 C:\Users\Ashray Jain\Desktop\EE2024 Workspace\Lib_EaBaseBoard\Debug\libLib_EaBaseBoard.a(font5x7.o)
                0x0000b57c                font5x7
 .rodata        0x0000b87c       0x18 C:\Users\Ashray Jain\Desktop\EE2024 Workspace\Lib_MCU\Debug\libLib_MCU.a(lpc17xx_i2c.o)
 .rodata        0x0000b894       0x18 C:\Users\Ashray Jain\Desktop\EE2024 Workspace\Lib_MCU\Debug\libLib_MCU.a(lpc17xx_ssp.o)
 .rodata        0x0000b8ac       0x18 C:\Users\Ashray Jain\Desktop\EE2024 Workspace\Lib_MCU\Debug\libLib_MCU.a(lpc17xx_timer.o)
 .rodata        0x0000b8c4       0x18 C:\Users\Ashray Jain\Desktop\EE2024 Workspace\Lib_MCU\Debug\libLib_MCU.a(lpc17xx_uart.o)
 .rodata        0x0000b8dc      0x100 c:/nxp/lpcxpresso_3.6.3_317/tools/bin/../lib/gcc/arm-none-eabi/4.3.3/thumb2\libgcc.a(_clz.o)
                0x0000b8dc                __clz_tab
 .rodata        0x0000b9dc       0x20 c:/nxp/lpcxpresso_3.6.3_317/tools/bin/../lib/gcc/arm-none-eabi/4.3.3/../../../../arm-none-eabi/lib/thumb2\libc.a(lib_a-svfprintf.o)
 .rodata.str1.4
                0x0000b9fc       0x5e c:/nxp/lpcxpresso_3.6.3_317/tools/bin/../lib/gcc/arm-none-eabi/4.3.3/../../../../arm-none-eabi/lib/thumb2\libc.a(lib_a-svfprintf.o)
                                 0x60 (size before relaxing)
 *fill*         0x0000ba5a        0x2 00
 .rodata.str1.4
                0x0000ba5c       0x10 c:/nxp/lpcxpresso_3.6.3_317/tools/bin/../lib/gcc/arm-none-eabi/4.3.3/../../../../arm-none-eabi/lib/thumb2\libc.a(lib_a-dtoa.o)
                                 0x14 (size before relaxing)
 .rodata.str1.4
                0x0000ba6c        0x2 c:/nxp/lpcxpresso_3.6.3_317/tools/bin/../lib/gcc/arm-none-eabi/4.3.3/../../../../arm-none-eabi/lib/thumb2\libc.a(lib_a-impure.o)
                                  0x4 (size before relaxing)
 *fill*         0x0000ba6e        0x2 00
 .rodata        0x0000ba70       0x34 c:/nxp/lpcxpresso_3.6.3_317/tools/bin/../lib/gcc/arm-none-eabi/4.3.3/../../../../arm-none-eabi/lib/thumb2\libc.a(lib_a-locale.o)
 .rodata.str1.4
                0x0000baa4       0x10 c:/nxp/lpcxpresso_3.6.3_317/tools/bin/../lib/gcc/arm-none-eabi/4.3.3/../../../../arm-none-eabi/lib/thumb2\libc.a(lib_a-locale.o)
                                 0x18 (size before relaxing)
 *fill*         0x0000bab4        0x4 00
 .rodata        0x0000bab8      0x128 c:/nxp/lpcxpresso_3.6.3_317/tools/bin/../lib/gcc/arm-none-eabi/4.3.3/../../../../arm-none-eabi/lib/thumb2\libc.a(lib_a-mprec.o)
                0x0000bbb8                __mprec_tinytens
                0x0000bab8                __mprec_tens
                0x0000bb90                __mprec_bigtens
                0x0000bbe0                . = ALIGN (0x4)

.glue_7         0x0000bbe0        0x0
 .glue_7        0x00000000        0x0 linker stubs

.glue_7t        0x0000bbe0        0x0
 .glue_7t       0x00000000        0x0 linker stubs

.vfp11_veneer   0x0000bbe0        0x0
 .vfp11_veneer  0x00000000        0x0 linker stubs

.v4_bx          0x0000bbe0        0x0
 .v4_bx         0x00000000        0x0 linker stubs

.ARM.extab
 *(.ARM.extab* .gnu.linkonce.armextab.*)
                0x0000bbe0                __exidx_start = .

.ARM.exidx      0x0000bbe0        0x8
 *(.ARM.exidx* .gnu.linkonce.armexidx.*)
 .ARM.exidx     0x0000bbe0        0x8 c:/nxp/lpcxpresso_3.6.3_317/tools/bin/../lib/gcc/arm-none-eabi/4.3.3/thumb2\libgcc.a(_divdi3.o)
 .ARM.exidx     0x0000bbe8        0x0 c:/nxp/lpcxpresso_3.6.3_317/tools/bin/../lib/gcc/arm-none-eabi/4.3.3/thumb2\libgcc.a(_udivdi3.o)
                                  0x8 (size before relaxing)
                0x0000bbe8                __exidx_end = .
                0x0000bbe8                _etext = .

.data_RAM2      0x2007c000        0x0 load address 0x0000bbe8
 FILL mask 0xff
 *(.data.$RAM2*)
 *(.data.$RamAHB32*)
                0x2007c000                . = ALIGN (0x4)

.data_RAM3      0x40038000        0x0 load address 0x0000bbe8
 FILL mask 0xff
 *(.data.$RAM3*)
 *(.data.$CANAccFilterRAM*)
                0x40038000                . = ALIGN (0x4)

.uninit_RESERVED
 *(.bss.$RESERVED*)

.data           0x10000000      0x56c load address 0x0000bbe8
 FILL mask 0xff
                0x10000000                _data = .
 *(vtable)
 *(.data*)
 .data          0x10000000        0xa ./src/main.o
                0x10000006                REPORTING_PERIOD_MS
                0x10000004                UNSAFE_UPPER_HZ
                0x10000002                UNSAFE_LOWER_HZ
                0x10000000                TIME_WINDOW_MS
                0x10000008                radiationState
 *fill*         0x1000000a        0x2 00
 .data          0x1000000c        0x4 C:\Users\Ashray Jain\Desktop\EE2024 Workspace\Lib_CMSISv1p30_LPC17xx\Debug\libCMSISv1p30_LPC17xx.a(system_LPC17xx.o)
                0x1000000c                SystemCoreClock
 .data          0x10000010       0x50 C:\Users\Ashray Jain\Desktop\EE2024 Workspace\Lib_EaBaseBoard\Debug\libLib_EaBaseBoard.a(led7seg.o)
 .data          0x10000060        0x8 C:\Users\Ashray Jain\Desktop\EE2024 Workspace\Lib_EaBaseBoard\Debug\libLib_EaBaseBoard.a(light.o)
 .data          0x10000068       0xf4 c:/nxp/lpcxpresso_3.6.3_317/tools/bin/../lib/gcc/arm-none-eabi/4.3.3/../../../../arm-none-eabi/lib/thumb2\libc.a(lib_a-impure.o)
                0x10000068                _impure_ptr
 .data          0x1000015c      0x410 c:/nxp/lpcxpresso_3.6.3_317/tools/bin/../lib/gcc/arm-none-eabi/4.3.3/../../../../arm-none-eabi/lib/thumb2\libc.a(lib_a-mallocr.o)
                0x10000564                __malloc_sbrk_base
                0x1000015c                __malloc_av_
                0x10000568                __malloc_trim_threshold
                0x1000056c                . = ALIGN (0x4)
                0x1000056c                _edata = .

.bss_RAM2       0x2007c000        0x0
 *(.bss.$RAM2*)
 *(.bss.$RamAHB32*)
                0x2007c000                . = ALIGN (0x4)

.bss_RAM3       0x40038000        0x0
 *(.bss.$RAM3*)
 *(.bss.$CANAccFilterRAM*)
                0x40038000                . = ALIGN (0x4)

.bss            0x1000056c      0x40c
                0x1000056c                _bss = .
 *(.bss*)
 .bss           0x1000056c       0x78 ./src/main.o
                0x1000057c                temp_i
                0x100005d8                accTick
                0x1000058c                accValues
                0x100005bc                prevAccZAvgValue
                0x10000587                accXOffset
                0x100005ce                setWarningToStop
                0x100005d0                setWarningToStart
                0x10000586                accZ
                0x100005c0                hasCrossedAccThreshold
                0x1000056c                countDownStarted
                0x10000570                currentCountValue
                0x1000058a                accZValToRemove
                0x100005cc                isWarningOn
                0x100005dc                warningTick
                0x100005d4                oneSecondTick
                0x10000580                temp_pointer
                0x100005c8                currentFrequency
                0x100005b8                currentAccZAvgValue
                0x10000578                temp_t2
                0x10000574                temp_t1
                0x100005b4                currentAccIdx
                0x100005c4                currentFreqCounter
                0x10000589                accZOffset
                0x10000585                accY
                0x10000588                accYOffset
                0x10000584                accX
 .bss           0x100005e4      0x300 C:\Users\Ashray Jain\Desktop\EE2024 Workspace\Lib_EaBaseBoard\Debug\libLib_EaBaseBoard.a(oled.o)
 .bss           0x100008e4        0x6 C:\Users\Ashray Jain\Desktop\EE2024 Workspace\Lib_EaBaseBoard\Debug\libLib_EaBaseBoard.a(pca9532.o)
 *fill*         0x100008ea        0x2 00
 .bss           0x100008ec       0x24 C:\Users\Ashray Jain\Desktop\EE2024 Workspace\Lib_MCU\Debug\libLib_MCU.a(lpc17xx_i2c.o)
 .bss           0x10000910       0x18 C:\Users\Ashray Jain\Desktop\EE2024 Workspace\Lib_MCU\Debug\libLib_MCU.a(lpc17xx_ssp.o)
 .bss           0x10000928       0x34 c:/nxp/lpcxpresso_3.6.3_317/tools/bin/../lib/gcc/arm-none-eabi/4.3.3/../../../../arm-none-eabi/lib/thumb2\libc.a(lib_a-mallocr.o)
                0x10000928                __malloc_top_pad
                0x10000954                __malloc_max_sbrked_mem
                0x1000092c                __malloc_current_mallinfo
                0x10000958                __malloc_max_total_mem
 .bss.heap_end.2542
                0x1000095c        0x4 c:/nxp/lpcxpresso_3.6.3_317/tools/bin/../lib/gcc/arm-none-eabi/4.3.3/../../../../arm-none-eabi/lib/thumb2\libcr_newlib_semihost.a(syscalls.o)
 .bss.heap_base.2543
                0x10000960        0x4 c:/nxp/lpcxpresso_3.6.3_317/tools/bin/../lib/gcc/arm-none-eabi/4.3.3/../../../../arm-none-eabi/lib/thumb2\libcr_newlib_semihost.a(syscalls.o)
 *(COMMON)
 COMMON         0x10000964        0xd ./src/main.o
                0x10000964                currentTemperatureReading
                0x10000968                buzzerState
                0x10000969                currentState
                0x1000096a                accMode
                0x1000096b                flutterState
                0x1000096c                msTicks
                0x10000970                temperatureState
 *fill*         0x10000971        0x3 00
 COMMON         0x10000974        0x4 c:/nxp/lpcxpresso_3.6.3_317/tools/bin/../lib/gcc/arm-none-eabi/4.3.3/../../../../arm-none-eabi/lib/thumb2\libc.a(lib_a-reent.o)
                0x10000974                errno
                0x10000978                . = ALIGN (0x4)
                0x10000978                _ebss = .
                0x10000978                PROVIDE (end, .)
                0x10000978                PROVIDE (_pvHeapStart, .)
                0x10008000                PROVIDE (_vStackTop, (__top_RamLoc32 - 0x0))
OUTPUT(Assignment2.axf elf32-littlearm)

.debug_abbrev   0x00000000     0x192f
 .debug_abbrev  0x00000000       0xbd ./src/cr_startup_lpc17.o
 .debug_abbrev  0x000000bd      0x275 ./src/main.o
 .debug_abbrev  0x00000332       0xc6 C:\Users\Ashray Jain\Desktop\EE2024 Workspace\Lib_CMSISv1p30_LPC17xx\Debug\libCMSISv1p30_LPC17xx.a(system_LPC17xx.o)
 .debug_abbrev  0x000003f8      0x165 C:\Users\Ashray Jain\Desktop\EE2024 Workspace\Lib_EaBaseBoard\Debug\libLib_EaBaseBoard.a(acc.o)
 .debug_abbrev  0x0000055d      0x151 C:\Users\Ashray Jain\Desktop\EE2024 Workspace\Lib_EaBaseBoard\Debug\libLib_EaBaseBoard.a(led7seg.o)
 .debug_abbrev  0x000006ae      0x1c6 C:\Users\Ashray Jain\Desktop\EE2024 Workspace\Lib_EaBaseBoard\Debug\libLib_EaBaseBoard.a(light.o)
 .debug_abbrev  0x00000874      0x1ed C:\Users\Ashray Jain\Desktop\EE2024 Workspace\Lib_EaBaseBoard\Debug\libLib_EaBaseBoard.a(oled.o)
 .debug_abbrev  0x00000a61      0x1b3 C:\Users\Ashray Jain\Desktop\EE2024 Workspace\Lib_EaBaseBoard\Debug\libLib_EaBaseBoard.a(pca9532.o)
 .debug_abbrev  0x00000c14       0x97 C:\Users\Ashray Jain\Desktop\EE2024 Workspace\Lib_EaBaseBoard\Debug\libLib_EaBaseBoard.a(rgb.o)
 .debug_abbrev  0x00000cab       0x54 C:\Users\Ashray Jain\Desktop\EE2024 Workspace\Lib_EaBaseBoard\Debug\libLib_EaBaseBoard.a(font5x7.o)
 .debug_abbrev  0x00000cff      0x18e C:\Users\Ashray Jain\Desktop\EE2024 Workspace\Lib_MCU\Debug\libLib_MCU.a(lpc17xx_gpio.o)
 .debug_abbrev  0x00000e8d      0x253 C:\Users\Ashray Jain\Desktop\EE2024 Workspace\Lib_MCU\Debug\libLib_MCU.a(lpc17xx_i2c.o)
 .debug_abbrev  0x000010e0      0x113 C:\Users\Ashray Jain\Desktop\EE2024 Workspace\Lib_MCU\Debug\libLib_MCU.a(lpc17xx_pinsel.o)
 .debug_abbrev  0x000011f3      0x1dc C:\Users\Ashray Jain\Desktop\EE2024 Workspace\Lib_MCU\Debug\libLib_MCU.a(lpc17xx_ssp.o)
 .debug_abbrev  0x000013cf      0x1a8 C:\Users\Ashray Jain\Desktop\EE2024 Workspace\Lib_MCU\Debug\libLib_MCU.a(lpc17xx_timer.o)
 .debug_abbrev  0x00001577      0x23b C:\Users\Ashray Jain\Desktop\EE2024 Workspace\Lib_MCU\Debug\libLib_MCU.a(lpc17xx_uart.o)
 .debug_abbrev  0x000017b2      0x17d C:\Users\Ashray Jain\Desktop\EE2024 Workspace\Lib_MCU\Debug\libLib_MCU.a(lpc17xx_clkpwr.o)

.debug_info     0x00000000     0x897b
 .debug_info    0x00000000      0x1ec ./src/cr_startup_lpc17.o
 .debug_info    0x000001ec     0x1c0d ./src/main.o
 .debug_info    0x00001df9      0x334 C:\Users\Ashray Jain\Desktop\EE2024 Workspace\Lib_CMSISv1p30_LPC17xx\Debug\libCMSISv1p30_LPC17xx.a(system_LPC17xx.o)
 .debug_info    0x0000212d      0x526 C:\Users\Ashray Jain\Desktop\EE2024 Workspace\Lib_EaBaseBoard\Debug\libLib_EaBaseBoard.a(acc.o)
 .debug_info    0x00002653      0x26b C:\Users\Ashray Jain\Desktop\EE2024 Workspace\Lib_EaBaseBoard\Debug\libLib_EaBaseBoard.a(led7seg.o)
 .debug_info    0x000028be      0x74c C:\Users\Ashray Jain\Desktop\EE2024 Workspace\Lib_EaBaseBoard\Debug\libLib_EaBaseBoard.a(light.o)
 .debug_info    0x0000300a      0x954 C:\Users\Ashray Jain\Desktop\EE2024 Workspace\Lib_EaBaseBoard\Debug\libLib_EaBaseBoard.a(oled.o)
 .debug_info    0x0000395e      0x62b C:\Users\Ashray Jain\Desktop\EE2024 Workspace\Lib_EaBaseBoard\Debug\libLib_EaBaseBoard.a(pca9532.o)
 .debug_info    0x00003f89       0xd9 C:\Users\Ashray Jain\Desktop\EE2024 Workspace\Lib_EaBaseBoard\Debug\libLib_EaBaseBoard.a(rgb.o)
 .debug_info    0x00004062       0x61 C:\Users\Ashray Jain\Desktop\EE2024 Workspace\Lib_EaBaseBoard\Debug\libLib_EaBaseBoard.a(font5x7.o)
 .debug_info    0x000040c3      0xb8a C:\Users\Ashray Jain\Desktop\EE2024 Workspace\Lib_MCU\Debug\libLib_MCU.a(lpc17xx_gpio.o)
 .debug_info    0x00004c4d      0xcad C:\Users\Ashray Jain\Desktop\EE2024 Workspace\Lib_MCU\Debug\libLib_MCU.a(lpc17xx_i2c.o)
 .debug_info    0x000058fa      0x49b C:\Users\Ashray Jain\Desktop\EE2024 Workspace\Lib_MCU\Debug\libLib_MCU.a(lpc17xx_pinsel.o)
 .debug_info    0x00005d95      0x85c C:\Users\Ashray Jain\Desktop\EE2024 Workspace\Lib_MCU\Debug\libLib_MCU.a(lpc17xx_ssp.o)
 .debug_info    0x000065f1      0x8d9 C:\Users\Ashray Jain\Desktop\EE2024 Workspace\Lib_MCU\Debug\libLib_MCU.a(lpc17xx_timer.o)
 .debug_info    0x00006eca     0x149e C:\Users\Ashray Jain\Desktop\EE2024 Workspace\Lib_MCU\Debug\libLib_MCU.a(lpc17xx_uart.o)
 .debug_info    0x00008368      0x613 C:\Users\Ashray Jain\Desktop\EE2024 Workspace\Lib_MCU\Debug\libLib_MCU.a(lpc17xx_clkpwr.o)

.debug_line     0x00000000     0x51d2
 .debug_line    0x00000000      0x24c ./src/cr_startup_lpc17.o
 .debug_line    0x0000024c      0xc33 ./src/main.o
 .debug_line    0x00000e7f      0x313 C:\Users\Ashray Jain\Desktop\EE2024 Workspace\Lib_CMSISv1p30_LPC17xx\Debug\libCMSISv1p30_LPC17xx.a(system_LPC17xx.o)
 .debug_line    0x00001192      0x426 C:\Users\Ashray Jain\Desktop\EE2024 Workspace\Lib_EaBaseBoard\Debug\libLib_EaBaseBoard.a(acc.o)
 .debug_line    0x000015b8      0x3a1 C:\Users\Ashray Jain\Desktop\EE2024 Workspace\Lib_EaBaseBoard\Debug\libLib_EaBaseBoard.a(led7seg.o)
 .debug_line    0x00001959      0x4d1 C:\Users\Ashray Jain\Desktop\EE2024 Workspace\Lib_EaBaseBoard\Debug\libLib_EaBaseBoard.a(light.o)
 .debug_line    0x00001e2a      0x5c2 C:\Users\Ashray Jain\Desktop\EE2024 Workspace\Lib_EaBaseBoard\Debug\libLib_EaBaseBoard.a(oled.o)
 .debug_line    0x000023ec      0x494 C:\Users\Ashray Jain\Desktop\EE2024 Workspace\Lib_EaBaseBoard\Debug\libLib_EaBaseBoard.a(pca9532.o)
 .debug_line    0x00002880      0x385 C:\Users\Ashray Jain\Desktop\EE2024 Workspace\Lib_EaBaseBoard\Debug\libLib_EaBaseBoard.a(rgb.o)
 .debug_line    0x00002c05       0x83 C:\Users\Ashray Jain\Desktop\EE2024 Workspace\Lib_EaBaseBoard\Debug\libLib_EaBaseBoard.a(font5x7.o)
 .debug_line    0x00002c88      0x516 C:\Users\Ashray Jain\Desktop\EE2024 Workspace\Lib_MCU\Debug\libLib_MCU.a(lpc17xx_gpio.o)
 .debug_line    0x0000319e      0x673 C:\Users\Ashray Jain\Desktop\EE2024 Workspace\Lib_MCU\Debug\libLib_MCU.a(lpc17xx_i2c.o)
 .debug_line    0x00003811      0x3a7 C:\Users\Ashray Jain\Desktop\EE2024 Workspace\Lib_MCU\Debug\libLib_MCU.a(lpc17xx_pinsel.o)
 .debug_line    0x00003bb8      0x5a9 C:\Users\Ashray Jain\Desktop\EE2024 Workspace\Lib_MCU\Debug\libLib_MCU.a(lpc17xx_ssp.o)
 .debug_line    0x00004161      0x532 C:\Users\Ashray Jain\Desktop\EE2024 Workspace\Lib_MCU\Debug\libLib_MCU.a(lpc17xx_timer.o)
 .debug_line    0x00004693      0x75e C:\Users\Ashray Jain\Desktop\EE2024 Workspace\Lib_MCU\Debug\libLib_MCU.a(lpc17xx_uart.o)
 .debug_line    0x00004df1      0x3e1 C:\Users\Ashray Jain\Desktop\EE2024 Workspace\Lib_MCU\Debug\libLib_MCU.a(lpc17xx_clkpwr.o)

.debug_macinfo  0x00000000    0x7f985
 .debug_macinfo
                0x00000000     0x151f ./src/cr_startup_lpc17.o
 .debug_macinfo
                0x0000151f     0xcf2d ./src/main.o
 .debug_macinfo
                0x0000e44c     0x6d5c C:\Users\Ashray Jain\Desktop\EE2024 Workspace\Lib_CMSISv1p30_LPC17xx\Debug\libCMSISv1p30_LPC17xx.a(system_LPC17xx.o)
 .debug_macinfo
                0x000151a8     0x787f C:\Users\Ashray Jain\Desktop\EE2024 Workspace\Lib_EaBaseBoard\Debug\libLib_EaBaseBoard.a(acc.o)
 .debug_macinfo
                0x0001ca27     0x8007 C:\Users\Ashray Jain\Desktop\EE2024 Workspace\Lib_EaBaseBoard\Debug\libLib_EaBaseBoard.a(led7seg.o)
 .debug_macinfo
                0x00024a2e     0x779e C:\Users\Ashray Jain\Desktop\EE2024 Workspace\Lib_EaBaseBoard\Debug\libLib_EaBaseBoard.a(light.o)
 .debug_macinfo
                0x0002c1cc     0x8aa7 C:\Users\Ashray Jain\Desktop\EE2024 Workspace\Lib_EaBaseBoard\Debug\libLib_EaBaseBoard.a(oled.o)
 .debug_macinfo
                0x00034c73     0x77bd C:\Users\Ashray Jain\Desktop\EE2024 Workspace\Lib_EaBaseBoard\Debug\libLib_EaBaseBoard.a(pca9532.o)
 .debug_macinfo
                0x0003c430     0x6eb0 C:\Users\Ashray Jain\Desktop\EE2024 Workspace\Lib_EaBaseBoard\Debug\libLib_EaBaseBoard.a(rgb.o)
 .debug_macinfo
                0x000432e0     0x1cb1 C:\Users\Ashray Jain\Desktop\EE2024 Workspace\Lib_EaBaseBoard\Debug\libLib_EaBaseBoard.a(font5x7.o)
 .debug_macinfo
                0x00044f91     0x701c C:\Users\Ashray Jain\Desktop\EE2024 Workspace\Lib_MCU\Debug\libLib_MCU.a(lpc17xx_gpio.o)
 .debug_macinfo
                0x0004bfad     0x8f3c C:\Users\Ashray Jain\Desktop\EE2024 Workspace\Lib_MCU\Debug\libLib_MCU.a(lpc17xx_i2c.o)
 .debug_macinfo
                0x00054ee9     0x7137 C:\Users\Ashray Jain\Desktop\EE2024 Workspace\Lib_MCU\Debug\libLib_MCU.a(lpc17xx_pinsel.o)
 .debug_macinfo
                0x0005c020     0x9234 C:\Users\Ashray Jain\Desktop\EE2024 Workspace\Lib_MCU\Debug\libLib_MCU.a(lpc17xx_ssp.o)
 .debug_macinfo
                0x00065254     0x8e31 C:\Users\Ashray Jain\Desktop\EE2024 Workspace\Lib_MCU\Debug\libLib_MCU.a(lpc17xx_timer.o)
 .debug_macinfo
                0x0006e085     0x99a3 C:\Users\Ashray Jain\Desktop\EE2024 Workspace\Lib_MCU\Debug\libLib_MCU.a(lpc17xx_uart.o)
 .debug_macinfo
                0x00077a28     0x7f5d C:\Users\Ashray Jain\Desktop\EE2024 Workspace\Lib_MCU\Debug\libLib_MCU.a(lpc17xx_clkpwr.o)

.debug_frame    0x00000000     0x2758
 .debug_frame   0x00000000      0x120 ./src/cr_startup_lpc17.o
 .debug_frame   0x00000120      0x604 ./src/main.o
 .debug_frame   0x00000724       0x48 C:\Users\Ashray Jain\Desktop\EE2024 Workspace\Lib_CMSISv1p30_LPC17xx\Debug\libCMSISv1p30_LPC17xx.a(system_LPC17xx.o)
 .debug_frame   0x0000076c      0x12c C:\Users\Ashray Jain\Desktop\EE2024 Workspace\Lib_EaBaseBoard\Debug\libLib_EaBaseBoard.a(acc.o)
 .debug_frame   0x00000898       0x4c C:\Users\Ashray Jain\Desktop\EE2024 Workspace\Lib_EaBaseBoard\Debug\libLib_EaBaseBoard.a(led7seg.o)
 .debug_frame   0x000008e4      0x208 C:\Users\Ashray Jain\Desktop\EE2024 Workspace\Lib_EaBaseBoard\Debug\libLib_EaBaseBoard.a(light.o)
 .debug_frame   0x00000aec      0x1fc C:\Users\Ashray Jain\Desktop\EE2024 Workspace\Lib_EaBaseBoard\Debug\libLib_EaBaseBoard.a(oled.o)
 .debug_frame   0x00000ce8      0x1a8 C:\Users\Ashray Jain\Desktop\EE2024 Workspace\Lib_EaBaseBoard\Debug\libLib_EaBaseBoard.a(pca9532.o)
 .debug_frame   0x00000e90       0x4c C:\Users\Ashray Jain\Desktop\EE2024 Workspace\Lib_EaBaseBoard\Debug\libLib_EaBaseBoard.a(rgb.o)
 .debug_frame   0x00000edc      0x2c4 C:\Users\Ashray Jain\Desktop\EE2024 Workspace\Lib_MCU\Debug\libLib_MCU.a(lpc17xx_gpio.o)
 .debug_frame   0x000011a0      0x2c8 C:\Users\Ashray Jain\Desktop\EE2024 Workspace\Lib_MCU\Debug\libLib_MCU.a(lpc17xx_i2c.o)
 .debug_frame   0x00001468       0xbc C:\Users\Ashray Jain\Desktop\EE2024 Workspace\Lib_MCU\Debug\libLib_MCU.a(lpc17xx_pinsel.o)
 .debug_frame   0x00001524      0x280 C:\Users\Ashray Jain\Desktop\EE2024 Workspace\Lib_MCU\Debug\libLib_MCU.a(lpc17xx_ssp.o)
 .debug_frame   0x000017a4      0x22c C:\Users\Ashray Jain\Desktop\EE2024 Workspace\Lib_MCU\Debug\libLib_MCU.a(lpc17xx_timer.o)
 .debug_frame   0x000019d0      0x44c C:\Users\Ashray Jain\Desktop\EE2024 Workspace\Lib_MCU\Debug\libLib_MCU.a(lpc17xx_uart.o)
 .debug_frame   0x00001e1c      0x10c C:\Users\Ashray Jain\Desktop\EE2024 Workspace\Lib_MCU\Debug\libLib_MCU.a(lpc17xx_clkpwr.o)
 .debug_frame   0x00001f28       0x50 c:/nxp/lpcxpresso_3.6.3_317/tools/bin/../lib/gcc/arm-none-eabi/4.3.3/thumb2\libgcc.a(bpabi.o)
 .debug_frame   0x00001f78       0x38 c:/nxp/lpcxpresso_3.6.3_317/tools/bin/../lib/gcc/arm-none-eabi/4.3.3/thumb2\libgcc.a(_divdi3.o)
 .debug_frame   0x00001fb0       0x38 c:/nxp/lpcxpresso_3.6.3_317/tools/bin/../lib/gcc/arm-none-eabi/4.3.3/thumb2\libgcc.a(_udivdi3.o)
 .debug_frame   0x00001fe8       0x20 c:/nxp/lpcxpresso_3.6.3_317/tools/bin/../lib/gcc/arm-none-eabi/4.3.3/thumb2\libgcc.a(_udivsi3.o)
 .debug_frame   0x00002008       0x30 c:/nxp/lpcxpresso_3.6.3_317/tools/bin/../lib/gcc/arm-none-eabi/4.3.3/../../../../arm-none-eabi/lib/thumb2\libc.a(lib_a-memcpy.o)
 .debug_frame   0x00002038       0x28 c:/nxp/lpcxpresso_3.6.3_317/tools/bin/../lib/gcc/arm-none-eabi/4.3.3/../../../../arm-none-eabi/lib/thumb2\libc.a(lib_a-memset.o)
 .debug_frame   0x00002060       0x58 c:/nxp/lpcxpresso_3.6.3_317/tools/bin/../lib/gcc/arm-none-eabi/4.3.3/../../../../arm-none-eabi/lib/thumb2\libc.a(lib_a-sprintf.o)
 .debug_frame   0x000020b8       0x28 c:/nxp/lpcxpresso_3.6.3_317/tools/bin/../lib/gcc/arm-none-eabi/4.3.3/../../../../arm-none-eabi/lib/thumb2\libc.a(lib_a-strcat.o)
 .debug_frame   0x000020e0       0x20 c:/nxp/lpcxpresso_3.6.3_317/tools/bin/../lib/gcc/arm-none-eabi/4.3.3/../../../../arm-none-eabi/lib/thumb2\libc.a(lib_a-strcpy.o)
 .debug_frame   0x00002100       0x20 c:/nxp/lpcxpresso_3.6.3_317/tools/bin/../lib/gcc/arm-none-eabi/4.3.3/../../../../arm-none-eabi/lib/thumb2\libc.a(lib_a-strlen.o)
 .debug_frame   0x00002120       0x64 c:/nxp/lpcxpresso_3.6.3_317/tools/bin/../lib/gcc/arm-none-eabi/4.3.3/../../../../arm-none-eabi/lib/thumb2\libc.a(lib_a-svfprintf.o)
 .debug_frame   0x00002184       0x64 c:/nxp/lpcxpresso_3.6.3_317/tools/bin/../lib/gcc/arm-none-eabi/4.3.3/../../../../arm-none-eabi/lib/thumb2\libc.a(lib_a-dtoa.o)
 .debug_frame   0x000021e8       0x50 c:/nxp/lpcxpresso_3.6.3_317/tools/bin/../lib/gcc/arm-none-eabi/4.3.3/../../../../arm-none-eabi/lib/thumb2\libc.a(lib_a-freer.o)
 .debug_frame   0x00002238       0x74 c:/nxp/lpcxpresso_3.6.3_317/tools/bin/../lib/gcc/arm-none-eabi/4.3.3/../../../../arm-none-eabi/lib/thumb2\libc.a(lib_a-locale.o)
 .debug_frame   0x000022ac       0x40 c:/nxp/lpcxpresso_3.6.3_317/tools/bin/../lib/gcc/arm-none-eabi/4.3.3/../../../../arm-none-eabi/lib/thumb2\libc.a(lib_a-malloc.o)
 .debug_frame   0x000022ec       0x38 c:/nxp/lpcxpresso_3.6.3_317/tools/bin/../lib/gcc/arm-none-eabi/4.3.3/../../../../arm-none-eabi/lib/thumb2\libc.a(lib_a-mallocr.o)
 .debug_frame   0x00002324       0x28 c:/nxp/lpcxpresso_3.6.3_317/tools/bin/../lib/gcc/arm-none-eabi/4.3.3/../../../../arm-none-eabi/lib/thumb2\libc.a(lib_a-memchr.o)
 .debug_frame   0x0000234c       0x2c c:/nxp/lpcxpresso_3.6.3_317/tools/bin/../lib/gcc/arm-none-eabi/4.3.3/../../../../arm-none-eabi/lib/thumb2\libc.a(lib_a-memmove.o)
 .debug_frame   0x00002378       0x30 c:/nxp/lpcxpresso_3.6.3_317/tools/bin/../lib/gcc/arm-none-eabi/4.3.3/../../../../arm-none-eabi/lib/thumb2\libc.a(lib_a-mlock.o)
 .debug_frame   0x000023a8      0x228 c:/nxp/lpcxpresso_3.6.3_317/tools/bin/../lib/gcc/arm-none-eabi/4.3.3/../../../../arm-none-eabi/lib/thumb2\libc.a(lib_a-mprec.o)
 .debug_frame   0x000025d0       0x38 c:/nxp/lpcxpresso_3.6.3_317/tools/bin/../lib/gcc/arm-none-eabi/4.3.3/../../../../arm-none-eabi/lib/thumb2\libc.a(lib_a-reallocr.o)
 .debug_frame   0x00002608       0x28 c:/nxp/lpcxpresso_3.6.3_317/tools/bin/../lib/gcc/arm-none-eabi/4.3.3/../../../../arm-none-eabi/lib/thumb2\libc.a(lib_a-s_isinfd.o)
 .debug_frame   0x00002630       0x20 c:/nxp/lpcxpresso_3.6.3_317/tools/bin/../lib/gcc/arm-none-eabi/4.3.3/../../../../arm-none-eabi/lib/thumb2\libc.a(lib_a-s_isnand.o)
 .debug_frame   0x00002650       0x2c c:/nxp/lpcxpresso_3.6.3_317/tools/bin/../lib/gcc/arm-none-eabi/4.3.3/../../../../arm-none-eabi/lib/thumb2\libc.a(lib_a-sbrkr.o)
 .debug_frame   0x0000267c       0x30 c:/nxp/lpcxpresso_3.6.3_317/tools/bin/../lib/gcc/arm-none-eabi/4.3.3/../../../../arm-none-eabi/lib/thumb2\libc.a(lib_a-strcmp.o)
 .debug_frame   0x000026ac       0x28 c:/nxp/lpcxpresso_3.6.3_317/tools/bin/../lib/gcc/arm-none-eabi/4.3.3/../../../../arm-none-eabi/lib/thumb2\libc.a(lib_a-callocr.o)
 .debug_frame   0x000026d4       0x64 c:/nxp/lpcxpresso_3.6.3_317/tools/bin/../lib/gcc/arm-none-eabi/4.3.3/../../../../arm-none-eabi/lib/thumb2\libc.a(lib_a-reent.o)
 .debug_frame   0x00002738       0x20 c:/nxp/lpcxpresso_3.6.3_317/tools/bin/../lib/gcc/arm-none-eabi/4.3.3/../../../../arm-none-eabi/lib/thumb2\libc.a(lib_a-errno.o)

.debug_loc      0x00000000     0x33ec
 .debug_loc     0x00000000      0x1e5 ./src/cr_startup_lpc17.o
 .debug_loc     0x000001e5      0x9f4 ./src/main.o
 .debug_loc     0x00000bd9       0x56 C:\Users\Ashray Jain\Desktop\EE2024 Workspace\Lib_CMSISv1p30_LPC17xx\Debug\libCMSISv1p30_LPC17xx.a(system_LPC17xx.o)
 .debug_loc     0x00000c2f      0x1e7 C:\Users\Ashray Jain\Desktop\EE2024 Workspace\Lib_EaBaseBoard\Debug\libLib_EaBaseBoard.a(acc.o)
 .debug_loc     0x00000e16       0x62 C:\Users\Ashray Jain\Desktop\EE2024 Workspace\Lib_EaBaseBoard\Debug\libLib_EaBaseBoard.a(led7seg.o)
 .debug_loc     0x00000e78      0x368 C:\Users\Ashray Jain\Desktop\EE2024 Workspace\Lib_EaBaseBoard\Debug\libLib_EaBaseBoard.a(light.o)
 .debug_loc     0x000011e0      0x331 C:\Users\Ashray Jain\Desktop\EE2024 Workspace\Lib_EaBaseBoard\Debug\libLib_EaBaseBoard.a(oled.o)
 .debug_loc     0x00001511      0x2c3 C:\Users\Ashray Jain\Desktop\EE2024 Workspace\Lib_EaBaseBoard\Debug\libLib_EaBaseBoard.a(pca9532.o)
 .debug_loc     0x000017d4       0x62 C:\Users\Ashray Jain\Desktop\EE2024 Workspace\Lib_EaBaseBoard\Debug\libLib_EaBaseBoard.a(rgb.o)
 .debug_loc     0x00001836      0x4ba C:\Users\Ashray Jain\Desktop\EE2024 Workspace\Lib_MCU\Debug\libLib_MCU.a(lpc17xx_gpio.o)
 .debug_loc     0x00001cf0      0x4cd C:\Users\Ashray Jain\Desktop\EE2024 Workspace\Lib_MCU\Debug\libLib_MCU.a(lpc17xx_i2c.o)
 .debug_loc     0x000021bd      0x14a C:\Users\Ashray Jain\Desktop\EE2024 Workspace\Lib_MCU\Debug\libLib_MCU.a(lpc17xx_pinsel.o)
 .debug_loc     0x00002307      0x434 C:\Users\Ashray Jain\Desktop\EE2024 Workspace\Lib_MCU\Debug\libLib_MCU.a(lpc17xx_ssp.o)
 .debug_loc     0x0000273b      0x3a7 C:\Users\Ashray Jain\Desktop\EE2024 Workspace\Lib_MCU\Debug\libLib_MCU.a(lpc17xx_timer.o)
 .debug_loc     0x00002ae2      0x757 C:\Users\Ashray Jain\Desktop\EE2024 Workspace\Lib_MCU\Debug\libLib_MCU.a(lpc17xx_uart.o)
 .debug_loc     0x00003239      0x1b3 C:\Users\Ashray Jain\Desktop\EE2024 Workspace\Lib_MCU\Debug\libLib_MCU.a(lpc17xx_clkpwr.o)

.debug_pubnames
                0x00000000     0x1675
 .debug_pubnames
                0x00000000       0xfd ./src/cr_startup_lpc17.o
 .debug_pubnames
                0x000000fd      0x73f ./src/main.o
 .debug_pubnames
                0x0000083c       0x4f C:\Users\Ashray Jain\Desktop\EE2024 Workspace\Lib_CMSISv1p30_LPC17xx\Debug\libCMSISv1p30_LPC17xx.a(system_LPC17xx.o)
 .debug_pubnames
                0x0000088b       0x4d C:\Users\Ashray Jain\Desktop\EE2024 Workspace\Lib_EaBaseBoard\Debug\libLib_EaBaseBoard.a(acc.o)
 .debug_pubnames
                0x000008d8       0x37 C:\Users\Ashray Jain\Desktop\EE2024 Workspace\Lib_EaBaseBoard\Debug\libLib_EaBaseBoard.a(led7seg.o)
 .debug_pubnames
                0x0000090f      0x107 C:\Users\Ashray Jain\Desktop\EE2024 Workspace\Lib_EaBaseBoard\Debug\libLib_EaBaseBoard.a(light.o)
 .debug_pubnames
                0x00000a16       0xa9 C:\Users\Ashray Jain\Desktop\EE2024 Workspace\Lib_EaBaseBoard\Debug\libLib_EaBaseBoard.a(oled.o)
 .debug_pubnames
                0x00000abf       0xef C:\Users\Ashray Jain\Desktop\EE2024 Workspace\Lib_EaBaseBoard\Debug\libLib_EaBaseBoard.a(pca9532.o)
 .debug_pubnames
                0x00000bae       0x2f C:\Users\Ashray Jain\Desktop\EE2024 Workspace\Lib_EaBaseBoard\Debug\libLib_EaBaseBoard.a(rgb.o)
 .debug_pubnames
                0x00000bdd       0x1e C:\Users\Ashray Jain\Desktop\EE2024 Workspace\Lib_EaBaseBoard\Debug\libLib_EaBaseBoard.a(font5x7.o)
 .debug_pubnames
                0x00000bfb      0x196 C:\Users\Ashray Jain\Desktop\EE2024 Workspace\Lib_MCU\Debug\libLib_MCU.a(lpc17xx_gpio.o)
 .debug_pubnames
                0x00000d91      0x165 C:\Users\Ashray Jain\Desktop\EE2024 Workspace\Lib_MCU\Debug\libLib_MCU.a(lpc17xx_i2c.o)
 .debug_pubnames
                0x00000ef6       0xa6 C:\Users\Ashray Jain\Desktop\EE2024 Workspace\Lib_MCU\Debug\libLib_MCU.a(lpc17xx_pinsel.o)
 .debug_pubnames
                0x00000f9c      0x17f C:\Users\Ashray Jain\Desktop\EE2024 Workspace\Lib_MCU\Debug\libLib_MCU.a(lpc17xx_ssp.o)
 .debug_pubnames
                0x0000111b      0x17a C:\Users\Ashray Jain\Desktop\EE2024 Workspace\Lib_MCU\Debug\libLib_MCU.a(lpc17xx_timer.o)
 .debug_pubnames
                0x00001295      0x325 C:\Users\Ashray Jain\Desktop\EE2024 Workspace\Lib_MCU\Debug\libLib_MCU.a(lpc17xx_uart.o)
 .debug_pubnames
                0x000015ba       0xbb C:\Users\Ashray Jain\Desktop\EE2024 Workspace\Lib_MCU\Debug\libLib_MCU.a(lpc17xx_clkpwr.o)

.debug_aranges  0x00000000      0x970
 .debug_aranges
                0x00000000       0x70 ./src/cr_startup_lpc17.o
 .debug_aranges
                0x00000070      0x1b8 ./src/main.o
 .debug_aranges
                0x00000228       0x28 C:\Users\Ashray Jain\Desktop\EE2024 Workspace\Lib_CMSISv1p30_LPC17xx\Debug\libCMSISv1p30_LPC17xx.a(system_LPC17xx.o)
 .debug_aranges
                0x00000250       0x60 C:\Users\Ashray Jain\Desktop\EE2024 Workspace\Lib_EaBaseBoard\Debug\libLib_EaBaseBoard.a(acc.o)
 .debug_aranges
                0x000002b0       0x28 C:\Users\Ashray Jain\Desktop\EE2024 Workspace\Lib_EaBaseBoard\Debug\libLib_EaBaseBoard.a(led7seg.o)
 .debug_aranges
                0x000002d8       0x98 C:\Users\Ashray Jain\Desktop\EE2024 Workspace\Lib_EaBaseBoard\Debug\libLib_EaBaseBoard.a(light.o)
 .debug_aranges
                0x00000370       0x90 C:\Users\Ashray Jain\Desktop\EE2024 Workspace\Lib_EaBaseBoard\Debug\libLib_EaBaseBoard.a(oled.o)
 .debug_aranges
                0x00000400       0x80 C:\Users\Ashray Jain\Desktop\EE2024 Workspace\Lib_EaBaseBoard\Debug\libLib_EaBaseBoard.a(pca9532.o)
 .debug_aranges
                0x00000480       0x28 C:\Users\Ashray Jain\Desktop\EE2024 Workspace\Lib_EaBaseBoard\Debug\libLib_EaBaseBoard.a(rgb.o)
 .debug_aranges
                0x000004a8       0xc8 C:\Users\Ashray Jain\Desktop\EE2024 Workspace\Lib_MCU\Debug\libLib_MCU.a(lpc17xx_gpio.o)
 .debug_aranges
                0x00000570       0xd0 C:\Users\Ashray Jain\Desktop\EE2024 Workspace\Lib_MCU\Debug\libLib_MCU.a(lpc17xx_i2c.o)
 .debug_aranges
                0x00000640       0x48 C:\Users\Ashray Jain\Desktop\EE2024 Workspace\Lib_MCU\Debug\libLib_MCU.a(lpc17xx_pinsel.o)
 .debug_aranges
                0x00000688       0xb8 C:\Users\Ashray Jain\Desktop\EE2024 Workspace\Lib_MCU\Debug\libLib_MCU.a(lpc17xx_ssp.o)
 .debug_aranges
                0x00000740       0xa0 C:\Users\Ashray Jain\Desktop\EE2024 Workspace\Lib_MCU\Debug\libLib_MCU.a(lpc17xx_timer.o)
 .debug_aranges
                0x000007e0      0x130 C:\Users\Ashray Jain\Desktop\EE2024 Workspace\Lib_MCU\Debug\libLib_MCU.a(lpc17xx_uart.o)
 .debug_aranges
                0x00000910       0x60 C:\Users\Ashray Jain\Desktop\EE2024 Workspace\Lib_MCU\Debug\libLib_MCU.a(lpc17xx_clkpwr.o)

.debug_ranges   0x00000000      0x8f0
 .debug_ranges  0x00000000       0x68 ./src/cr_startup_lpc17.o
 .debug_ranges  0x00000068      0x1b0 ./src/main.o
 .debug_ranges  0x00000218       0x20 C:\Users\Ashray Jain\Desktop\EE2024 Workspace\Lib_CMSISv1p30_LPC17xx\Debug\libCMSISv1p30_LPC17xx.a(system_LPC17xx.o)
 .debug_ranges  0x00000238       0x58 C:\Users\Ashray Jain\Desktop\EE2024 Workspace\Lib_EaBaseBoard\Debug\libLib_EaBaseBoard.a(acc.o)
 .debug_ranges  0x00000290       0x20 C:\Users\Ashray Jain\Desktop\EE2024 Workspace\Lib_EaBaseBoard\Debug\libLib_EaBaseBoard.a(led7seg.o)
 .debug_ranges  0x000002b0       0x90 C:\Users\Ashray Jain\Desktop\EE2024 Workspace\Lib_EaBaseBoard\Debug\libLib_EaBaseBoard.a(light.o)
 .debug_ranges  0x00000340       0x88 C:\Users\Ashray Jain\Desktop\EE2024 Workspace\Lib_EaBaseBoard\Debug\libLib_EaBaseBoard.a(oled.o)
 .debug_ranges  0x000003c8       0x78 C:\Users\Ashray Jain\Desktop\EE2024 Workspace\Lib_EaBaseBoard\Debug\libLib_EaBaseBoard.a(pca9532.o)
 .debug_ranges  0x00000440       0x20 C:\Users\Ashray Jain\Desktop\EE2024 Workspace\Lib_EaBaseBoard\Debug\libLib_EaBaseBoard.a(rgb.o)
 .debug_ranges  0x00000460       0xc0 C:\Users\Ashray Jain\Desktop\EE2024 Workspace\Lib_MCU\Debug\libLib_MCU.a(lpc17xx_gpio.o)
 .debug_ranges  0x00000520       0xc8 C:\Users\Ashray Jain\Desktop\EE2024 Workspace\Lib_MCU\Debug\libLib_MCU.a(lpc17xx_i2c.o)
 .debug_ranges  0x000005e8       0x40 C:\Users\Ashray Jain\Desktop\EE2024 Workspace\Lib_MCU\Debug\libLib_MCU.a(lpc17xx_pinsel.o)
 .debug_ranges  0x00000628       0xb0 C:\Users\Ashray Jain\Desktop\EE2024 Workspace\Lib_MCU\Debug\libLib_MCU.a(lpc17xx_ssp.o)
 .debug_ranges  0x000006d8       0x98 C:\Users\Ashray Jain\Desktop\EE2024 Workspace\Lib_MCU\Debug\libLib_MCU.a(lpc17xx_timer.o)
 .debug_ranges  0x00000770      0x128 C:\Users\Ashray Jain\Desktop\EE2024 Workspace\Lib_MCU\Debug\libLib_MCU.a(lpc17xx_uart.o)
 .debug_ranges  0x00000898       0x58 C:\Users\Ashray Jain\Desktop\EE2024 Workspace\Lib_MCU\Debug\libLib_MCU.a(lpc17xx_clkpwr.o)

.debug_str      0x00000000     0x3167
 .debug_str     0x00000000      0x18e ./src/cr_startup_lpc17.o
                                0x1c8 (size before relaxing)
 .debug_str     0x0000018e     0x109c ./src/main.o
                               0x11b7 (size before relaxing)
 .debug_str     0x0000122a       0x8b C:\Users\Ashray Jain\Desktop\EE2024 Workspace\Lib_CMSISv1p30_LPC17xx\Debug\libCMSISv1p30_LPC17xx.a(system_LPC17xx.o)
                                0x251 (size before relaxing)
 .debug_str     0x000012b5      0x1da C:\Users\Ashray Jain\Desktop\EE2024 Workspace\Lib_EaBaseBoard\Debug\libLib_EaBaseBoard.a(acc.o)
                                0x34c (size before relaxing)
 .debug_str     0x0000148f       0x95 C:\Users\Ashray Jain\Desktop\EE2024 Workspace\Lib_EaBaseBoard\Debug\libLib_EaBaseBoard.a(led7seg.o)
                                0x1b8 (size before relaxing)
 .debug_str     0x00001524      0x204 C:\Users\Ashray Jain\Desktop\EE2024 Workspace\Lib_EaBaseBoard\Debug\libLib_EaBaseBoard.a(light.o)
                                0x4b1 (size before relaxing)
 .debug_str     0x00001728      0x1ad C:\Users\Ashray Jain\Desktop\EE2024 Workspace\Lib_EaBaseBoard\Debug\libLib_EaBaseBoard.a(oled.o)
                                0x369 (size before relaxing)
 .debug_str     0x000018d5      0x12e C:\Users\Ashray Jain\Desktop\EE2024 Workspace\Lib_EaBaseBoard\Debug\libLib_EaBaseBoard.a(pca9532.o)
                                0x3a3 (size before relaxing)
 .debug_str     0x00001a03       0x22 C:\Users\Ashray Jain\Desktop\EE2024 Workspace\Lib_EaBaseBoard\Debug\libLib_EaBaseBoard.a(rgb.o)
                                0x10d (size before relaxing)
 .debug_str     0x00001a25       0x11 C:\Users\Ashray Jain\Desktop\EE2024 Workspace\Lib_EaBaseBoard\Debug\libLib_EaBaseBoard.a(font5x7.o)
                                 0x77 (size before relaxing)
 .debug_str     0x00001a36      0x37a C:\Users\Ashray Jain\Desktop\EE2024 Workspace\Lib_MCU\Debug\libLib_MCU.a(lpc17xx_gpio.o)
                                0x435 (size before relaxing)
 .debug_str     0x00001db0      0x319 C:\Users\Ashray Jain\Desktop\EE2024 Workspace\Lib_MCU\Debug\libLib_MCU.a(lpc17xx_i2c.o)
                                0x7c1 (size before relaxing)
 .debug_str     0x000020c9      0x201 C:\Users\Ashray Jain\Desktop\EE2024 Workspace\Lib_MCU\Debug\libLib_MCU.a(lpc17xx_pinsel.o)
                                0x357 (size before relaxing)
 .debug_str     0x000022ca      0x219 C:\Users\Ashray Jain\Desktop\EE2024 Workspace\Lib_MCU\Debug\libLib_MCU.a(lpc17xx_ssp.o)
                                0x448 (size before relaxing)
 .debug_str     0x000024e3      0x283 C:\Users\Ashray Jain\Desktop\EE2024 Workspace\Lib_MCU\Debug\libLib_MCU.a(lpc17xx_timer.o)
                                0x57e (size before relaxing)
 .debug_str     0x00002766      0x936 C:\Users\Ashray Jain\Desktop\EE2024 Workspace\Lib_MCU\Debug\libLib_MCU.a(lpc17xx_uart.o)
                                0xc05 (size before relaxing)
 .debug_str     0x0000309c       0xcb C:\Users\Ashray Jain\Desktop\EE2024 Workspace\Lib_MCU\Debug\libLib_MCU.a(lpc17xx_clkpwr.o)
                                0x34e (size before relaxing)

.comment        0x00000000      0x305
 .comment       0x00000000       0x2b ./src/cr_startup_lpc17.o
 .comment       0x0000002b       0x2b ./src/main.o
 .comment       0x00000056       0x2b C:\Users\Ashray Jain\Desktop\EE2024 Workspace\Lib_CMSISv1p30_LPC17xx\Debug\libCMSISv1p30_LPC17xx.a(system_LPC17xx.o)
 .comment       0x00000081       0x2b C:\Users\Ashray Jain\Desktop\EE2024 Workspace\Lib_EaBaseBoard\Debug\libLib_EaBaseBoard.a(acc.o)
 .comment       0x000000ac       0x2b C:\Users\Ashray Jain\Desktop\EE2024 Workspace\Lib_EaBaseBoard\Debug\libLib_EaBaseBoard.a(led7seg.o)
 .comment       0x000000d7       0x2b C:\Users\Ashray Jain\Desktop\EE2024 Workspace\Lib_EaBaseBoard\Debug\libLib_EaBaseBoard.a(light.o)
 .comment       0x00000102       0x2b C:\Users\Ashray Jain\Desktop\EE2024 Workspace\Lib_EaBaseBoard\Debug\libLib_EaBaseBoard.a(oled.o)
 .comment       0x0000012d       0x2b C:\Users\Ashray Jain\Desktop\EE2024 Workspace\Lib_EaBaseBoard\Debug\libLib_EaBaseBoard.a(pca9532.o)
 .comment       0x00000158       0x2b C:\Users\Ashray Jain\Desktop\EE2024 Workspace\Lib_EaBaseBoard\Debug\libLib_EaBaseBoard.a(rgb.o)
 .comment       0x00000183       0x2b C:\Users\Ashray Jain\Desktop\EE2024 Workspace\Lib_EaBaseBoard\Debug\libLib_EaBaseBoard.a(font5x7.o)
 .comment       0x000001ae       0x2b C:\Users\Ashray Jain\Desktop\EE2024 Workspace\Lib_MCU\Debug\libLib_MCU.a(lpc17xx_gpio.o)
 .comment       0x000001d9       0x2b C:\Users\Ashray Jain\Desktop\EE2024 Workspace\Lib_MCU\Debug\libLib_MCU.a(lpc17xx_i2c.o)
 .comment       0x00000204       0x2b C:\Users\Ashray Jain\Desktop\EE2024 Workspace\Lib_MCU\Debug\libLib_MCU.a(lpc17xx_pinsel.o)
 .comment       0x0000022f       0x2b C:\Users\Ashray Jain\Desktop\EE2024 Workspace\Lib_MCU\Debug\libLib_MCU.a(lpc17xx_ssp.o)
 .comment       0x0000025a       0x2b C:\Users\Ashray Jain\Desktop\EE2024 Workspace\Lib_MCU\Debug\libLib_MCU.a(lpc17xx_timer.o)
 .comment       0x00000285       0x2b C:\Users\Ashray Jain\Desktop\EE2024 Workspace\Lib_MCU\Debug\libLib_MCU.a(lpc17xx_uart.o)
 .comment       0x000002b0       0x2b C:\Users\Ashray Jain\Desktop\EE2024 Workspace\Lib_MCU\Debug\libLib_MCU.a(lpc17xx_clkpwr.o)
 .comment       0x000002db       0x2a c:/nxp/lpcxpresso_3.6.3_317/tools/bin/../lib/gcc/arm-none-eabi/4.3.3/../../../../arm-none-eabi/lib/thumb2\libcr_newlib_semihost.a(syscalls.o)

.ARM.attributes
                0x00000000       0x2f
 .ARM.attributes
                0x00000000       0x31 ./src/cr_startup_lpc17.o
 .ARM.attributes
                0x00000031       0x31 ./src/main.o
 .ARM.attributes
                0x00000062       0x31 C:\Users\Ashray Jain\Desktop\EE2024 Workspace\Lib_CMSISv1p30_LPC17xx\Debug\libCMSISv1p30_LPC17xx.a(system_LPC17xx.o)
 .ARM.attributes
                0x00000093       0x31 C:\Users\Ashray Jain\Desktop\EE2024 Workspace\Lib_EaBaseBoard\Debug\libLib_EaBaseBoard.a(acc.o)
 .ARM.attributes
                0x000000c4       0x31 C:\Users\Ashray Jain\Desktop\EE2024 Workspace\Lib_EaBaseBoard\Debug\libLib_EaBaseBoard.a(led7seg.o)
 .ARM.attributes
                0x000000f5       0x31 C:\Users\Ashray Jain\Desktop\EE2024 Workspace\Lib_EaBaseBoard\Debug\libLib_EaBaseBoard.a(light.o)
 .ARM.attributes
                0x00000126       0x31 C:\Users\Ashray Jain\Desktop\EE2024 Workspace\Lib_EaBaseBoard\Debug\libLib_EaBaseBoard.a(oled.o)
 .ARM.attributes
                0x00000157       0x31 C:\Users\Ashray Jain\Desktop\EE2024 Workspace\Lib_EaBaseBoard\Debug\libLib_EaBaseBoard.a(pca9532.o)
 .ARM.attributes
                0x00000188       0x31 C:\Users\Ashray Jain\Desktop\EE2024 Workspace\Lib_EaBaseBoard\Debug\libLib_EaBaseBoard.a(rgb.o)
 .ARM.attributes
                0x000001b9       0x31 C:\Users\Ashray Jain\Desktop\EE2024 Workspace\Lib_EaBaseBoard\Debug\libLib_EaBaseBoard.a(font5x7.o)
 .ARM.attributes
                0x000001ea       0x31 C:\Users\Ashray Jain\Desktop\EE2024 Workspace\Lib_MCU\Debug\libLib_MCU.a(lpc17xx_gpio.o)
 .ARM.attributes
                0x0000021b       0x31 C:\Users\Ashray Jain\Desktop\EE2024 Workspace\Lib_MCU\Debug\libLib_MCU.a(lpc17xx_i2c.o)
 .ARM.attributes
                0x0000024c       0x31 C:\Users\Ashray Jain\Desktop\EE2024 Workspace\Lib_MCU\Debug\libLib_MCU.a(lpc17xx_pinsel.o)
 .ARM.attributes
                0x0000027d       0x31 C:\Users\Ashray Jain\Desktop\EE2024 Workspace\Lib_MCU\Debug\libLib_MCU.a(lpc17xx_ssp.o)
 .ARM.attributes
                0x000002ae       0x31 C:\Users\Ashray Jain\Desktop\EE2024 Workspace\Lib_MCU\Debug\libLib_MCU.a(lpc17xx_timer.o)
 .ARM.attributes
                0x000002df       0x31 C:\Users\Ashray Jain\Desktop\EE2024 Workspace\Lib_MCU\Debug\libLib_MCU.a(lpc17xx_uart.o)
 .ARM.attributes
                0x00000310       0x31 C:\Users\Ashray Jain\Desktop\EE2024 Workspace\Lib_MCU\Debug\libLib_MCU.a(lpc17xx_clkpwr.o)
 .ARM.attributes
                0x00000341       0x17 c:/nxp/lpcxpresso_3.6.3_317/tools/bin/../lib/gcc/arm-none-eabi/4.3.3/thumb2\libgcc.a(_arm_addsubdf3.o)
 .ARM.attributes
                0x00000358       0x17 c:/nxp/lpcxpresso_3.6.3_317/tools/bin/../lib/gcc/arm-none-eabi/4.3.3/thumb2\libgcc.a(_arm_muldivdf3.o)
 .ARM.attributes
                0x0000036f       0x17 c:/nxp/lpcxpresso_3.6.3_317/tools/bin/../lib/gcc/arm-none-eabi/4.3.3/thumb2\libgcc.a(_arm_truncdfsf2.o)
 .ARM.attributes
                0x00000386       0x17 c:/nxp/lpcxpresso_3.6.3_317/tools/bin/../lib/gcc/arm-none-eabi/4.3.3/thumb2\libgcc.a(_arm_addsubsf3.o)
 .ARM.attributes
                0x0000039d       0x17 c:/nxp/lpcxpresso_3.6.3_317/tools/bin/../lib/gcc/arm-none-eabi/4.3.3/thumb2\libgcc.a(_arm_muldivsf3.o)
 .ARM.attributes
                0x000003b4       0x17 c:/nxp/lpcxpresso_3.6.3_317/tools/bin/../lib/gcc/arm-none-eabi/4.3.3/thumb2\libgcc.a(_arm_cmpsf2.o)
 .ARM.attributes
                0x000003cb       0x17 c:/nxp/lpcxpresso_3.6.3_317/tools/bin/../lib/gcc/arm-none-eabi/4.3.3/thumb2\libgcc.a(_aeabi_uldivmod.o)
 .ARM.attributes
                0x000003e2       0x27 c:/nxp/lpcxpresso_3.6.3_317/tools/bin/../lib/gcc/arm-none-eabi/4.3.3/thumb2\libgcc.a(bpabi.o)
 .ARM.attributes
                0x00000409       0x17 c:/nxp/lpcxpresso_3.6.3_317/tools/bin/../lib/gcc/arm-none-eabi/4.3.3/thumb2\libgcc.a(_dvmd_tls.o)
 .ARM.attributes
                0x00000420       0x27 c:/nxp/lpcxpresso_3.6.3_317/tools/bin/../lib/gcc/arm-none-eabi/4.3.3/thumb2\libgcc.a(_divdi3.o)
 .ARM.attributes
                0x00000447       0x27 c:/nxp/lpcxpresso_3.6.3_317/tools/bin/../lib/gcc/arm-none-eabi/4.3.3/thumb2\libgcc.a(_udivdi3.o)
 .ARM.attributes
                0x0000046e       0x17 c:/nxp/lpcxpresso_3.6.3_317/tools/bin/../lib/gcc/arm-none-eabi/4.3.3/thumb2\libgcc.a(_udivsi3.o)
 .ARM.attributes
                0x00000485       0x27 c:/nxp/lpcxpresso_3.6.3_317/tools/bin/../lib/gcc/arm-none-eabi/4.3.3/thumb2\libgcc.a(_clz.o)
 .ARM.attributes
                0x000004ac       0x27 c:/nxp/lpcxpresso_3.6.3_317/tools/bin/../lib/gcc/arm-none-eabi/4.3.3/../../../../arm-none-eabi/lib/thumb2\libc.a(lib_a-memcpy.o)
 .ARM.attributes
                0x000004d3       0x27 c:/nxp/lpcxpresso_3.6.3_317/tools/bin/../lib/gcc/arm-none-eabi/4.3.3/../../../../arm-none-eabi/lib/thumb2\libc.a(lib_a-memset.o)
 .ARM.attributes
                0x000004fa       0x27 c:/nxp/lpcxpresso_3.6.3_317/tools/bin/../lib/gcc/arm-none-eabi/4.3.3/../../../../arm-none-eabi/lib/thumb2\libc.a(lib_a-sprintf.o)
 .ARM.attributes
                0x00000521       0x27 c:/nxp/lpcxpresso_3.6.3_317/tools/bin/../lib/gcc/arm-none-eabi/4.3.3/../../../../arm-none-eabi/lib/thumb2\libc.a(lib_a-strcat.o)
 .ARM.attributes
                0x00000548       0x27 c:/nxp/lpcxpresso_3.6.3_317/tools/bin/../lib/gcc/arm-none-eabi/4.3.3/../../../../arm-none-eabi/lib/thumb2\libc.a(lib_a-strcpy.o)
 .ARM.attributes
                0x0000056f       0x27 c:/nxp/lpcxpresso_3.6.3_317/tools/bin/../lib/gcc/arm-none-eabi/4.3.3/../../../../arm-none-eabi/lib/thumb2\libc.a(lib_a-strlen.o)
 .ARM.attributes
                0x00000596       0x27 c:/nxp/lpcxpresso_3.6.3_317/tools/bin/../lib/gcc/arm-none-eabi/4.3.3/../../../../arm-none-eabi/lib/thumb2\libc.a(lib_a-svfprintf.o)
 .ARM.attributes
                0x000005bd       0x27 c:/nxp/lpcxpresso_3.6.3_317/tools/bin/../lib/gcc/arm-none-eabi/4.3.3/../../../../arm-none-eabi/lib/thumb2\libc.a(lib_a-dtoa.o)
 .ARM.attributes
                0x000005e4       0x27 c:/nxp/lpcxpresso_3.6.3_317/tools/bin/../lib/gcc/arm-none-eabi/4.3.3/../../../../arm-none-eabi/lib/thumb2\libc.a(lib_a-freer.o)
 .ARM.attributes
                0x0000060b       0x27 c:/nxp/lpcxpresso_3.6.3_317/tools/bin/../lib/gcc/arm-none-eabi/4.3.3/../../../../arm-none-eabi/lib/thumb2\libc.a(lib_a-impure.o)
 .ARM.attributes
                0x00000632       0x27 c:/nxp/lpcxpresso_3.6.3_317/tools/bin/../lib/gcc/arm-none-eabi/4.3.3/../../../../arm-none-eabi/lib/thumb2\libc.a(lib_a-locale.o)
 .ARM.attributes
                0x00000659       0x27 c:/nxp/lpcxpresso_3.6.3_317/tools/bin/../lib/gcc/arm-none-eabi/4.3.3/../../../../arm-none-eabi/lib/thumb2\libc.a(lib_a-malloc.o)
 .ARM.attributes
                0x00000680       0x27 c:/nxp/lpcxpresso_3.6.3_317/tools/bin/../lib/gcc/arm-none-eabi/4.3.3/../../../../arm-none-eabi/lib/thumb2\libc.a(lib_a-mallocr.o)
 .ARM.attributes
                0x000006a7       0x27 c:/nxp/lpcxpresso_3.6.3_317/tools/bin/../lib/gcc/arm-none-eabi/4.3.3/../../../../arm-none-eabi/lib/thumb2\libc.a(lib_a-memchr.o)
 .ARM.attributes
                0x000006ce       0x27 c:/nxp/lpcxpresso_3.6.3_317/tools/bin/../lib/gcc/arm-none-eabi/4.3.3/../../../../arm-none-eabi/lib/thumb2\libc.a(lib_a-memmove.o)
 .ARM.attributes
                0x000006f5       0x27 c:/nxp/lpcxpresso_3.6.3_317/tools/bin/../lib/gcc/arm-none-eabi/4.3.3/../../../../arm-none-eabi/lib/thumb2\libc.a(lib_a-mlock.o)
 .ARM.attributes
                0x0000071c       0x27 c:/nxp/lpcxpresso_3.6.3_317/tools/bin/../lib/gcc/arm-none-eabi/4.3.3/../../../../arm-none-eabi/lib/thumb2\libc.a(lib_a-mprec.o)
 .ARM.attributes
                0x00000743       0x27 c:/nxp/lpcxpresso_3.6.3_317/tools/bin/../lib/gcc/arm-none-eabi/4.3.3/../../../../arm-none-eabi/lib/thumb2\libc.a(lib_a-reallocr.o)
 .ARM.attributes
                0x0000076a       0x27 c:/nxp/lpcxpresso_3.6.3_317/tools/bin/../lib/gcc/arm-none-eabi/4.3.3/../../../../arm-none-eabi/lib/thumb2\libc.a(lib_a-s_isinfd.o)
 .ARM.attributes
                0x00000791       0x27 c:/nxp/lpcxpresso_3.6.3_317/tools/bin/../lib/gcc/arm-none-eabi/4.3.3/../../../../arm-none-eabi/lib/thumb2\libc.a(lib_a-s_isnand.o)
 .ARM.attributes
                0x000007b8       0x27 c:/nxp/lpcxpresso_3.6.3_317/tools/bin/../lib/gcc/arm-none-eabi/4.3.3/../../../../arm-none-eabi/lib/thumb2\libc.a(lib_a-sbrkr.o)
 .ARM.attributes
                0x000007df       0x27 c:/nxp/lpcxpresso_3.6.3_317/tools/bin/../lib/gcc/arm-none-eabi/4.3.3/../../../../arm-none-eabi/lib/thumb2\libc.a(lib_a-strcmp.o)
 .ARM.attributes
                0x00000806       0x27 c:/nxp/lpcxpresso_3.6.3_317/tools/bin/../lib/gcc/arm-none-eabi/4.3.3/../../../../arm-none-eabi/lib/thumb2\libc.a(lib_a-callocr.o)
 .ARM.attributes
                0x0000082d       0x27 c:/nxp/lpcxpresso_3.6.3_317/tools/bin/../lib/gcc/arm-none-eabi/4.3.3/../../../../arm-none-eabi/lib/thumb2\libc.a(lib_a-reent.o)
 .ARM.attributes
                0x00000854       0x31 c:/nxp/lpcxpresso_3.6.3_317/tools/bin/../lib/gcc/arm-none-eabi/4.3.3/../../../../arm-none-eabi/lib/thumb2\libcr_newlib_semihost.a(syscalls.o)
 .ARM.attributes
                0x00000885       0x17 c:/nxp/lpcxpresso_3.6.3_317/tools/bin/../lib/gcc/arm-none-eabi/4.3.3/thumb2\libgcc.a(_arm_cmpdf2.o)
 .ARM.attributes
                0x0000089c       0x17 c:/nxp/lpcxpresso_3.6.3_317/tools/bin/../lib/gcc/arm-none-eabi/4.3.3/thumb2\libgcc.a(_arm_fixdfsi.o)
 .ARM.attributes
                0x000008b3       0x27 c:/nxp/lpcxpresso_3.6.3_317/tools/bin/../lib/gcc/arm-none-eabi/4.3.3/../../../../arm-none-eabi/lib/thumb2\libc.a(lib_a-errno.o)
