Archive member included because of file (symbol)

C:\Users\thyagesh93\Documents\NUS\IVLEDrive\EE2024 PROGRAMMING FOR COMPUTER INTERFACES\PROGRAMMING FOR COMPUTER INTERFACES\Assignment 2\Lib_CMSISv1p30_LPC17xx\Debug\libCMSISv1p30_LPC17xx.a(system_LPC17xx.o)
                              ./src/main.o (SystemCoreClock)
C:\Users\thyagesh93\Documents\NUS\IVLEDrive\EE2024 PROGRAMMING FOR COMPUTER INTERFACES\PROGRAMMING FOR COMPUTER INTERFACES\Assignment 2\Lib_EaBaseBoard\Debug\libLib_EaBaseBoard.a(acc.o)
                              ./src/main.o (acc_init)
C:\Users\thyagesh93\Documents\NUS\IVLEDrive\EE2024 PROGRAMMING FOR COMPUTER INTERFACES\PROGRAMMING FOR COMPUTER INTERFACES\Assignment 2\Lib_EaBaseBoard\Debug\libLib_EaBaseBoard.a(led7seg.o)
                              ./src/main.o (led7seg_init)
C:\Users\thyagesh93\Documents\NUS\IVLEDrive\EE2024 PROGRAMMING FOR COMPUTER INTERFACES\PROGRAMMING FOR COMPUTER INTERFACES\Assignment 2\Lib_EaBaseBoard\Debug\libLib_EaBaseBoard.a(light.o)
                              ./src/main.o (light_init)
C:\Users\thyagesh93\Documents\NUS\IVLEDrive\EE2024 PROGRAMMING FOR COMPUTER INTERFACES\PROGRAMMING FOR COMPUTER INTERFACES\Assignment 2\Lib_EaBaseBoard\Debug\libLib_EaBaseBoard.a(oled.o)
                              ./src/main.o (oled_init)
C:\Users\thyagesh93\Documents\NUS\IVLEDrive\EE2024 PROGRAMMING FOR COMPUTER INTERFACES\PROGRAMMING FOR COMPUTER INTERFACES\Assignment 2\Lib_EaBaseBoard\Debug\libLib_EaBaseBoard.a(pca9532.o)
                              ./src/main.o (pca9532_init)
C:\Users\thyagesh93\Documents\NUS\IVLEDrive\EE2024 PROGRAMMING FOR COMPUTER INTERFACES\PROGRAMMING FOR COMPUTER INTERFACES\Assignment 2\Lib_EaBaseBoard\Debug\libLib_EaBaseBoard.a(rgb.o)
                              ./src/main.o (rgb_init)
C:\Users\thyagesh93\Documents\NUS\IVLEDrive\EE2024 PROGRAMMING FOR COMPUTER INTERFACES\PROGRAMMING FOR COMPUTER INTERFACES\Assignment 2\Lib_EaBaseBoard\Debug\libLib_EaBaseBoard.a(font5x7.o)
                              C:\Users\thyagesh93\Documents\NUS\IVLEDrive\EE2024 PROGRAMMING FOR COMPUTER INTERFACES\PROGRAMMING FOR COMPUTER INTERFACES\Assignment 2\Lib_EaBaseBoard\Debug\libLib_EaBaseBoard.a(oled.o) (font5x7)
C:\Users\thyagesh93\Documents\NUS\IVLEDrive\EE2024 PROGRAMMING FOR COMPUTER INTERFACES\PROGRAMMING FOR COMPUTER INTERFACES\Assignment 2\Lib_MCU\Debug\libLib_MCU.a(lpc17xx_gpio.o)
                              ./src/main.o (GPIO_SetDir)
C:\Users\thyagesh93\Documents\NUS\IVLEDrive\EE2024 PROGRAMMING FOR COMPUTER INTERFACES\PROGRAMMING FOR COMPUTER INTERFACES\Assignment 2\Lib_MCU\Debug\libLib_MCU.a(lpc17xx_i2c.o)
                              ./src/main.o (I2C_Init)
C:\Users\thyagesh93\Documents\NUS\IVLEDrive\EE2024 PROGRAMMING FOR COMPUTER INTERFACES\PROGRAMMING FOR COMPUTER INTERFACES\Assignment 2\Lib_MCU\Debug\libLib_MCU.a(lpc17xx_pinsel.o)
                              ./src/main.o (PINSEL_ConfigPin)
C:\Users\thyagesh93\Documents\NUS\IVLEDrive\EE2024 PROGRAMMING FOR COMPUTER INTERFACES\PROGRAMMING FOR COMPUTER INTERFACES\Assignment 2\Lib_MCU\Debug\libLib_MCU.a(lpc17xx_ssp.o)
                              ./src/main.o (SSP_Init)
C:\Users\thyagesh93\Documents\NUS\IVLEDrive\EE2024 PROGRAMMING FOR COMPUTER INTERFACES\PROGRAMMING FOR COMPUTER INTERFACES\Assignment 2\Lib_MCU\Debug\libLib_MCU.a(lpc17xx_timer.o)
                              ./src/main.o (TIM_ClearIntPending)
C:\Users\thyagesh93\Documents\NUS\IVLEDrive\EE2024 PROGRAMMING FOR COMPUTER INTERFACES\PROGRAMMING FOR COMPUTER INTERFACES\Assignment 2\Lib_MCU\Debug\libLib_MCU.a(lpc17xx_uart.o)
                              ./src/main.o (UART_TxCmd)
C:\Users\thyagesh93\Documents\NUS\IVLEDrive\EE2024 PROGRAMMING FOR COMPUTER INTERFACES\PROGRAMMING FOR COMPUTER INTERFACES\Assignment 2\Lib_MCU\Debug\libLib_MCU.a(lpc17xx_clkpwr.o)
                              C:\Users\thyagesh93\Documents\NUS\IVLEDrive\EE2024 PROGRAMMING FOR COMPUTER INTERFACES\PROGRAMMING FOR COMPUTER INTERFACES\Assignment 2\Lib_MCU\Debug\libLib_MCU.a(lpc17xx_i2c.o) (CLKPWR_SetPCLKDiv)
c:/nxp/lpcxpresso_3.6.3_317/tools/bin/../lib/gcc/arm-none-eabi/4.3.3/thumb2\libgcc.a(_arm_addsubdf3.o)
                              ./src/main.o (__aeabi_i2d)
c:/nxp/lpcxpresso_3.6.3_317/tools/bin/../lib/gcc/arm-none-eabi/4.3.3/thumb2\libgcc.a(_arm_muldivdf3.o)
                              ./src/main.o (__aeabi_dmul)
c:/nxp/lpcxpresso_3.6.3_317/tools/bin/../lib/gcc/arm-none-eabi/4.3.3/thumb2\libgcc.a(_arm_truncdfsf2.o)
                              ./src/main.o (__aeabi_d2f)
c:/nxp/lpcxpresso_3.6.3_317/tools/bin/../lib/gcc/arm-none-eabi/4.3.3/thumb2\libgcc.a(_arm_addsubsf3.o)
                              ./src/main.o (__aeabi_fsub)
c:/nxp/lpcxpresso_3.6.3_317/tools/bin/../lib/gcc/arm-none-eabi/4.3.3/thumb2\libgcc.a(_arm_muldivsf3.o)
                              ./src/main.o (__aeabi_fmul)
c:/nxp/lpcxpresso_3.6.3_317/tools/bin/../lib/gcc/arm-none-eabi/4.3.3/thumb2\libgcc.a(_arm_cmpsf2.o)
                              ./src/main.o (__aeabi_fcmplt)
[...]
Memory Configuration

Name             Origin             Length             Attributes
MFlash512        0x00000000         0x00020000         xr
RamLoc32         0x10000000         0x00008000         xrw
RamAHB32         0x2007c000         0x00008000         xrw
CANAccFilterRAM  0x40038000         0x00000800         xrw
*default*        0x00000000         0xffffffff

Linker script and memory map

LOAD ./src/cr_startup_lpc17.o
LOAD ./src/main.o
LOAD C:\Users\thyagesh93\Documents\NUS\IVLEDrive\EE2024 PROGRAMMING FOR COMPUTER INTERFACES\PROGRAMMING FOR COMPUTER INTERFACES\Assignment 2\Lib_CMSISv1p30_LPC17xx\Debug\libCMSISv1p30_LPC17xx.a
LOAD C:\Users\thyagesh93\Documents\NUS\IVLEDrive\EE2024 PROGRAMMING FOR COMPUTER INTERFACES\PROGRAMMING FOR COMPUTER INTERFACES\Assignment 2\Lib_EaBaseBoard\Debug\libLib_EaBaseBoard.a
LOAD C:\Users\thyagesh93\Documents\NUS\IVLEDrive\EE2024 PROGRAMMING FOR COMPUTER INTERFACES\PROGRAMMING FOR COMPUTER INTERFACES\Assignment 2\Lib_MCU\Debug\libLib_MCU.a
START GROUP
LOAD c:/nxp/lpcxpresso_3.6.3_317/tools/bin/../lib/gcc/arm-none-eabi/4.3.3/thumb2\libgcc.a
LOAD c:/nxp/lpcxpresso_3.6.3_317/tools/bin/../lib/gcc/arm-none-eabi/4.3.3/../../../../arm-none-eabi/lib/thumb2\libc.a
LOAD c:/nxp/lpcxpresso_3.6.3_317/tools/bin/../lib/gcc/arm-none-eabi/4.3.3/../../../../arm-none-eabi/lib/thumb2\libm.a
LOAD c:/nxp/lpcxpresso_3.6.3_317/tools/bin/../lib/gcc/arm-none-eabi/4.3.3/../../../../arm-none-eabi/lib/thumb2\libcr_newlib_semihost.a
END GROUP
                0x00080000                __top_MFlash512 = 0x80000
                0x10008000                __top_RamLoc32 = 0x10008000
                0x20084000                __top_RamAHB32 = 0x20084000
                0x40038800                __top_CANAccFilterRAM = 0x40038800

.text           0x00000000     0xebbc
 FILL mask 0xff
 *(.isr_vector)
 .isr_vector    0x00000000       0xcc ./src/cr_startup_lpc17.o
                0x00000000                g_pfnVectors
                0x000000cc                . = ALIGN (0x4)
                0x000000cc                __section_table_start = .
                0x000000cc                __data_section_table = .
                0x000000cc        0x4 LONG 0xebc4 LOADADDR (.data)
                0x000000d0        0x4 LONG 0x10000000 ADDR (.data)
                0x000000d4        0x4 LONG 0x588 SIZEOF (.data)
                0x000000d8        0x4 LONG 0xebc4 LOADADDR (.data_RAM2)
                0x000000dc        0x4 LONG 0x2007c000 ADDR (.data_RAM2)
                0x000000e0        0x4 LONG 0x0 SIZEOF (.data_RAM2)
                0x000000e4        0x4 LONG 0xebc4 LOADADDR (.data_RAM3)
                0x000000e8        0x4 LONG 0x40038000 ADDR (.data_RAM3)
                0x000000ec        0x4 LONG 0x0 SIZEOF (.data_RAM3)
                0x000000f0                __data_section_table_end = .
                0x000000f0                __bss_section_table = .
                0x000000f0        0x4 LONG 0x10000588 ADDR (.bss)
                0x000000f4        0x4 LONG 0x44c SIZEOF (.bss)
                0x000000f8        0x4 LONG 0x2007c000 ADDR (.bss_RAM2)
                0x000000fc        0x4 LONG 0x0 SIZEOF (.bss_RAM2)
                0x00000100        0x4 LONG 0x40038000 ADDR (.bss_RAM3)
                0x00000104        0x4 LONG 0x0 SIZEOF (.bss_RAM3)
                0x00000108                __bss_section_table_end = .
                0x00000108                __section_table_end = .
 *(.after_vectors*)
 *(.text*)
 .text.ResetISR
                0x00000108       0x68 ./src/cr_startup_lpc17.o
                0x00000108                ResetISR
 .text.NMI_Handler
                0x00000170        0x8 ./src/cr_startup_lpc17.o
                0x00000170                NMI_Handler
 .text.HardFault_Handler
                0x00000178        0x8 ./src/cr_startup_lpc17.o
                0x00000178                HardFault_Handler
 .text.MemManage_Handler
                0x00000180        0x8 ./src/cr_startup_lpc17.o
                0x00000180                MemManage_Handler
 .text.BusFault_Handler
                0x00000188        0x8 ./src/cr_startup_lpc17.o
                0x00000188                BusFault_Handler
 .text.UsageFault_Handler
                0x00000190        0x8 ./src/cr_startup_lpc17.o
                0x00000190                UsageFault_Handler
 .text.SVCall_Handler
                0x00000198        0x8 ./src/cr_startup_lpc17.o
                0x00000198                SVCall_Handler
 .text.DebugMon_Handler
                0x000001a0        0x8 ./src/cr_startup_lpc17.o
                0x000001a0                DebugMon_Handler
 .text.PendSV_Handler
                0x000001a8        0x8 ./src/cr_startup_lpc17.o
                0x000001a8                PendSV_Handler
 .text.IntDefaultHandler
                0x000001b0        0x8 ./src/cr_startup_lpc17.o
                0x000001b0                RIT_IRQHandler
                0x000001b0                I2C0_IRQHandler
                0x000001b0                USBActivity_IRQHandler
                0x000001b0                PWM1_IRQHandler
                0x000001b0                I2C1_IRQHandler
                0x000001b0                EINT2_IRQHandler
                0x000001b0                UART1_IRQHandler
                0x000001b0                CANActivity_IRQHandler
                0x000001b0                UART0_IRQHandler
                0x000001b0                IntDefaultHandler
                0x000001b0                PLL0_IRQHandler
                0x000001b0                CAN_IRQHandler
                0x000001b0                PLL1_IRQHandler
                0x000001b0                SSP0_IRQHandler
                0x000001b0                I2S_IRQHandler
                0x000001b0                I2C2_IRQHandler
                0x000001b0                RTC_IRQHandler
                0x000001b0                TIMER0_IRQHandler
                0x000001b0                SPI_IRQHandler
                0x000001b0                EINT1_IRQHandler
                0x000001b0                UART2_IRQHandler
                0x000001b0                ADC_IRQHandler
                0x000001b0                SSP1_IRQHandler
                0x000001b0                USB_IRQHandler
                0x000001b0                BOD_IRQHandler
                0x000001b0                WDT_IRQHandler
                0x000001b0                QEI_IRQHandler
                0x000001b0                DMA_IRQHandler
                0x000001b0                MCPWM_IRQHandler
                0x000001b0                ENET_IRQHandler
 .text.initAllPeripherals
                0x000001b8       0x8c ./src/main.o
                0x000001b8                initAllPeripherals
 .text.NVIC_ClearPendingIRQ
                0x00000244       0x3c ./src/main.o
 .text.NVIC_EnableIRQ
                0x00000280       0x38 ./src/main.o
 .text.init_ssp
                0x000002b8       0xa0 ./src/main.o
 .text.init_i2c
                0x00000358       0x60 ./src/main.o
 .text.init_GPIO
                0x000003b8      0x118 ./src/main.o
 .text.init_buzzer
                0x000004d0       0x8c ./src/main.o
                0x000004d0                init_buzzer
 .text.init_uart
                0x0000055c       0x84 ./src/main.o
                0x0000055c                init_uart
 .text.init_timer
                0x000005e0      0x174 ./src/main.o
                0x000005e0                init_timer
 .text.NVIC_SetPriority
                0x00000754       0x5c ./src/main.o
 .text.init_temp_interrupt
                0x000007b0       0x94 ./src/main.o
                0x000007b0                init_temp_interrupt
 .text.disable_temp_interrupt
                0x00000844       0x3c ./src/main.o
                0x00000844                disable_temp_interrupt
 .text.init_handShake
                0x00000880       0x28 ./src/main.o
                0x00000880                init_handShake
 .text.calibratingHandler
                0x000008a8       0x5c ./src/main.o
                0x000008a8                calibratingHandler
 .text.stdbyCountingDownHandler
                0x00000904       0x20 ./src/main.o
                0x00000904                stdbyCountingDownHandler
 .text.stdbyEnvTestingHandler
                0x00000924       0x5c ./src/main.o
                0x00000924                stdbyEnvTestingHandler
 .text.activeHandler
                0x00000980      0x1f8 ./src/main.o
                0x00000980                activeHandler
 .text.SysTick_Handler
                0x00000b78      0x250 ./src/main.o
                0x00000b78                SysTick_Handler
 .text.EINT0_IRQHandler
                0x00000dc8       0x34 ./src/main.o
                0x00000dc8                EINT0_IRQHandler
 .text.EINT3_IRQHandler
                0x00000dfc      0x218 ./src/main.o
                0x00000dfc                EINT3_IRQHandler
 .text.TIMER1_IRQHandler
                0x00001014      0x180 ./src/main.o
                0x00001014                TIMER1_IRQHandler
 .text.TIMER2_IRQHandler
                0x00001194       0x30 ./src/main.o
                0x00001194                TIMER2_IRQHandler
 .text.TIMER3_IRQHandler
                0x000011c4       0x40 ./src/main.o
                0x000011c4                TIMER3_IRQHandler
 .text.UART3_IRQHandler
                0x00001204      0x1cc ./src/main.o
                0x00001204                UART3_IRQHandler
 .text.oneSecondHandler
                0x000013d0       0x1c ./src/main.o
                0x000013d0                oneSecondHandler
 .text.getMsTicks
                0x000013ec       0x18 ./src/main.o
                0x000013ec                getMsTicks
 .text.enterCalibratingState
                0x00001404       0x50 ./src/main.o
                0x00001404                enterCalibratingState
 .text.enterStdByCountingDownState
                0x00001454       0x5c ./src/main.o
                0x00001454                enterStdByCountingDownState
 .text.enterActiveState
                0x000014b0       0x60 ./src/main.o
                0x000014b0                enterActiveState
 .text.leaveActiveState
                0x00001510       0x2c ./src/main.o
                0x00001510                leaveActiveState
 .text.leaveCalibratingState
                0x0000153c       0x84 ./src/main.o
                0x0000153c                leaveCalibratingState
 .text.leaveStdByCountingDownState
                0x000015c0       0x18 ./src/main.o
                0x000015c0                leaveStdByCountingDownState
 .text.updateReadings
                0x000015d8       0x34 ./src/main.o
                0x000015d8                updateReadings
 .text.updateTemperatureReading
                0x0000160c       0x44 ./src/main.o
                0x0000160c                updateTemperatureReading
 .text.updateAccReading
                0x00001650       0xa4 ./src/main.o
                0x00001650                updateAccReading
 .text.updateFreqCounter
                0x000016f4      0x258 ./src/main.o
                0x000016f4                updateFreqCounter
 .text.startWarning
                0x0000194c       0x30 ./src/main.o
                0x0000194c                startWarning
 .text.turnOnLedArray
                0x0000197c       0x14 ./src/main.o
                0x0000197c                turnOnLedArray
 .text.stopWarning
                0x00001990       0x48 ./src/main.o
                0x00001990                stopWarning
 .text.turnOffLedArray
                0x000019d8       0x14 ./src/main.o
                0x000019d8                turnOffLedArray
 .text.countDownFrom
                0x000019ec       0x3c ./src/main.o
                0x000019ec                countDownFrom
 .text.decrementCount
                0x00001a28       0x78 ./src/main.o
                0x00001a28                decrementCount
 .text.writeHeaderToOled
                0x00001aa0       0xb0 ./src/main.o
                0x00001aa0                writeHeaderToOled
 .text.writeStatesToOled
                0x00001b50      0x174 ./src/main.o
                0x00001b50                writeStatesToOled
 .text.writeTempToOled
                0x00001cc4      0x124 ./src/main.o
                0x00001cc4                writeTempToOled
 .text.writeAccValueToOled
                0x00001de8      0x254 ./src/main.o
                0x00001de8                writeAccValueToOled
 .text.sendUartReady
                0x0000203c       0x34 ./src/main.o
                0x0000203c                sendUartReady
 .text.tempToString
                0x00002070      0x124 ./src/main.o
                0x00002070                tempToString
 .text.toStringInt
                0x00002194       0x24 ./src/main.o
                0x00002194                toStringInt
 .text.toStringDouble
                0x000021b8       0x2c ./src/main.o
                0x000021b8                toStringDouble
 .text.rgb_setLeds_OledHack
                0x000021e4       0x20 ./src/main.o
                0x000021e4                rgb_setLeds_OledHack
 .text.main     0x00002204       0x70 ./src/main.o
                0x00002204                main
 .text.SysTick_Config
                0x00002274       0x68 ./src/main.o
 .text.check_failed
                0x000022dc        0xc ./src/main.o
                0x000022dc                check_failed
 .text.SystemInit
                0x000022e8      0x224 C:\Users\thyagesh93\Documents\NUS\IVLEDrive\EE2024 PROGRAMMING FOR COMPUTER INTERFACES\PROGRAMMING FOR COMPUTER INTERFACES\Assignment 2\Lib_CMSISv1p30_LPC17xx\Debug\libCMSISv1p30_LPC17xx.a(system_LPC17xx.o)
                0x000022e8                SystemInit
 .text.I2CRead  0x0000250c       0x64 C:\Users\thyagesh93\Documents\NUS\IVLEDrive\EE2024 PROGRAMMING FOR COMPUTER INTERFACES\PROGRAMMING FOR COMPUTER INTERFACES\Assignment 2\Lib_EaBaseBoard\Debug\libLib_EaBaseBoard.a(acc.o)
 .text.I2CWrite
                0x00002570       0x64 C:\Users\thyagesh93\Documents\NUS\IVLEDrive\EE2024 PROGRAMMING FOR COMPUTER INTERFACES\PROGRAMMING FOR COMPUTER INTERFACES\Assignment 2\Lib_EaBaseBoard\Debug\libLib_EaBaseBoard.a(acc.o)
 .text.getStatus
                0x000025d4       0x3c C:\Users\thyagesh93\Documents\NUS\IVLEDrive\EE2024 PROGRAMMING FOR COMPUTER INTERFACES\PROGRAMMING FOR COMPUTER INTERFACES\Assignment 2\Lib_EaBaseBoard\Debug\libLib_EaBaseBoard.a(acc.o)
 .text.getModeControl
                0x00002610       0x3c C:\Users\thyagesh93\Documents\NUS\IVLEDrive\EE2024 PROGRAMMING FOR COMPUTER INTERFACES\PROGRAMMING FOR COMPUTER INTERFACES\Assignment 2\Lib_EaBaseBoard\Debug\libLib_EaBaseBoard.a(acc.o)
 .text.setModeControl
                0x0000264c       0x30 C:\Users\thyagesh93\Documents\NUS\IVLEDrive\EE2024 PROGRAMMING FOR COMPUTER INTERFACES\PROGRAMMING FOR COMPUTER INTERFACES\Assignment 2\Lib_EaBaseBoard\Debug\libLib_EaBaseBoard.a(acc.o)
 .text.acc_init
                0x0000267c       0x10 C:\Users\thyagesh93\Documents\NUS\IVLEDrive\EE2024 PROGRAMMING FOR COMPUTER INTERFACES\PROGRAMMING FOR COMPUTER INTERFACES\Assignment 2\Lib_EaBaseBoard\Debug\libLib_EaBaseBoard.a(acc.o)
                0x0000267c                acc_init
 .text.acc_read
                0x0000268c       0xb4 C:\Users\thyagesh93\Documents\NUS\IVLEDrive\EE2024 PROGRAMMING FOR COMPUTER INTERFACES\PROGRAMMING FOR COMPUTER INTERFACES\Assignment 2\Lib_EaBaseBoard\Debug\libLib_EaBaseBoard.a(acc.o)
                0x0000268c                acc_read
 .text.acc_setMode
                0x00002740       0x3c C:\Users\thyagesh93\Documents\NUS\IVLEDrive\EE2024 PROGRAMMING FOR COMPUTER INTERFACES\PROGRAMMING FOR COMPUTER INTERFACES\Assignment 2\Lib_EaBaseBoard\Debug\libLib_EaBaseBoard.a(acc.o)
                0x00002740                acc_setMode
 .text.led7seg_init
                0x0000277c       0x24 C:\Users\thyagesh93\Documents\NUS\IVLEDrive\EE2024 PROGRAMMING FOR COMPUTER INTERFACES\PROGRAMMING FOR COMPUTER INTERFACES\Assignment 2\Lib_EaBaseBoard\Debug\libLib_EaBaseBoard.a(led7seg.o)
                0x0000277c                led7seg_init
 .text.led7seg_setChar
                0x000027a0       0x88 C:\Users\thyagesh93\Documents\NUS\IVLEDrive\EE2024 PROGRAMMING FOR COMPUTER INTERFACES\PROGRAMMING FOR COMPUTER INTERFACES\Assignment 2\Lib_EaBaseBoard\Debug\libLib_EaBaseBoard.a(led7seg.o)
                0x000027a0                led7seg_setChar
 .text.I2CRead  0x00002828       0x64 C:\Users\thyagesh93\Documents\NUS\IVLEDrive\EE2024 PROGRAMMING FOR COMPUTER INTERFACES\PROGRAMMING FOR COMPUTER INTERFACES\Assignment 2\Lib_EaBaseBoard\Debug\libLib_EaBaseBoard.a(light.o)
 .text.I2CWrite
                0x0000288c       0x64 C:\Users\thyagesh93\Documents\NUS\IVLEDrive\EE2024 PROGRAMMING FOR COMPUTER INTERFACES\PROGRAMMING FOR COMPUTER INTERFACES\Assignment 2\Lib_EaBaseBoard\Debug\libLib_EaBaseBoard.a(light.o)
 .text.readControlReg
                0x000028f0       0x3c C:\Users\thyagesh93\Documents\NUS\IVLEDrive\EE2024 PROGRAMMING FOR COMPUTER INTERFACES\PROGRAMMING FOR COMPUTER INTERFACES\Assignment 2\Lib_EaBaseBoard\Debug\libLib_EaBaseBoard.a(light.o)
 .text.light_init
                0x0000292c        0xc C:\Users\thyagesh93\Documents\NUS\IVLEDrive\EE2024 PROGRAMMING FOR COMPUTER INTERFACES\PROGRAMMING FOR COMPUTER INTERFACES\Assignment 2\Lib_EaBaseBoard\Debug\libLib_EaBaseBoard.a(light.o)
                0x0000292c                light_init
 .text.light_enable
                0x00002938       0x48 C:\Users\thyagesh93\Documents\NUS\IVLEDrive\EE2024 PROGRAMMING FOR COMPUTER INTERFACES\PROGRAMMING FOR COMPUTER INTERFACES\Assignment 2\Lib_EaBaseBoard\Debug\libLib_EaBaseBoard.a(light.o)
                0x00002938                light_enable
 .text.light_setRange
                0x00002980       0xb0 C:\Users\thyagesh93\Documents\NUS\IVLEDrive\EE2024 PROGRAMMING FOR COMPUTER INTERFACES\PROGRAMMING FOR COMPUTER INTERFACES\Assignment 2\Lib_EaBaseBoard\Debug\libLib_EaBaseBoard.a(light.o)
                0x00002980                light_setRange
 .text.light_setHiThreshold
                0x00002a30       0x58 C:\Users\thyagesh93\Documents\NUS\IVLEDrive\EE2024 PROGRAMMING FOR COMPUTER INTERFACES\PROGRAMMING FOR COMPUTER INTERFACES\Assignment 2\Lib_EaBaseBoard\Debug\libLib_EaBaseBoard.a(light.o)
                0x00002a30                light_setHiThreshold
 .text.light_setLoThreshold
                0x00002a88       0x58 C:\Users\thyagesh93\Documents\NUS\IVLEDrive\EE2024 PROGRAMMING FOR COMPUTER INTERFACES\PROGRAMMING FOR COMPUTER INTERFACES\Assignment 2\Lib_EaBaseBoard\Debug\libLib_EaBaseBoard.a(light.o)
                0x00002a88                light_setLoThreshold
 .text.light_clearIrqStatus
                0x00002ae0       0x3c C:\Users\thyagesh93\Documents\NUS\IVLEDrive\EE2024 PROGRAMMING FOR COMPUTER INTERFACES\PROGRAMMING FOR COMPUTER INTERFACES\Assignment 2\Lib_EaBaseBoard\Debug\libLib_EaBaseBoard.a(light.o)
                0x00002ae0                light_clearIrqStatus
 .text.writeCommand
                0x00002b1c       0x60 C:\Users\thyagesh93\Documents\NUS\IVLEDrive\EE2024 PROGRAMMING FOR COMPUTER INTERFACES\PROGRAMMING FOR COMPUTER INTERFACES\Assignment 2\Lib_EaBaseBoard\Debug\libLib_EaBaseBoard.a(oled.o)
 .text.writeData
                0x00002b7c       0x60 C:\Users\thyagesh93\Documents\NUS\IVLEDrive\EE2024 PROGRAMMING FOR COMPUTER INTERFACES\PROGRAMMING FOR COMPUTER INTERFACES\Assignment 2\Lib_EaBaseBoard\Debug\libLib_EaBaseBoard.a(oled.o)
 .text.writeDataLen
                0x00002bdc       0x90 C:\Users\thyagesh93\Documents\NUS\IVLEDrive\EE2024 PROGRAMMING FOR COMPUTER INTERFACES\PROGRAMMING FOR COMPUTER INTERFACES\Assignment 2\Lib_EaBaseBoard\Debug\libLib_EaBaseBoard.a(oled.o)
 .text.runInitSequence
                0x00002c6c      0x118 C:\Users\thyagesh93\Documents\NUS\IVLEDrive\EE2024 PROGRAMMING FOR COMPUTER INTERFACES\PROGRAMMING FOR COMPUTER INTERFACES\Assignment 2\Lib_EaBaseBoard\Debug\libLib_EaBaseBoard.a(oled.o)
 .text.hLine    0x00002d84       0x58 C:\Users\thyagesh93\Documents\NUS\IVLEDrive\EE2024 PROGRAMMING FOR COMPUTER INTERFACES\PROGRAMMING FOR COMPUTER INTERFACES\Assignment 2\Lib_EaBaseBoard\Debug\libLib_EaBaseBoard.a(oled.o)
 .text.vLine    0x00002ddc       0x58 C:\Users\thyagesh93\Documents\NUS\IVLEDrive\EE2024 PROGRAMMING FOR COMPUTER INTERFACES\PROGRAMMING FOR COMPUTER INTERFACES\Assignment 2\Lib_EaBaseBoard\Debug\libLib_EaBaseBoard.a(oled.o)
 .text.oled_init
                0x00002e34       0x9c C:\Users\thyagesh93\Documents\NUS\IVLEDrive\EE2024 PROGRAMMING FOR COMPUTER INTERFACES\PROGRAMMING FOR COMPUTER INTERFACES\Assignment 2\Lib_EaBaseBoard\Debug\libLib_EaBaseBoard.a(oled.o)
                0x00002e34                oled_init
 .text.oled_putPixel
                0x00002ed0      0x178 C:\Users\thyagesh93\Documents\NUS\IVLEDrive\EE2024 PROGRAMMING FOR COMPUTER INTERFACES\PROGRAMMING FOR COMPUTER INTERFACES\Assignment 2\Lib_EaBaseBoard\Debug\libLib_EaBaseBoard.a(oled.o)
                0x00002ed0                oled_putPixel
 .text.oled_fillRect
                0x00003048       0xb4 C:\Users\thyagesh93\Documents\NUS\IVLEDrive\EE2024 PROGRAMMING FOR COMPUTER INTERFACES\PROGRAMMING FOR COMPUTER INTERFACES\Assignment 2\Lib_EaBaseBoard\Debug\libLib_EaBaseBoard.a(oled.o)
                0x00003048                oled_fillRect
 .text.oled_clearScreen
                0x000030fc       0x74 C:\Users\thyagesh93\Documents\NUS\IVLEDrive\EE2024 PROGRAMMING FOR COMPUTER INTERFACES\PROGRAMMING FOR COMPUTER INTERFACES\Assignment 2\Lib_EaBaseBoard\Debug\libLib_EaBaseBoard.a(oled.o)
                0x000030fc                oled_clearScreen
 .text.oled_putChar
                0x00003170      0x100 C:\Users\thyagesh93\Documents\NUS\IVLEDrive\EE2024 PROGRAMMING FOR COMPUTER INTERFACES\PROGRAMMING FOR COMPUTER INTERFACES\Assignment 2\Lib_EaBaseBoard\Debug\libLib_EaBaseBoard.a(oled.o)
                0x00003170                oled_putChar
 .text.oled_putString
                0x00003270       0x58 C:\Users\thyagesh93\Documents\NUS\IVLEDrive\EE2024 PROGRAMMING FOR COMPUTER INTERFACES\PROGRAMMING FOR COMPUTER INTERFACES\Assignment 2\Lib_EaBaseBoard\Debug\libLib_EaBaseBoard.a(oled.o)
                0x00003270                oled_putString
 .text.I2CWrite
                0x000032c8       0x64 C:\Users\thyagesh93\Documents\NUS\IVLEDrive\EE2024 PROGRAMMING FOR COMPUTER INTERFACES\PROGRAMMING FOR COMPUTER INTERFACES\Assignment 2\Lib_EaBaseBoard\Debug\libLib_EaBaseBoard.a(pca9532.o)
 .text.setLsStates
                0x0000332c       0xd0 C:\Users\thyagesh93\Documents\NUS\IVLEDrive\EE2024 PROGRAMMING FOR COMPUTER INTERFACES\PROGRAMMING FOR COMPUTER INTERFACES\Assignment 2\Lib_EaBaseBoard\Debug\libLib_EaBaseBoard.a(pca9532.o)
 .text.setLeds  0x000033fc       0xa4 C:\Users\thyagesh93\Documents\NUS\IVLEDrive\EE2024 PROGRAMMING FOR COMPUTER INTERFACES\PROGRAMMING FOR COMPUTER INTERFACES\Assignment 2\Lib_EaBaseBoard\Debug\libLib_EaBaseBoard.a(pca9532.o)
 .text.pca9532_init
                0x000034a0        0xc C:\Users\thyagesh93\Documents\NUS\IVLEDrive\EE2024 PROGRAMMING FOR COMPUTER INTERFACES\PROGRAMMING FOR COMPUTER INTERFACES\Assignment 2\Lib_EaBaseBoard\Debug\libLib_EaBaseBoard.a(pca9532.o)
                0x000034a0                pca9532_init
 .text.pca9532_setLeds
                0x000034ac       0xa4 C:\Users\thyagesh93\Documents\NUS\IVLEDrive\EE2024 PROGRAMMING FOR COMPUTER INTERFACES\PROGRAMMING FOR COMPUTER INTERFACES\Assignment 2\Lib_EaBaseBoard\Debug\libLib_EaBaseBoard.a(pca9532.o)
                0x000034ac                pca9532_setLeds
 .text.rgb_init
                0x00003550       0x38 C:\Users\thyagesh93\Documents\NUS\IVLEDrive\EE2024 PROGRAMMING FOR COMPUTER INTERFACES\PROGRAMMING FOR COMPUTER INTERFACES\Assignment 2\Lib_EaBaseBoard\Debug\libLib_EaBaseBoard.a(rgb.o)
                0x00003550                rgb_init
 .text.rgb_setLeds
                0x00003588       0x80 C:\Users\thyagesh93\Documents\NUS\IVLEDrive\EE2024 PROGRAMMING FOR COMPUTER INTERFACES\PROGRAMMING FOR COMPUTER INTERFACES\Assignment 2\Lib_EaBaseBoard\Debug\libLib_EaBaseBoard.a(rgb.o)
                0x00003588                rgb_setLeds
 .text.GPIO_GetPointer
                0x00003608       0x78 C:\Users\thyagesh93\Documents\NUS\IVLEDrive\EE2024 PROGRAMMING FOR COMPUTER INTERFACES\PROGRAMMING FOR COMPUTER INTERFACES\Assignment 2\Lib_MCU\Debug\libLib_MCU.a(lpc17xx_gpio.o)
 .text.GPIO_SetDir
                0x00003680       0x54 C:\Users\thyagesh93\Documents\NUS\IVLEDrive\EE2024 PROGRAMMING FOR COMPUTER INTERFACES\PROGRAMMING FOR COMPUTER INTERFACES\Assignment 2\Lib_MCU\Debug\libLib_MCU.a(lpc17xx_gpio.o)
                0x00003680                GPIO_SetDir
 .text.GPIO_SetValue
                0x000036d4       0x2c C:\Users\thyagesh93\Documents\NUS\IVLEDrive\EE2024 PROGRAMMING FOR COMPUTER INTERFACES\PROGRAMMING FOR COMPUTER INTERFACES\Assignment 2\Lib_MCU\Debug\libLib_MCU.a(lpc17xx_gpio.o)
                0x000036d4                GPIO_SetValue
 .text.GPIO_ClearValue
                0x00003700       0x2c C:\Users\thyagesh93\Documents\NUS\IVLEDrive\EE2024 PROGRAMMING FOR COMPUTER INTERFACES\PROGRAMMING FOR COMPUTER INTERFACES\Assignment 2\Lib_MCU\Debug\libLib_MCU.a(lpc17xx_gpio.o)
                0x00003700                GPIO_ClearValue
 .text.GPIO_ReadValue
                0x0000372c       0x38 C:\Users\thyagesh93\Documents\NUS\IVLEDrive\EE2024 PROGRAMMING FOR COMPUTER INTERFACES\PROGRAMMING FOR COMPUTER INTERFACES\Assignment 2\Lib_MCU\Debug\libLib_MCU.a(lpc17xx_gpio.o)
                0x0000372c                GPIO_ReadValue
 .text.I2C_getNum
                0x00003764       0x60 C:\Users\thyagesh93\Documents\NUS\IVLEDrive\EE2024 PROGRAMMING FOR COMPUTER INTERFACES\PROGRAMMING FOR COMPUTER INTERFACES\Assignment 2\Lib_MCU\Debug\libLib_MCU.a(lpc17xx_i2c.o)
 .text.I2C_Start
                0x000037c4       0x40 C:\Users\thyagesh93\Documents\NUS\IVLEDrive\EE2024 PROGRAMMING FOR COMPUTER INTERFACES\PROGRAMMING FOR COMPUTER INTERFACES\Assignment 2\Lib_MCU\Debug\libLib_MCU.a(lpc17xx_i2c.o)
 .text.I2C_Stop
                0x00003804       0x38 C:\Users\thyagesh93\Documents\NUS\IVLEDrive\EE2024 PROGRAMMING FOR COMPUTER INTERFACES\PROGRAMMING FOR COMPUTER INTERFACES\Assignment 2\Lib_MCU\Debug\libLib_MCU.a(lpc17xx_i2c.o)
 .text.I2C_SendByte
                0x0000383c       0x50 C:\Users\thyagesh93\Documents\NUS\IVLEDrive\EE2024 PROGRAMMING FOR COMPUTER INTERFACES\PROGRAMMING FOR COMPUTER INTERFACES\Assignment 2\Lib_MCU\Debug\libLib_MCU.a(lpc17xx_i2c.o)
 .text.I2C_GetByte
                0x0000388c       0x58 C:\Users\thyagesh93\Documents\NUS\IVLEDrive\EE2024 PROGRAMMING FOR COMPUTER INTERFACES\PROGRAMMING FOR COMPUTER INTERFACES\Assignment 2\Lib_MCU\Debug\libLib_MCU.a(lpc17xx_i2c.o)
 .text.I2C_IntCmd
                0x000038e4       0xa8 C:\Users\thyagesh93\Documents\NUS\IVLEDrive\EE2024 PROGRAMMING FOR COMPUTER INTERFACES\PROGRAMMING FOR COMPUTER INTERFACES\Assignment 2\Lib_MCU\Debug\libLib_MCU.a(lpc17xx_i2c.o)
                0x000038e4                I2C_IntCmd
 .text.NVIC_EnableIRQ
                0x0000398c       0x38 C:\Users\thyagesh93\Documents\NUS\IVLEDrive\EE2024 PROGRAMMING FOR COMPUTER INTERFACES\PROGRAMMING FOR COMPUTER INTERFACES\Assignment 2\Lib_MCU\Debug\libLib_MCU.a(lpc17xx_i2c.o)
 .text.NVIC_DisableIRQ
                0x000039c4       0x3c C:\Users\thyagesh93\Documents\NUS\IVLEDrive\EE2024 PROGRAMMING FOR COMPUTER INTERFACES\PROGRAMMING FOR COMPUTER INTERFACES\Assignment 2\Lib_MCU\Debug\libLib_MCU.a(lpc17xx_i2c.o)
 .text.I2C_MasterHandler
                0x00003a00      0x410 C:\Users\thyagesh93\Documents\NUS\IVLEDrive\EE2024 PROGRAMMING FOR COMPUTER INTERFACES\PROGRAMMING FOR COMPUTER INTERFACES\Assignment 2\Lib_MCU\Debug\libLib_MCU.a(lpc17xx_i2c.o)
                0x00003a00                I2C_MasterHandler
 .text.I2C_SetClock
                0x00003e10       0xc8 C:\Users\thyagesh93\Documents\NUS\IVLEDrive\EE2024 PROGRAMMING FOR COMPUTER INTERFACES\PROGRAMMING FOR COMPUTER INTERFACES\Assignment 2\Lib_MCU\Debug\libLib_MCU.a(lpc17xx_i2c.o)
                0x00003e10                I2C_SetClock
 .text.I2C_Init
                0x00003ed8       0xd4 C:\Users\thyagesh93\Documents\NUS\IVLEDrive\EE2024 PROGRAMMING FOR COMPUTER INTERFACES\PROGRAMMING FOR COMPUTER INTERFACES\Assignment 2\Lib_MCU\Debug\libLib_MCU.a(lpc17xx_i2c.o)
                0x00003ed8                I2C_Init
 .text.I2C_Cmd  0x00003fac       0x84 C:\Users\thyagesh93\Documents\NUS\IVLEDrive\EE2024 PROGRAMMING FOR COMPUTER INTERFACES\PROGRAMMING FOR COMPUTER INTERFACES\Assignment 2\Lib_MCU\Debug\libLib_MCU.a(lpc17xx_i2c.o)
                0x00003fac                I2C_Cmd
 .text.I2C_MasterTransferData
                0x00004030      0x374 C:\Users\thyagesh93\Documents\NUS\IVLEDrive\EE2024 PROGRAMMING FOR COMPUTER INTERFACES\PROGRAMMING FOR COMPUTER INTERFACES\Assignment 2\Lib_MCU\Debug\libLib_MCU.a(lpc17xx_i2c.o)
                0x00004030                I2C_MasterTransferData
 .text.PINSEL_SetPinFunc
                0x000043a4       0xa4 C:\Users\thyagesh93\Documents\NUS\IVLEDrive\EE2024 PROGRAMMING FOR COMPUTER INTERFACES\PROGRAMMING FOR COMPUTER INTERFACES\Assignment 2\Lib_MCU\Debug\libLib_MCU.a(lpc17xx_pinsel.o)
                0x000043a4                PINSEL_SetPinFunc
 .text.PINSEL_SetResistorMode
                0x00004448       0xa4 C:\Users\thyagesh93\Documents\NUS\IVLEDrive\EE2024 PROGRAMMING FOR COMPUTER INTERFACES\PROGRAMMING FOR COMPUTER INTERFACES\Assignment 2\Lib_MCU\Debug\libLib_MCU.a(lpc17xx_pinsel.o)
                0x00004448                PINSEL_SetResistorMode
 .text.PINSEL_SetOpenDrainMode
                0x000044ec       0x84 C:\Users\thyagesh93\Documents\NUS\IVLEDrive\EE2024 PROGRAMMING FOR COMPUTER INTERFACES\PROGRAMMING FOR COMPUTER INTERFACES\Assignment 2\Lib_MCU\Debug\libLib_MCU.a(lpc17xx_pinsel.o)
                0x000044ec                PINSEL_SetOpenDrainMode
 .text.PINSEL_ConfigPin
                0x00004570       0x4c C:\Users\thyagesh93\Documents\NUS\IVLEDrive\EE2024 PROGRAMMING FOR COMPUTER INTERFACES\PROGRAMMING FOR COMPUTER INTERFACES\Assignment 2\Lib_MCU\Debug\libLib_MCU.a(lpc17xx_pinsel.o)
                0x00004570                PINSEL_ConfigPin
 .text.SSP_getNum
                0x000045bc       0x48 C:\Users\thyagesh93\Documents\NUS\IVLEDrive\EE2024 PROGRAMMING FOR COMPUTER INTERFACES\PROGRAMMING FOR COMPUTER INTERFACES\Assignment 2\Lib_MCU\Debug\libLib_MCU.a(lpc17xx_ssp.o)
 .text.SSP_IntHandler
                0x00004604      0x324 C:\Users\thyagesh93\Documents\NUS\IVLEDrive\EE2024 PROGRAMMING FOR COMPUTER INTERFACES\PROGRAMMING FOR COMPUTER INTERFACES\Assignment 2\Lib_MCU\Debug\libLib_MCU.a(lpc17xx_ssp.o)
                0x00004604                SSP_IntHandler
 .text.SSP_SetClock
                0x00004928       0xf8 C:\Users\thyagesh93\Documents\NUS\IVLEDrive\EE2024 PROGRAMMING FOR COMPUTER INTERFACES\PROGRAMMING FOR COMPUTER INTERFACES\Assignment 2\Lib_MCU\Debug\libLib_MCU.a(lpc17xx_ssp.o)
                0x00004928                SSP_SetClock
 .text.SSP_Init
                0x00004a20      0x10c C:\Users\thyagesh93\Documents\NUS\IVLEDrive\EE2024 PROGRAMMING FOR COMPUTER INTERFACES\PROGRAMMING FOR COMPUTER INTERFACES\Assignment 2\Lib_MCU\Debug\libLib_MCU.a(lpc17xx_ssp.o)
                0x00004a20                SSP_Init
 .text.SSP_ConfigStructInit
                0x00004b2c       0x48 C:\Users\thyagesh93\Documents\NUS\IVLEDrive\EE2024 PROGRAMMING FOR COMPUTER INTERFACES\PROGRAMMING FOR COMPUTER INTERFACES\Assignment 2\Lib_MCU\Debug\libLib_MCU.a(lpc17xx_ssp.o)
                0x00004b2c                SSP_ConfigStructInit
 .text.SSP_Cmd  0x00004b74       0x7c C:\Users\thyagesh93\Documents\NUS\IVLEDrive\EE2024 PROGRAMMING FOR COMPUTER INTERFACES\PROGRAMMING FOR COMPUTER INTERFACES\Assignment 2\Lib_MCU\Debug\libLib_MCU.a(lpc17xx_ssp.o)
                0x00004b74                SSP_Cmd
 .text.SSP_SendData
                0x00004bf0       0x48 C:\Users\thyagesh93\Documents\NUS\IVLEDrive\EE2024 PROGRAMMING FOR COMPUTER INTERFACES\PROGRAMMING FOR COMPUTER INTERFACES\Assignment 2\Lib_MCU\Debug\libLib_MCU.a(lpc17xx_ssp.o)
                0x00004bf0                SSP_SendData
 .text.SSP_ReceiveData
                0x00004c38       0x44 C:\Users\thyagesh93\Documents\NUS\IVLEDrive\EE2024 PROGRAMMING FOR COMPUTER INTERFACES\PROGRAMMING FOR COMPUTER INTERFACES\Assignment 2\Lib_MCU\Debug\libLib_MCU.a(lpc17xx_ssp.o)
                0x00004c38                SSP_ReceiveData
 .text.SSP_ReadWrite
                0x00004c7c      0x448 C:\Users\thyagesh93\Documents\NUS\IVLEDrive\EE2024 PROGRAMMING FOR COMPUTER INTERFACES\PROGRAMMING FOR COMPUTER INTERFACES\Assignment 2\Lib_MCU\Debug\libLib_MCU.a(lpc17xx_ssp.o)
                0x00004c7c                SSP_ReadWrite
 .text.TIM_GetPClock
                0x000050c4       0x68 C:\Users\thyagesh93\Documents\NUS\IVLEDrive\EE2024 PROGRAMMING FOR COMPUTER INTERFACES\PROGRAMMING FOR COMPUTER INTERFACES\Assignment 2\Lib_MCU\Debug\libLib_MCU.a(lpc17xx_timer.o)
                0x000050c4                TIM_GetPClock
 .text.TIM_ConverUSecToVal
                0x0000512c       0x68 C:\Users\thyagesh93\Documents\NUS\IVLEDrive\EE2024 PROGRAMMING FOR COMPUTER INTERFACES\PROGRAMMING FOR COMPUTER INTERFACES\Assignment 2\Lib_MCU\Debug\libLib_MCU.a(lpc17xx_timer.o)
                0x0000512c                TIM_ConverUSecToVal
 .text.TIM_ConverPtrToTimeNum
                0x00005194       0x74 C:\Users\thyagesh93\Documents\NUS\IVLEDrive\EE2024 PROGRAMMING FOR COMPUTER INTERFACES\PROGRAMMING FOR COMPUTER INTERFACES\Assignment 2\Lib_MCU\Debug\libLib_MCU.a(lpc17xx_timer.o)
                0x00005194                TIM_ConverPtrToTimeNum
 .text.TIM_ClearIntPending
                0x00005208       0xa8 C:\Users\thyagesh93\Documents\NUS\IVLEDrive\EE2024 PROGRAMMING FOR COMPUTER INTERFACES\PROGRAMMING FOR COMPUTER INTERFACES\Assignment 2\Lib_MCU\Debug\libLib_MCU.a(lpc17xx_timer.o)
                0x00005208                TIM_ClearIntPending
 .text.TIM_Init
                0x000052b0      0x1cc C:\Users\thyagesh93\Documents\NUS\IVLEDrive\EE2024 PROGRAMMING FOR COMPUTER INTERFACES\PROGRAMMING FOR COMPUTER INTERFACES\Assignment 2\Lib_MCU\Debug\libLib_MCU.a(lpc17xx_timer.o)
                0x000052b0                TIM_Init
 .text.TIM_Cmd  0x0000547c       0x7c C:\Users\thyagesh93\Documents\NUS\IVLEDrive\EE2024 PROGRAMMING FOR COMPUTER INTERFACES\PROGRAMMING FOR COMPUTER INTERFACES\Assignment 2\Lib_MCU\Debug\libLib_MCU.a(lpc17xx_timer.o)
                0x0000547c                TIM_Cmd
 .text.TIM_ResetCounter
                0x000054f8       0x70 C:\Users\thyagesh93\Documents\NUS\IVLEDrive\EE2024 PROGRAMMING FOR COMPUTER INTERFACES\PROGRAMMING FOR COMPUTER INTERFACES\Assignment 2\Lib_MCU\Debug\libLib_MCU.a(lpc17xx_timer.o)
                0x000054f8                TIM_ResetCounter
 .text.TIM_ConfigMatch
                0x00005568      0x1a0 C:\Users\thyagesh93\Documents\NUS\IVLEDrive\EE2024 PROGRAMMING FOR COMPUTER INTERFACES\PROGRAMMING FOR COMPUTER INTERFACES\Assignment 2\Lib_MCU\Debug\libLib_MCU.a(lpc17xx_timer.o)
                0x00005568                TIM_ConfigMatch
 .text.uart_set_divisors
                0x00005708      0x26c C:\Users\thyagesh93\Documents\NUS\IVLEDrive\EE2024 PROGRAMMING FOR COMPUTER INTERFACES\PROGRAMMING FOR COMPUTER INTERFACES\Assignment 2\Lib_MCU\Debug\libLib_MCU.a(lpc17xx_uart.o)
                0x00005708                uart_set_divisors
 .text.UART_Init
                0x00005974      0x360 C:\Users\thyagesh93\Documents\NUS\IVLEDrive\EE2024 PROGRAMMING FOR COMPUTER INTERFACES\PROGRAMMING FOR COMPUTER INTERFACES\Assignment 2\Lib_MCU\Debug\libLib_MCU.a(lpc17xx_uart.o)
                0x00005974                UART_Init
 .text.UART_SendData
                0x00005cd4       0x78 C:\Users\thyagesh93\Documents\NUS\IVLEDrive\EE2024 PROGRAMMING FOR COMPUTER INTERFACES\PROGRAMMING FOR COMPUTER INTERFACES\Assignment 2\Lib_MCU\Debug\libLib_MCU.a(lpc17xx_uart.o)
                0x00005cd4                UART_SendData
 .text.UART_ReceiveData
                0x00005d4c       0x7c C:\Users\thyagesh93\Documents\NUS\IVLEDrive\EE2024 PROGRAMMING FOR COMPUTER INTERFACES\PROGRAMMING FOR COMPUTER INTERFACES\Assignment 2\Lib_MCU\Debug\libLib_MCU.a(lpc17xx_uart.o)
                0x00005d4c                UART_ReceiveData
 .text.UART_TxCmd
                0x00005dc8       0xf0 C:\Users\thyagesh93\Documents\NUS\IVLEDrive\EE2024 PROGRAMMING FOR COMPUTER INTERFACES\PROGRAMMING FOR COMPUTER INTERFACES\Assignment 2\Lib_MCU\Debug\libLib_MCU.a(lpc17xx_uart.o)
                0x00005dc8                UART_TxCmd
 .text.UART_Send
                0x00005eb8      0x100 C:\Users\thyagesh93\Documents\NUS\IVLEDrive\EE2024 PROGRAMMING FOR COMPUTER INTERFACES\PROGRAMMING FOR COMPUTER INTERFACES\Assignment 2\Lib_MCU\Debug\libLib_MCU.a(lpc17xx_uart.o)
                0x00005eb8                UART_Send
 .text.UART_Receive
                0x00005fb8       0xc8 C:\Users\thyagesh93\Documents\NUS\IVLEDrive\EE2024 PROGRAMMING FOR COMPUTER INTERFACES\PROGRAMMING FOR COMPUTER INTERFACES\Assignment 2\Lib_MCU\Debug\libLib_MCU.a(lpc17xx_uart.o)
                0x00005fb8                UART_Receive
 .text.CLKPWR_SetPCLKDiv
                0x00006080       0xd0 C:\Users\thyagesh93\Documents\NUS\IVLEDrive\EE2024 PROGRAMMING FOR COMPUTER INTERFACES\PROGRAMMING FOR COMPUTER INTERFACES\Assignment 2\Lib_MCU\Debug\libLib_MCU.a(lpc17xx_clkpwr.o)
                0x00006080                CLKPWR_SetPCLKDiv
 .text.CLKPWR_GetPCLKSEL
                0x00006150       0x54 C:\Users\thyagesh93\Documents\NUS\IVLEDrive\EE2024 PROGRAMMING FOR COMPUTER INTERFACES\PROGRAMMING FOR COMPUTER INTERFACES\Assignment 2\Lib_MCU\Debug\libLib_MCU.a(lpc17xx_clkpwr.o)
                0x00006150                CLKPWR_GetPCLKSEL
 .text.CLKPWR_GetPCLK
                0x000061a4       0x70 C:\Users\thyagesh93\Documents\NUS\IVLEDrive\EE2024 PROGRAMMING FOR COMPUTER INTERFACES\PROGRAMMING FOR COMPUTER INTERFACES\Assignment 2\Lib_MCU\Debug\libLib_MCU.a(lpc17xx_clkpwr.o)
                0x000061a4                CLKPWR_GetPCLK
 .text.CLKPWR_ConfigPPWR
                0x00006214       0x7c C:\Users\thyagesh93\Documents\NUS\IVLEDrive\EE2024 PROGRAMMING FOR COMPUTER INTERFACES\PROGRAMMING FOR COMPUTER INTERFACES\Assignment 2\Lib_MCU\Debug\libLib_MCU.a(lpc17xx_clkpwr.o)
                0x00006214                CLKPWR_ConfigPPWR
 .text          0x00006290      0x370 c:/nxp/lpcxpresso_3.6.3_317/tools/bin/../lib/gcc/arm-none-eabi/4.3.3/thumb2\libgcc.a(_arm_addsubdf3.o)
                0x000065a4                __floatdidf
                0x00006534                __floatsidf
                0x00006514                __aeabi_ui2d
                0x00006290                __aeabi_drsub
                0x00006558                __extendsfdf2
                0x0000629c                __adddf3
                0x00006514                __floatunsidf
                0x0000629c                __aeabi_dadd
                0x00006594                __aeabi_ul2d
                0x00006298                __aeabi_dsub
                0x00006594                __floatundidf
                0x00006534                __aeabi_i2d
                0x000065a4                __aeabi_l2d
                0x00006558                __aeabi_f2d
                0x00006298                __subdf3
 .text          0x00006600      0x424 c:/nxp/lpcxpresso_3.6.3_317/tools/bin/../lib/gcc/arm-none-eabi/4.3.3/thumb2\libgcc.a(_arm_muldivdf3.o)
                0x00006854                __aeabi_ddiv
                0x00006600                __aeabi_dmul
                0x00006854                __divdf3
                0x00006600                __muldf3
 .text          0x00006a24       0xa0 c:/nxp/lpcxpresso_3.6.3_317/tools/bin/../lib/gcc/arm-none-eabi/4.3.3/thumb2\libgcc.a(_arm_truncdfsf2.o)
                0x00006a24                __aeabi_d2f
                0x00006a24                __truncdfsf2
 .text          0x00006ac4      0x21c c:/nxp/lpcxpresso_3.6.3_317/tools/bin/../lib/gcc/arm-none-eabi/4.3.3/thumb2\libgcc.a(_arm_addsubsf3.o)
                0x00006ad0                __aeabi_fadd
                0x00006acc                __subsf3
                0x00006c38                __aeabi_i2f
                0x00006acc                __aeabi_fsub
                0x00006c64                __floatdisf
                0x00006c38                __floatsisf
                0x00006c54                __floatundisf
                0x00006c30                __aeabi_ui2f
                0x00006c64                __aeabi_l2f
                0x00006c54                __aeabi_ul2f
                0x00006ac4                __aeabi_frsub
                0x00006c30                __floatunsisf
                0x00006ad0                __addsf3
 .text          0x00006ce0      0x2a0 c:/nxp/lpcxpresso_3.6.3_317/tools/bin/../lib/gcc/arm-none-eabi/4.3.3/thumb2\libgcc.a(_arm_muldivsf3.o)
                0x00006e48                __divsf3
                0x00006e48                __aeabi_fdiv
                0x00006ce0                __mulsf3
                0x00006ce0                __aeabi_fmul
 .text          0x00006f80       0xec c:/nxp/lpcxpresso_3.6.3_317/tools/bin/../lib/gcc/arm-none-eabi/4.3.3/thumb2\libgcc.a(_arm_cmpsf2.o)
                0x00007058                __aeabi_fcmpgt
                0x00006f88                __lesf2
                0x00006f90                __nesf2
                0x00007044                __aeabi_fcmpge
                0x00006f80                __gtsf2
                0x00007030                __aeabi_fcmple
                0x00006f90                __eqsf2
                0x00006f90                __cmpsf2
                0x00006f88                __ltsf2
                0x00006ff8                __aeabi_cfcmple
                0x00006f80                __gesf2
                0x00007008                __aeabi_fcmpeq
                0x00006ff0                __aeabi_cfrcmple
                0x0000701c                __aeabi_fcmplt
                0x00006ff8                __aeabi_cfcmpeq
 .text          0x0000706c       0x4c c:/nxp/lpcxpresso_3.6.3_317/tools/bin/../lib/gcc/arm-none-eabi/4.3.3/thumb2\libgcc.a(_arm_fixsfsi.o)
                0x0000706c                __fixsfsi
                0x0000706c                __aeabi_f2iz
 .text          0x000070b8       0x2c c:/nxp/lpcxpresso_3.6.3_317/tools/bin/../lib/gcc/arm-none-eabi/4.3.3/thumb2\libgcc.a(_aeabi_uldivmod.o)
                0x000070b8                __aeabi_uldivmod
 .text          0x000070e4       0x60 c:/nxp/lpcxpresso_3.6.3_317/tools/bin/../lib/gcc/arm-none-eabi/4.3.3/thumb2\libgcc.a(bpabi.o)
                0x000070e4                __gnu_uldivmod_helper
                0x00007114                __gnu_ldivmod_helper
 .text          0x00007144        0x4 c:/nxp/lpcxpresso_3.6.3_317/tools/bin/../lib/gcc/arm-none-eabi/4.3.3/thumb2\libgcc.a(_dvmd_tls.o)
                0x00007144                __aeabi_ldiv0
                0x00007144                __aeabi_idiv0
 .text          0x00007148      0x40c c:/nxp/lpcxpresso_3.6.3_317/tools/bin/../lib/gcc/arm-none-eabi/4.3.3/thumb2\libgcc.a(_divdi3.o)
                0x00007148                __divdi3
 .text          0x00007554      0x3cc c:/nxp/lpcxpresso_3.6.3_317/tools/bin/../lib/gcc/arm-none-eabi/4.3.3/thumb2\libgcc.a(_udivdi3.o)
                0x00007554                __udivdi3
 .text          0x00007920       0x8c c:/nxp/lpcxpresso_3.6.3_317/tools/bin/../lib/gcc/arm-none-eabi/4.3.3/thumb2\libgcc.a(_udivsi3.o)
                0x00007920                __udivsi3
                0x00007920                __aeabi_uidiv
                0x00007998                __aeabi_uidivmod
 .text          0x000079ac      0x12c c:/nxp/lpcxpresso_3.6.3_317/tools/bin/../lib/gcc/arm-none-eabi/4.3.3/../../../../arm-none-eabi/lib/thumb2\libc.a(lib_a-memcpy.o)
                0x000079ac                memcpy
 .text          0x00007ad8       0xb0 c:/nxp/lpcxpresso_3.6.3_317/tools/bin/../lib/gcc/arm-none-eabi/4.3.3/../../../../arm-none-eabi/lib/thumb2\libc.a(lib_a-memset.o)
                0x00007ad8                memset
 .text          0x00007b88       0x60 c:/nxp/lpcxpresso_3.6.3_317/tools/bin/../lib/gcc/arm-none-eabi/4.3.3/../../../../arm-none-eabi/lib/thumb2\libc.a(lib_a-printf.o)
                0x00007b88                printf
                0x00007bbc                _printf_r
 .text          0x00007be8       0x8c c:/nxp/lpcxpresso_3.6.3_317/tools/bin/../lib/gcc/arm-none-eabi/4.3.3/../../../../arm-none-eabi/lib/thumb2\libc.a(lib_a-sprintf.o)
                0x00007c34                _sprintf_r
                0x00007be8                sprintf
 .text          0x00007c74       0x48 c:/nxp/lpcxpresso_3.6.3_317/tools/bin/../lib/gcc/arm-none-eabi/4.3.3/../../../../arm-none-eabi/lib/thumb2\libc.a(lib_a-strcat.o)
                0x00007c74                strcat
 .text          0x00007cbc       0xbc c:/nxp/lpcxpresso_3.6.3_317/tools/bin/../lib/gcc/arm-none-eabi/4.3.3/../../../../arm-none-eabi/lib/thumb2\libc.a(lib_a-strcpy.o)
                0x00007cbc                strcpy
 .text          0x00007d78       0x60 c:/nxp/lpcxpresso_3.6.3_317/tools/bin/../lib/gcc/arm-none-eabi/4.3.3/../../../../arm-none-eabi/lib/thumb2\libc.a(lib_a-strlen.o)
                0x00007d78                strlen
 .text          0x00007dd8     0x1488 c:/nxp/lpcxpresso_3.6.3_317/tools/bin/../lib/gcc/arm-none-eabi/4.3.3/../../../../arm-none-eabi/lib/thumb2\libc.a(lib_a-svfprintf.o)
                0x00007ed4                _svfprintf_r
 .text          0x00009260     0x1724 c:/nxp/lpcxpresso_3.6.3_317/tools/bin/../lib/gcc/arm-none-eabi/4.3.3/../../../../arm-none-eabi/lib/thumb2\libc.a(lib_a-vfprintf.o)
                0x0000927c                _vfprintf_r
                0x0000a968                vfprintf
 .text          0x0000a984      0x100 c:/nxp/lpcxpresso_3.6.3_317/tools/bin/../lib/gcc/arm-none-eabi/4.3.3/../../../../arm-none-eabi/lib/thumb2\libc.a(lib_a-wsetup.o)
                0x0000a984                __swsetup_r
 *fill*         0x0000aa84        0x4 00
 .text          0x0000aa88      0xf88 c:/nxp/lpcxpresso_3.6.3_317/tools/bin/../lib/gcc/arm-none-eabi/4.3.3/../../../../arm-none-eabi/lib/thumb2\libc.a(lib_a-dtoa.o)
                0x0000abb8                _dtoa_r
 .text          0x0000ba10      0x178 c:/nxp/lpcxpresso_3.6.3_317/tools/bin/../lib/gcc/arm-none-eabi/4.3.3/../../../../arm-none-eabi/lib/thumb2\libc.a(lib_a-fflush.o)
                0x0000bb58                fflush
                0x0000ba10                _fflush_r
 .text          0x0000bb88      0x1e8 c:/nxp/lpcxpresso_3.6.3_317/tools/bin/../lib/gcc/arm-none-eabi/4.3.3/../../../../arm-none-eabi/lib/thumb2\libc.a(lib_a-findfp.o)
                0x0000bd10                __sinit
                0x0000bc54                __sfmoreglue
                0x0000bbe8                _cleanup
                0x0000bbd8                _cleanup_r
                0x0000bbbc                __fp_lock_all
                0x0000bb88                __sfp_lock_acquire
                0x0000bc80                __sfp
                0x0000bb94                __sinit_lock_release
                0x0000bba0                __fp_unlock_all
                0x0000bb8c                __sfp_lock_release
                0x0000bb90                __sinit_lock_acquire
 .text          0x0000bd70      0x238 c:/nxp/lpcxpresso_3.6.3_317/tools/bin/../lib/gcc/arm-none-eabi/4.3.3/../../../../arm-none-eabi/lib/thumb2\libc.a(lib_a-freer.o)
                0x0000be1c                _free_r
                0x0000bd70                _malloc_trim_r
 .text          0x0000bfa8      0x2e8 c:/nxp/lpcxpresso_3.6.3_317/tools/bin/../lib/gcc/arm-none-eabi/4.3.3/../../../../arm-none-eabi/lib/thumb2\libc.a(lib_a-fvwrite.o)
                0x0000bfa8                __sfvwrite_r
 .text          0x0000c290       0xb0 c:/nxp/lpcxpresso_3.6.3_317/tools/bin/../lib/gcc/arm-none-eabi/4.3.3/../../../../arm-none-eabi/lib/thumb2\libc.a(lib_a-fwalk.o)
                0x0000c2e8                _fwalk
                0x0000c290                _fwalk_reent
 .text          0x0000c340       0x74 c:/nxp/lpcxpresso_3.6.3_317/tools/bin/../lib/gcc/arm-none-eabi/4.3.3/../../../../arm-none-eabi/lib/thumb2\libc.a(lib_a-locale.o)
                0x0000c35c                _setlocale_r
                0x0000c340                __locale_charset
                0x0000c34c                _localeconv_r
                0x0000c39c                setlocale
                0x0000c354                localeconv
 .text          0x0000c3b4       0xe0 c:/nxp/lpcxpresso_3.6.3_317/tools/bin/../lib/gcc/arm-none-eabi/4.3.3/../../../../arm-none-eabi/lib/thumb2\libc.a(lib_a-makebuf.o)
                0x0000c3b4                __smakebuf_r
 .text          0x0000c494       0x28 c:/nxp/lpcxpresso_3.6.3_317/tools/bin/../lib/gcc/arm-none-eabi/4.3.3/../../../../arm-none-eabi/lib/thumb2\libc.a(lib_a-malloc.o)
                0x0000c4a8                malloc
                0x0000c494                free
 .text          0x0000c4bc      0x530 c:/nxp/lpcxpresso_3.6.3_317/tools/bin/../lib/gcc/arm-none-eabi/4.3.3/../../../../arm-none-eabi/lib/thumb2\libc.a(lib_a-mallocr.o)
                0x0000c4bc                _malloc_r
 .text          0x0000c9ec       0x7c c:/nxp/lpcxpresso_3.6.3_317/tools/bin/../lib/gcc/arm-none-eabi/4.3.3/../../../../arm-none-eabi/lib/thumb2\libc.a(lib_a-memchr.o)
                0x0000c9ec                memchr
 .text          0x0000ca68       0xc0 c:/nxp/lpcxpresso_3.6.3_317/tools/bin/../lib/gcc/arm-none-eabi/4.3.3/../../../../arm-none-eabi/lib/thumb2\libc.a(lib_a-memmove.o)
                0x0000ca68                memmove
 .text          0x0000cb28        0x8 c:/nxp/lpcxpresso_3.6.3_317/tools/bin/../lib/gcc/arm-none-eabi/4.3.3/../../../../arm-none-eabi/lib/thumb2\libc.a(lib_a-mlock.o)
                0x0000cb2c                __malloc_unlock
                0x0000cb28                __malloc_lock
 .text          0x0000cb30      0x92c c:/nxp/lpcxpresso_3.6.3_317/tools/bin/../lib/gcc/arm-none-eabi/4.3.3/../../../../arm-none-eabi/lib/thumb2\libc.a(lib_a-mprec.o)
                0x0000cd5c                _mprec_log10
                0x0000cde8                __any_on
                0x0000ce7c                _Balloc
                0x0000cd08                __ratio
                0x0000d284                __i2b
                0x0000cc5c                __b2d
                0x0000d3c8                __s2b
                0x0000cbd4                __mcmp
                0x0000cb30                __hi0bits
                0x0000d314                __pow5mult
                0x0000d0a0                __lshift
                0x0000d154                __multiply
                0x0000ceec                __d2b
                0x0000cd98                __copybits
                0x0000cc14                __ulp
                0x0000cfa4                __mdiff
                0x0000cb70                __lo0bits
                0x0000d298                __multadd
                0x0000ce4c                _Bfree
 .text          0x0000d45c      0x388 c:/nxp/lpcxpresso_3.6.3_317/tools/bin/../lib/gcc/arm-none-eabi/4.3.3/../../../../arm-none-eabi/lib/thumb2\libc.a(lib_a-reallocr.o)
                0x0000d45c                _realloc_r
 .text          0x0000d7e4       0x28 c:/nxp/lpcxpresso_3.6.3_317/tools/bin/../lib/gcc/arm-none-eabi/4.3.3/../../../../arm-none-eabi/lib/thumb2\libc.a(lib_a-s_isinfd.o)
                0x0000d7e4                __isinfd
 .text          0x0000d80c       0x1c c:/nxp/lpcxpresso_3.6.3_317/tools/bin/../lib/gcc/arm-none-eabi/4.3.3/../../../../arm-none-eabi/lib/thumb2\libc.a(lib_a-s_isnand.o)
                0x0000d80c                __isnand
 .text          0x0000d828       0x28 c:/nxp/lpcxpresso_3.6.3_317/tools/bin/../lib/gcc/arm-none-eabi/4.3.3/../../../../arm-none-eabi/lib/thumb2\libc.a(lib_a-sbrkr.o)
                0x0000d828                _sbrk_r
 .text          0x0000d850       0x94 c:/nxp/lpcxpresso_3.6.3_317/tools/bin/../lib/gcc/arm-none-eabi/4.3.3/../../../../arm-none-eabi/lib/thumb2\libc.a(lib_a-stdio.o)
                0x0000d85c                __sseek
                0x0000d8c0                __sread
                0x0000d850                __sclose
                0x0000d884                __swrite
 .text          0x0000d8e4      0x1dc c:/nxp/lpcxpresso_3.6.3_317/tools/bin/../lib/gcc/arm-none-eabi/4.3.3/../../../../arm-none-eabi/lib/thumb2\libc.a(lib_a-strcmp.o)
                0x0000d8e4                strcmp
 .text          0x0000dac0       0x2c c:/nxp/lpcxpresso_3.6.3_317/tools/bin/../lib/gcc/arm-none-eabi/4.3.3/../../../../arm-none-eabi/lib/thumb2\libc.a(lib_a-writer.o)
                0x0000dac0                _write_r
 .text          0x0000daec       0x5c c:/nxp/lpcxpresso_3.6.3_317/tools/bin/../lib/gcc/arm-none-eabi/4.3.3/../../../../arm-none-eabi/lib/thumb2\libc.a(lib_a-callocr.o)
                0x0000daec                _calloc_r
 .text          0x0000db48       0x28 c:/nxp/lpcxpresso_3.6.3_317/tools/bin/../lib/gcc/arm-none-eabi/4.3.3/../../../../arm-none-eabi/lib/thumb2\libc.a(lib_a-closer.o)
                0x0000db48                _close_r
 .text          0x0000db70       0xcc c:/nxp/lpcxpresso_3.6.3_317/tools/bin/../lib/gcc/arm-none-eabi/4.3.3/../../../../arm-none-eabi/lib/thumb2\libc.a(lib_a-fclose.o)
                0x0000db70                _fclose_r
                0x0000dc28                fclose
 .text          0x0000dc3c       0x2c c:/nxp/lpcxpresso_3.6.3_317/tools/bin/../lib/gcc/arm-none-eabi/4.3.3/../../../../arm-none-eabi/lib/thumb2\libc.a(lib_a-fstatr.o)
                0x0000dc3c                _fstat_r
 .text          0x0000dc68       0x28 c:/nxp/lpcxpresso_3.6.3_317/tools/bin/../lib/gcc/arm-none-eabi/4.3.3/../../../../arm-none-eabi/lib/thumb2\libc.a(lib_a-isattyr.o)
                0x0000dc68                _isatty_r
 .text          0x0000dc90       0x2c c:/nxp/lpcxpresso_3.6.3_317/tools/bin/../lib/gcc/arm-none-eabi/4.3.3/../../../../arm-none-eabi/lib/thumb2\libc.a(lib_a-lseekr.o)
                0x0000dc90                _lseek_r
 .text          0x0000dcbc       0x2c c:/nxp/lpcxpresso_3.6.3_317/tools/bin/../lib/gcc/arm-none-eabi/4.3.3/../../../../arm-none-eabi/lib/thumb2\libc.a(lib_a-readr.o)
                0x0000dcbc                _read_r
 .text.initialise_monitor_handles
                0x0000dce8       0xbc c:/nxp/lpcxpresso_3.6.3_317/tools/bin/../lib/gcc/arm-none-eabi/4.3.3/../../../../arm-none-eabi/lib/thumb2\libcr_newlib_semihost.a(syscalls.o)
 .text._sbrk    0x0000dda4       0x7c c:/nxp/lpcxpresso_3.6.3_317/tools/bin/../lib/gcc/arm-none-eabi/4.3.3/../../../../arm-none-eabi/lib/thumb2\libcr_newlib_semihost.a(syscalls.o)
                0x0000dda4                _sbrk
 .text._swilseek
                0x0000de20       0xdc c:/nxp/lpcxpresso_3.6.3_317/tools/bin/../lib/gcc/arm-none-eabi/4.3.3/../../../../arm-none-eabi/lib/thumb2\libcr_newlib_semihost.a(syscalls.o)
                0x0000de20                _swilseek
 .text._lseek   0x0000defc        0x8 c:/nxp/lpcxpresso_3.6.3_317/tools/bin/../lib/gcc/arm-none-eabi/4.3.3/../../../../arm-none-eabi/lib/thumb2\libcr_newlib_semihost.a(syscalls.o)
                0x0000defc                _lseek
 .text._isatty  0x0000df04       0x60 c:/nxp/lpcxpresso_3.6.3_317/tools/bin/../lib/gcc/arm-none-eabi/4.3.3/../../../../arm-none-eabi/lib/thumb2\libcr_newlib_semihost.a(syscalls.o)
                0x0000df04                _isatty
 .text._close   0x0000df64       0x9c c:/nxp/lpcxpresso_3.6.3_317/tools/bin/../lib/gcc/arm-none-eabi/4.3.3/../../../../arm-none-eabi/lib/thumb2\libcr_newlib_semihost.a(syscalls.o)
                0x0000df64                _close
 .text._read    0x0000e000       0x84 c:/nxp/lpcxpresso_3.6.3_317/tools/bin/../lib/gcc/arm-none-eabi/4.3.3/../../../../arm-none-eabi/lib/thumb2\libcr_newlib_semihost.a(syscalls.o)
                0x0000e000                _read
 .text._write   0x0000e084       0xa8 c:/nxp/lpcxpresso_3.6.3_317/tools/bin/../lib/gcc/arm-none-eabi/4.3.3/../../../../arm-none-eabi/lib/thumb2\libcr_newlib_semihost.a(syscalls.o)
                0x0000e084                _write
 .text._fstat   0x0000e12c       0x80 c:/nxp/lpcxpresso_3.6.3_317/tools/bin/../lib/gcc/arm-none-eabi/4.3.3/../../../../arm-none-eabi/lib/thumb2\libcr_newlib_semihost.a(syscalls.o)
                0x0000e12c                _fstat
 .text          0x0000e1ac      0x110 c:/nxp/lpcxpresso_3.6.3_317/tools/bin/../lib/gcc/arm-none-eabi/4.3.3/thumb2\libgcc.a(_arm_cmpdf2.o)
                0x0000e280                __aeabi_dcmple
                0x0000e1bc                __cmpdf2
                0x0000e1bc                __eqdf2
                0x0000e1ac                __gtdf2
                0x0000e248                __aeabi_cdcmple
                0x0000e238                __aeabi_cdrcmple
                0x0000e1b4                __ltdf2
                0x0000e26c                __aeabi_dcmplt
                0x0000e1b4                __ledf2
                0x0000e2a8                __aeabi_dcmpgt
                0x0000e294                __aeabi_dcmpge
                0x0000e1bc                __nedf2
                0x0000e258                __aeabi_dcmpeq
                0x0000e248                __aeabi_cdcmpeq
                0x0000e1ac                __gedf2
 .text          0x0000e2bc       0x50 c:/nxp/lpcxpresso_3.6.3_317/tools/bin/../lib/gcc/arm-none-eabi/4.3.3/thumb2\libgcc.a(_arm_fixdfsi.o)
                0x0000e2bc                __fixdfsi
                0x0000e2bc                __aeabi_d2iz
 .text          0x0000e30c        0xc c:/nxp/lpcxpresso_3.6.3_317/tools/bin/../lib/gcc/arm-none-eabi/4.3.3/../../../../arm-none-eabi/lib/thumb2\libc.a(lib_a-errno.o)
                0x0000e30c                __errno
 *(.rodata .rodata.*)
 .rodata        0x0000e318      0x198 ./src/main.o
                0x0000e3fc                REPLY_ACK
                0x0000e31e                RESET_PIN
                0x0000e328                ACC_THRESHOLD
                0x0000e330                notes
                0x0000e324                TEMP_UPPER_LIMIT
                0x0000e398                MESSAGE_READY
                0x0000e32c                FREQ_UPDATE_PERIOD_MS
                0x0000e414                CMD_RESET_TO_STDBY
                0x0000e320                LIGHT_PORT
                0x0000e318                CALIBRATED_PORT
                0x0000e368                tempStateStringMap
                0x0000e3d4                MESSAGE_CONFIRM_ENTER_STDBY
                0x0000e31c                RESET_PORT
                0x0000e31a                CALIBRATED_PIN
                0x0000e383                radiationStateStringMap
                0x0000e404                REPLY_NOT_ACK
                0x0000e3e8                MESSAGE_REPORT_TEMPLATE
                0x0000e40c                CMD_RESET_TO_CALIB
                0x0000e326                ACC_UPDATE_PERIOD_MS
                0x0000e322                LIGHT_PIN
                0x0000e3c0                MESSAGE_CONFIRM_ENTER_CALIB
                0x0000e3ac                MESSAGE_HANDSHAKE_CONFIRM
 .rodata        0x0000e4b0        0x8 C:\Users\thyagesh93\Documents\NUS\IVLEDrive\EE2024 PROGRAMMING FOR COMPUTER INTERFACES\PROGRAMMING FOR COMPUTER INTERFACES\Assignment 2\Lib_EaBaseBoard\Debug\libLib_EaBaseBoard.a(oled.o)
 .rodata        0x0000e4b8        0x4 C:\Users\thyagesh93\Documents\NUS\IVLEDrive\EE2024 PROGRAMMING FOR COMPUTER INTERFACES\PROGRAMMING FOR COMPUTER INTERFACES\Assignment 2\Lib_EaBaseBoard\Debug\libLib_EaBaseBoard.a(pca9532.o)
 .rodata        0x0000e4bc      0x318 C:\Users\thyagesh93\Documents\NUS\IVLEDrive\EE2024 PROGRAMMING FOR COMPUTER INTERFACES\PROGRAMMING FOR COMPUTER INTERFACES\Assignment 2\Lib_EaBaseBoard\Debug\libLib_EaBaseBoard.a(font5x7.o)
                0x0000e4bc                font5x7
 .rodata        0x0000e7d4       0x18 C:\Users\thyagesh93\Documents\NUS\IVLEDrive\EE2024 PROGRAMMING FOR COMPUTER INTERFACES\PROGRAMMING FOR COMPUTER INTERFACES\Assignment 2\Lib_MCU\Debug\libLib_MCU.a(lpc17xx_i2c.o)
 .rodata        0x0000e7ec       0x18 C:\Users\thyagesh93\Documents\NUS\IVLEDrive\EE2024 PROGRAMMING FOR COMPUTER INTERFACES\PROGRAMMING FOR COMPUTER INTERFACES\Assignment 2\Lib_MCU\Debug\libLib_MCU.a(lpc17xx_ssp.o)
 .rodata        0x0000e804       0x18 C:\Users\thyagesh93\Documents\NUS\IVLEDrive\EE2024 PROGRAMMING FOR COMPUTER INTERFACES\PROGRAMMING FOR COMPUTER INTERFACES\Assignment 2\Lib_MCU\Debug\libLib_MCU.a(lpc17xx_timer.o)
 .rodata        0x0000e81c       0x18 C:\Users\thyagesh93\Documents\NUS\IVLEDrive\EE2024 PROGRAMMING FOR COMPUTER INTERFACES\PROGRAMMING FOR COMPUTER INTERFACES\Assignment 2\Lib_MCU\Debug\libLib_MCU.a(lpc17xx_uart.o)
 .rodata        0x0000e834      0x100 c:/nxp/lpcxpresso_3.6.3_317/tools/bin/../lib/gcc/arm-none-eabi/4.3.3/thumb2\libgcc.a(_clz.o)
                0x0000e834                __clz_tab
 .rodata        0x0000e934       0x20 c:/nxp/lpcxpresso_3.6.3_317/tools/bin/../lib/gcc/arm-none-eabi/4.3.3/../../../../arm-none-eabi/lib/thumb2\libc.a(lib_a-svfprintf.o)
 .rodata.str1.4
                0x0000e954       0x5e c:/nxp/lpcxpresso_3.6.3_317/tools/bin/../lib/gcc/arm-none-eabi/4.3.3/../../../../arm-none-eabi/lib/thumb2\libc.a(lib_a-svfprintf.o)
                                 0x60 (size before relaxing)
 .rodata        0x0000e9b2       0x20 c:/nxp/lpcxpresso_3.6.3_317/tools/bin/../lib/gcc/arm-none-eabi/4.3.3/../../../../arm-none-eabi/lib/thumb2\libc.a(lib_a-vfprintf.o)
 .rodata.str1.4
                0x00000000       0x60 c:/nxp/lpcxpresso_3.6.3_317/tools/bin/../lib/gcc/arm-none-eabi/4.3.3/../../../../arm-none-eabi/lib/thumb2\libc.a(lib_a-vfprintf.o)
 *fill*         0x0000e9d2        0x2 00
 .rodata.str1.4
                0x0000e9d4       0x10 c:/nxp/lpcxpresso_3.6.3_317/tools/bin/../lib/gcc/arm-none-eabi/4.3.3/../../../../arm-none-eabi/lib/thumb2\libc.a(lib_a-dtoa.o)
                                 0x14 (size before relaxing)
 .rodata        0x0000e9e4       0x60 c:/nxp/lpcxpresso_3.6.3_317/tools/bin/../lib/gcc/arm-none-eabi/4.3.3/../../../../arm-none-eabi/lib/thumb2\libc.a(lib_a-findfp.o)
                0x0000ea24                __sf_fake_stderr
                0x0000e9e4                __sf_fake_stdin
                0x0000ea04                __sf_fake_stdout
 .rodata        0x0000ea44        0x4 c:/nxp/lpcxpresso_3.6.3_317/tools/bin/../lib/gcc/arm-none-eabi/4.3.3/../../../../arm-none-eabi/lib/thumb2\libc.a(lib_a-impure.o)
                0x0000ea44                _global_impure_ptr
 .rodata.str1.4
                0x0000ea48        0x2 c:/nxp/lpcxpresso_3.6.3_317/tools/bin/../lib/gcc/arm-none-eabi/4.3.3/../../../../arm-none-eabi/lib/thumb2\libc.a(lib_a-impure.o)
                                  0x4 (size before relaxing)
 *fill*         0x0000ea4a        0x2 00
 .rodata        0x0000ea4c       0x34 c:/nxp/lpcxpresso_3.6.3_317/tools/bin/../lib/gcc/arm-none-eabi/4.3.3/../../../../arm-none-eabi/lib/thumb2\libc.a(lib_a-locale.o)
 .rodata.str1.4
                0x0000ea80        0xf c:/nxp/lpcxpresso_3.6.3_317/tools/bin/../lib/gcc/arm-none-eabi/4.3.3/../../../../arm-none-eabi/lib/thumb2\libc.a(lib_a-locale.o)
                                 0x18 (size before relaxing)
 *fill*         0x0000ea8f        0x1 00
 .rodata        0x0000ea90      0x128 c:/nxp/lpcxpresso_3.6.3_317/tools/bin/../lib/gcc/arm-none-eabi/4.3.3/../../../../arm-none-eabi/lib/thumb2\libc.a(lib_a-mprec.o)
                0x0000eb90                __mprec_tinytens
                0x0000ea90                __mprec_tens
                0x0000eb68                __mprec_bigtens
 .rodata.str1.4
                0x0000ebb8        0x4 c:/nxp/lpcxpresso_3.6.3_317/tools/bin/../lib/gcc/arm-none-eabi/4.3.3/../../../../arm-none-eabi/lib/thumb2\libcr_newlib_semihost.a(syscalls.o)
                0x0000ebbc                . = ALIGN (0x4)

.glue_7         0x0000ebbc        0x0
 .glue_7        0x00000000        0x0 linker stubs

.glue_7t        0x0000ebbc        0x0
 .glue_7t       0x00000000        0x0 linker stubs

.vfp11_veneer   0x0000ebbc        0x0
 .vfp11_veneer  0x00000000        0x0 linker stubs

.v4_bx          0x0000ebbc        0x0
 .v4_bx         0x00000000        0x0 linker stubs

.ARM.extab
 *(.ARM.extab* .gnu.linkonce.armextab.*)
                0x0000ebbc                __exidx_start = .

.ARM.exidx      0x0000ebbc        0x8
 *(.ARM.exidx* .gnu.linkonce.armexidx.*)
 .ARM.exidx     0x0000ebbc        0x8 c:/nxp/lpcxpresso_3.6.3_317/tools/bin/../lib/gcc/arm-none-eabi/4.3.3/thumb2\libgcc.a(_divdi3.o)
 .ARM.exidx     0x0000ebc4        0x0 c:/nxp/lpcxpresso_3.6.3_317/tools/bin/../lib/gcc/arm-none-eabi/4.3.3/thumb2\libgcc.a(_udivdi3.o)
                                  0x8 (size before relaxing)
                0x0000ebc4                __exidx_end = .
                0x0000ebc4                _etext = .

.data_RAM2      0x2007c000        0x0 load address 0x0000ebc4
 FILL mask 0xff
 *(.data.$RAM2*)
 *(.data.$RamAHB32*)
                0x2007c000                . = ALIGN (0x4)

.data_RAM3      0x40038000        0x0 load address 0x0000ebc4
 FILL mask 0xff
 *(.data.$RAM3*)
 *(.data.$CANAccFilterRAM*)
                0x40038000                . = ALIGN (0x4)

.uninit_RESERVED
 *(.bss.$RESERVED*)

.data           0x10000000      0x588 load address 0x0000ebc4
 FILL mask 0xff
                0x10000000                _data = .
 *(vtable)
 *(.data*)
 .data          0x10000000       0x28 ./src/main.o
                0x10000006                REPORTING_PERIOD_MS
                0x10000004                UNSAFE_UPPER_HZ
                0x10000008                stationCommand
                0x10000002                UNSAFE_LOWER_HZ
                0x10000000                TIME_WINDOW_MS
                0x10000014                newReport
                0x10000012                radiationState
 .data          0x10000028        0x4 C:\Users\thyagesh93\Documents\NUS\IVLEDrive\EE2024 PROGRAMMING FOR COMPUTER INTERFACES\PROGRAMMING FOR COMPUTER INTERFACES\Assignment 2\Lib_CMSISv1p30_LPC17xx\Debug\libCMSISv1p30_LPC17xx.a(system_LPC17xx.o)
                0x10000028                SystemCoreClock
 .data          0x1000002c       0x50 C:\Users\thyagesh93\Documents\NUS\IVLEDrive\EE2024 PROGRAMMING FOR COMPUTER INTERFACES\PROGRAMMING FOR COMPUTER INTERFACES\Assignment 2\Lib_EaBaseBoard\Debug\libLib_EaBaseBoard.a(led7seg.o)
 .data          0x1000007c        0x8 C:\Users\thyagesh93\Documents\NUS\IVLEDrive\EE2024 PROGRAMMING FOR COMPUTER INTERFACES\PROGRAMMING FOR COMPUTER INTERFACES\Assignment 2\Lib_EaBaseBoard\Debug\libLib_EaBaseBoard.a(light.o)
 .data          0x10000084       0xf4 c:/nxp/lpcxpresso_3.6.3_317/tools/bin/../lib/gcc/arm-none-eabi/4.3.3/../../../../arm-none-eabi/lib/thumb2\libc.a(lib_a-impure.o)
                0x10000084                _impure_ptr
 .data          0x10000178      0x410 c:/nxp/lpcxpresso_3.6.3_317/tools/bin/../lib/gcc/arm-none-eabi/4.3.3/../../../../arm-none-eabi/lib/thumb2\libc.a(lib_a-mallocr.o)
                0x10000580                __malloc_sbrk_base
                0x10000178                __malloc_av_
                0x10000584                __malloc_trim_threshold
                0x10000588                . = ALIGN (0x4)
                0x10000588                _edata = .

.bss_RAM2       0x2007c000        0x0
 *(.bss.$RAM2*)
 *(.bss.$RamAHB32*)
                0x2007c000                . = ALIGN (0x4)

.bss_RAM3       0x40038000        0x0
 *(.bss.$RAM3*)
 *(.bss.$CANAccFilterRAM*)
                0x40038000                . = ALIGN (0x4)

.bss            0x10000588      0x44c
                0x10000588                _bss = .
 *(.bss*)
 .bss           0x10000588       0x7c ./src/main.o
                0x1000059c                temp_i
                0x100005f8                accTick
                0x100005ac                accValues
                0x100005dc                prevAccZAvgValue
                0x100005f2                reportBytesLeftToSend
                0x10000588                isHandShakeReady
                0x100005a7                accXOffset
                0x100005ee                setWarningToStop
                0x100005f0                setWarningToStart
                0x100005a6                accZ
                0x100005e0                hasCrossedAccThreshold
                0x1000058c                countDownStarted
                0x10000590                currentCountValue
                0x100005aa                accZValToRemove
                0x100005ec                isWarningOn
                0x100005fc                warningTick
                0x100005f4                oneSecondTick
                0x100005a0                temp_pointer
                0x100005e8                currentFrequency
                0x100005d8                currentAccZAvgValue
                0x10000598                temp_t2
                0x10000594                temp_t1
                0x100005d4                currentAccIdx
                0x100005e4                currentFreqCounter
                0x100005a9                accZOffset
                0x1000058a                hasNewCommand
                0x100005a5                accY
                0x100005a8                accYOffset
                0x100005a4                accX
 .bss           0x10000604      0x300 C:\Users\thyagesh93\Documents\NUS\IVLEDrive\EE2024 PROGRAMMING FOR COMPUTER INTERFACES\PROGRAMMING FOR COMPUTER INTERFACES\Assignment 2\Lib_EaBaseBoard\Debug\libLib_EaBaseBoard.a(oled.o)
 .bss           0x10000904        0x6 C:\Users\thyagesh93\Documents\NUS\IVLEDrive\EE2024 PROGRAMMING FOR COMPUTER INTERFACES\PROGRAMMING FOR COMPUTER INTERFACES\Assignment 2\Lib_EaBaseBoard\Debug\libLib_EaBaseBoard.a(pca9532.o)
 *fill*         0x1000090a        0x2 00
 .bss           0x1000090c       0x24 C:\Users\thyagesh93\Documents\NUS\IVLEDrive\EE2024 PROGRAMMING FOR COMPUTER INTERFACES\PROGRAMMING FOR COMPUTER INTERFACES\Assignment 2\Lib_MCU\Debug\libLib_MCU.a(lpc17xx_i2c.o)
 .bss           0x10000930       0x18 C:\Users\thyagesh93\Documents\NUS\IVLEDrive\EE2024 PROGRAMMING FOR COMPUTER INTERFACES\PROGRAMMING FOR COMPUTER INTERFACES\Assignment 2\Lib_MCU\Debug\libLib_MCU.a(lpc17xx_ssp.o)
 .bss           0x10000948       0x34 c:/nxp/lpcxpresso_3.6.3_317/tools/bin/../lib/gcc/arm-none-eabi/4.3.3/../../../../arm-none-eabi/lib/thumb2\libc.a(lib_a-mallocr.o)
                0x10000948                __malloc_top_pad
                0x10000974                __malloc_max_sbrked_mem
                0x1000094c                __malloc_current_mallinfo
                0x10000978                __malloc_max_total_mem
 .bss.monitor_stdout
                0x1000097c        0x4 c:/nxp/lpcxpresso_3.6.3_317/tools/bin/../lib/gcc/arm-none-eabi/4.3.3/../../../../arm-none-eabi/lib/thumb2\libcr_newlib_semihost.a(syscalls.o)
 .bss.initialized.2363
                0x10000980        0x4 c:/nxp/lpcxpresso_3.6.3_317/tools/bin/../lib/gcc/arm-none-eabi/4.3.3/../../../../arm-none-eabi/lib/thumb2\libcr_newlib_semihost.a(syscalls.o)
 .bss.heap_end.2542
                0x10000984        0x4 c:/nxp/lpcxpresso_3.6.3_317/tools/bin/../lib/gcc/arm-none-eabi/4.3.3/../../../../arm-none-eabi/lib/thumb2\libcr_newlib_semihost.a(syscalls.o)
 .bss.monitor_stdin
                0x10000988        0x4 c:/nxp/lpcxpresso_3.6.3_317/tools/bin/../lib/gcc/arm-none-eabi/4.3.3/../../../../arm-none-eabi/lib/thumb2\libcr_newlib_semihost.a(syscalls.o)
 .bss.heap_base.2543
                0x1000098c        0x4 c:/nxp/lpcxpresso_3.6.3_317/tools/bin/../lib/gcc/arm-none-eabi/4.3.3/../../../../arm-none-eabi/lib/thumb2\libcr_newlib_semihost.a(syscalls.o)
 .bss.monitor_stderr
                0x10000990        0x4 c:/nxp/lpcxpresso_3.6.3_317/tools/bin/../lib/gcc/arm-none-eabi/4.3.3/../../../../arm-none-eabi/lib/thumb2\libcr_newlib_semihost.a(syscalls.o)
 .bss.openfiles
                0x10000994       0x28 c:/nxp/lpcxpresso_3.6.3_317/tools/bin/../lib/gcc/arm-none-eabi/4.3.3/../../../../arm-none-eabi/lib/thumb2\libcr_newlib_semihost.a(syscalls.o)
 *(COMMON)
 COMMON         0x100009bc       0x11 ./src/main.o
                0x100009bc                currentTemperatureReading
                0x100009c0                buzzerState
                0x100009c1                currentState
                0x100009c2                handShakeState
                0x100009c3                accMode
                0x100009c4                flutterState
                0x100009c8                msTicks
                0x100009cc                temperatureState
 *fill*         0x100009cd        0x3 00
 COMMON         0x100009d0        0x4 c:/nxp/lpcxpresso_3.6.3_317/tools/bin/../lib/gcc/arm-none-eabi/4.3.3/../../../../arm-none-eabi/lib/thumb2\libc.a(lib_a-reent.o)
                0x100009d0                errno
                0x100009d4                . = ALIGN (0x4)
                0x100009d4                _ebss = .
                0x100009d4                PROVIDE (end, .)
                0x100009d4                PROVIDE (_pvHeapStart, .)
                0x10008000                PROVIDE (_vStackTop, (__top_RamLoc32 - 0x0))
OUTPUT(Assignment2.axf elf32-littlearm)

.debug_abbrev   0x00000000     0x191c
 .debug_abbrev  0x00000000       0xbd ./src/cr_startup_lpc17.o
 .debug_abbrev  0x000000bd      0x262 ./src/main.o
 .debug_abbrev  0x0000031f       0xc6 C:\Users\thyagesh93\Documents\NUS\IVLEDrive\EE2024 PROGRAMMING FOR COMPUTER INTERFACES\PROGRAMMING FOR COMPUTER INTERFACES\Assignment 2\Lib_CMSISv1p30_LPC17xx\Debug\libCMSISv1p30_LPC17xx.a(system_LPC17xx.o)
 .debug_abbrev  0x000003e5      0x165 C:\Users\thyagesh93\Documents\NUS\IVLEDrive\EE2024 PROGRAMMING FOR COMPUTER INTERFACES\PROGRAMMING FOR COMPUTER INTERFACES\Assignment 2\Lib_EaBaseBoard\Debug\libLib_EaBaseBoard.a(acc.o)
 .debug_abbrev  0x0000054a      0x151 C:\Users\thyagesh93\Documents\NUS\IVLEDrive\EE2024 PROGRAMMING FOR COMPUTER INTERFACES\PROGRAMMING FOR COMPUTER INTERFACES\Assignment 2\Lib_EaBaseBoard\Debug\libLib_EaBaseBoard.a(led7seg.o)
 .debug_abbrev  0x0000069b      0x1c6 C:\Users\thyagesh93\Documents\NUS\IVLEDrive\EE2024 PROGRAMMING FOR COMPUTER INTERFACES\PROGRAMMING FOR COMPUTER INTERFACES\Assignment 2\Lib_EaBaseBoard\Debug\libLib_EaBaseBoard.a(light.o)
 .debug_abbrev  0x00000861      0x1ed C:\Users\thyagesh93\Documents\NUS\IVLEDrive\EE2024 PROGRAMMING FOR COMPUTER INTERFACES\PROGRAMMING FOR COMPUTER INTERFACES\Assignment 2\Lib_EaBaseBoard\Debug\libLib_EaBaseBoard.a(oled.o)
 .debug_abbrev  0x00000a4e      0x1b3 C:\Users\thyagesh93\Documents\NUS\IVLEDrive\EE2024 PROGRAMMING FOR COMPUTER INTERFACES\PROGRAMMING FOR COMPUTER INTERFACES\Assignment 2\Lib_EaBaseBoard\Debug\libLib_EaBaseBoard.a(pca9532.o)
 .debug_abbrev  0x00000c01       0x97 C:\Users\thyagesh93\Documents\NUS\IVLEDrive\EE2024 PROGRAMMING FOR COMPUTER INTERFACES\PROGRAMMING FOR COMPUTER INTERFACES\Assignment 2\Lib_EaBaseBoard\Debug\libLib_EaBaseBoard.a(rgb.o)
 .debug_abbrev  0x00000c98       0x54 C:\Users\thyagesh93\Documents\NUS\IVLEDrive\EE2024 PROGRAMMING FOR COMPUTER INTERFACES\PROGRAMMING FOR COMPUTER INTERFACES\Assignment 2\Lib_EaBaseBoard\Debug\libLib_EaBaseBoard.a(font5x7.o)
 .debug_abbrev  0x00000cec      0x18e C:\Users\thyagesh93\Documents\NUS\IVLEDrive\EE2024 PROGRAMMING FOR COMPUTER INTERFACES\PROGRAMMING FOR COMPUTER INTERFACES\Assignment 2\Lib_MCU\Debug\libLib_MCU.a(lpc17xx_gpio.o)
 .debug_abbrev  0x00000e7a      0x253 C:\Users\thyagesh93\Documents\NUS\IVLEDrive\EE2024 PROGRAMMING FOR COMPUTER INTERFACES\PROGRAMMING FOR COMPUTER INTERFACES\Assignment 2\Lib_MCU\Debug\libLib_MCU.a(lpc17xx_i2c.o)
 .debug_abbrev  0x000010cd      0x113 C:\Users\thyagesh93\Documents\NUS\IVLEDrive\EE2024 PROGRAMMING FOR COMPUTER INTERFACES\PROGRAMMING FOR COMPUTER INTERFACES\Assignment 2\Lib_MCU\Debug\libLib_MCU.a(lpc17xx_pinsel.o)
 .debug_abbrev  0x000011e0      0x1dc C:\Users\thyagesh93\Documents\NUS\IVLEDrive\EE2024 PROGRAMMING FOR COMPUTER INTERFACES\PROGRAMMING FOR COMPUTER INTERFACES\Assignment 2\Lib_MCU\Debug\libLib_MCU.a(lpc17xx_ssp.o)
 .debug_abbrev  0x000013bc      0x1a8 C:\Users\thyagesh93\Documents\NUS\IVLEDrive\EE2024 PROGRAMMING FOR COMPUTER INTERFACES\PROGRAMMING FOR COMPUTER INTERFACES\Assignment 2\Lib_MCU\Debug\libLib_MCU.a(lpc17xx_timer.o)
 .debug_abbrev  0x00001564      0x23b C:\Users\thyagesh93\Documents\NUS\IVLEDrive\EE2024 PROGRAMMING FOR COMPUTER INTERFACES\PROGRAMMING FOR COMPUTER INTERFACES\Assignment 2\Lib_MCU\Debug\libLib_MCU.a(lpc17xx_uart.o)
 .debug_abbrev  0x0000179f      0x17d C:\Users\thyagesh93\Documents\NUS\IVLEDrive\EE2024 PROGRAMMING FOR COMPUTER INTERFACES\PROGRAMMING FOR COMPUTER INTERFACES\Assignment 2\Lib_MCU\Debug\libLib_MCU.a(lpc17xx_clkpwr.o)

.debug_info     0x00000000     0x8bb9
 .debug_info    0x00000000      0x1ec ./src/cr_startup_lpc17.o
 .debug_info    0x000001ec     0x1e4b ./src/main.o
 .debug_info    0x00002037      0x334 C:\Users\thyagesh93\Documents\NUS\IVLEDrive\EE2024 PROGRAMMING FOR COMPUTER INTERFACES\PROGRAMMING FOR COMPUTER INTERFACES\Assignment 2\Lib_CMSISv1p30_LPC17xx\Debug\libCMSISv1p30_LPC17xx.a(system_LPC17xx.o)
 .debug_info    0x0000236b      0x526 C:\Users\thyagesh93\Documents\NUS\IVLEDrive\EE2024 PROGRAMMING FOR COMPUTER INTERFACES\PROGRAMMING FOR COMPUTER INTERFACES\Assignment 2\Lib_EaBaseBoard\Debug\libLib_EaBaseBoard.a(acc.o)
 .debug_info    0x00002891      0x26b C:\Users\thyagesh93\Documents\NUS\IVLEDrive\EE2024 PROGRAMMING FOR COMPUTER INTERFACES\PROGRAMMING FOR COMPUTER INTERFACES\Assignment 2\Lib_EaBaseBoard\Debug\libLib_EaBaseBoard.a(led7seg.o)
 .debug_info    0x00002afc      0x74c C:\Users\thyagesh93\Documents\NUS\IVLEDrive\EE2024 PROGRAMMING FOR COMPUTER INTERFACES\PROGRAMMING FOR COMPUTER INTERFACES\Assignment 2\Lib_EaBaseBoard\Debug\libLib_EaBaseBoard.a(light.o)
 .debug_info    0x00003248      0x954 C:\Users\thyagesh93\Documents\NUS\IVLEDrive\EE2024 PROGRAMMING FOR COMPUTER INTERFACES\PROGRAMMING FOR COMPUTER INTERFACES\Assignment 2\Lib_EaBaseBoard\Debug\libLib_EaBaseBoard.a(oled.o)
 .debug_info    0x00003b9c      0x62b C:\Users\thyagesh93\Documents\NUS\IVLEDrive\EE2024 PROGRAMMING FOR COMPUTER INTERFACES\PROGRAMMING FOR COMPUTER INTERFACES\Assignment 2\Lib_EaBaseBoard\Debug\libLib_EaBaseBoard.a(pca9532.o)
 .debug_info    0x000041c7       0xd9 C:\Users\thyagesh93\Documents\NUS\IVLEDrive\EE2024 PROGRAMMING FOR COMPUTER INTERFACES\PROGRAMMING FOR COMPUTER INTERFACES\Assignment 2\Lib_EaBaseBoard\Debug\libLib_EaBaseBoard.a(rgb.o)
 .debug_info    0x000042a0       0x61 C:\Users\thyagesh93\Documents\NUS\IVLEDrive\EE2024 PROGRAMMING FOR COMPUTER INTERFACES\PROGRAMMING FOR COMPUTER INTERFACES\Assignment 2\Lib_EaBaseBoard\Debug\libLib_EaBaseBoard.a(font5x7.o)
 .debug_info    0x00004301      0xb8a C:\Users\thyagesh93\Documents\NUS\IVLEDrive\EE2024 PROGRAMMING FOR COMPUTER INTERFACES\PROGRAMMING FOR COMPUTER INTERFACES\Assignment 2\Lib_MCU\Debug\libLib_MCU.a(lpc17xx_gpio.o)
 .debug_info    0x00004e8b      0xcad C:\Users\thyagesh93\Documents\NUS\IVLEDrive\EE2024 PROGRAMMING FOR COMPUTER INTERFACES\PROGRAMMING FOR COMPUTER INTERFACES\Assignment 2\Lib_MCU\Debug\libLib_MCU.a(lpc17xx_i2c.o)
 .debug_info    0x00005b38      0x49b C:\Users\thyagesh93\Documents\NUS\IVLEDrive\EE2024 PROGRAMMING FOR COMPUTER INTERFACES\PROGRAMMING FOR COMPUTER INTERFACES\Assignment 2\Lib_MCU\Debug\libLib_MCU.a(lpc17xx_pinsel.o)
 .debug_info    0x00005fd3      0x85c C:\Users\thyagesh93\Documents\NUS\IVLEDrive\EE2024 PROGRAMMING FOR COMPUTER INTERFACES\PROGRAMMING FOR COMPUTER INTERFACES\Assignment 2\Lib_MCU\Debug\libLib_MCU.a(lpc17xx_ssp.o)
 .debug_info    0x0000682f      0x8d9 C:\Users\thyagesh93\Documents\NUS\IVLEDrive\EE2024 PROGRAMMING FOR COMPUTER INTERFACES\PROGRAMMING FOR COMPUTER INTERFACES\Assignment 2\Lib_MCU\Debug\libLib_MCU.a(lpc17xx_timer.o)
 .debug_info    0x00007108     0x149e C:\Users\thyagesh93\Documents\NUS\IVLEDrive\EE2024 PROGRAMMING FOR COMPUTER INTERFACES\PROGRAMMING FOR COMPUTER INTERFACES\Assignment 2\Lib_MCU\Debug\libLib_MCU.a(lpc17xx_uart.o)
 .debug_info    0x000085a6      0x613 C:\Users\thyagesh93\Documents\NUS\IVLEDrive\EE2024 PROGRAMMING FOR COMPUTER INTERFACES\PROGRAMMING FOR COMPUTER INTERFACES\Assignment 2\Lib_MCU\Debug\libLib_MCU.a(lpc17xx_clkpwr.o)

.debug_line     0x00000000     0x5fb2
 .debug_line    0x00000000      0x2a6 ./src/cr_startup_lpc17.o
 .debug_line    0x000002a6      0xdc5 ./src/main.o
 .debug_line    0x0000106b      0x36d C:\Users\thyagesh93\Documents\NUS\IVLEDrive\EE2024 PROGRAMMING FOR COMPUTER INTERFACES\PROGRAMMING FOR COMPUTER INTERFACES\Assignment 2\Lib_CMSISv1p30_LPC17xx\Debug\libCMSISv1p30_LPC17xx.a(system_LPC17xx.o)
 .debug_line    0x000013d8      0x534 C:\Users\thyagesh93\Documents\NUS\IVLEDrive\EE2024 PROGRAMMING FOR COMPUTER INTERFACES\PROGRAMMING FOR COMPUTER INTERFACES\Assignment 2\Lib_EaBaseBoard\Debug\libLib_EaBaseBoard.a(acc.o)
 .debug_line    0x0000190c      0x4af C:\Users\thyagesh93\Documents\NUS\IVLEDrive\EE2024 PROGRAMMING FOR COMPUTER INTERFACES\PROGRAMMING FOR COMPUTER INTERFACES\Assignment 2\Lib_EaBaseBoard\Debug\libLib_EaBaseBoard.a(led7seg.o)
 .debug_line    0x00001dbb      0x5df C:\Users\thyagesh93\Documents\NUS\IVLEDrive\EE2024 PROGRAMMING FOR COMPUTER INTERFACES\PROGRAMMING FOR COMPUTER INTERFACES\Assignment 2\Lib_EaBaseBoard\Debug\libLib_EaBaseBoard.a(light.o)
 .debug_line    0x0000239a      0x6d0 C:\Users\thyagesh93\Documents\NUS\IVLEDrive\EE2024 PROGRAMMING FOR COMPUTER INTERFACES\PROGRAMMING FOR COMPUTER INTERFACES\Assignment 2\Lib_EaBaseBoard\Debug\libLib_EaBaseBoard.a(oled.o)
 .debug_line    0x00002a6a      0x5a2 C:\Users\thyagesh93\Documents\NUS\IVLEDrive\EE2024 PROGRAMMING FOR COMPUTER INTERFACES\PROGRAMMING FOR COMPUTER INTERFACES\Assignment 2\Lib_EaBaseBoard\Debug\libLib_EaBaseBoard.a(pca9532.o)
 .debug_line    0x0000300c      0x493 C:\Users\thyagesh93\Documents\NUS\IVLEDrive\EE2024 PROGRAMMING FOR COMPUTER INTERFACES\PROGRAMMING FOR COMPUTER INTERFACES\Assignment 2\Lib_EaBaseBoard\Debug\libLib_EaBaseBoard.a(rgb.o)
 .debug_line    0x0000349f       0xdd C:\Users\thyagesh93\Documents\NUS\IVLEDrive\EE2024 PROGRAMMING FOR COMPUTER INTERFACES\PROGRAMMING FOR COMPUTER INTERFACES\Assignment 2\Lib_EaBaseBoard\Debug\libLib_EaBaseBoard.a(font5x7.o)
 .debug_line    0x0000357c      0x5ca C:\Users\thyagesh93\Documents\NUS\IVLEDrive\EE2024 PROGRAMMING FOR COMPUTER INTERFACES\PROGRAMMING FOR COMPUTER INTERFACES\Assignment 2\Lib_MCU\Debug\libLib_MCU.a(lpc17xx_gpio.o)
 .debug_line    0x00003b46      0x727 C:\Users\thyagesh93\Documents\NUS\IVLEDrive\EE2024 PROGRAMMING FOR COMPUTER INTERFACES\PROGRAMMING FOR COMPUTER INTERFACES\Assignment 2\Lib_MCU\Debug\libLib_MCU.a(lpc17xx_i2c.o)
 .debug_line    0x0000426d      0x45b C:\Users\thyagesh93\Documents\NUS\IVLEDrive\EE2024 PROGRAMMING FOR COMPUTER INTERFACES\PROGRAMMING FOR COMPUTER INTERFACES\Assignment 2\Lib_MCU\Debug\libLib_MCU.a(lpc17xx_pinsel.o)
 .debug_line    0x000046c8      0x65d C:\Users\thyagesh93\Documents\NUS\IVLEDrive\EE2024 PROGRAMMING FOR COMPUTER INTERFACES\PROGRAMMING FOR COMPUTER INTERFACES\Assignment 2\Lib_MCU\Debug\libLib_MCU.a(lpc17xx_ssp.o)
 .debug_line    0x00004d25      0x5e6 C:\Users\thyagesh93\Documents\NUS\IVLEDrive\EE2024 PROGRAMMING FOR COMPUTER INTERFACES\PROGRAMMING FOR COMPUTER INTERFACES\Assignment 2\Lib_MCU\Debug\libLib_MCU.a(lpc17xx_timer.o)
 .debug_line    0x0000530b      0x812 C:\Users\thyagesh93\Documents\NUS\IVLEDrive\EE2024 PROGRAMMING FOR COMPUTER INTERFACES\PROGRAMMING FOR COMPUTER INTERFACES\Assignment 2\Lib_MCU\Debug\libLib_MCU.a(lpc17xx_uart.o)
 .debug_line    0x00005b1d      0x495 C:\Users\thyagesh93\Documents\NUS\IVLEDrive\EE2024 PROGRAMMING FOR COMPUTER INTERFACES\PROGRAMMING FOR COMPUTER INTERFACES\Assignment 2\Lib_MCU\Debug\libLib_MCU.a(lpc17xx_clkpwr.o)

.debug_macinfo  0x00000000    0x7f9f5
 .debug_macinfo
                0x00000000     0x151f ./src/cr_startup_lpc17.o
 .debug_macinfo
                0x0000151f     0xcf9d ./src/main.o
 .debug_macinfo
                0x0000e4bc     0x6d5c C:\Users\thyagesh93\Documents\NUS\IVLEDrive\EE2024 PROGRAMMING FOR COMPUTER INTERFACES\PROGRAMMING FOR COMPUTER INTERFACES\Assignment 2\Lib_CMSISv1p30_LPC17xx\Debug\libCMSISv1p30_LPC17xx.a(system_LPC17xx.o)
 .debug_macinfo
                0x00015218     0x787f C:\Users\thyagesh93\Documents\NUS\IVLEDrive\EE2024 PROGRAMMING FOR COMPUTER INTERFACES\PROGRAMMING FOR COMPUTER INTERFACES\Assignment 2\Lib_EaBaseBoard\Debug\libLib_EaBaseBoard.a(acc.o)
 .debug_macinfo
                0x0001ca97     0x8007 C:\Users\thyagesh93\Documents\NUS\IVLEDrive\EE2024 PROGRAMMING FOR COMPUTER INTERFACES\PROGRAMMING FOR COMPUTER INTERFACES\Assignment 2\Lib_EaBaseBoard\Debug\libLib_EaBaseBoard.a(led7seg.o)
 .debug_macinfo
                0x00024a9e     0x779e C:\Users\thyagesh93\Documents\NUS\IVLEDrive\EE2024 PROGRAMMING FOR COMPUTER INTERFACES\PROGRAMMING FOR COMPUTER INTERFACES\Assignment 2\Lib_EaBaseBoard\Debug\libLib_EaBaseBoard.a(light.o)
 .debug_macinfo
                0x0002c23c     0x8aa7 C:\Users\thyagesh93\Documents\NUS\IVLEDrive\EE2024 PROGRAMMING FOR COMPUTER INTERFACES\PROGRAMMING FOR COMPUTER INTERFACES\Assignment 2\Lib_EaBaseBoard\Debug\libLib_EaBaseBoard.a(oled.o)
 .debug_macinfo
                0x00034ce3     0x77bd C:\Users\thyagesh93\Documents\NUS\IVLEDrive\EE2024 PROGRAMMING FOR COMPUTER INTERFACES\PROGRAMMING FOR COMPUTER INTERFACES\Assignment 2\Lib_EaBaseBoard\Debug\libLib_EaBaseBoard.a(pca9532.o)
 .debug_macinfo
                0x0003c4a0     0x6eb0 C:\Users\thyagesh93\Documents\NUS\IVLEDrive\EE2024 PROGRAMMING FOR COMPUTER INTERFACES\PROGRAMMING FOR COMPUTER INTERFACES\Assignment 2\Lib_EaBaseBoard\Debug\libLib_EaBaseBoard.a(rgb.o)
 .debug_macinfo
                0x00043350     0x1cb1 C:\Users\thyagesh93\Documents\NUS\IVLEDrive\EE2024 PROGRAMMING FOR COMPUTER INTERFACES\PROGRAMMING FOR COMPUTER INTERFACES\Assignment 2\Lib_EaBaseBoard\Debug\libLib_EaBaseBoard.a(font5x7.o)
 .debug_macinfo
                0x00045001     0x701c C:\Users\thyagesh93\Documents\NUS\IVLEDrive\EE2024 PROGRAMMING FOR COMPUTER INTERFACES\PROGRAMMING FOR COMPUTER INTERFACES\Assignment 2\Lib_MCU\Debug\libLib_MCU.a(lpc17xx_gpio.o)
 .debug_macinfo
                0x0004c01d     0x8f3c C:\Users\thyagesh93\Documents\NUS\IVLEDrive\EE2024 PROGRAMMING FOR COMPUTER INTERFACES\PROGRAMMING FOR COMPUTER INTERFACES\Assignment 2\Lib_MCU\Debug\libLib_MCU.a(lpc17xx_i2c.o)
 .debug_macinfo
                0x00054f59     0x7137 C:\Users\thyagesh93\Documents\NUS\IVLEDrive\EE2024 PROGRAMMING FOR COMPUTER INTERFACES\PROGRAMMING FOR COMPUTER INTERFACES\Assignment 2\Lib_MCU\Debug\libLib_MCU.a(lpc17xx_pinsel.o)
 .debug_macinfo
                0x0005c090     0x9234 C:\Users\thyagesh93\Documents\NUS\IVLEDrive\EE2024 PROGRAMMING FOR COMPUTER INTERFACES\PROGRAMMING FOR COMPUTER INTERFACES\Assignment 2\Lib_MCU\Debug\libLib_MCU.a(lpc17xx_ssp.o)
 .debug_macinfo
                0x000652c4     0x8e31 C:\Users\thyagesh93\Documents\NUS\IVLEDrive\EE2024 PROGRAMMING FOR COMPUTER INTERFACES\PROGRAMMING FOR COMPUTER INTERFACES\Assignment 2\Lib_MCU\Debug\libLib_MCU.a(lpc17xx_timer.o)
 .debug_macinfo
                0x0006e0f5     0x99a3 C:\Users\thyagesh93\Documents\NUS\IVLEDrive\EE2024 PROGRAMMING FOR COMPUTER INTERFACES\PROGRAMMING FOR COMPUTER INTERFACES\Assignment 2\Lib_MCU\Debug\libLib_MCU.a(lpc17xx_uart.o)
 .debug_macinfo
                0x00077a98     0x7f5d C:\Users\thyagesh93\Documents\NUS\IVLEDrive\EE2024 PROGRAMMING FOR COMPUTER INTERFACES\PROGRAMMING FOR COMPUTER INTERFACES\Assignment 2\Lib_MCU\Debug\libLib_MCU.a(lpc17xx_clkpwr.o)

.debug_frame    0x00000000     0x2cd8
 .debug_frame   0x00000000      0x120 ./src/cr_startup_lpc17.o
 .debug_frame   0x00000120      0x680 ./src/main.o
 .debug_frame   0x000007a0       0x48 C:\Users\thyagesh93\Documents\NUS\IVLEDrive\EE2024 PROGRAMMING FOR COMPUTER INTERFACES\PROGRAMMING FOR COMPUTER INTERFACES\Assignment 2\Lib_CMSISv1p30_LPC17xx\Debug\libCMSISv1p30_LPC17xx.a(system_LPC17xx.o)
 .debug_frame   0x000007e8      0x12c C:\Users\thyagesh93\Documents\NUS\IVLEDrive\EE2024 PROGRAMMING FOR COMPUTER INTERFACES\PROGRAMMING FOR COMPUTER INTERFACES\Assignment 2\Lib_EaBaseBoard\Debug\libLib_EaBaseBoard.a(acc.o)
 .debug_frame   0x00000914       0x4c C:\Users\thyagesh93\Documents\NUS\IVLEDrive\EE2024 PROGRAMMING FOR COMPUTER INTERFACES\PROGRAMMING FOR COMPUTER INTERFACES\Assignment 2\Lib_EaBaseBoard\Debug\libLib_EaBaseBoard.a(led7seg.o)
 .debug_frame   0x00000960      0x208 C:\Users\thyagesh93\Documents\NUS\IVLEDrive\EE2024 PROGRAMMING FOR COMPUTER INTERFACES\PROGRAMMING FOR COMPUTER INTERFACES\Assignment 2\Lib_EaBaseBoard\Debug\libLib_EaBaseBoard.a(light.o)
 .debug_frame   0x00000b68      0x1fc C:\Users\thyagesh93\Documents\NUS\IVLEDrive\EE2024 PROGRAMMING FOR COMPUTER INTERFACES\PROGRAMMING FOR COMPUTER INTERFACES\Assignment 2\Lib_EaBaseBoard\Debug\libLib_EaBaseBoard.a(oled.o)
 .debug_frame   0x00000d64      0x1a8 C:\Users\thyagesh93\Documents\NUS\IVLEDrive\EE2024 PROGRAMMING FOR COMPUTER INTERFACES\PROGRAMMING FOR COMPUTER INTERFACES\Assignment 2\Lib_EaBaseBoard\Debug\libLib_EaBaseBoard.a(pca9532.o)
 .debug_frame   0x00000f0c       0x4c C:\Users\thyagesh93\Documents\NUS\IVLEDrive\EE2024 PROGRAMMING FOR COMPUTER INTERFACES\PROGRAMMING FOR COMPUTER INTERFACES\Assignment 2\Lib_EaBaseBoard\Debug\libLib_EaBaseBoard.a(rgb.o)
 .debug_frame   0x00000f58      0x2c4 C:\Users\thyagesh93\Documents\NUS\IVLEDrive\EE2024 PROGRAMMING FOR COMPUTER INTERFACES\PROGRAMMING FOR COMPUTER INTERFACES\Assignment 2\Lib_MCU\Debug\libLib_MCU.a(lpc17xx_gpio.o)
 .debug_frame   0x0000121c      0x2c8 C:\Users\thyagesh93\Documents\NUS\IVLEDrive\EE2024 PROGRAMMING FOR COMPUTER INTERFACES\PROGRAMMING FOR COMPUTER INTERFACES\Assignment 2\Lib_MCU\Debug\libLib_MCU.a(lpc17xx_i2c.o)
 .debug_frame   0x000014e4       0xbc C:\Users\thyagesh93\Documents\NUS\IVLEDrive\EE2024 PROGRAMMING FOR COMPUTER INTERFACES\PROGRAMMING FOR COMPUTER INTERFACES\Assignment 2\Lib_MCU\Debug\libLib_MCU.a(lpc17xx_pinsel.o)
 .debug_frame   0x000015a0      0x280 C:\Users\thyagesh93\Documents\NUS\IVLEDrive\EE2024 PROGRAMMING FOR COMPUTER INTERFACES\PROGRAMMING FOR COMPUTER INTERFACES\Assignment 2\Lib_MCU\Debug\libLib_MCU.a(lpc17xx_ssp.o)
 .debug_frame   0x00001820      0x22c C:\Users\thyagesh93\Documents\NUS\IVLEDrive\EE2024 PROGRAMMING FOR COMPUTER INTERFACES\PROGRAMMING FOR COMPUTER INTERFACES\Assignment 2\Lib_MCU\Debug\libLib_MCU.a(lpc17xx_timer.o)
 .debug_frame   0x00001a4c      0x44c C:\Users\thyagesh93\Documents\NUS\IVLEDrive\EE2024 PROGRAMMING FOR COMPUTER INTERFACES\PROGRAMMING FOR COMPUTER INTERFACES\Assignment 2\Lib_MCU\Debug\libLib_MCU.a(lpc17xx_uart.o)
 .debug_frame   0x00001e98      0x10c C:\Users\thyagesh93\Documents\NUS\IVLEDrive\EE2024 PROGRAMMING FOR COMPUTER INTERFACES\PROGRAMMING FOR COMPUTER INTERFACES\Assignment 2\Lib_MCU\Debug\libLib_MCU.a(lpc17xx_clkpwr.o)
 .debug_frame   0x00001fa4       0x50 c:/nxp/lpcxpresso_3.6.3_317/tools/bin/../lib/gcc/arm-none-eabi/4.3.3/thumb2\libgcc.a(bpabi.o)
 .debug_frame   0x00001ff4       0x38 c:/nxp/lpcxpresso_3.6.3_317/tools/bin/../lib/gcc/arm-none-eabi/4.3.3/thumb2\libgcc.a(_divdi3.o)
 .debug_frame   0x0000202c       0x38 c:/nxp/lpcxpresso_3.6.3_317/tools/bin/../lib/gcc/arm-none-eabi/4.3.3/thumb2\libgcc.a(_udivdi3.o)
 .debug_frame   0x00002064       0x20 c:/nxp/lpcxpresso_3.6.3_317/tools/bin/../lib/gcc/arm-none-eabi/4.3.3/thumb2\libgcc.a(_udivsi3.o)
 .debug_frame   0x00002084       0x30 c:/nxp/lpcxpresso_3.6.3_317/tools/bin/../lib/gcc/arm-none-eabi/4.3.3/../../../../arm-none-eabi/lib/thumb2\libc.a(lib_a-memcpy.o)
 .debug_frame   0x000020b4       0x28 c:/nxp/lpcxpresso_3.6.3_317/tools/bin/../lib/gcc/arm-none-eabi/4.3.3/../../../../arm-none-eabi/lib/thumb2\libc.a(lib_a-memset.o)
 .debug_frame   0x000020dc       0x5c c:/nxp/lpcxpresso_3.6.3_317/tools/bin/../lib/gcc/arm-none-eabi/4.3.3/../../../../arm-none-eabi/lib/thumb2\libc.a(lib_a-printf.o)
 .debug_frame   0x00002138       0x58 c:/nxp/lpcxpresso_3.6.3_317/tools/bin/../lib/gcc/arm-none-eabi/4.3.3/../../../../arm-none-eabi/lib/thumb2\libc.a(lib_a-sprintf.o)
 .debug_frame   0x00002190       0x28 c:/nxp/lpcxpresso_3.6.3_317/tools/bin/../lib/gcc/arm-none-eabi/4.3.3/../../../../arm-none-eabi/lib/thumb2\libc.a(lib_a-strcat.o)
 .debug_frame   0x000021b8       0x20 c:/nxp/lpcxpresso_3.6.3_317/tools/bin/../lib/gcc/arm-none-eabi/4.3.3/../../../../arm-none-eabi/lib/thumb2\libc.a(lib_a-strcpy.o)
 .debug_frame   0x000021d8       0x20 c:/nxp/lpcxpresso_3.6.3_317/tools/bin/../lib/gcc/arm-none-eabi/4.3.3/../../../../arm-none-eabi/lib/thumb2\libc.a(lib_a-strlen.o)
 .debug_frame   0x000021f8       0x64 c:/nxp/lpcxpresso_3.6.3_317/tools/bin/../lib/gcc/arm-none-eabi/4.3.3/../../../../arm-none-eabi/lib/thumb2\libc.a(lib_a-svfprintf.o)
 .debug_frame   0x0000225c       0x74 c:/nxp/lpcxpresso_3.6.3_317/tools/bin/../lib/gcc/arm-none-eabi/4.3.3/../../../../arm-none-eabi/lib/thumb2\libc.a(lib_a-vfprintf.o)
 .debug_frame   0x000022d0       0x2c c:/nxp/lpcxpresso_3.6.3_317/tools/bin/../lib/gcc/arm-none-eabi/4.3.3/../../../../arm-none-eabi/lib/thumb2\libc.a(lib_a-wsetup.o)
 .debug_frame   0x000022fc       0x64 c:/nxp/lpcxpresso_3.6.3_317/tools/bin/../lib/gcc/arm-none-eabi/4.3.3/../../../../arm-none-eabi/lib/thumb2\libc.a(lib_a-dtoa.o)
 .debug_frame   0x00002360       0x48 c:/nxp/lpcxpresso_3.6.3_317/tools/bin/../lib/gcc/arm-none-eabi/4.3.3/../../../../arm-none-eabi/lib/thumb2\libc.a(lib_a-fflush.o)
 .debug_frame   0x000023a8      0x13c c:/nxp/lpcxpresso_3.6.3_317/tools/bin/../lib/gcc/arm-none-eabi/4.3.3/../../../../arm-none-eabi/lib/thumb2\libc.a(lib_a-findfp.o)
 .debug_frame   0x000024e4       0x50 c:/nxp/lpcxpresso_3.6.3_317/tools/bin/../lib/gcc/arm-none-eabi/4.3.3/../../../../arm-none-eabi/lib/thumb2\libc.a(lib_a-freer.o)
 .debug_frame   0x00002534       0x38 c:/nxp/lpcxpresso_3.6.3_317/tools/bin/../lib/gcc/arm-none-eabi/4.3.3/../../../../arm-none-eabi/lib/thumb2\libc.a(lib_a-fvwrite.o)
 .debug_frame   0x0000256c       0x58 c:/nxp/lpcxpresso_3.6.3_317/tools/bin/../lib/gcc/arm-none-eabi/4.3.3/../../../../arm-none-eabi/lib/thumb2\libc.a(lib_a-fwalk.o)
 .debug_frame   0x000025c4       0x74 c:/nxp/lpcxpresso_3.6.3_317/tools/bin/../lib/gcc/arm-none-eabi/4.3.3/../../../../arm-none-eabi/lib/thumb2\libc.a(lib_a-locale.o)
 .debug_frame   0x00002638       0x30 c:/nxp/lpcxpresso_3.6.3_317/tools/bin/../lib/gcc/arm-none-eabi/4.3.3/../../../../arm-none-eabi/lib/thumb2\libc.a(lib_a-makebuf.o)
 .debug_frame   0x00002668       0x40 c:/nxp/lpcxpresso_3.6.3_317/tools/bin/../lib/gcc/arm-none-eabi/4.3.3/../../../../arm-none-eabi/lib/thumb2\libc.a(lib_a-malloc.o)
 .debug_frame   0x000026a8       0x38 c:/nxp/lpcxpresso_3.6.3_317/tools/bin/../lib/gcc/arm-none-eabi/4.3.3/../../../../arm-none-eabi/lib/thumb2\libc.a(lib_a-mallocr.o)
 .debug_frame   0x000026e0       0x28 c:/nxp/lpcxpresso_3.6.3_317/tools/bin/../lib/gcc/arm-none-eabi/4.3.3/../../../../arm-none-eabi/lib/thumb2\libc.a(lib_a-memchr.o)