Archive member included because of file (symbol)

C:\Users\Ashray Jain\Desktop\EE2024 Workspace\Lib_CMSISv1p30_LPC17xx\Debug\libCMSISv1p30_LPC17xx.a(system_LPC17xx.o)
                              ./src/main.o (SystemCoreClock)
C:\Users\Ashray Jain\Desktop\EE2024 Workspace\Lib_EaBaseBoard\Debug\libLib_EaBaseBoard.a(acc.o)
                              ./src/main.o (acc_init)
C:\Users\Ashray Jain\Desktop\EE2024 Workspace\Lib_EaBaseBoard\Debug\libLib_EaBaseBoard.a(led7seg.o)
                              ./src/main.o (led7seg_init)
C:\Users\Ashray Jain\Desktop\EE2024 Workspace\Lib_EaBaseBoard\Debug\libLib_EaBaseBoard.a(light.o)
                              ./src/main.o (light_init)
C:\Users\Ashray Jain\Desktop\EE2024 Workspace\Lib_EaBaseBoard\Debug\libLib_EaBaseBoard.a(oled.o)
                              ./src/main.o (oled_init)
C:\Users\Ashray Jain\Desktop\EE2024 Workspace\Lib_EaBaseBoard\Debug\libLib_EaBaseBoard.a(pca9532.o)
                              ./src/main.o (pca9532_init)
C:\Users\Ashray Jain\Desktop\EE2024 Workspace\Lib_EaBaseBoard\Debug\libLib_EaBaseBoard.a(rgb.o)
                              ./src/main.o (rgb_init)
C:\Users\Ashray Jain\Desktop\EE2024 Workspace\Lib_EaBaseBoard\Debug\libLib_EaBaseBoard.a(font5x7.o)
                              C:\Users\Ashray Jain\Desktop\EE2024 Workspace\Lib_EaBaseBoard\Debug\libLib_EaBaseBoard.a(oled.o) (font5x7)
C:\Users\Ashray Jain\Desktop\EE2024 Workspace\Lib_MCU\Debug\libLib_MCU.a(lpc17xx_adc.o)
                              ./src/main.o (ADC_Init)
C:\Users\Ashray Jain\Desktop\EE2024 Workspace\Lib_MCU\Debug\libLib_MCU.a(lpc17xx_clkpwr.o)
                              C:\Users\Ashray Jain\Desktop\EE2024 Workspace\Lib_MCU\Debug\libLib_MCU.a(lpc17xx_adc.o) (CLKPWR_GetPCLK)
C:\Users\Ashray Jain\Desktop\EE2024 Workspace\Lib_MCU\Debug\libLib_MCU.a(lpc17xx_gpio.o)
                              ./src/main.o (GPIO_SetDir)
C:\Users\Ashray Jain\Desktop\EE2024 Workspace\Lib_MCU\Debug\libLib_MCU.a(lpc17xx_i2c.o)
                              ./src/main.o (I2C_Init)
C:\Users\Ashray Jain\Desktop\EE2024 Workspace\Lib_MCU\Debug\libLib_MCU.a(lpc17xx_pinsel.o)
                              ./src/main.o (PINSEL_ConfigPin)
C:\Users\Ashray Jain\Desktop\EE2024 Workspace\Lib_MCU\Debug\libLib_MCU.a(lpc17xx_ssp.o)
                              ./src/main.o (SSP_Init)
C:\Users\Ashray Jain\Desktop\EE2024 Workspace\Lib_MCU\Debug\libLib_MCU.a(lpc17xx_timer.o)
                              ./src/main.o (TIM_ClearIntPending)
C:\Users\Ashray Jain\Desktop\EE2024 Workspace\Lib_MCU\Debug\libLib_MCU.a(lpc17xx_uart.o)
                              ./src/main.o (UART_DeInit)
c:/nxp/lpcxpresso_3.6.3_317/tools/bin/../lib/gcc/arm-none-eabi/4.3.3/thumb2\libgcc.a(_arm_addsubdf3.o)
                              ./src/main.o (__aeabi_i2d)
c:/nxp/lpcxpresso_3.6.3_317/tools/bin/../lib/gcc/arm-none-eabi/4.3.3/thumb2\libgcc.a(_arm_muldivdf3.o)
                              ./src/main.o (__aeabi_dmul)
c:/nxp/lpcxpresso_3.6.3_317/tools/bin/../lib/gcc/arm-none-eabi/4.3.3/thumb2\libgcc.a(_arm_truncdfsf2.o)
                              ./src/main.o (__aeabi_d2f)
c:/nxp/lpcxpresso_3.6.3_317/tools/bin/../lib/gcc/arm-none-eabi/4.3.3/thumb2\libgcc.a(_arm_addsubsf3.o)
                              ./src/main.o (__aeabi_fsub)
c:/nxp/lpcxpresso_3.6.3_317/tools/bin/../lib/gcc/arm-none-eabi/4.3.3/thumb2\libgcc.a(_arm_muldivsf3.o)
                              ./src/main.o (__aeabi_fmul)
c:/nxp/lpcxpresso_3.6.3_317/tools/bin/../lib/gcc/arm-none-eabi/4.3.3/thumb2\libgcc.a(_arm_cmpsf2.o)
                              ./src/main.o (__aeabi_fcmplt)
c:/nxp/lpcxpresso_3.6.3_317/tools/bin/../lib/gcc/arm-none-eabi/4.3.3/thumb2\libgcc.a(_arm_fixsfsi.o)
                              ./src/main.o (__aeabi_f2iz)
c:/nxp/lpcxpresso_3.6.3_317/tools/bin/../lib/gcc/arm-none-eabi/4.3.3/thumb2\libgcc.a(_aeabi_uldivmod.o)
                              C:\Users\Ashray Jain\Desktop\EE2024 Workspace\Lib_CMSISv1p30_LPC17xx\Debug\libCMSISv1p30_LPC17xx.a(system_LPC17xx.o) (__aeabi_uldivmod)
c:/nxp/lpcxpresso_3.6.3_317/tools/bin/../lib/gcc/arm-none-eabi/4.3.3/thumb2\libgcc.a(bpabi.o)
                              c:/nxp/lpcxpresso_3.6.3_317/tools/bin/../lib/gcc/arm-none-eabi/4.3.3/thumb2\libgcc.a(_aeabi_uldivmod.o) (__gnu_uldivmod_helper)
c:/nxp/lpcxpresso_3.6.3_317/tools/bin/../lib/gcc/arm-none-eabi/4.3.3/thumb2\libgcc.a(_dvmd_tls.o)
                              c:/nxp/lpcxpresso_3.6.3_317/tools/bin/../lib/gcc/arm-none-eabi/4.3.3/thumb2\libgcc.a(_aeabi_uldivmod.o) (__aeabi_ldiv0)
c:/nxp/lpcxpresso_3.6.3_317/tools/bin/../lib/gcc/arm-none-eabi/4.3.3/thumb2\libgcc.a(_divdi3.o)
                              c:/nxp/lpcxpresso_3.6.3_317/tools/bin/../lib/gcc/arm-none-eabi/4.3.3/thumb2\libgcc.a(bpabi.o) (__divdi3)
c:/nxp/lpcxpresso_3.6.3_317/tools/bin/../lib/gcc/arm-none-eabi/4.3.3/thumb2\libgcc.a(_udivdi3.o)
                              c:/nxp/lpcxpresso_3.6.3_317/tools/bin/../lib/gcc/arm-none-eabi/4.3.3/thumb2\libgcc.a(bpabi.o) (__udivdi3)
[...]
Memory Configuration

Name             Origin             Length             Attributes
MFlash512        0x00000000         0x00020000         xr
RamLoc32         0x10000000         0x00008000         xrw
RamAHB32         0x2007c000         0x00008000         xrw
CANAccFilterRAM  0x40038000         0x00000800         xrw
*default*        0x00000000         0xffffffff

Linker script and memory map

LOAD ./src/cr_startup_lpc17.o
LOAD ./src/helpers.o
LOAD ./src/main.o
LOAD C:\Users\Ashray Jain\Desktop\EE2024 Workspace\Lib_CMSISv1p30_LPC17xx\Debug\libCMSISv1p30_LPC17xx.a
LOAD C:\Users\Ashray Jain\Desktop\EE2024 Workspace\Lib_EaBaseBoard\Debug\libLib_EaBaseBoard.a
LOAD C:\Users\Ashray Jain\Desktop\EE2024 Workspace\Lib_MCU\Debug\libLib_MCU.a
START GROUP
LOAD c:/nxp/lpcxpresso_3.6.3_317/tools/bin/../lib/gcc/arm-none-eabi/4.3.3/thumb2\libgcc.a
LOAD c:/nxp/lpcxpresso_3.6.3_317/tools/bin/../lib/gcc/arm-none-eabi/4.3.3/../../../../arm-none-eabi/lib/thumb2\libc.a
LOAD c:/nxp/lpcxpresso_3.6.3_317/tools/bin/../lib/gcc/arm-none-eabi/4.3.3/../../../../arm-none-eabi/lib/thumb2\libm.a
LOAD c:/nxp/lpcxpresso_3.6.3_317/tools/bin/../lib/gcc/arm-none-eabi/4.3.3/../../../../arm-none-eabi/lib/thumb2\libcr_newlib_semihost.a
END GROUP
                0x00080000                __top_MFlash512 = 0x80000
                0x10008000                __top_RamLoc32 = 0x10008000
                0x20084000                __top_RamAHB32 = 0x20084000
                0x40038800                __top_CANAccFilterRAM = 0x40038800

.text           0x00000000     0xd8a0
 FILL mask 0xff
 *(.isr_vector)
 .isr_vector    0x00000000       0xcc ./src/cr_startup_lpc17.o
                0x00000000                g_pfnVectors
                0x000000cc                . = ALIGN (0x4)
                0x000000cc                __section_table_start = .
                0x000000cc                __data_section_table = .
                0x000000cc        0x4 LONG 0xd8a8 LOADADDR (.data)
                0x000000d0        0x4 LONG 0x10000000 ADDR (.data)
                0x000000d4        0x4 LONG 0x598 SIZEOF (.data)
                0x000000d8        0x4 LONG 0xd8a8 LOADADDR (.data_RAM2)
                0x000000dc        0x4 LONG 0x2007c000 ADDR (.data_RAM2)
                0x000000e0        0x4 LONG 0x0 SIZEOF (.data_RAM2)
                0x000000e4        0x4 LONG 0xd8a8 LOADADDR (.data_RAM3)
                0x000000e8        0x4 LONG 0x40038000 ADDR (.data_RAM3)
                0x000000ec        0x4 LONG 0x0 SIZEOF (.data_RAM3)
                0x000000f0                __data_section_table_end = .
                0x000000f0                __bss_section_table = .
                0x000000f0        0x4 LONG 0x10000598 ADDR (.bss)
                0x000000f4        0x4 LONG 0x3f8 SIZEOF (.bss)
                0x000000f8        0x4 LONG 0x2007c000 ADDR (.bss_RAM2)
                0x000000fc        0x4 LONG 0x0 SIZEOF (.bss_RAM2)
                0x00000100        0x4 LONG 0x40038000 ADDR (.bss_RAM3)
                0x00000104        0x4 LONG 0x0 SIZEOF (.bss_RAM3)
                0x00000108                __bss_section_table_end = .
                0x00000108                __section_table_end = .
 *(.after_vectors*)
 *(.text*)
 .text.ResetISR
                0x00000108       0x68 ./src/cr_startup_lpc17.o
                0x00000108                ResetISR
 .text.NMI_Handler
                0x00000170        0x8 ./src/cr_startup_lpc17.o
                0x00000170                NMI_Handler
 .text.HardFault_Handler
                0x00000178        0x8 ./src/cr_startup_lpc17.o
                0x00000178                HardFault_Handler
 .text.MemManage_Handler
                0x00000180        0x8 ./src/cr_startup_lpc17.o
                0x00000180                MemManage_Handler
 .text.BusFault_Handler
                0x00000188        0x8 ./src/cr_startup_lpc17.o
                0x00000188                BusFault_Handler
 .text.UsageFault_Handler
                0x00000190        0x8 ./src/cr_startup_lpc17.o
                0x00000190                UsageFault_Handler
 .text.SVCall_Handler
                0x00000198        0x8 ./src/cr_startup_lpc17.o
                0x00000198                SVCall_Handler
 .text.DebugMon_Handler
                0x000001a0        0x8 ./src/cr_startup_lpc17.o
                0x000001a0                DebugMon_Handler
 .text.PendSV_Handler
                0x000001a8        0x8 ./src/cr_startup_lpc17.o
                0x000001a8                PendSV_Handler
 .text.IntDefaultHandler
                0x000001b0        0x8 ./src/cr_startup_lpc17.o
                0x000001b0                RIT_IRQHandler
                0x000001b0                I2C0_IRQHandler
                0x000001b0                USBActivity_IRQHandler
                0x000001b0                PWM1_IRQHandler
                0x000001b0                I2C1_IRQHandler
                0x000001b0                EINT2_IRQHandler
                0x000001b0                UART1_IRQHandler
                0x000001b0                CANActivity_IRQHandler
                0x000001b0                UART0_IRQHandler
                0x000001b0                IntDefaultHandler
                0x000001b0                PLL0_IRQHandler
                0x000001b0                CAN_IRQHandler
                0x000001b0                PLL1_IRQHandler
                0x000001b0                SSP0_IRQHandler
                0x000001b0                I2S_IRQHandler
                0x000001b0                I2C2_IRQHandler
                0x000001b0                RTC_IRQHandler
                0x000001b0                TIMER0_IRQHandler
                0x000001b0                SPI_IRQHandler
                0x000001b0                EINT1_IRQHandler
                0x000001b0                UART2_IRQHandler
                0x000001b0                ADC_IRQHandler
                0x000001b0                SSP1_IRQHandler
                0x000001b0                USB_IRQHandler
                0x000001b0                BOD_IRQHandler
                0x000001b0                WDT_IRQHandler
                0x000001b0                QEI_IRQHandler
                0x000001b0                DMA_IRQHandler
                0x000001b0                MCPWM_IRQHandler
                0x000001b0                ENET_IRQHandler
 .text.tempToString
                0x000001b8      0x104 ./src/helpers.o
                0x000001b8                tempToString
 .text.toStringInt
                0x000002bc       0x24 ./src/helpers.o
                0x000002bc                toStringInt
 .text.toStringDouble
                0x000002e0       0x2c ./src/helpers.o
                0x000002e0                toStringDouble
 .text.stringToInt
                0x0000030c       0xac ./src/helpers.o
                0x0000030c                stringToInt
 .text.initAllPeripherals
                0x000003b8       0xa8 ./src/main.o
                0x000003b8                initAllPeripherals
 .text.NVIC_SetPriority
                0x00000460       0x5c ./src/main.o
 .text.NVIC_ClearPendingIRQ
                0x000004bc       0x3c ./src/main.o
 .text.NVIC_EnableIRQ
                0x000004f8       0x38 ./src/main.o
 .text.init_ssp
                0x00000530       0xa0 ./src/main.o
                0x00000530                init_ssp
 .text.init_i2c
                0x000005d0       0x60 ./src/main.o
                0x000005d0                init_i2c
 .text.init_trimpot
                0x00000630       0x38 ./src/main.o
                0x00000630                init_trimpot
 .text.init_GPIO
                0x00000668      0x144 ./src/main.o
                0x00000668                init_GPIO
 .text.init_buzzer
                0x000007ac       0x8c ./src/main.o
                0x000007ac                init_buzzer
 .text.init_uart
                0x00000838       0xac ./src/main.o
                0x00000838                init_uart
 .text.init_timer
                0x000008e4      0x17c ./src/main.o
                0x000008e4                init_timer
 .text.init_temp_interrupt
                0x00000a60       0xa0 ./src/main.o
                0x00000a60                init_temp_interrupt
 .text.disable_temp_interrupt
                0x00000b00       0x3c ./src/main.o
                0x00000b00                disable_temp_interrupt
 .text.init_handShake
                0x00000b3c       0x28 ./src/main.o
                0x00000b3c                init_handShake
 .text.calibratingHandler
                0x00000b64       0xf4 ./src/main.o
                0x00000b64                calibratingHandler
 .text.stdbyCountingDownHandler
                0x00000c58       0x28 ./src/main.o
                0x00000c58                stdbyCountingDownHandler
 .text.stdbyEnvTestingHandler
                0x00000c80       0x60 ./src/main.o
                0x00000c80                stdbyEnvTestingHandler
 .text.activeHandler
                0x00000ce0      0x1fc ./src/main.o
                0x00000ce0                activeHandler
 *fill*         0x00000edc        0x4 00
 .text.SysTick_Handler
                0x00000ee0      0x358 ./src/main.o
                0x00000ee0                SysTick_Handler
 .text.EINT0_IRQHandler
                0x00001238       0x34 ./src/main.o
                0x00001238                EINT0_IRQHandler
 .text.EINT3_IRQHandler
                0x0000126c      0x278 ./src/main.o
                0x0000126c                EINT3_IRQHandler
 .text.TIMER1_IRQHandler
                0x000014e4      0x11c ./src/main.o
                0x000014e4                TIMER1_IRQHandler
 .text.TIMER2_IRQHandler
                0x00001600       0x44 ./src/main.o
                0x00001600                TIMER2_IRQHandler
 .text.TIMER3_IRQHandler
                0x00001644       0x40 ./src/main.o
                0x00001644                TIMER3_IRQHandler
 .text.UART3_IRQHandler
                0x00001684      0x20c ./src/main.o
                0x00001684                UART3_IRQHandler
 .text.getMsTicks
                0x00001890       0x18 ./src/main.o
                0x00001890                getMsTicks
 .text.enterCalibratingState
                0x000018a8       0xb0 ./src/main.o
                0x000018a8                enterCalibratingState
 .text.enterStdByCountingDownState
                0x00001958       0x5c ./src/main.o
                0x00001958                enterStdByCountingDownState
 .text.enterActiveState
                0x000019b4       0x60 ./src/main.o
                0x000019b4                enterActiveState
 .text.leaveActiveState
                0x00001a14       0x2c ./src/main.o
                0x00001a14                leaveActiveState
 .text.leaveCalibratingState
                0x00001a40       0x90 ./src/main.o
                0x00001a40                leaveCalibratingState
 .text.leaveStdByCountingDownState
                0x00001ad0       0x18 ./src/main.o
                0x00001ad0                leaveStdByCountingDownState
 .text.updateReadings
                0x00001ae8       0x34 ./src/main.o
                0x00001ae8                updateReadings
 .text.updateTemperatureReading
                0x00001b1c       0x44 ./src/main.o
                0x00001b1c                updateTemperatureReading
 .text.updateAccReading
                0x00001b60       0x24 ./src/main.o
                0x00001b60                updateAccReading
 .text.updateFreqCounter
                0x00001b84      0x2d0 ./src/main.o
                0x00001b84                updateFreqCounter
 .text.startWarning
                0x00001e54       0x30 ./src/main.o
                0x00001e54                startWarning
 .text.turnOnLedArray
                0x00001e84       0x14 ./src/main.o
                0x00001e84                turnOnLedArray
 .text.stopWarning
                0x00001e98       0x48 ./src/main.o
                0x00001e98                stopWarning
 .text.turnOffLedArray
                0x00001ee0       0x14 ./src/main.o
                0x00001ee0                turnOffLedArray
 .text.countDownFrom
                0x00001ef4       0x50 ./src/main.o
                0x00001ef4                countDownFrom
 .text.decrementCount
                0x00001f44       0x80 ./src/main.o
                0x00001f44                decrementCount
 .text.writeHeaderToOled
                0x00001fc4      0x188 ./src/main.o
                0x00001fc4                writeHeaderToOled
 .text.writeStatesToOled
                0x0000214c      0x184 ./src/main.o
                0x0000214c                writeStatesToOled
 .text.writeTempToOled
                0x000022d0      0x130 ./src/main.o
                0x000022d0                writeTempToOled
 .text.writeAccValueToOled
                0x00002400      0x194 ./src/main.o
                0x00002400                writeAccValueToOled
 .text.writeChoicesToOled
                0x00002594      0x32c ./src/main.o
                0x00002594                writeChoicesToOled
 .text.sendUartReady
                0x000028c0       0x34 ./src/main.o
                0x000028c0                sendUartReady
 .text.processUartCommand
                0x000028f4      0x488 ./src/main.o
                0x000028f4                processUartCommand
 .text.changeReportingTime
                0x00002d7c       0xcc ./src/main.o
                0x00002d7c                changeReportingTime
 .text.changeTimeWindow
                0x00002e48       0x4c ./src/main.o
                0x00002e48                changeTimeWindow
 .text.changeLowerThreshold
                0x00002e94       0x54 ./src/main.o
                0x00002e94                changeLowerThreshold
 .text.changeUpperThreshold
                0x00002ee8       0x54 ./src/main.o
                0x00002ee8                changeUpperThreshold
 .text.main     0x00002f3c       0x70 ./src/main.o
                0x00002f3c                main
 .text.SysTick_Config
                0x00002fac       0x68 ./src/main.o
 .text.check_failed
                0x00003014        0xc ./src/main.o
                0x00003014                check_failed
 .text.SystemInit
                0x00003020      0x224 C:\Users\Ashray Jain\Desktop\EE2024 Workspace\Lib_CMSISv1p30_LPC17xx\Debug\libCMSISv1p30_LPC17xx.a(system_LPC17xx.o)
                0x00003020                SystemInit
 .text.I2CRead  0x00003244       0x64 C:\Users\Ashray Jain\Desktop\EE2024 Workspace\Lib_EaBaseBoard\Debug\libLib_EaBaseBoard.a(acc.o)
 .text.I2CWrite
                0x000032a8       0x64 C:\Users\Ashray Jain\Desktop\EE2024 Workspace\Lib_EaBaseBoard\Debug\libLib_EaBaseBoard.a(acc.o)
 .text.getStatus
                0x0000330c       0x3c C:\Users\Ashray Jain\Desktop\EE2024 Workspace\Lib_EaBaseBoard\Debug\libLib_EaBaseBoard.a(acc.o)
 .text.getModeControl
                0x00003348       0x3c C:\Users\Ashray Jain\Desktop\EE2024 Workspace\Lib_EaBaseBoard\Debug\libLib_EaBaseBoard.a(acc.o)
 .text.setModeControl
                0x00003384       0x30 C:\Users\Ashray Jain\Desktop\EE2024 Workspace\Lib_EaBaseBoard\Debug\libLib_EaBaseBoard.a(acc.o)
 .text.acc_init
                0x000033b4       0x10 C:\Users\Ashray Jain\Desktop\EE2024 Workspace\Lib_EaBaseBoard\Debug\libLib_EaBaseBoard.a(acc.o)
                0x000033b4                acc_init
 .text.acc_read
                0x000033c4       0xb4 C:\Users\Ashray Jain\Desktop\EE2024 Workspace\Lib_EaBaseBoard\Debug\libLib_EaBaseBoard.a(acc.o)
                0x000033c4                acc_read
 .text.acc_setMode
                0x00003478       0x3c C:\Users\Ashray Jain\Desktop\EE2024 Workspace\Lib_EaBaseBoard\Debug\libLib_EaBaseBoard.a(acc.o)
                0x00003478                acc_setMode
 .text.led7seg_init
                0x000034b4       0x24 C:\Users\Ashray Jain\Desktop\EE2024 Workspace\Lib_EaBaseBoard\Debug\libLib_EaBaseBoard.a(led7seg.o)
                0x000034b4                led7seg_init
 .text.led7seg_setChar
                0x000034d8       0x88 C:\Users\Ashray Jain\Desktop\EE2024 Workspace\Lib_EaBaseBoard\Debug\libLib_EaBaseBoard.a(led7seg.o)
                0x000034d8                led7seg_setChar
 .text.I2CRead  0x00003560       0x64 C:\Users\Ashray Jain\Desktop\EE2024 Workspace\Lib_EaBaseBoard\Debug\libLib_EaBaseBoard.a(light.o)
 .text.I2CWrite
                0x000035c4       0x64 C:\Users\Ashray Jain\Desktop\EE2024 Workspace\Lib_EaBaseBoard\Debug\libLib_EaBaseBoard.a(light.o)
 .text.readControlReg
                0x00003628       0x3c C:\Users\Ashray Jain\Desktop\EE2024 Workspace\Lib_EaBaseBoard\Debug\libLib_EaBaseBoard.a(light.o)
 .text.light_init
                0x00003664        0xc C:\Users\Ashray Jain\Desktop\EE2024 Workspace\Lib_EaBaseBoard\Debug\libLib_EaBaseBoard.a(light.o)
                0x00003664                light_init
 .text.light_enable
                0x00003670       0x48 C:\Users\Ashray Jain\Desktop\EE2024 Workspace\Lib_EaBaseBoard\Debug\libLib_EaBaseBoard.a(light.o)
                0x00003670                light_enable
 .text.light_setRange
                0x000036b8       0xb0 C:\Users\Ashray Jain\Desktop\EE2024 Workspace\Lib_EaBaseBoard\Debug\libLib_EaBaseBoard.a(light.o)
                0x000036b8                light_setRange
 .text.light_setHiThreshold
                0x00003768       0x58 C:\Users\Ashray Jain\Desktop\EE2024 Workspace\Lib_EaBaseBoard\Debug\libLib_EaBaseBoard.a(light.o)
                0x00003768                light_setHiThreshold
 .text.light_setLoThreshold
                0x000037c0       0x58 C:\Users\Ashray Jain\Desktop\EE2024 Workspace\Lib_EaBaseBoard\Debug\libLib_EaBaseBoard.a(light.o)
                0x000037c0                light_setLoThreshold
 .text.light_clearIrqStatus
                0x00003818       0x3c C:\Users\Ashray Jain\Desktop\EE2024 Workspace\Lib_EaBaseBoard\Debug\libLib_EaBaseBoard.a(light.o)
                0x00003818                light_clearIrqStatus
 .text.writeCommand
                0x00003854       0x60 C:\Users\Ashray Jain\Desktop\EE2024 Workspace\Lib_EaBaseBoard\Debug\libLib_EaBaseBoard.a(oled.o)
 .text.writeData
                0x000038b4       0x60 C:\Users\Ashray Jain\Desktop\EE2024 Workspace\Lib_EaBaseBoard\Debug\libLib_EaBaseBoard.a(oled.o)
 .text.writeDataLen
                0x00003914       0x90 C:\Users\Ashray Jain\Desktop\EE2024 Workspace\Lib_EaBaseBoard\Debug\libLib_EaBaseBoard.a(oled.o)
 .text.runInitSequence
                0x000039a4      0x118 C:\Users\Ashray Jain\Desktop\EE2024 Workspace\Lib_EaBaseBoard\Debug\libLib_EaBaseBoard.a(oled.o)
 .text.hLine    0x00003abc       0x58 C:\Users\Ashray Jain\Desktop\EE2024 Workspace\Lib_EaBaseBoard\Debug\libLib_EaBaseBoard.a(oled.o)
 .text.vLine    0x00003b14       0x58 C:\Users\Ashray Jain\Desktop\EE2024 Workspace\Lib_EaBaseBoard\Debug\libLib_EaBaseBoard.a(oled.o)
 .text.oled_init
                0x00003b6c       0x9c C:\Users\Ashray Jain\Desktop\EE2024 Workspace\Lib_EaBaseBoard\Debug\libLib_EaBaseBoard.a(oled.o)
                0x00003b6c                oled_init
 .text.oled_putPixel
                0x00003c08      0x178 C:\Users\Ashray Jain\Desktop\EE2024 Workspace\Lib_EaBaseBoard\Debug\libLib_EaBaseBoard.a(oled.o)
                0x00003c08                oled_putPixel
 .text.oled_fillRect
                0x00003d80       0xb4 C:\Users\Ashray Jain\Desktop\EE2024 Workspace\Lib_EaBaseBoard\Debug\libLib_EaBaseBoard.a(oled.o)
                0x00003d80                oled_fillRect
 .text.oled_clearScreen
                0x00003e34       0x74 C:\Users\Ashray Jain\Desktop\EE2024 Workspace\Lib_EaBaseBoard\Debug\libLib_EaBaseBoard.a(oled.o)
                0x00003e34                oled_clearScreen
 .text.oled_putChar
                0x00003ea8      0x100 C:\Users\Ashray Jain\Desktop\EE2024 Workspace\Lib_EaBaseBoard\Debug\libLib_EaBaseBoard.a(oled.o)
                0x00003ea8                oled_putChar
 .text.oled_putString
                0x00003fa8       0x58 C:\Users\Ashray Jain\Desktop\EE2024 Workspace\Lib_EaBaseBoard\Debug\libLib_EaBaseBoard.a(oled.o)
                0x00003fa8                oled_putString
 .text.I2CWrite
                0x00004000       0x64 C:\Users\Ashray Jain\Desktop\EE2024 Workspace\Lib_EaBaseBoard\Debug\libLib_EaBaseBoard.a(pca9532.o)
 .text.setLsStates
                0x00004064       0xd0 C:\Users\Ashray Jain\Desktop\EE2024 Workspace\Lib_EaBaseBoard\Debug\libLib_EaBaseBoard.a(pca9532.o)
 .text.setLeds  0x00004134       0xa4 C:\Users\Ashray Jain\Desktop\EE2024 Workspace\Lib_EaBaseBoard\Debug\libLib_EaBaseBoard.a(pca9532.o)
 .text.pca9532_init
                0x000041d8        0xc C:\Users\Ashray Jain\Desktop\EE2024 Workspace\Lib_EaBaseBoard\Debug\libLib_EaBaseBoard.a(pca9532.o)
                0x000041d8                pca9532_init
 .text.pca9532_setLeds
                0x000041e4       0xa4 C:\Users\Ashray Jain\Desktop\EE2024 Workspace\Lib_EaBaseBoard\Debug\libLib_EaBaseBoard.a(pca9532.o)
                0x000041e4                pca9532_setLeds
 .text.rgb_init
                0x00004288       0x38 C:\Users\Ashray Jain\Desktop\EE2024 Workspace\Lib_EaBaseBoard\Debug\libLib_EaBaseBoard.a(rgb.o)
                0x00004288                rgb_init
 .text.rgb_setLeds
                0x000042c0       0x88 C:\Users\Ashray Jain\Desktop\EE2024 Workspace\Lib_EaBaseBoard\Debug\libLib_EaBaseBoard.a(rgb.o)
                0x000042c0                rgb_setLeds
 .text.ADC_Init
                0x00004348       0x98 C:\Users\Ashray Jain\Desktop\EE2024 Workspace\Lib_MCU\Debug\libLib_MCU.a(lpc17xx_adc.o)
                0x00004348                ADC_Init
 .text.ADC_StartCmd
                0x000043e0       0x90 C:\Users\Ashray Jain\Desktop\EE2024 Workspace\Lib_MCU\Debug\libLib_MCU.a(lpc17xx_adc.o)
                0x000043e0                ADC_StartCmd
 .text.ADC_BurstCmd
                0x00004470       0x50 C:\Users\Ashray Jain\Desktop\EE2024 Workspace\Lib_MCU\Debug\libLib_MCU.a(lpc17xx_adc.o)
                0x00004470                ADC_BurstCmd
 .text.ADC_PowerdownCmd
                0x000044c0       0x50 C:\Users\Ashray Jain\Desktop\EE2024 Workspace\Lib_MCU\Debug\libLib_MCU.a(lpc17xx_adc.o)
                0x000044c0                ADC_PowerdownCmd
 .text.ADC_ChannelCmd
                0x00004510       0x70 C:\Users\Ashray Jain\Desktop\EE2024 Workspace\Lib_MCU\Debug\libLib_MCU.a(lpc17xx_adc.o)
                0x00004510                ADC_ChannelCmd
 .text.ADC_ChannelGetData
                0x00004580       0x60 C:\Users\Ashray Jain\Desktop\EE2024 Workspace\Lib_MCU\Debug\libLib_MCU.a(lpc17xx_adc.o)
                0x00004580                ADC_ChannelGetData
 .text.CLKPWR_SetPCLKDiv
                0x000045e0       0xd0 C:\Users\Ashray Jain\Desktop\EE2024 Workspace\Lib_MCU\Debug\libLib_MCU.a(lpc17xx_clkpwr.o)
                0x000045e0                CLKPWR_SetPCLKDiv
 .text.CLKPWR_GetPCLKSEL
                0x000046b0       0x54 C:\Users\Ashray Jain\Desktop\EE2024 Workspace\Lib_MCU\Debug\libLib_MCU.a(lpc17xx_clkpwr.o)
                0x000046b0                CLKPWR_GetPCLKSEL
 .text.CLKPWR_GetPCLK
                0x00004704       0x70 C:\Users\Ashray Jain\Desktop\EE2024 Workspace\Lib_MCU\Debug\libLib_MCU.a(lpc17xx_clkpwr.o)
                0x00004704                CLKPWR_GetPCLK
 .text.CLKPWR_ConfigPPWR
                0x00004774       0x7c C:\Users\Ashray Jain\Desktop\EE2024 Workspace\Lib_MCU\Debug\libLib_MCU.a(lpc17xx_clkpwr.o)
                0x00004774                CLKPWR_ConfigPPWR
 .text.GPIO_GetPointer
                0x000047f0       0x78 C:\Users\Ashray Jain\Desktop\EE2024 Workspace\Lib_MCU\Debug\libLib_MCU.a(lpc17xx_gpio.o)
 .text.GPIO_SetDir
                0x00004868       0x54 C:\Users\Ashray Jain\Desktop\EE2024 Workspace\Lib_MCU\Debug\libLib_MCU.a(lpc17xx_gpio.o)
                0x00004868                GPIO_SetDir
 .text.GPIO_SetValue
                0x000048bc       0x2c C:\Users\Ashray Jain\Desktop\EE2024 Workspace\Lib_MCU\Debug\libLib_MCU.a(lpc17xx_gpio.o)
                0x000048bc                GPIO_SetValue
 .text.GPIO_ClearValue
                0x000048e8       0x2c C:\Users\Ashray Jain\Desktop\EE2024 Workspace\Lib_MCU\Debug\libLib_MCU.a(lpc17xx_gpio.o)
                0x000048e8                GPIO_ClearValue
 .text.GPIO_ReadValue
                0x00004914       0x38 C:\Users\Ashray Jain\Desktop\EE2024 Workspace\Lib_MCU\Debug\libLib_MCU.a(lpc17xx_gpio.o)
                0x00004914                GPIO_ReadValue
 .text.I2C_getNum
                0x0000494c       0x60 C:\Users\Ashray Jain\Desktop\EE2024 Workspace\Lib_MCU\Debug\libLib_MCU.a(lpc17xx_i2c.o)
 .text.I2C_Start
                0x000049ac       0x40 C:\Users\Ashray Jain\Desktop\EE2024 Workspace\Lib_MCU\Debug\libLib_MCU.a(lpc17xx_i2c.o)
 .text.I2C_Stop
                0x000049ec       0x38 C:\Users\Ashray Jain\Desktop\EE2024 Workspace\Lib_MCU\Debug\libLib_MCU.a(lpc17xx_i2c.o)
 .text.I2C_SendByte
                0x00004a24       0x50 C:\Users\Ashray Jain\Desktop\EE2024 Workspace\Lib_MCU\Debug\libLib_MCU.a(lpc17xx_i2c.o)
 .text.I2C_GetByte
                0x00004a74       0x58 C:\Users\Ashray Jain\Desktop\EE2024 Workspace\Lib_MCU\Debug\libLib_MCU.a(lpc17xx_i2c.o)
 .text.I2C_IntCmd
                0x00004acc       0xa8 C:\Users\Ashray Jain\Desktop\EE2024 Workspace\Lib_MCU\Debug\libLib_MCU.a(lpc17xx_i2c.o)
                0x00004acc                I2C_IntCmd
 .text.NVIC_EnableIRQ
                0x00004b74       0x38 C:\Users\Ashray Jain\Desktop\EE2024 Workspace\Lib_MCU\Debug\libLib_MCU.a(lpc17xx_i2c.o)
 .text.NVIC_DisableIRQ
                0x00004bac       0x3c C:\Users\Ashray Jain\Desktop\EE2024 Workspace\Lib_MCU\Debug\libLib_MCU.a(lpc17xx_i2c.o)
 .text.I2C_MasterHandler
                0x00004be8      0x410 C:\Users\Ashray Jain\Desktop\EE2024 Workspace\Lib_MCU\Debug\libLib_MCU.a(lpc17xx_i2c.o)
                0x00004be8                I2C_MasterHandler
 .text.I2C_SetClock
                0x00004ff8       0xc8 C:\Users\Ashray Jain\Desktop\EE2024 Workspace\Lib_MCU\Debug\libLib_MCU.a(lpc17xx_i2c.o)
                0x00004ff8                I2C_SetClock
 .text.I2C_Init
                0x000050c0       0xd4 C:\Users\Ashray Jain\Desktop\EE2024 Workspace\Lib_MCU\Debug\libLib_MCU.a(lpc17xx_i2c.o)
                0x000050c0                I2C_Init
 .text.I2C_Cmd  0x00005194       0x84 C:\Users\Ashray Jain\Desktop\EE2024 Workspace\Lib_MCU\Debug\libLib_MCU.a(lpc17xx_i2c.o)
                0x00005194                I2C_Cmd
 .text.I2C_MasterTransferData
                0x00005218      0x374 C:\Users\Ashray Jain\Desktop\EE2024 Workspace\Lib_MCU\Debug\libLib_MCU.a(lpc17xx_i2c.o)
                0x00005218                I2C_MasterTransferData
 .text.PINSEL_SetPinFunc
                0x0000558c       0xa4 C:\Users\Ashray Jain\Desktop\EE2024 Workspace\Lib_MCU\Debug\libLib_MCU.a(lpc17xx_pinsel.o)
                0x0000558c                PINSEL_SetPinFunc
 .text.PINSEL_SetResistorMode
                0x00005630       0xa4 C:\Users\Ashray Jain\Desktop\EE2024 Workspace\Lib_MCU\Debug\libLib_MCU.a(lpc17xx_pinsel.o)
                0x00005630                PINSEL_SetResistorMode
 .text.PINSEL_SetOpenDrainMode
                0x000056d4       0x84 C:\Users\Ashray Jain\Desktop\EE2024 Workspace\Lib_MCU\Debug\libLib_MCU.a(lpc17xx_pinsel.o)
                0x000056d4                PINSEL_SetOpenDrainMode
 .text.PINSEL_ConfigPin
                0x00005758       0x4c C:\Users\Ashray Jain\Desktop\EE2024 Workspace\Lib_MCU\Debug\libLib_MCU.a(lpc17xx_pinsel.o)
                0x00005758                PINSEL_ConfigPin
 .text.SSP_getNum
                0x000057a4       0x48 C:\Users\Ashray Jain\Desktop\EE2024 Workspace\Lib_MCU\Debug\libLib_MCU.a(lpc17xx_ssp.o)
 .text.SSP_IntHandler
                0x000057ec      0x324 C:\Users\Ashray Jain\Desktop\EE2024 Workspace\Lib_MCU\Debug\libLib_MCU.a(lpc17xx_ssp.o)
                0x000057ec                SSP_IntHandler
 .text.SSP_SetClock
                0x00005b10       0xf8 C:\Users\Ashray Jain\Desktop\EE2024 Workspace\Lib_MCU\Debug\libLib_MCU.a(lpc17xx_ssp.o)
                0x00005b10                SSP_SetClock
 .text.SSP_Init
                0x00005c08      0x10c C:\Users\Ashray Jain\Desktop\EE2024 Workspace\Lib_MCU\Debug\libLib_MCU.a(lpc17xx_ssp.o)
                0x00005c08                SSP_Init
 .text.SSP_ConfigStructInit
                0x00005d14       0x48 C:\Users\Ashray Jain\Desktop\EE2024 Workspace\Lib_MCU\Debug\libLib_MCU.a(lpc17xx_ssp.o)
                0x00005d14                SSP_ConfigStructInit
 .text.SSP_Cmd  0x00005d5c       0x7c C:\Users\Ashray Jain\Desktop\EE2024 Workspace\Lib_MCU\Debug\libLib_MCU.a(lpc17xx_ssp.o)
                0x00005d5c                SSP_Cmd
 .text.SSP_SendData
                0x00005dd8       0x48 C:\Users\Ashray Jain\Desktop\EE2024 Workspace\Lib_MCU\Debug\libLib_MCU.a(lpc17xx_ssp.o)
                0x00005dd8                SSP_SendData
 .text.SSP_ReceiveData
                0x00005e20       0x44 C:\Users\Ashray Jain\Desktop\EE2024 Workspace\Lib_MCU\Debug\libLib_MCU.a(lpc17xx_ssp.o)
                0x00005e20                SSP_ReceiveData
 .text.SSP_ReadWrite
                0x00005e64      0x448 C:\Users\Ashray Jain\Desktop\EE2024 Workspace\Lib_MCU\Debug\libLib_MCU.a(lpc17xx_ssp.o)
                0x00005e64                SSP_ReadWrite
 .text.TIM_GetPClock
                0x000062ac       0x68 C:\Users\Ashray Jain\Desktop\EE2024 Workspace\Lib_MCU\Debug\libLib_MCU.a(lpc17xx_timer.o)
                0x000062ac                TIM_GetPClock
 .text.TIM_ConverUSecToVal
                0x00006314       0x68 C:\Users\Ashray Jain\Desktop\EE2024 Workspace\Lib_MCU\Debug\libLib_MCU.a(lpc17xx_timer.o)
                0x00006314                TIM_ConverUSecToVal
 .text.TIM_ConverPtrToTimeNum
                0x0000637c       0x74 C:\Users\Ashray Jain\Desktop\EE2024 Workspace\Lib_MCU\Debug\libLib_MCU.a(lpc17xx_timer.o)
                0x0000637c                TIM_ConverPtrToTimeNum
 .text.TIM_ClearIntPending
                0x000063f0       0xa8 C:\Users\Ashray Jain\Desktop\EE2024 Workspace\Lib_MCU\Debug\libLib_MCU.a(lpc17xx_timer.o)
                0x000063f0                TIM_ClearIntPending
 .text.TIM_Init
                0x00006498      0x1cc C:\Users\Ashray Jain\Desktop\EE2024 Workspace\Lib_MCU\Debug\libLib_MCU.a(lpc17xx_timer.o)
                0x00006498                TIM_Init
 .text.TIM_Cmd  0x00006664       0x7c C:\Users\Ashray Jain\Desktop\EE2024 Workspace\Lib_MCU\Debug\libLib_MCU.a(lpc17xx_timer.o)
                0x00006664                TIM_Cmd
 .text.TIM_ResetCounter
                0x000066e0       0x70 C:\Users\Ashray Jain\Desktop\EE2024 Workspace\Lib_MCU\Debug\libLib_MCU.a(lpc17xx_timer.o)
                0x000066e0                TIM_ResetCounter
 .text.TIM_ConfigMatch
                0x00006750      0x1a0 C:\Users\Ashray Jain\Desktop\EE2024 Workspace\Lib_MCU\Debug\libLib_MCU.a(lpc17xx_timer.o)
                0x00006750                TIM_ConfigMatch
 .text.uart_set_divisors
                0x000068f0      0x26c C:\Users\Ashray Jain\Desktop\EE2024 Workspace\Lib_MCU\Debug\libLib_MCU.a(lpc17xx_uart.o)
                0x000068f0                uart_set_divisors
 .text.UART_Init
                0x00006b5c      0x360 C:\Users\Ashray Jain\Desktop\EE2024 Workspace\Lib_MCU\Debug\libLib_MCU.a(lpc17xx_uart.o)
                0x00006b5c                UART_Init
 .text.UART_SendData
                0x00006ebc       0x78 C:\Users\Ashray Jain\Desktop\EE2024 Workspace\Lib_MCU\Debug\libLib_MCU.a(lpc17xx_uart.o)
                0x00006ebc                UART_SendData
 .text.UART_ReceiveData
                0x00006f34       0x7c C:\Users\Ashray Jain\Desktop\EE2024 Workspace\Lib_MCU\Debug\libLib_MCU.a(lpc17xx_uart.o)
                0x00006f34                UART_ReceiveData
 .text.UART_IntConfig
                0x00006fb0      0x1d4 C:\Users\Ashray Jain\Desktop\EE2024 Workspace\Lib_MCU\Debug\libLib_MCU.a(lpc17xx_uart.o)
                0x00006fb0                UART_IntConfig
 .text.UART_TxCmd
                0x00007184       0xf0 C:\Users\Ashray Jain\Desktop\EE2024 Workspace\Lib_MCU\Debug\libLib_MCU.a(lpc17xx_uart.o)
                0x00007184                UART_TxCmd
 .text.UART_Send
                0x00007274      0x100 C:\Users\Ashray Jain\Desktop\EE2024 Workspace\Lib_MCU\Debug\libLib_MCU.a(lpc17xx_uart.o)
                0x00007274                UART_Send
 .text.UART_Receive
                0x00007374       0xc8 C:\Users\Ashray Jain\Desktop\EE2024 Workspace\Lib_MCU\Debug\libLib_MCU.a(lpc17xx_uart.o)
                0x00007374                UART_Receive
 .text          0x0000743c      0x370 c:/nxp/lpcxpresso_3.6.3_317/tools/bin/../lib/gcc/arm-none-eabi/4.3.3/thumb2\libgcc.a(_arm_addsubdf3.o)
                0x00007750                __floatdidf
                0x000076e0                __floatsidf
                0x000076c0                __aeabi_ui2d
                0x0000743c                __aeabi_drsub
                0x00007704                __extendsfdf2
                0x00007448                __adddf3
                0x000076c0                __floatunsidf
                0x00007448                __aeabi_dadd
                0x00007740                __aeabi_ul2d
                0x00007444                __aeabi_dsub
                0x00007740                __floatundidf
                0x000076e0                __aeabi_i2d
                0x00007750                __aeabi_l2d
                0x00007704                __aeabi_f2d
                0x00007444                __subdf3
 .text          0x000077ac      0x424 c:/nxp/lpcxpresso_3.6.3_317/tools/bin/../lib/gcc/arm-none-eabi/4.3.3/thumb2\libgcc.a(_arm_muldivdf3.o)
                0x00007a00                __aeabi_ddiv
                0x000077ac                __aeabi_dmul
                0x00007a00                __divdf3
                0x000077ac                __muldf3
 .text          0x00007bd0       0xa0 c:/nxp/lpcxpresso_3.6.3_317/tools/bin/../lib/gcc/arm-none-eabi/4.3.3/thumb2\libgcc.a(_arm_truncdfsf2.o)
                0x00007bd0                __aeabi_d2f
                0x00007bd0                __truncdfsf2
 .text          0x00007c70      0x21c c:/nxp/lpcxpresso_3.6.3_317/tools/bin/../lib/gcc/arm-none-eabi/4.3.3/thumb2\libgcc.a(_arm_addsubsf3.o)
                0x00007c7c                __aeabi_fadd
                0x00007c78                __subsf3
                0x00007de4                __aeabi_i2f
                0x00007c78                __aeabi_fsub
                0x00007e10                __floatdisf
                0x00007de4                __floatsisf
                0x00007e00                __floatundisf
                0x00007ddc                __aeabi_ui2f
                0x00007e10                __aeabi_l2f
                0x00007e00                __aeabi_ul2f
                0x00007c70                __aeabi_frsub
                0x00007ddc                __floatunsisf
                0x00007c7c                __addsf3
 .text          0x00007e8c      0x2a0 c:/nxp/lpcxpresso_3.6.3_317/tools/bin/../lib/gcc/arm-none-eabi/4.3.3/thumb2\libgcc.a(_arm_muldivsf3.o)
                0x00007ff4                __divsf3
                0x00007ff4                __aeabi_fdiv
                0x00007e8c                __mulsf3
                0x00007e8c                __aeabi_fmul
 .text          0x0000812c       0xec c:/nxp/lpcxpresso_3.6.3_317/tools/bin/../lib/gcc/arm-none-eabi/4.3.3/thumb2\libgcc.a(_arm_cmpsf2.o)
                0x00008204                __aeabi_fcmpgt
                0x00008134                __lesf2
                0x0000813c                __nesf2
                0x000081f0                __aeabi_fcmpge
                0x0000812c                __gtsf2
                0x000081dc                __aeabi_fcmple
                0x0000813c                __eqsf2
                0x0000813c                __cmpsf2
                0x00008134                __ltsf2
                0x000081a4                __aeabi_cfcmple
                0x0000812c                __gesf2
                0x000081b4                __aeabi_fcmpeq
                0x0000819c                __aeabi_cfrcmple
                0x000081c8                __aeabi_fcmplt
                0x000081a4                __aeabi_cfcmpeq
 .text          0x00008218       0x4c c:/nxp/lpcxpresso_3.6.3_317/tools/bin/../lib/gcc/arm-none-eabi/4.3.3/thumb2\libgcc.a(_arm_fixsfsi.o)
                0x00008218                __fixsfsi
                0x00008218                __aeabi_f2iz
 .text          0x00008264       0x2c c:/nxp/lpcxpresso_3.6.3_317/tools/bin/../lib/gcc/arm-none-eabi/4.3.3/thumb2\libgcc.a(_aeabi_uldivmod.o)
                0x00008264                __aeabi_uldivmod
 .text          0x00008290       0x60 c:/nxp/lpcxpresso_3.6.3_317/tools/bin/../lib/gcc/arm-none-eabi/4.3.3/thumb2\libgcc.a(bpabi.o)
                0x00008290                __gnu_uldivmod_helper
                0x000082c0                __gnu_ldivmod_helper
 .text          0x000082f0        0x4 c:/nxp/lpcxpresso_3.6.3_317/tools/bin/../lib/gcc/arm-none-eabi/4.3.3/thumb2\libgcc.a(_dvmd_tls.o)
                0x000082f0                __aeabi_ldiv0
                0x000082f0                __aeabi_idiv0
 .text          0x000082f4      0x40c c:/nxp/lpcxpresso_3.6.3_317/tools/bin/../lib/gcc/arm-none-eabi/4.3.3/thumb2\libgcc.a(_divdi3.o)
                0x000082f4                __divdi3
 .text          0x00008700      0x3cc c:/nxp/lpcxpresso_3.6.3_317/tools/bin/../lib/gcc/arm-none-eabi/4.3.3/thumb2\libgcc.a(_udivdi3.o)
                0x00008700                __udivdi3
 .text          0x00008acc       0x8c c:/nxp/lpcxpresso_3.6.3_317/tools/bin/../lib/gcc/arm-none-eabi/4.3.3/thumb2\libgcc.a(_udivsi3.o)
                0x00008acc                __udivsi3
                0x00008acc                __aeabi_uidiv
                0x00008b44                __aeabi_uidivmod
 .text          0x00008b58      0x12c c:/nxp/lpcxpresso_3.6.3_317/tools/bin/../lib/gcc/arm-none-eabi/4.3.3/../../../../arm-none-eabi/lib/thumb2\libc.a(lib_a-memcpy.o)
                0x00008b58                memcpy
 .text          0x00008c84       0xb0 c:/nxp/lpcxpresso_3.6.3_317/tools/bin/../lib/gcc/arm-none-eabi/4.3.3/../../../../arm-none-eabi/lib/thumb2\libc.a(lib_a-memset.o)
                0x00008c84                memset
 .text          0x00008d34       0x8c c:/nxp/lpcxpresso_3.6.3_317/tools/bin/../lib/gcc/arm-none-eabi/4.3.3/../../../../arm-none-eabi/lib/thumb2\libc.a(lib_a-sprintf.o)
                0x00008d80                _sprintf_r
                0x00008d34                sprintf
 .text          0x00008dc0       0x80 c:/nxp/lpcxpresso_3.6.3_317/tools/bin/../lib/gcc/arm-none-eabi/4.3.3/../../../../arm-none-eabi/lib/thumb2\libc.a(lib_a-strcasecmp.o)
                0x00008dc0                strcasecmp
 .text          0x00008e40       0x48 c:/nxp/lpcxpresso_3.6.3_317/tools/bin/../lib/gcc/arm-none-eabi/4.3.3/../../../../arm-none-eabi/lib/thumb2\libc.a(lib_a-strcat.o)
                0x00008e40                strcat
 .text          0x00008e88       0xbc c:/nxp/lpcxpresso_3.6.3_317/tools/bin/../lib/gcc/arm-none-eabi/4.3.3/../../../../arm-none-eabi/lib/thumb2\libc.a(lib_a-strcpy.o)
                0x00008e88                strcpy
 .text          0x00008f44       0x60 c:/nxp/lpcxpresso_3.6.3_317/tools/bin/../lib/gcc/arm-none-eabi/4.3.3/../../../../arm-none-eabi/lib/thumb2\libc.a(lib_a-strlen.o)
                0x00008f44                strlen
 .text          0x00008fa4       0x88 c:/nxp/lpcxpresso_3.6.3_317/tools/bin/../lib/gcc/arm-none-eabi/4.3.3/../../../../arm-none-eabi/lib/thumb2\libc.a(lib_a-strncasecmp.o)
                0x00008fa4                strncasecmp
 .text          0x0000902c     0x1488 c:/nxp/lpcxpresso_3.6.3_317/tools/bin/../lib/gcc/arm-none-eabi/4.3.3/../../../../arm-none-eabi/lib/thumb2\libc.a(lib_a-svfprintf.o)
                0x00009128                _svfprintf_r
 *fill*         0x0000a4b4        0x4 00
 .text          0x0000a4b8      0xf88 c:/nxp/lpcxpresso_3.6.3_317/tools/bin/../lib/gcc/arm-none-eabi/4.3.3/../../../../arm-none-eabi/lib/thumb2\libc.a(lib_a-dtoa.o)
                0x0000a5e8                _dtoa_r
 .text          0x0000b440      0x238 c:/nxp/lpcxpresso_3.6.3_317/tools/bin/../lib/gcc/arm-none-eabi/4.3.3/../../../../arm-none-eabi/lib/thumb2\libc.a(lib_a-freer.o)
                0x0000b4ec                _free_r
                0x0000b440                _malloc_trim_r
 .text          0x0000b678       0x74 c:/nxp/lpcxpresso_3.6.3_317/tools/bin/../lib/gcc/arm-none-eabi/4.3.3/../../../../arm-none-eabi/lib/thumb2\libc.a(lib_a-locale.o)
                0x0000b694                _setlocale_r
                0x0000b678                __locale_charset
                0x0000b684                _localeconv_r
                0x0000b6d4                setlocale
                0x0000b68c                localeconv
 .text          0x0000b6ec       0x28 c:/nxp/lpcxpresso_3.6.3_317/tools/bin/../lib/gcc/arm-none-eabi/4.3.3/../../../../arm-none-eabi/lib/thumb2\libc.a(lib_a-malloc.o)
                0x0000b700                malloc
                0x0000b6ec                free
 .text          0x0000b714      0x530 c:/nxp/lpcxpresso_3.6.3_317/tools/bin/../lib/gcc/arm-none-eabi/4.3.3/../../../../arm-none-eabi/lib/thumb2\libc.a(lib_a-mallocr.o)
                0x0000b714                _malloc_r
 .text          0x0000bc44       0x7c c:/nxp/lpcxpresso_3.6.3_317/tools/bin/../lib/gcc/arm-none-eabi/4.3.3/../../../../arm-none-eabi/lib/thumb2\libc.a(lib_a-memchr.o)
                0x0000bc44                memchr
 .text          0x0000bcc0       0xc0 c:/nxp/lpcxpresso_3.6.3_317/tools/bin/../lib/gcc/arm-none-eabi/4.3.3/../../../../arm-none-eabi/lib/thumb2\libc.a(lib_a-memmove.o)
                0x0000bcc0                memmove
 .text          0x0000bd80        0x8 c:/nxp/lpcxpresso_3.6.3_317/tools/bin/../lib/gcc/arm-none-eabi/4.3.3/../../../../arm-none-eabi/lib/thumb2\libc.a(lib_a-mlock.o)
                0x0000bd84                __malloc_unlock
                0x0000bd80                __malloc_lock
 .text          0x0000bd88      0x92c c:/nxp/lpcxpresso_3.6.3_317/tools/bin/../lib/gcc/arm-none-eabi/4.3.3/../../../../arm-none-eabi/lib/thumb2\libc.a(lib_a-mprec.o)
                0x0000bfb4                _mprec_log10
                0x0000c040                __any_on
                0x0000c0d4                _Balloc
                0x0000bf60                __ratio
                0x0000c4dc                __i2b
                0x0000beb4                __b2d
                0x0000c620                __s2b
                0x0000be2c                __mcmp
                0x0000bd88                __hi0bits
                0x0000c56c                __pow5mult
                0x0000c2f8                __lshift
                0x0000c3ac                __multiply
                0x0000c144                __d2b
                0x0000bff0                __copybits
                0x0000be6c                __ulp
                0x0000c1fc                __mdiff
                0x0000bdc8                __lo0bits
                0x0000c4f0                __multadd
                0x0000c0a4                _Bfree
 .text          0x0000c6b4      0x388 c:/nxp/lpcxpresso_3.6.3_317/tools/bin/../lib/gcc/arm-none-eabi/4.3.3/../../../../arm-none-eabi/lib/thumb2\libc.a(lib_a-reallocr.o)
                0x0000c6b4                _realloc_r
 .text          0x0000ca3c       0x28 c:/nxp/lpcxpresso_3.6.3_317/tools/bin/../lib/gcc/arm-none-eabi/4.3.3/../../../../arm-none-eabi/lib/thumb2\libc.a(lib_a-s_isinfd.o)
                0x0000ca3c                __isinfd
 .text          0x0000ca64       0x1c c:/nxp/lpcxpresso_3.6.3_317/tools/bin/../lib/gcc/arm-none-eabi/4.3.3/../../../../arm-none-eabi/lib/thumb2\libc.a(lib_a-s_isnand.o)
                0x0000ca64                __isnand
 .text          0x0000ca80       0x28 c:/nxp/lpcxpresso_3.6.3_317/tools/bin/../lib/gcc/arm-none-eabi/4.3.3/../../../../arm-none-eabi/lib/thumb2\libc.a(lib_a-sbrkr.o)
                0x0000ca80                _sbrk_r
 .text          0x0000caa8      0x1dc c:/nxp/lpcxpresso_3.6.3_317/tools/bin/../lib/gcc/arm-none-eabi/4.3.3/../../../../arm-none-eabi/lib/thumb2\libc.a(lib_a-strcmp.o)
                0x0000caa8                strcmp
 .text          0x0000cc84       0x5c c:/nxp/lpcxpresso_3.6.3_317/tools/bin/../lib/gcc/arm-none-eabi/4.3.3/../../../../arm-none-eabi/lib/thumb2\libc.a(lib_a-callocr.o)
                0x0000cc84                _calloc_r
 .text._sbrk    0x0000cce0       0x7c c:/nxp/lpcxpresso_3.6.3_317/tools/bin/../lib/gcc/arm-none-eabi/4.3.3/../../../../arm-none-eabi/lib/thumb2\libcr_newlib_semihost.a(syscalls.o)
                0x0000cce0                _sbrk
 .text          0x0000cd5c      0x110 c:/nxp/lpcxpresso_3.6.3_317/tools/bin/../lib/gcc/arm-none-eabi/4.3.3/thumb2\libgcc.a(_arm_cmpdf2.o)
                0x0000ce30                __aeabi_dcmple
                0x0000cd6c                __cmpdf2
                0x0000cd6c                __eqdf2
                0x0000cd5c                __gtdf2
                0x0000cdf8                __aeabi_cdcmple
                0x0000cde8                __aeabi_cdrcmple
                0x0000cd64                __ltdf2
                0x0000ce1c                __aeabi_dcmplt
                0x0000cd64                __ledf2
                0x0000ce58                __aeabi_dcmpgt
                0x0000ce44                __aeabi_dcmpge
                0x0000cd6c                __nedf2
                0x0000ce08                __aeabi_dcmpeq
                0x0000cdf8                __aeabi_cdcmpeq
                0x0000cd5c                __gedf2
 .text          0x0000ce6c       0x50 c:/nxp/lpcxpresso_3.6.3_317/tools/bin/../lib/gcc/arm-none-eabi/4.3.3/thumb2\libgcc.a(_arm_fixdfsi.o)
                0x0000ce6c                __fixdfsi
                0x0000ce6c                __aeabi_d2iz
 .text          0x0000cebc        0xc c:/nxp/lpcxpresso_3.6.3_317/tools/bin/../lib/gcc/arm-none-eabi/4.3.3/../../../../arm-none-eabi/lib/thumb2\libc.a(lib_a-errno.o)
                0x0000cebc                __errno
 *(.rodata .rodata.*)
 .rodata        0x0000cec8       0x20 ./src/helpers.o
 .rodata        0x0000cee8      0x224 ./src/main.o
                0x0000d00c                MESSAGE_CONFIRM_CHANGE_UPPER_THRESHOLD
                0x0000d034                REPLY_ACK
                0x0000d054                CMD_CHANGE_REPORTING_TIME
                0x0000cfe4                MESSAGE_CONFIRM_CHANGE_LOWER_THRESHOLD
                0x0000ceee                RESET_PIN
                0x0000cef8                ACC_THRESHOLD
                0x0000d05c                CMD_CHANGE_LOWER_THRESHOLD
                0x0000d060                CMD_CHANGE_UPPER_THRESHOLD
                0x0000cfbc                MESSAGE_CONFIRM_CHANGE_TWTIME
                0x0000cf30                MESSAGE_READY
                0x0000cefc                FREQ_UPDATE_PERIOD_MS
                0x0000d04c                CMD_RESET_TO_STDBY
                0x0000cef0                LIGHT_PORT
                0x0000cee8                CALIBRATED_PORT
                0x0000cf00                tempStateStringMap
                0x0000cf6c                MESSAGE_CONFIRM_ENTER_STDBY
                0x0000cfa8                MESSAGE_CONFIRM_NOT_CHANGE_RTIME
                0x0000ceec                RESET_PORT
                0x0000ceea                CALIBRATED_PIN
                0x0000cf1b                radiationStateStringMap
                0x0000d03c                REPLY_NOT_ACK
                0x0000cf80                MESSAGE_REPORT_TEMPLATE
                0x0000d020                MESSAGE_CONFIRM_NOT_CHANGE_UPPER_THRESHOLD
                0x0000d044                CMD_RESET_TO_CALIB
                0x0000cef4                ACC_UPDATE_PERIOD_MS
                0x0000cef2                LIGHT_PIN
                0x0000cfd0                MESSAGE_CONFIRM_NOT_CHANGE_TWTIME
                0x0000d058                CMD_CHANGE_TIME_WINDOW
                0x0000cf94                MESSAGE_CONFIRM_CHANGE_RTIME
                0x0000cf58                MESSAGE_CONFIRM_ENTER_CALIB
                0x0000cf44                MESSAGE_HANDSHAKE_CONFIRM
                0x0000cff8                MESSAGE_CONFIRM_NOT_CHANGE_LOWER_THRESHOLD
 .rodata        0x0000d10c        0x8 C:\Users\Ashray Jain\Desktop\EE2024 Workspace\Lib_EaBaseBoard\Debug\libLib_EaBaseBoard.a(oled.o)
 .rodata        0x0000d114        0x4 C:\Users\Ashray Jain\Desktop\EE2024 Workspace\Lib_EaBaseBoard\Debug\libLib_EaBaseBoard.a(pca9532.o)
 .rodata        0x0000d118      0x308 C:\Users\Ashray Jain\Desktop\EE2024 Workspace\Lib_EaBaseBoard\Debug\libLib_EaBaseBoard.a(font5x7.o)
                0x0000d118                font5x7
 .rodata        0x0000d420       0x18 C:\Users\Ashray Jain\Desktop\EE2024 Workspace\Lib_MCU\Debug\libLib_MCU.a(lpc17xx_adc.o)
 .rodata        0x0000d438       0x18 C:\Users\Ashray Jain\Desktop\EE2024 Workspace\Lib_MCU\Debug\libLib_MCU.a(lpc17xx_i2c.o)
 .rodata        0x0000d450       0x18 C:\Users\Ashray Jain\Desktop\EE2024 Workspace\Lib_MCU\Debug\libLib_MCU.a(lpc17xx_ssp.o)
 .rodata        0x0000d468       0x18 C:\Users\Ashray Jain\Desktop\EE2024 Workspace\Lib_MCU\Debug\libLib_MCU.a(lpc17xx_timer.o)
 .rodata        0x0000d480       0x18 C:\Users\Ashray Jain\Desktop\EE2024 Workspace\Lib_MCU\Debug\libLib_MCU.a(lpc17xx_uart.o)
 .rodata        0x0000d498      0x100 c:/nxp/lpcxpresso_3.6.3_317/tools/bin/../lib/gcc/arm-none-eabi/4.3.3/thumb2\libgcc.a(_clz.o)
                0x0000d498                __clz_tab
 .rodata        0x0000d598      0x101 c:/nxp/lpcxpresso_3.6.3_317/tools/bin/../lib/gcc/arm-none-eabi/4.3.3/../../../../arm-none-eabi/lib/thumb2\libc.a(lib_a-ctype_.o)
                0x0000d598                _ctype_
 .rodata        0x0000d699       0x20 c:/nxp/lpcxpresso_3.6.3_317/tools/bin/../lib/gcc/arm-none-eabi/4.3.3/../../../../arm-none-eabi/lib/thumb2\libc.a(lib_a-svfprintf.o)
 *fill*         0x0000d6b9        0x3 00
 .rodata.str1.4
                0x0000d6bc       0x5e c:/nxp/lpcxpresso_3.6.3_317/tools/bin/../lib/gcc/arm-none-eabi/4.3.3/../../../../arm-none-eabi/lib/thumb2\libc.a(lib_a-svfprintf.o)
                                 0x60 (size before relaxing)
 *fill*         0x0000d71a        0x2 00
 .rodata.str1.4
                0x0000d71c       0x10 c:/nxp/lpcxpresso_3.6.3_317/tools/bin/../lib/gcc/arm-none-eabi/4.3.3/../../../../arm-none-eabi/lib/thumb2\libc.a(lib_a-dtoa.o)
                                 0x14 (size before relaxing)
 .rodata.str1.4
                0x0000d72c        0x2 c:/nxp/lpcxpresso_3.6.3_317/tools/bin/../lib/gcc/arm-none-eabi/4.3.3/../../../../arm-none-eabi/lib/thumb2\libc.a(lib_a-impure.o)
                                  0x4 (size before relaxing)
 *fill*         0x0000d72e        0x2 00
 .rodata        0x0000d730       0x34 c:/nxp/lpcxpresso_3.6.3_317/tools/bin/../lib/gcc/arm-none-eabi/4.3.3/../../../../arm-none-eabi/lib/thumb2\libc.a(lib_a-locale.o)
 .rodata.str1.4
                0x0000d764       0x10 c:/nxp/lpcxpresso_3.6.3_317/tools/bin/../lib/gcc/arm-none-eabi/4.3.3/../../../../arm-none-eabi/lib/thumb2\libc.a(lib_a-locale.o)
                                 0x18 (size before relaxing)
 *fill*         0x0000d774        0x4 00
 .rodata        0x0000d778      0x128 c:/nxp/lpcxpresso_3.6.3_317/tools/bin/../lib/gcc/arm-none-eabi/4.3.3/../../../../arm-none-eabi/lib/thumb2\libc.a(lib_a-mprec.o)
                0x0000d878                __mprec_tinytens
                0x0000d778                __mprec_tens
                0x0000d850                __mprec_bigtens
                0x0000d8a0                . = ALIGN (0x4)

.glue_7         0x0000d8a0        0x0
 .glue_7        0x00000000        0x0 linker stubs

.glue_7t        0x0000d8a0        0x0
 .glue_7t       0x00000000        0x0 linker stubs

.vfp11_veneer   0x0000d8a0        0x0
 .vfp11_veneer  0x00000000        0x0 linker stubs

.v4_bx          0x0000d8a0        0x0
 .v4_bx         0x00000000        0x0 linker stubs

.ARM.extab
 *(.ARM.extab* .gnu.linkonce.armextab.*)
                0x0000d8a0                __exidx_start = .

.ARM.exidx      0x0000d8a0        0x8
 *(.ARM.exidx* .gnu.linkonce.armexidx.*)
 .ARM.exidx     0x0000d8a0        0x8 c:/nxp/lpcxpresso_3.6.3_317/tools/bin/../lib/gcc/arm-none-eabi/4.3.3/thumb2\libgcc.a(_divdi3.o)
 .ARM.exidx     0x0000d8a8        0x0 c:/nxp/lpcxpresso_3.6.3_317/tools/bin/../lib/gcc/arm-none-eabi/4.3.3/thumb2\libgcc.a(_udivdi3.o)
                                  0x8 (size before relaxing)
                0x0000d8a8                __exidx_end = .
                0x0000d8a8                _etext = .

.data_RAM2      0x2007c000        0x0 load address 0x0000d8a8
 FILL mask 0xff
 *(.data.$RAM2*)
 *(.data.$RamAHB32*)
                0x2007c000                . = ALIGN (0x4)

.data_RAM3      0x40038000        0x0 load address 0x0000d8a8
 FILL mask 0xff
 *(.data.$RAM3*)
 *(.data.$CANAccFilterRAM*)
                0x40038000                . = ALIGN (0x4)

.uninit_RESERVED
 *(.bss.$RESERVED*)

.data           0x10000000      0x598 load address 0x0000d8a8
 FILL mask 0xff
                0x10000000                _data = .
 *(vtable)
 *(.data*)
 .data          0x10000000       0x30 ./src/main.o
                0x1000000a                REPORTING_PERIOD_MS
                0x10000008                UNSAFE_UPPER_HZ
                0x10000010                stationCommand
                0x1000002c                isTempChangeSelected
                0x10000000                TEMP_UPPER_LIMIT
                0x10000006                UNSAFE_LOWER_HZ
                0x10000002                RAD_UPPER_LIMIT
                0x10000004                TIME_WINDOW_MS
                0x10000018                newReport
                0x10000017                radiationState
                0x1000000c                handShakeSymbol
 .data          0x10000030        0x4 C:\Users\Ashray Jain\Desktop\EE2024 Workspace\Lib_CMSISv1p30_LPC17xx\Debug\libCMSISv1p30_LPC17xx.a(system_LPC17xx.o)
                0x10000030                SystemCoreClock
 .data          0x10000034       0x50 C:\Users\Ashray Jain\Desktop\EE2024 Workspace\Lib_EaBaseBoard\Debug\libLib_EaBaseBoard.a(led7seg.o)
 .data          0x10000084        0x8 C:\Users\Ashray Jain\Desktop\EE2024 Workspace\Lib_EaBaseBoard\Debug\libLib_EaBaseBoard.a(light.o)
 .data          0x1000008c        0x8 c:/nxp/lpcxpresso_3.6.3_317/tools/bin/../lib/gcc/arm-none-eabi/4.3.3/../../../../arm-none-eabi/lib/thumb2\libc.a(lib_a-ctype_.o)
                0x1000008c                __ctype_ptr
                0x10000090                __ctype_ptr__
 .data          0x10000094       0xf4 c:/nxp/lpcxpresso_3.6.3_317/tools/bin/../lib/gcc/arm-none-eabi/4.3.3/../../../../arm-none-eabi/lib/thumb2\libc.a(lib_a-impure.o)
                0x10000094                _impure_ptr
 .data          0x10000188      0x410 c:/nxp/lpcxpresso_3.6.3_317/tools/bin/../lib/gcc/arm-none-eabi/4.3.3/../../../../arm-none-eabi/lib/thumb2\libc.a(lib_a-mallocr.o)
                0x10000590                __malloc_sbrk_base
                0x10000188                __malloc_av_
                0x10000594                __malloc_trim_threshold
                0x10000598                . = ALIGN (0x4)
                0x10000598                _edata = .

.bss_RAM2       0x2007c000        0x0
 *(.bss.$RAM2*)
 *(.bss.$RamAHB32*)
                0x2007c000                . = ALIGN (0x4)

.bss_RAM3       0x40038000        0x0
 *(.bss.$RAM3*)
 *(.bss.$CANAccFilterRAM*)
                0x40038000                . = ALIGN (0x4)

.bss            0x10000598      0x3f8
                0x10000598                _bss = .
 *(.bss*)
 .bss           0x10000598       0x60 ./src/main.o
                0x100005a8                temp_i
                0x100005f0                accTick
                0x100005b7                accValues
                0x100005e6                reportBytesLeftToSend
                0x100005b3                accXOffset
                0x100005e2                setWarningToStop
                0x100005e4                setWarningToStart
                0x100005b2                accZ
                0x100005d4                hasCrossedAccThreshold
                0x1000059a                countDownStarted
                0x1000059c                currentCountValue
                0x100005b6                accZValToRemove
                0x100005e0                isWarningOn
                0x100005ec                handShakeSymbolTick
                0x100005cc                currentAccZFilteredValue
                0x100005f4                warningTick
                0x100005e8                oneSecondTick
                0x100005ac                temp_pointer
                0x100005dc                currentFrequency
                0x100005d0                prevAccZFilteredValue
                0x100005a4                temp_t2
                0x100005a0                temp_t1
                0x100005cb                currentAccIdx
                0x100005d8                currentFreqCounter
                0x100005b5                accZOffset
                0x100005c1                accValuesSorted
                0x10000598                hasNewCommand
                0x100005b1                accY
                0x100005b4                accYOffset
                0x100005b0                accX
 .bss           0x100005f8      0x300 C:\Users\Ashray Jain\Desktop\EE2024 Workspace\Lib_EaBaseBoard\Debug\libLib_EaBaseBoard.a(oled.o)
 .bss           0x100008f8        0x6 C:\Users\Ashray Jain\Desktop\EE2024 Workspace\Lib_EaBaseBoard\Debug\libLib_EaBaseBoard.a(pca9532.o)
 *fill*         0x100008fe        0x2 00
 .bss           0x10000900       0x24 C:\Users\Ashray Jain\Desktop\EE2024 Workspace\Lib_MCU\Debug\libLib_MCU.a(lpc17xx_i2c.o)
 .bss           0x10000924       0x18 C:\Users\Ashray Jain\Desktop\EE2024 Workspace\Lib_MCU\Debug\libLib_MCU.a(lpc17xx_ssp.o)
 .bss           0x1000093c       0x34 c:/nxp/lpcxpresso_3.6.3_317/tools/bin/../lib/gcc/arm-none-eabi/4.3.3/../../../../arm-none-eabi/lib/thumb2\libc.a(lib_a-mallocr.o)
                0x1000093c                __malloc_top_pad
                0x10000968                __malloc_max_sbrked_mem
                0x10000940                __malloc_current_mallinfo
                0x1000096c                __malloc_max_total_mem
 .bss.heap_end.2542
                0x10000970        0x4 c:/nxp/lpcxpresso_3.6.3_317/tools/bin/../lib/gcc/arm-none-eabi/4.3.3/../../../../arm-none-eabi/lib/thumb2\libcr_newlib_semihost.a(syscalls.o)
 .bss.heap_base.2543
                0x10000974        0x4 c:/nxp/lpcxpresso_3.6.3_317/tools/bin/../lib/gcc/arm-none-eabi/4.3.3/../../../../arm-none-eabi/lib/thumb2\libcr_newlib_semihost.a(syscalls.o)
 *(COMMON)
 COMMON         0x10000978       0x11 ./src/main.o
                0x10000978                currentTemperatureReading
                0x1000097c                buzzerState
                0x1000097d                currentState
                0x1000097e                accMode
                0x1000097f                flutterState
                0x10000980                currentHandshakeState
                0x10000984                msTicks
                0x10000988                temperatureState
 *fill*         0x10000989        0x3 00
 COMMON         0x1000098c        0x4 c:/nxp/lpcxpresso_3.6.3_317/tools/bin/../lib/gcc/arm-none-eabi/4.3.3/../../../../arm-none-eabi/lib/thumb2\libc.a(lib_a-reent.o)
                0x1000098c                errno
                0x10000990                . = ALIGN (0x4)
                0x10000990                _ebss = .
                0x10000990                PROVIDE (end, .)
                0x10000990                PROVIDE (_pvHeapStart, .)
                0x10008000                PROVIDE (_vStackTop, (__top_RamLoc32 - 0x0))
OUTPUT(Assignment2.axf elf32-littlearm)

.debug_abbrev   0x00000000     0x1b51
 .debug_abbrev  0x00000000       0xbd ./src/cr_startup_lpc17.o
 .debug_abbrev  0x000000bd       0xd6 ./src/helpers.o
 .debug_abbrev  0x00000193      0x279 ./src/main.o
 .debug_abbrev  0x0000040c       0xc6 C:\Users\Ashray Jain\Desktop\EE2024 Workspace\Lib_CMSISv1p30_LPC17xx\Debug\libCMSISv1p30_LPC17xx.a(system_LPC17xx.o)
 .debug_abbrev  0x000004d2      0x165 C:\Users\Ashray Jain\Desktop\EE2024 Workspace\Lib_EaBaseBoard\Debug\libLib_EaBaseBoard.a(acc.o)
 .debug_abbrev  0x00000637      0x151 C:\Users\Ashray Jain\Desktop\EE2024 Workspace\Lib_EaBaseBoard\Debug\libLib_EaBaseBoard.a(led7seg.o)
 .debug_abbrev  0x00000788      0x1c6 C:\Users\Ashray Jain\Desktop\EE2024 Workspace\Lib_EaBaseBoard\Debug\libLib_EaBaseBoard.a(light.o)
 .debug_abbrev  0x0000094e      0x1ed C:\Users\Ashray Jain\Desktop\EE2024 Workspace\Lib_EaBaseBoard\Debug\libLib_EaBaseBoard.a(oled.o)
 .debug_abbrev  0x00000b3b      0x1b3 C:\Users\Ashray Jain\Desktop\EE2024 Workspace\Lib_EaBaseBoard\Debug\libLib_EaBaseBoard.a(pca9532.o)
 .debug_abbrev  0x00000cee       0x97 C:\Users\Ashray Jain\Desktop\EE2024 Workspace\Lib_EaBaseBoard\Debug\libLib_EaBaseBoard.a(rgb.o)
 .debug_abbrev  0x00000d85       0x54 C:\Users\Ashray Jain\Desktop\EE2024 Workspace\Lib_EaBaseBoard\Debug\libLib_EaBaseBoard.a(font5x7.o)
 .debug_abbrev  0x00000dd9      0x148 C:\Users\Ashray Jain\Desktop\EE2024 Workspace\Lib_MCU\Debug\libLib_MCU.a(lpc17xx_adc.o)
 .debug_abbrev  0x00000f21      0x17d C:\Users\Ashray Jain\Desktop\EE2024 Workspace\Lib_MCU\Debug\libLib_MCU.a(lpc17xx_clkpwr.o)
 .debug_abbrev  0x0000109e      0x18e C:\Users\Ashray Jain\Desktop\EE2024 Workspace\Lib_MCU\Debug\libLib_MCU.a(lpc17xx_gpio.o)
 .debug_abbrev  0x0000122c      0x253 C:\Users\Ashray Jain\Desktop\EE2024 Workspace\Lib_MCU\Debug\libLib_MCU.a(lpc17xx_i2c.o)
 .debug_abbrev  0x0000147f      0x113 C:\Users\Ashray Jain\Desktop\EE2024 Workspace\Lib_MCU\Debug\libLib_MCU.a(lpc17xx_pinsel.o)
 .debug_abbrev  0x00001592      0x1dc C:\Users\Ashray Jain\Desktop\EE2024 Workspace\Lib_MCU\Debug\libLib_MCU.a(lpc17xx_ssp.o)
 .debug_abbrev  0x0000176e      0x1a8 C:\Users\Ashray Jain\Desktop\EE2024 Workspace\Lib_MCU\Debug\libLib_MCU.a(lpc17xx_timer.o)
 .debug_abbrev  0x00001916      0x23b C:\Users\Ashray Jain\Desktop\EE2024 Workspace\Lib_MCU\Debug\libLib_MCU.a(lpc17xx_uart.o)

.debug_info     0x00000000     0x96fc
 .debug_info    0x00000000      0x1ec ./src/cr_startup_lpc17.o
 .debug_info    0x000001ec      0x1d5 ./src/helpers.o
 .debug_info    0x000003c1     0x21a9 ./src/main.o
 .debug_info    0x0000256a      0x334 C:\Users\Ashray Jain\Desktop\EE2024 Workspace\Lib_CMSISv1p30_LPC17xx\Debug\libCMSISv1p30_LPC17xx.a(system_LPC17xx.o)
 .debug_info    0x0000289e      0x526 C:\Users\Ashray Jain\Desktop\EE2024 Workspace\Lib_EaBaseBoard\Debug\libLib_EaBaseBoard.a(acc.o)
 .debug_info    0x00002dc4      0x26b C:\Users\Ashray Jain\Desktop\EE2024 Workspace\Lib_EaBaseBoard\Debug\libLib_EaBaseBoard.a(led7seg.o)
 .debug_info    0x0000302f      0x74c C:\Users\Ashray Jain\Desktop\EE2024 Workspace\Lib_EaBaseBoard\Debug\libLib_EaBaseBoard.a(light.o)
 .debug_info    0x0000377b      0x954 C:\Users\Ashray Jain\Desktop\EE2024 Workspace\Lib_EaBaseBoard\Debug\libLib_EaBaseBoard.a(oled.o)
 .debug_info    0x000040cf      0x62b C:\Users\Ashray Jain\Desktop\EE2024 Workspace\Lib_EaBaseBoard\Debug\libLib_EaBaseBoard.a(pca9532.o)
 .debug_info    0x000046fa       0xd9 C:\Users\Ashray Jain\Desktop\EE2024 Workspace\Lib_EaBaseBoard\Debug\libLib_EaBaseBoard.a(rgb.o)
 .debug_info    0x000047d3       0x61 C:\Users\Ashray Jain\Desktop\EE2024 Workspace\Lib_EaBaseBoard\Debug\libLib_EaBaseBoard.a(font5x7.o)
 .debug_info    0x00004834      0x610 C:\Users\Ashray Jain\Desktop\EE2024 Workspace\Lib_MCU\Debug\libLib_MCU.a(lpc17xx_adc.o)
 .debug_info    0x00004e44      0x613 C:\Users\Ashray Jain\Desktop\EE2024 Workspace\Lib_MCU\Debug\libLib_MCU.a(lpc17xx_clkpwr.o)
 .debug_info    0x00005457      0xb8a C:\Users\Ashray Jain\Desktop\EE2024 Workspace\Lib_MCU\Debug\libLib_MCU.a(lpc17xx_gpio.o)
 .debug_info    0x00005fe1      0xcad C:\Users\Ashray Jain\Desktop\EE2024 Workspace\Lib_MCU\Debug\libLib_MCU.a(lpc17xx_i2c.o)
 .debug_info    0x00006c8e      0x49b C:\Users\Ashray Jain\Desktop\EE2024 Workspace\Lib_MCU\Debug\libLib_MCU.a(lpc17xx_pinsel.o)
 .debug_info    0x00007129      0x85c C:\Users\Ashray Jain\Desktop\EE2024 Workspace\Lib_MCU\Debug\libLib_MCU.a(lpc17xx_ssp.o)
 .debug_info    0x00007985      0x8d9 C:\Users\Ashray Jain\Desktop\EE2024 Workspace\Lib_MCU\Debug\libLib_MCU.a(lpc17xx_timer.o)
 .debug_info    0x0000825e     0x149e C:\Users\Ashray Jain\Desktop\EE2024 Workspace\Lib_MCU\Debug\libLib_MCU.a(lpc17xx_uart.o)

.debug_line     0x00000000     0x5d6f
 .debug_line    0x00000000      0x24c ./src/cr_startup_lpc17.o
 .debug_line    0x0000024c      0x5c8 ./src/helpers.o
 .debug_line    0x00000814      0xda4 ./src/main.o
 .debug_line    0x000015b8      0x313 C:\Users\Ashray Jain\Desktop\EE2024 Workspace\Lib_CMSISv1p30_LPC17xx\Debug\libCMSISv1p30_LPC17xx.a(system_LPC17xx.o)
 .debug_line    0x000018cb      0x426 C:\Users\Ashray Jain\Desktop\EE2024 Workspace\Lib_EaBaseBoard\Debug\libLib_EaBaseBoard.a(acc.o)
 .debug_line    0x00001cf1      0x3a1 C:\Users\Ashray Jain\Desktop\EE2024 Workspace\Lib_EaBaseBoard\Debug\libLib_EaBaseBoard.a(led7seg.o)
 .debug_line    0x00002092      0x4d1 C:\Users\Ashray Jain\Desktop\EE2024 Workspace\Lib_EaBaseBoard\Debug\libLib_EaBaseBoard.a(light.o)
 .debug_line    0x00002563      0x5c2 C:\Users\Ashray Jain\Desktop\EE2024 Workspace\Lib_EaBaseBoard\Debug\libLib_EaBaseBoard.a(oled.o)
 .debug_line    0x00002b25      0x494 C:\Users\Ashray Jain\Desktop\EE2024 Workspace\Lib_EaBaseBoard\Debug\libLib_EaBaseBoard.a(pca9532.o)
 .debug_line    0x00002fb9      0x386 C:\Users\Ashray Jain\Desktop\EE2024 Workspace\Lib_EaBaseBoard\Debug\libLib_EaBaseBoard.a(rgb.o)
 .debug_line    0x0000333f       0x83 C:\Users\Ashray Jain\Desktop\EE2024 Workspace\Lib_EaBaseBoard\Debug\libLib_EaBaseBoard.a(font5x7.o)
 .debug_line    0x000033c2      0x463 C:\Users\Ashray Jain\Desktop\EE2024 Workspace\Lib_MCU\Debug\libLib_MCU.a(lpc17xx_adc.o)
 .debug_line    0x00003825      0x3e1 C:\Users\Ashray Jain\Desktop\EE2024 Workspace\Lib_MCU\Debug\libLib_MCU.a(lpc17xx_clkpwr.o)
 .debug_line    0x00003c06      0x516 C:\Users\Ashray Jain\Desktop\EE2024 Workspace\Lib_MCU\Debug\libLib_MCU.a(lpc17xx_gpio.o)
 .debug_line    0x0000411c      0x673 C:\Users\Ashray Jain\Desktop\EE2024 Workspace\Lib_MCU\Debug\libLib_MCU.a(lpc17xx_i2c.o)
 .debug_line    0x0000478f      0x3a7 C:\Users\Ashray Jain\Desktop\EE2024 Workspace\Lib_MCU\Debug\libLib_MCU.a(lpc17xx_pinsel.o)
 .debug_line    0x00004b36      0x5a9 C:\Users\Ashray Jain\Desktop\EE2024 Workspace\Lib_MCU\Debug\libLib_MCU.a(lpc17xx_ssp.o)
 .debug_line    0x000050df      0x532 C:\Users\Ashray Jain\Desktop\EE2024 Workspace\Lib_MCU\Debug\libLib_MCU.a(lpc17xx_timer.o)
 .debug_line    0x00005611      0x75e C:\Users\Ashray Jain\Desktop\EE2024 Workspace\Lib_MCU\Debug\libLib_MCU.a(lpc17xx_uart.o)

.debug_macinfo  0x00000000    0x8d5eb
 .debug_macinfo
                0x00000000     0x151f ./src/cr_startup_lpc17.o
 .debug_macinfo
                0x0000151f     0x4618 ./src/helpers.o
 .debug_macinfo
                0x00005b37     0xdbe9 ./src/main.o
 .debug_macinfo
                0x00013720     0x6d5c C:\Users\Ashray Jain\Desktop\EE2024 Workspace\Lib_CMSISv1p30_LPC17xx\Debug\libCMSISv1p30_LPC17xx.a(system_LPC17xx.o)
 .debug_macinfo
                0x0001a47c     0x787f C:\Users\Ashray Jain\Desktop\EE2024 Workspace\Lib_EaBaseBoard\Debug\libLib_EaBaseBoard.a(acc.o)
 .debug_macinfo
                0x00021cfb     0x8007 C:\Users\Ashray Jain\Desktop\EE2024 Workspace\Lib_EaBaseBoard\Debug\libLib_EaBaseBoard.a(led7seg.o)
 .debug_macinfo
                0x00029d02     0x779e C:\Users\Ashray Jain\Desktop\EE2024 Workspace\Lib_EaBaseBoard\Debug\libLib_EaBaseBoard.a(light.o)
 .debug_macinfo
                0x000314a0     0x8aa7 C:\Users\Ashray Jain\Desktop\EE2024 Workspace\Lib_EaBaseBoard\Debug\libLib_EaBaseBoard.a(oled.o)
 .debug_macinfo
                0x00039f47     0x77bd C:\Users\Ashray Jain\Desktop\EE2024 Workspace\Lib_EaBaseBoard\Debug\libLib_EaBaseBoard.a(pca9532.o)
 .debug_macinfo
                0x00041704     0x6eb0 C:\Users\Ashray Jain\Desktop\EE2024 Workspace\Lib_EaBaseBoard\Debug\libLib_EaBaseBoard.a(rgb.o)
 .debug_macinfo
                0x000485b4     0x1cb1 C:\Users\Ashray Jain\Desktop\EE2024 Workspace\Lib_EaBaseBoard\Debug\libLib_EaBaseBoard.a(font5x7.o)
 .debug_macinfo
                0x0004a265     0x8992 C:\Users\Ashray Jain\Desktop\EE2024 Workspace\Lib_MCU\Debug\libLib_MCU.a(lpc17xx_adc.o)
 .debug_macinfo
                0x00052bf7     0x7f5d C:\Users\Ashray Jain\Desktop\EE2024 Workspace\Lib_MCU\Debug\libLib_MCU.a(lpc17xx_clkpwr.o)
 .debug_macinfo
                0x0005ab54     0x701c C:\Users\Ashray Jain\Desktop\EE2024 Workspace\Lib_MCU\Debug\libLib_MCU.a(lpc17xx_gpio.o)
 .debug_macinfo
                0x00061b70     0x8f3c C:\Users\Ashray Jain\Desktop\EE2024 Workspace\Lib_MCU\Debug\libLib_MCU.a(lpc17xx_i2c.o)
 .debug_macinfo
                0x0006aaac     0x7137 C:\Users\Ashray Jain\Desktop\EE2024 Workspace\Lib_MCU\Debug\libLib_MCU.a(lpc17xx_pinsel.o)
 .debug_macinfo
                0x00071be3     0x9234 C:\Users\Ashray Jain\Desktop\EE2024 Workspace\Lib_MCU\Debug\libLib_MCU.a(lpc17xx_ssp.o)
 .debug_macinfo
                0x0007ae17     0x8e31 C:\Users\Ashray Jain\Desktop\EE2024 Workspace\Lib_MCU\Debug\libLib_MCU.a(lpc17xx_timer.o)
 .debug_macinfo
                0x00083c48     0x99a3 C:\Users\Ashray Jain\Desktop\EE2024 Workspace\Lib_MCU\Debug\libLib_MCU.a(lpc17xx_uart.o)

.debug_frame    0x00000000     0x2ac4
 .debug_frame   0x00000000      0x120 ./src/cr_startup_lpc17.o
 .debug_frame   0x00000120       0x90 ./src/helpers.o
 .debug_frame   0x000001b0      0x6d0 ./src/main.o
 .debug_frame   0x00000880       0x48 C:\Users\Ashray Jain\Desktop\EE2024 Workspace\Lib_CMSISv1p30_LPC17xx\Debug\libCMSISv1p30_LPC17xx.a(system_LPC17xx.o)
 .debug_frame   0x000008c8      0x12c C:\Users\Ashray Jain\Desktop\EE2024 Workspace\Lib_EaBaseBoard\Debug\libLib_EaBaseBoard.a(acc.o)
 .debug_frame   0x000009f4       0x4c C:\Users\Ashray Jain\Desktop\EE2024 Workspace\Lib_EaBaseBoard\Debug\libLib_EaBaseBoard.a(led7seg.o)
 .debug_frame   0x00000a40      0x208 C:\Users\Ashray Jain\Desktop\EE2024 Workspace\Lib_EaBaseBoard\Debug\libLib_EaBaseBoard.a(light.o)
 .debug_frame   0x00000c48      0x1fc C:\Users\Ashray Jain\Desktop\EE2024 Workspace\Lib_EaBaseBoard\Debug\libLib_EaBaseBoard.a(oled.o)
 .debug_frame   0x00000e44      0x1a8 C:\Users\Ashray Jain\Desktop\EE2024 Workspace\Lib_EaBaseBoard\Debug\libLib_EaBaseBoard.a(pca9532.o)
 .debug_frame   0x00000fec       0x4c C:\Users\Ashray Jain\Desktop\EE2024 Workspace\Lib_EaBaseBoard\Debug\libLib_EaBaseBoard.a(rgb.o)
 .debug_frame   0x00001038      0x1ac C:\Users\Ashray Jain\Desktop\EE2024 Workspace\Lib_MCU\Debug\libLib_MCU.a(lpc17xx_adc.o)
 .debug_frame   0x000011e4      0x10c C:\Users\Ashray Jain\Desktop\EE2024 Workspace\Lib_MCU\Debug\libLib_MCU.a(lpc17xx_clkpwr.o)
 .debug_frame   0x000012f0      0x2c4 C:\Users\Ashray Jain\Desktop\EE2024 Workspace\Lib_MCU\Debug\libLib_MCU.a(lpc17xx_gpio.o)
 .debug_frame   0x000015b4      0x2c8 C:\Users\Ashray Jain\Desktop\EE2024 Workspace\Lib_MCU\Debug\libLib_MCU.a(lpc17xx_i2c.o)
 .debug_frame   0x0000187c       0xbc C:\Users\Ashray Jain\Desktop\EE2024 Workspace\Lib_MCU\Debug\libLib_MCU.a(lpc17xx_pinsel.o)
 .debug_frame   0x00001938      0x280 C:\Users\Ashray Jain\Desktop\EE2024 Workspace\Lib_MCU\Debug\libLib_MCU.a(lpc17xx_ssp.o)
 .debug_frame   0x00001bb8      0x22c C:\Users\Ashray Jain\Desktop\EE2024 Workspace\Lib_MCU\Debug\libLib_MCU.a(lpc17xx_timer.o)
 .debug_frame   0x00001de4      0x44c C:\Users\Ashray Jain\Desktop\EE2024 Workspace\Lib_MCU\Debug\libLib_MCU.a(lpc17xx_uart.o)
 .debug_frame   0x00002230       0x50 c:/nxp/lpcxpresso_3.6.3_317/tools/bin/../lib/gcc/arm-none-eabi/4.3.3/thumb2\libgcc.a(bpabi.o)
 .debug_frame   0x00002280       0x38 c:/nxp/lpcxpresso_3.6.3_317/tools/bin/../lib/gcc/arm-none-eabi/4.3.3/thumb2\libgcc.a(_divdi3.o)
 .debug_frame   0x000022b8       0x38 c:/nxp/lpcxpresso_3.6.3_317/tools/bin/../lib/gcc/arm-none-eabi/4.3.3/thumb2\libgcc.a(_udivdi3.o)
 .debug_frame   0x000022f0       0x20 c:/nxp/lpcxpresso_3.6.3_317/tools/bin/../lib/gcc/arm-none-eabi/4.3.3/thumb2\libgcc.a(_udivsi3.o)
 .debug_frame   0x00002310       0x30 c:/nxp/lpcxpresso_3.6.3_317/tools/bin/../lib/gcc/arm-none-eabi/4.3.3/../../../../arm-none-eabi/lib/thumb2\libc.a(lib_a-memcpy.o)
 .debug_frame   0x00002340       0x28 c:/nxp/lpcxpresso_3.6.3_317/tools/bin/../lib/gcc/arm-none-eabi/4.3.3/../../../../arm-none-eabi/lib/thumb2\libc.a(lib_a-memset.o)
 .debug_frame   0x00002368       0x58 c:/nxp/lpcxpresso_3.6.3_317/tools/bin/../lib/gcc/arm-none-eabi/4.3.3/../../../../arm-none-eabi/lib/thumb2\libc.a(lib_a-sprintf.o)
 .debug_frame   0x000023c0       0x30 c:/nxp/lpcxpresso_3.6.3_317/tools/bin/../lib/gcc/arm-none-eabi/4.3.3/../../../../arm-none-eabi/lib/thumb2\libc.a(lib_a-strcasecmp.o)
 .debug_frame   0x000023f0       0x28 c:/nxp/lpcxpresso_3.6.3_317/tools/bin/../lib/gcc/arm-none-eabi/4.3.3/../../../../arm-none-eabi/lib/thumb2\libc.a(lib_a-strcat.o)
 .debug_frame   0x00002418       0x20 c:/nxp/lpcxpresso_3.6.3_317/tools/bin/../lib/gcc/arm-none-eabi/4.3.3/../../../../arm-none-eabi/lib/thumb2\libc.a(lib_a-strcpy.o)
 .debug_frame   0x00002438       0x20 c:/nxp/lpcxpresso_3.6.3_317/tools/bin/../lib/gcc/arm-none-eabi/4.3.3/../../../../arm-none-eabi/lib/thumb2\libc.a(lib_a-strlen.o)
 .debug_frame   0x00002458       0x34 c:/nxp/lpcxpresso_3.6.3_317/tools/bin/../lib/gcc/arm-none-eabi/4.3.3/../../../../arm-none-eabi/lib/thumb2\libc.a(lib_a-strncasecmp.o)
 .debug_frame   0x0000248c       0x64 c:/nxp/lpcxpresso_3.6.3_317/tools/bin/../lib/gcc/arm-none-eabi/4.3.3/../../../../arm-none-eabi/lib/thumb2\libc.a(lib_a-svfprintf.o)
 .debug_frame   0x000024f0       0x64 c:/nxp/lpcxpresso_3.6.3_317/tools/bin/../lib/gcc/arm-none-eabi/4.3.3/../../../../arm-none-eabi/lib/thumb2\libc.a(lib_a-dtoa.o)
 .debug_frame   0x00002554       0x50 c:/nxp/lpcxpresso_3.6.3_317/tools/bin/../lib/gcc/arm-none-eabi/4.3.3/../../../../arm-none-eabi/lib/thumb2\libc.a(lib_a-freer.o)
 .debug_frame   0x000025a4       0x74 c:/nxp/lpcxpresso_3.6.3_317/tools/bin/../lib/gcc/arm-none-eabi/4.3.3/../../../../arm-none-eabi/lib/thumb2\libc.a(lib_a-locale.o)
 .debug_frame   0x00002618       0x40 c:/nxp/lpcxpresso_3.6.3_317/tools/bin/../lib/gcc/arm-none-eabi/4.3.3/../../../../arm-none-eabi/lib/thumb2\libc.a(lib_a-malloc.o)
 .debug_frame   0x00002658       0x38 c:/nxp/lpcxpresso_3.6.3_317/tools/bin/../lib/gcc/arm-none-eabi/4.3.3/../../../../arm-none-eabi/lib/thumb2\libc.a(lib_a-mallocr.o)
 .debug_frame   0x00002690       0x28 c:/nxp/lpcxpresso_3.6.3_317/tools/bin/../lib/gcc/arm-none-eabi/4.3.3/../../../../arm-none-eabi/lib/thumb2\libc.a(lib_a-memchr.o)
 .debug_frame   0x000026b8       0x2c c:/nxp/lpcxpresso_3.6.3_317/tools/bin/../lib/gcc/arm-none-eabi/4.3.3/../../../../arm-none-eabi/lib/thumb2\libc.a(lib_a-memmove.o)
 .debug_frame   0x000026e4       0x30 c:/nxp/lpcxpresso_3.6.3_317/tools/bin/../lib/gcc/arm-none-eabi/4.3.3/../../../../arm-none-eabi/lib/thumb2\libc.a(lib_a-mlock.o)
 .debug_frame   0x00002714      0x228 c:/nxp/lpcxpresso_3.6.3_317/tools/bin/../lib/gcc/arm-none-eabi/4.3.3/../../../../arm-none-eabi/lib/thumb2\libc.a(lib_a-mprec.o)
 .debug_frame   0x0000293c       0x38 c:/nxp/lpcxpresso_3.6.3_317/tools/bin/../lib/gcc/arm-none-eabi/4.3.3/../../../../arm-none-eabi/lib/thumb2\libc.a(lib_a-reallocr.o)
 .debug_frame   0x00002974       0x28 c:/nxp/lpcxpresso_3.6.3_317/tools/bin/../lib/gcc/arm-none-eabi/4.3.3/../../../../arm-none-eabi/lib/thumb2\libc.a(lib_a-s_isinfd.o)
 .debug_frame   0x0000299c       0x20 c:/nxp/lpcxpresso_3.6.3_317/tools/bin/../lib/gcc/arm-none-eabi/4.3.3/../../../../arm-none-eabi/lib/thumb2\libc.a(lib_a-s_isnand.o)
 .debug_frame   0x000029bc       0x2c c:/nxp/lpcxpresso_3.6.3_317/tools/bin/../lib/gcc/arm-none-eabi/4.3.3/../../../../arm-none-eabi/lib/thumb2\libc.a(lib_a-sbrkr.o)
 .debug_frame   0x000029e8       0x30 c:/nxp/lpcxpresso_3.6.3_317/tools/bin/../lib/gcc/arm-none-eabi/4.3.3/../../../../arm-none-eabi/lib/thumb2\libc.a(lib_a-strcmp.o)
 .debug_frame   0x00002a18       0x28 c:/nxp/lpcxpresso_3.6.3_317/tools/bin/../lib/gcc/arm-none-eabi/4.3.3/../../../../arm-none-eabi/lib/thumb2\libc.a(lib_a-callocr.o)
 .debug_frame   0x00002a40       0x64 c:/nxp/lpcxpresso_3.6.3_317/tools/bin/../lib/gcc/arm-none-eabi/4.3.3/../../../../arm-none-eabi/lib/thumb2\libc.a(lib_a-reent.o)
 .debug_frame   0x00002aa4       0x20 c:/nxp/lpcxpresso_3.6.3_317/tools/bin/../lib/gcc/arm-none-eabi/4.3.3/../../../../arm-none-eabi/lib/thumb2\libc.a(lib_a-errno.o)

.debug_loc      0x00000000     0x38d3
 .debug_loc     0x00000000      0x1e5 ./src/cr_startup_lpc17.o
 .debug_loc     0x000001e5       0xdc ./src/helpers.o
 .debug_loc     0x000002c1      0xb34 ./src/main.o
 .debug_loc     0x00000df5       0x56 C:\Users\Ashray Jain\Desktop\EE2024 Workspace\Lib_CMSISv1p30_LPC17xx\Debug\libCMSISv1p30_LPC17xx.a(system_LPC17xx.o)
 .debug_loc     0x00000e4b      0x1e7 C:\Users\Ashray Jain\Desktop\EE2024 Workspace\Lib_EaBaseBoard\Debug\libLib_EaBaseBoard.a(acc.o)
 .debug_loc     0x00001032       0x62 C:\Users\Ashray Jain\Desktop\EE2024 Workspace\Lib_EaBaseBoard\Debug\libLib_EaBaseBoard.a(led7seg.o)
 .debug_loc     0x00001094      0x368 C:\Users\Ashray Jain\Desktop\EE2024 Workspace\Lib_EaBaseBoard\Debug\libLib_EaBaseBoard.a(light.o)
 .debug_loc     0x000013fc      0x331 C:\Users\Ashray Jain\Desktop\EE2024 Workspace\Lib_EaBaseBoard\Debug\libLib_EaBaseBoard.a(oled.o)
 .debug_loc     0x0000172d      0x2c3 C:\Users\Ashray Jain\Desktop\EE2024 Workspace\Lib_EaBaseBoard\Debug\libLib_EaBaseBoard.a(pca9532.o)
 .debug_loc     0x000019f0       0x62 C:\Users\Ashray Jain\Desktop\EE2024 Workspace\Lib_EaBaseBoard\Debug\libLib_EaBaseBoard.a(rgb.o)
 .debug_loc     0x00001a52      0x2cb C:\Users\Ashray Jain\Desktop\EE2024 Workspace\Lib_MCU\Debug\libLib_MCU.a(lpc17xx_adc.o)
 .debug_loc     0x00001d1d      0x1b3 C:\Users\Ashray Jain\Desktop\EE2024 Workspace\Lib_MCU\Debug\libLib_MCU.a(lpc17xx_clkpwr.o)
 .debug_loc     0x00001ed0      0x4ba C:\Users\Ashray Jain\Desktop\EE2024 Workspace\Lib_MCU\Debug\libLib_MCU.a(lpc17xx_gpio.o)
 .debug_loc     0x0000238a      0x4cd C:\Users\Ashray Jain\Desktop\EE2024 Workspace\Lib_MCU\Debug\libLib_MCU.a(lpc17xx_i2c.o)
 .debug_loc     0x00002857      0x14a C:\Users\Ashray Jain\Desktop\EE2024 Workspace\Lib_MCU\Debug\libLib_MCU.a(lpc17xx_pinsel.o)
 .debug_loc     0x000029a1      0x434 C:\Users\Ashray Jain\Desktop\EE2024 Workspace\Lib_MCU\Debug\libLib_MCU.a(lpc17xx_ssp.o)
 .debug_loc     0x00002dd5      0x3a7 C:\Users\Ashray Jain\Desktop\EE2024 Workspace\Lib_MCU\Debug\libLib_MCU.a(lpc17xx_timer.o)
 .debug_loc     0x0000317c      0x757 C:\Users\Ashray Jain\Desktop\EE2024 Workspace\Lib_MCU\Debug\libLib_MCU.a(lpc17xx_uart.o)

.debug_pubnames
                0x00000000     0x1c06
 .debug_pubnames
                0x00000000       0xfd ./src/cr_startup_lpc17.o
 .debug_pubnames
                0x000000fd       0x56 ./src/helpers.o
 .debug_pubnames
                0x00000153      0xb6a ./src/main.o
 .debug_pubnames
                0x00000cbd       0x4f C:\Users\Ashray Jain\Desktop\EE2024 Workspace\Lib_CMSISv1p30_LPC17xx\Debug\libCMSISv1p30_LPC17xx.a(system_LPC17xx.o)
 .debug_pubnames
                0x00000d0c       0x4d C:\Users\Ashray Jain\Desktop\EE2024 Workspace\Lib_EaBaseBoard\Debug\libLib_EaBaseBoard.a(acc.o)
 .debug_pubnames
                0x00000d59       0x37 C:\Users\Ashray Jain\Desktop\EE2024 Workspace\Lib_EaBaseBoard\Debug\libLib_EaBaseBoard.a(led7seg.o)
 .debug_pubnames
                0x00000d90      0x107 C:\Users\Ashray Jain\Desktop\EE2024 Workspace\Lib_EaBaseBoard\Debug\libLib_EaBaseBoard.a(light.o)
 .debug_pubnames
                0x00000e97       0xa9 C:\Users\Ashray Jain\Desktop\EE2024 Workspace\Lib_EaBaseBoard\Debug\libLib_EaBaseBoard.a(oled.o)
 .debug_pubnames
                0x00000f40       0xef C:\Users\Ashray Jain\Desktop\EE2024 Workspace\Lib_EaBaseBoard\Debug\libLib_EaBaseBoard.a(pca9532.o)
 .debug_pubnames
                0x0000102f       0x2f C:\Users\Ashray Jain\Desktop\EE2024 Workspace\Lib_EaBaseBoard\Debug\libLib_EaBaseBoard.a(rgb.o)
 .debug_pubnames
                0x0000105e       0x1e C:\Users\Ashray Jain\Desktop\EE2024 Workspace\Lib_EaBaseBoard\Debug\libLib_EaBaseBoard.a(font5x7.o)
 .debug_pubnames
                0x0000107c      0x110 C:\Users\Ashray Jain\Desktop\EE2024 Workspace\Lib_MCU\Debug\libLib_MCU.a(lpc17xx_adc.o)
 .debug_pubnames
                0x0000118c       0xbb C:\Users\Ashray Jain\Desktop\EE2024 Workspace\Lib_MCU\Debug\libLib_MCU.a(lpc17xx_clkpwr.o)
 .debug_pubnames
                0x00001247      0x196 C:\Users\Ashray Jain\Desktop\EE2024 Workspace\Lib_MCU\Debug\libLib_MCU.a(lpc17xx_gpio.o)
 .debug_pubnames
                0x000013dd      0x165 C:\Users\Ashray Jain\Desktop\EE2024 Workspace\Lib_MCU\Debug\libLib_MCU.a(lpc17xx_i2c.o)
 .debug_pubnames
                0x00001542       0xa6 C:\Users\Ashray Jain\Desktop\EE2024 Workspace\Lib_MCU\Debug\libLib_MCU.a(lpc17xx_pinsel.o)
 .debug_pubnames
                0x000015e8      0x17f C:\Users\Ashray Jain\Desktop\EE2024 Workspace\Lib_MCU\Debug\libLib_MCU.a(lpc17xx_ssp.o)
 .debug_pubnames
                0x00001767      0x17a C:\Users\Ashray Jain\Desktop\EE2024 Workspace\Lib_MCU\Debug\libLib_MCU.a(lpc17xx_timer.o)
 .debug_pubnames
                0x000018e1      0x325 C:\Users\Ashray Jain\Desktop\EE2024 Workspace\Lib_MCU\Debug\libLib_MCU.a(lpc17xx_uart.o)

.debug_aranges  0x00000000      0xa58
 .debug_aranges
                0x00000000       0x70 ./src/cr_startup_lpc17.o
 .debug_aranges
                0x00000070       0x38 ./src/helpers.o
 .debug_aranges
                0x000000a8      0x1e8 ./src/main.o
 .debug_aranges
                0x00000290       0x28 C:\Users\Ashray Jain\Desktop\EE2024 Workspace\Lib_CMSISv1p30_LPC17xx\Debug\libCMSISv1p30_LPC17xx.a(system_LPC17xx.o)
 .debug_aranges
                0x000002b8       0x60 C:\Users\Ashray Jain\Desktop\EE2024 Workspace\Lib_EaBaseBoard\Debug\libLib_EaBaseBoard.a(acc.o)
 .debug_aranges
                0x00000318       0x28 C:\Users\Ashray Jain\Desktop\EE2024 Workspace\Lib_EaBaseBoard\Debug\libLib_EaBaseBoard.a(led7seg.o)
 .debug_aranges
                0x00000340       0x98 C:\Users\Ashray Jain\Desktop\EE2024 Workspace\Lib_EaBaseBoard\Debug\libLib_EaBaseBoard.a(light.o)
 .debug_aranges
                0x000003d8       0x90 C:\Users\Ashray Jain\Desktop\EE2024 Workspace\Lib_EaBaseBoard\Debug\libLib_EaBaseBoard.a(oled.o)
 .debug_aranges
                0x00000468       0x80 C:\Users\Ashray Jain\Desktop\EE2024 Workspace\Lib_EaBaseBoard\Debug\libLib_EaBaseBoard.a(pca9532.o)
 .debug_aranges
                0x000004e8       0x28 C:\Users\Ashray Jain\Desktop\EE2024 Workspace\Lib_EaBaseBoard\Debug\libLib_EaBaseBoard.a(rgb.o)
 .debug_aranges
                0x00000510       0x80 C:\Users\Ashray Jain\Desktop\EE2024 Workspace\Lib_MCU\Debug\libLib_MCU.a(lpc17xx_adc.o)
 .debug_aranges
                0x00000590       0x60 C:\Users\Ashray Jain\Desktop\EE2024 Workspace\Lib_MCU\Debug\libLib_MCU.a(lpc17xx_clkpwr.o)
 .debug_aranges
                0x000005f0       0xc8 C:\Users\Ashray Jain\Desktop\EE2024 Workspace\Lib_MCU\Debug\libLib_MCU.a(lpc17xx_gpio.o)
 .debug_aranges
                0x000006b8       0xd0 C:\Users\Ashray Jain\Desktop\EE2024 Workspace\Lib_MCU\Debug\libLib_MCU.a(lpc17xx_i2c.o)
 .debug_aranges
                0x00000788       0x48 C:\Users\Ashray Jain\Desktop\EE2024 Workspace\Lib_MCU\Debug\libLib_MCU.a(lpc17xx_pinsel.o)
 .debug_aranges
                0x000007d0       0xb8 C:\Users\Ashray Jain\Desktop\EE2024 Workspace\Lib_MCU\Debug\libLib_MCU.a(lpc17xx_ssp.o)
 .debug_aranges
                0x00000888       0xa0 C:\Users\Ashray Jain\Desktop\EE2024 Workspace\Lib_MCU\Debug\libLib_MCU.a(lpc17xx_timer.o)
 .debug_aranges
                0x00000928      0x130 C:\Users\Ashray Jain\Desktop\EE2024 Workspace\Lib_MCU\Debug\libLib_MCU.a(lpc17xx_uart.o)

.debug_ranges   0x00000000      0x9c8
 .debug_ranges  0x00000000       0x68 ./src/cr_startup_lpc17.o
 .debug_ranges  0x00000068       0x30 ./src/helpers.o
 .debug_ranges  0x00000098      0x1e0 ./src/main.o
 .debug_ranges  0x00000278       0x20 C:\Users\Ashray Jain\Desktop\EE2024 Workspace\Lib_CMSISv1p30_LPC17xx\Debug\libCMSISv1p30_LPC17xx.a(system_LPC17xx.o)
 .debug_ranges  0x00000298       0x58 C:\Users\Ashray Jain\Desktop\EE2024 Workspace\Lib_EaBaseBoard\Debug\libLib_EaBaseBoard.a(acc.o)
 .debug_ranges  0x000002f0       0x20 C:\Users\Ashray Jain\Desktop\EE2024 Workspace\Lib_EaBaseBoard\Debug\libLib_EaBaseBoard.a(led7seg.o)
 .debug_ranges  0x00000310       0x90 C:\Users\Ashray Jain\Desktop\EE2024 Workspace\Lib_EaBaseBoard\Debug\libLib_EaBaseBoard.a(light.o)
 .debug_ranges  0x000003a0       0x88 C:\Users\Ashray Jain\Desktop\EE2024 Workspace\Lib_EaBaseBoard\Debug\libLib_EaBaseBoard.a(oled.o)
 .debug_ranges  0x00000428       0x78 C:\Users\Ashray Jain\Desktop\EE2024 Workspace\Lib_EaBaseBoard\Debug\libLib_EaBaseBoard.a(pca9532.o)
 .debug_ranges  0x000004a0       0x20 C:\Users\Ashray Jain\Desktop\EE2024 Workspace\Lib_EaBaseBoard\Debug\libLib_EaBaseBoard.a(rgb.o)
 .debug_ranges  0x000004c0       0x78 C:\Users\Ashray Jain\Desktop\EE2024 Workspace\Lib_MCU\Debug\libLib_MCU.a(lpc17xx_adc.o)
 .debug_ranges  0x00000538       0x58 C:\Users\Ashray Jain\Desktop\EE2024 Workspace\Lib_MCU\Debug\libLib_MCU.a(lpc17xx_clkpwr.o)
 .debug_ranges  0x00000590       0xc0 C:\Users\Ashray Jain\Desktop\EE2024 Workspace\Lib_MCU\Debug\libLib_MCU.a(lpc17xx_gpio.o)
 .debug_ranges  0x00000650       0xc8 C:\Users\Ashray Jain\Desktop\EE2024 Workspace\Lib_MCU\Debug\libLib_MCU.a(lpc17xx_i2c.o)
 .debug_ranges  0x00000718       0x40 C:\Users\Ashray Jain\Desktop\EE2024 Workspace\Lib_MCU\Debug\libLib_MCU.a(lpc17xx_pinsel.o)
 .debug_ranges  0x00000758       0xb0 C:\Users\Ashray Jain\Desktop\EE2024 Workspace\Lib_MCU\Debug\libLib_MCU.a(lpc17xx_ssp.o)
 .debug_ranges  0x00000808       0x98 C:\Users\Ashray Jain\Desktop\EE2024 Workspace\Lib_MCU\Debug\libLib_MCU.a(lpc17xx_timer.o)
 .debug_ranges  0x000008a0      0x128 C:\Users\Ashray Jain\Desktop\EE2024 Workspace\Lib_MCU\Debug\libLib_MCU.a(lpc17xx_uart.o)

.debug_str      0x00000000     0x391c
 .debug_str     0x00000000      0x18e ./src/cr_startup_lpc17.o
                                0x1c8 (size before relaxing)
 .debug_str     0x0000018e       0x94 ./src/helpers.o
                                0x169 (size before relaxing)
 .debug_str     0x00000222     0x163b ./src/main.o
                               0x178b (size before relaxing)
 .debug_str     0x0000185d       0x8b C:\Users\Ashray Jain\Desktop\EE2024 Workspace\Lib_CMSISv1p30_LPC17xx\Debug\libCMSISv1p30_LPC17xx.a(system_LPC17xx.o)
                                0x251 (size before relaxing)
 .debug_str     0x000018e8      0x1da C:\Users\Ashray Jain\Desktop\EE2024 Workspace\Lib_EaBaseBoard\Debug\libLib_EaBaseBoard.a(acc.o)
                                0x34c (size before relaxing)
 .debug_str     0x00001ac2       0x95 C:\Users\Ashray Jain\Desktop\EE2024 Workspace\Lib_EaBaseBoard\Debug\libLib_EaBaseBoard.a(led7seg.o)
                                0x1b8 (size before relaxing)
 .debug_str     0x00001b57      0x204 C:\Users\Ashray Jain\Desktop\EE2024 Workspace\Lib_EaBaseBoard\Debug\libLib_EaBaseBoard.a(light.o)
                                0x4b1 (size before relaxing)
 .debug_str     0x00001d5b      0x1ad C:\Users\Ashray Jain\Desktop\EE2024 Workspace\Lib_EaBaseBoard\Debug\libLib_EaBaseBoard.a(oled.o)
                                0x369 (size before relaxing)
 .debug_str     0x00001f08      0x136 C:\Users\Ashray Jain\Desktop\EE2024 Workspace\Lib_EaBaseBoard\Debug\libLib_EaBaseBoard.a(pca9532.o)
                                0x3a3 (size before relaxing)
 .debug_str     0x0000203e       0x22 C:\Users\Ashray Jain\Desktop\EE2024 Workspace\Lib_EaBaseBoard\Debug\libLib_EaBaseBoard.a(rgb.o)
                                0x10d (size before relaxing)
 .debug_str     0x00002060       0x11 C:\Users\Ashray Jain\Desktop\EE2024 Workspace\Lib_EaBaseBoard\Debug\libLib_EaBaseBoard.a(font5x7.o)
                                 0x77 (size before relaxing)
 .debug_str     0x00002071      0x267 C:\Users\Ashray Jain\Desktop\EE2024 Workspace\Lib_MCU\Debug\libLib_MCU.a(lpc17xx_adc.o)
                                0x496 (size before relaxing)
 .debug_str     0x000022d8       0xcb C:\Users\Ashray Jain\Desktop\EE2024 Workspace\Lib_MCU\Debug\libLib_MCU.a(lpc17xx_clkpwr.o)
                                0x34e (size before relaxing)
 .debug_str     0x000023a3      0x33e C:\Users\Ashray Jain\Desktop\EE2024 Workspace\Lib_MCU\Debug\libLib_MCU.a(lpc17xx_gpio.o)
                                0x435 (size before relaxing)
 .debug_str     0x000026e1      0x2fb C:\Users\Ashray Jain\Desktop\EE2024 Workspace\Lib_MCU\Debug\libLib_MCU.a(lpc17xx_i2c.o)
                                0x7c1 (size before relaxing)
 .debug_str     0x000029dc      0x201 C:\Users\Ashray Jain\Desktop\EE2024 Workspace\Lib_MCU\Debug\libLib_MCU.a(lpc17xx_pinsel.o)
                                0x357 (size before relaxing)
 .debug_str     0x00002bdd      0x208 C:\Users\Ashray Jain\Desktop\EE2024 Workspace\Lib_MCU\Debug\libLib_MCU.a(lpc17xx_ssp.o)
                                0x448 (size before relaxing)
 .debug_str     0x00002de5      0x283 C:\Users\Ashray Jain\Desktop\EE2024 Workspace\Lib_MCU\Debug\libLib_MCU.a(lpc17xx_timer.o)
                                0x57e (size before relaxing)
 .debug_str     0x00003068      0x8b4 C:\Users\Ashray Jain\Desktop\EE2024 Workspace\Lib_MCU\Debug\libLib_MCU.a(lpc17xx_uart.o)
                                0xc05 (size before relaxing)

.comment        0x00000000      0x35b
 .comment       0x00000000       0x2b ./src/cr_startup_lpc17.o
 .comment       0x0000002b       0x2b ./src/helpers.o
 .comment       0x00000056       0x2b ./src/main.o
 .comment       0x00000081       0x2b C:\Users\Ashray Jain\Desktop\EE2024 Workspace\Lib_CMSISv1p30_LPC17xx\Debug\libCMSISv1p30_LPC17xx.a(system_LPC17xx.o)
 .comment       0x000000ac       0x2b C:\Users\Ashray Jain\Desktop\EE2024 Workspace\Lib_EaBaseBoard\Debug\libLib_EaBaseBoard.a(acc.o)
 .comment       0x000000d7       0x2b C:\Users\Ashray Jain\Desktop\EE2024 Workspace\Lib_EaBaseBoard\Debug\libLib_EaBaseBoard.a(led7seg.o)
 .comment       0x00000102       0x2b C:\Users\Ashray Jain\Desktop\EE2024 Workspace\Lib_EaBaseBoard\Debug\libLib_EaBaseBoard.a(light.o)
 .comment       0x0000012d       0x2b C:\Users\Ashray Jain\Desktop\EE2024 Workspace\Lib_EaBaseBoard\Debug\libLib_EaBaseBoard.a(oled.o)
 .comment       0x00000158       0x2b C:\Users\Ashray Jain\Desktop\EE2024 Workspace\Lib_EaBaseBoard\Debug\libLib_EaBaseBoard.a(pca9532.o)
 .comment       0x00000183       0x2b C:\Users\Ashray Jain\Desktop\EE2024 Workspace\Lib_EaBaseBoard\Debug\libLib_EaBaseBoard.a(rgb.o)
 .comment       0x000001ae       0x2b C:\Users\Ashray Jain\Desktop\EE2024 Workspace\Lib_EaBaseBoard\Debug\libLib_EaBaseBoard.a(font5x7.o)
 .comment       0x000001d9       0x2b C:\Users\Ashray Jain\Desktop\EE2024 Workspace\Lib_MCU\Debug\libLib_MCU.a(lpc17xx_adc.o)
 .comment       0x00000204       0x2b C:\Users\Ashray Jain\Desktop\EE2024 Workspace\Lib_MCU\Debug\libLib_MCU.a(lpc17xx_clkpwr.o)
 .comment       0x0000022f       0x2b C:\Users\Ashray Jain\Desktop\EE2024 Workspace\Lib_MCU\Debug\libLib_MCU.a(lpc17xx_gpio.o)
 .comment       0x0000025a       0x2b C:\Users\Ashray Jain\Desktop\EE2024 Workspace\Lib_MCU\Debug\libLib_MCU.a(lpc17xx_i2c.o)
 .comment       0x00000285       0x2b C:\Users\Ashray Jain\Desktop\EE2024 Workspace\Lib_MCU\Debug\libLib_MCU.a(lpc17xx_pinsel.o)
 .comment       0x000002b0       0x2b C:\Users\Ashray Jain\Desktop\EE2024 Workspace\Lib_MCU\Debug\libLib_MCU.a(lpc17xx_ssp.o)
 .comment       0x000002db       0x2b C:\Users\Ashray Jain\Desktop\EE2024 Workspace\Lib_MCU\Debug\libLib_MCU.a(lpc17xx_timer.o)
 .comment       0x00000306       0x2b C:\Users\Ashray Jain\Desktop\EE2024 Workspace\Lib_MCU\Debug\libLib_MCU.a(lpc17xx_uart.o)
 .comment       0x00000331       0x2a c:/nxp/lpcxpresso_3.6.3_317/tools/bin/../lib/gcc/arm-none-eabi/4.3.3/../../../../arm-none-eabi/lib/thumb2\libcr_newlib_semihost.a(syscalls.o)

.ARM.attributes
                0x00000000       0x2f
 .ARM.attributes
                0x00000000       0x31 ./src/cr_startup_lpc17.o
 .ARM.attributes
                0x00000031       0x31 ./src/helpers.o
 .ARM.attributes
                0x00000062       0x31 ./src/main.o
 .ARM.attributes
                0x00000093       0x31 C:\Users\Ashray Jain\Desktop\EE2024 Workspace\Lib_CMSISv1p30_LPC17xx\Debug\libCMSISv1p30_LPC17xx.a(system_LPC17xx.o)
 .ARM.attributes
                0x000000c4       0x31 C:\Users\Ashray Jain\Desktop\EE2024 Workspace\Lib_EaBaseBoard\Debug\libLib_EaBaseBoard.a(acc.o)
 .ARM.attributes
                0x000000f5       0x31 C:\Users\Ashray Jain\Desktop\EE2024 Workspace\Lib_EaBaseBoard\Debug\libLib_EaBaseBoard.a(led7seg.o)
 .ARM.attributes
                0x00000126       0x31 C:\Users\Ashray Jain\Desktop\EE2024 Workspace\Lib_EaBaseBoard\Debug\libLib_EaBaseBoard.a(light.o)
 .ARM.attributes
                0x00000157       0x31 C:\Users\Ashray Jain\Desktop\EE2024 Workspace\Lib_EaBaseBoard\Debug\libLib_EaBaseBoard.a(oled.o)
 .ARM.attributes
                0x00000188       0x31 C:\Users\Ashray Jain\Desktop\EE2024 Workspace\Lib_EaBaseBoard\Debug\libLib_EaBaseBoard.a(pca9532.o)
 .ARM.attributes
                0x000001b9       0x31 C:\Users\Ashray Jain\Desktop\EE2024 Workspace\Lib_EaBaseBoard\Debug\libLib_EaBaseBoard.a(rgb.o)
 .ARM.attributes
                0x000001ea       0x31 C:\Users\Ashray Jain\Desktop\EE2024 Workspace\Lib_EaBaseBoard\Debug\libLib_EaBaseBoard.a(font5x7.o)
 .ARM.attributes
                0x0000021b       0x31 C:\Users\Ashray Jain\Desktop\EE2024 Workspace\Lib_MCU\Debug\libLib_MCU.a(lpc17xx_adc.o)
 .ARM.attributes
                0x0000024c       0x31 C:\Users\Ashray Jain\Desktop\EE2024 Workspace\Lib_MCU\Debug\libLib_MCU.a(lpc17xx_clkpwr.o)
 .ARM.attributes
                0x0000027d       0x31 C:\Users\Ashray Jain\Desktop\EE2024 Workspace\Lib_MCU\Debug\libLib_MCU.a(lpc17xx_gpio.o)
 .ARM.attributes
                0x000002ae       0x31 C:\Users\Ashray Jain\Desktop\EE2024 Workspace\Lib_MCU\Debug\libLib_MCU.a(lpc17xx_i2c.o)
 .ARM.attributes
                0x000002df       0x31 C:\Users\Ashray Jain\Desktop\EE2024 Workspace\Lib_MCU\Debug\libLib_MCU.a(lpc17xx_pinsel.o)
 .ARM.attributes
                0x00000310       0x31 C:\Users\Ashray Jain\Desktop\EE2024 Workspace\Lib_MCU\Debug\libLib_MCU.a(lpc17xx_ssp.o)
 .ARM.attributes
                0x00000341       0x31 C:\Users\Ashray Jain\Desktop\EE2024 Workspace\Lib_MCU\Debug\libLib_MCU.a(lpc17xx_timer.o)
 .ARM.attributes
                0x00000372       0x31 C:\Users\Ashray Jain\Desktop\EE2024 Workspace\Lib_MCU\Debug\libLib_MCU.a(lpc17xx_uart.o)