Archive member included because of file (symbol)

C:\Users\Ashray Jain\Desktop\EE2024 Workspace\Lib_CMSISv1p30_LPC17xx\Debug\libCMSISv1p30_LPC17xx.a(system_LPC17xx.o)
                              ./src/main.o (SystemCoreClock)
C:\Users\Ashray Jain\Desktop\EE2024 Workspace\Lib_EaBaseBoard\Debug\libLib_EaBaseBoard.a(acc.o)
                              ./src/main.o (acc_init)
C:\Users\Ashray Jain\Desktop\EE2024 Workspace\Lib_EaBaseBoard\Debug\libLib_EaBaseBoard.a(led7seg.o)
                              ./src/main.o (led7seg_init)
C:\Users\Ashray Jain\Desktop\EE2024 Workspace\Lib_EaBaseBoard\Debug\libLib_EaBaseBoard.a(light.o)
                              ./src/main.o (light_init)
C:\Users\Ashray Jain\Desktop\EE2024 Workspace\Lib_EaBaseBoard\Debug\libLib_EaBaseBoard.a(oled.o)
                              ./src/main.o (oled_init)
C:\Users\Ashray Jain\Desktop\EE2024 Workspace\Lib_EaBaseBoard\Debug\libLib_EaBaseBoard.a(pca9532.o)
                              ./src/main.o (pca9532_init)
C:\Users\Ashray Jain\Desktop\EE2024 Workspace\Lib_EaBaseBoard\Debug\libLib_EaBaseBoard.a(rgb.o)
                              ./src/main.o (rgb_init)
C:\Users\Ashray Jain\Desktop\EE2024 Workspace\Lib_EaBaseBoard\Debug\libLib_EaBaseBoard.a(font5x7.o)
                              C:\Users\Ashray Jain\Desktop\EE2024 Workspace\Lib_EaBaseBoard\Debug\libLib_EaBaseBoard.a(oled.o) (font5x7)
C:\Users\Ashray Jain\Desktop\EE2024 Workspace\Lib_MCU\Debug\libLib_MCU.a(lpc17xx_gpio.o)
                              ./src/main.o (GPIO_SetDir)
C:\Users\Ashray Jain\Desktop\EE2024 Workspace\Lib_MCU\Debug\libLib_MCU.a(lpc17xx_i2c.o)
                              ./src/main.o (I2C_Init)
C:\Users\Ashray Jain\Desktop\EE2024 Workspace\Lib_MCU\Debug\libLib_MCU.a(lpc17xx_pinsel.o)
                              ./src/main.o (PINSEL_ConfigPin)
C:\Users\Ashray Jain\Desktop\EE2024 Workspace\Lib_MCU\Debug\libLib_MCU.a(lpc17xx_ssp.o)
                              ./src/main.o (SSP_Init)
C:\Users\Ashray Jain\Desktop\EE2024 Workspace\Lib_MCU\Debug\libLib_MCU.a(lpc17xx_timer.o)
                              ./src/main.o (TIM_ClearIntPending)
C:\Users\Ashray Jain\Desktop\EE2024 Workspace\Lib_MCU\Debug\libLib_MCU.a(lpc17xx_uart.o)
                              ./src/main.o (UART_TxCmd)
C:\Users\Ashray Jain\Desktop\EE2024 Workspace\Lib_MCU\Debug\libLib_MCU.a(lpc17xx_clkpwr.o)
                              C:\Users\Ashray Jain\Desktop\EE2024 Workspace\Lib_MCU\Debug\libLib_MCU.a(lpc17xx_i2c.o) (CLKPWR_SetPCLKDiv)
c:/nxp/lpcxpresso_3.6.3_317/tools/bin/../lib/gcc/arm-none-eabi/4.3.3/thumb2\libgcc.a(_arm_addsubdf3.o)
                              ./src/main.o (__aeabi_i2d)
c:/nxp/lpcxpresso_3.6.3_317/tools/bin/../lib/gcc/arm-none-eabi/4.3.3/thumb2\libgcc.a(_arm_muldivdf3.o)
                              ./src/main.o (__aeabi_dmul)
c:/nxp/lpcxpresso_3.6.3_317/tools/bin/../lib/gcc/arm-none-eabi/4.3.3/thumb2\libgcc.a(_arm_truncdfsf2.o)
                              ./src/main.o (__aeabi_d2f)
c:/nxp/lpcxpresso_3.6.3_317/tools/bin/../lib/gcc/arm-none-eabi/4.3.3/thumb2\libgcc.a(_arm_addsubsf3.o)
                              ./src/main.o (__aeabi_fsub)
c:/nxp/lpcxpresso_3.6.3_317/tools/bin/../lib/gcc/arm-none-eabi/4.3.3/thumb2\libgcc.a(_arm_muldivsf3.o)
                              ./src/main.o (__aeabi_fmul)
c:/nxp/lpcxpresso_3.6.3_317/tools/bin/../lib/gcc/arm-none-eabi/4.3.3/thumb2\libgcc.a(_arm_cmpsf2.o)
                              ./src/main.o (__aeabi_fcmplt)
c:/nxp/lpcxpresso_3.6.3_317/tools/bin/../lib/gcc/arm-none-eabi/4.3.3/thumb2\libgcc.a(_arm_fixsfsi.o)
                              ./src/main.o (__aeabi_f2iz)
c:/nxp/lpcxpresso_3.6.3_317/tools/bin/../lib/gcc/arm-none-eabi/4.3.3/thumb2\libgcc.a(_aeabi_uldivmod.o)
                              C:\Users\Ashray Jain\Desktop\EE2024 Workspace\Lib_CMSISv1p30_LPC17xx\Debug\libCMSISv1p30_LPC17xx.a(system_LPC17xx.o) (__aeabi_uldivmod)
c:/nxp/lpcxpresso_3.6.3_317/tools/bin/../lib/gcc/arm-none-eabi/4.3.3/thumb2\libgcc.a(bpabi.o)
                              c:/nxp/lpcxpresso_3.6.3_317/tools/bin/../lib/gcc/arm-none-eabi/4.3.3/thumb2\libgcc.a(_aeabi_uldivmod.o) (__gnu_uldivmod_helper)
c:/nxp/lpcxpresso_3.6.3_317/tools/bin/../lib/gcc/arm-none-eabi/4.3.3/thumb2\libgcc.a(_dvmd_tls.o)
                              c:/nxp/lpcxpresso_3.6.3_317/tools/bin/../lib/gcc/arm-none-eabi/4.3.3/thumb2\libgcc.a(_aeabi_uldivmod.o) (__aeabi_ldiv0)
c:/nxp/lpcxpresso_3.6.3_317/tools/bin/../lib/gcc/arm-none-eabi/4.3.3/thumb2\libgcc.a(_divdi3.o)
                              c:/nxp/lpcxpresso_3.6.3_317/tools/bin/../lib/gcc/arm-none-eabi/4.3.3/thumb2\libgcc.a(bpabi.o) (__divdi3)
c:/nxp/lpcxpresso_3.6.3_317/tools/bin/../lib/gcc/arm-none-eabi/4.3.3/thumb2\libgcc.a(_udivdi3.o)
                              c:/nxp/lpcxpresso_3.6.3_317/tools/bin/../lib/gcc/arm-none-eabi/4.3.3/thumb2\libgcc.a(bpabi.o) (__udivdi3)
c:/nxp/lpcxpresso_3.6.3_317/tools/bin/../lib/gcc/arm-none-eabi/4.3.3/thumb2\libgcc.a(_udivsi3.o)
[...]
Memory Configuration

Name             Origin             Length             Attributes
MFlash512        0x00000000         0x00020000         xr
RamLoc32         0x10000000         0x00008000         xrw
RamAHB32         0x2007c000         0x00008000         xrw
CANAccFilterRAM  0x40038000         0x00000800         xrw
*default*        0x00000000         0xffffffff

Linker script and memory map

LOAD ./src/cr_startup_lpc17.o
LOAD ./src/main.o
LOAD C:\Users\Ashray Jain\Desktop\EE2024 Workspace\Lib_CMSISv1p30_LPC17xx\Debug\libCMSISv1p30_LPC17xx.a
LOAD C:\Users\Ashray Jain\Desktop\EE2024 Workspace\Lib_EaBaseBoard\Debug\libLib_EaBaseBoard.a
LOAD C:\Users\Ashray Jain\Desktop\EE2024 Workspace\Lib_MCU\Debug\libLib_MCU.a
START GROUP
LOAD c:/nxp/lpcxpresso_3.6.3_317/tools/bin/../lib/gcc/arm-none-eabi/4.3.3/thumb2\libgcc.a
LOAD c:/nxp/lpcxpresso_3.6.3_317/tools/bin/../lib/gcc/arm-none-eabi/4.3.3/../../../../arm-none-eabi/lib/thumb2\libc.a
LOAD c:/nxp/lpcxpresso_3.6.3_317/tools/bin/../lib/gcc/arm-none-eabi/4.3.3/../../../../arm-none-eabi/lib/thumb2\libm.a
LOAD c:/nxp/lpcxpresso_3.6.3_317/tools/bin/../lib/gcc/arm-none-eabi/4.3.3/../../../../arm-none-eabi/lib/thumb2\libcr_newlib_semihost.a
END GROUP
                0x00080000                __top_MFlash512 = 0x80000
                0x10008000                __top_RamLoc32 = 0x10008000
                0x20084000                __top_RamAHB32 = 0x20084000
                0x40038800                __top_CANAccFilterRAM = 0x40038800

.text           0x00000000     0xf19c
 FILL mask 0xff
 *(.isr_vector)
 .isr_vector    0x00000000       0xcc ./src/cr_startup_lpc17.o
                0x00000000                g_pfnVectors
                0x000000cc                . = ALIGN (0x4)
                0x000000cc                __section_table_start = .
                0x000000cc                __data_section_table = .
                0x000000cc        0x4 LONG 0xf1a4 LOADADDR (.data)
                0x000000d0        0x4 LONG 0x10000000 ADDR (.data)
                0x000000d4        0x4 LONG 0x58c SIZEOF (.data)
                0x000000d8        0x4 LONG 0xf1a4 LOADADDR (.data_RAM2)
                0x000000dc        0x4 LONG 0x2007c000 ADDR (.data_RAM2)
                0x000000e0        0x4 LONG 0x0 SIZEOF (.data_RAM2)
                0x000000e4        0x4 LONG 0xf1a4 LOADADDR (.data_RAM3)
                0x000000e8        0x4 LONG 0x40038000 ADDR (.data_RAM3)
                0x000000ec        0x4 LONG 0x0 SIZEOF (.data_RAM3)
                0x000000f0                __data_section_table_end = .
                0x000000f0                __bss_section_table = .
                0x000000f0        0x4 LONG 0x1000058c ADDR (.bss)
                0x000000f4        0x4 LONG 0x430 SIZEOF (.bss)
                0x000000f8        0x4 LONG 0x2007c000 ADDR (.bss_RAM2)
                0x000000fc        0x4 LONG 0x0 SIZEOF (.bss_RAM2)
                0x00000100        0x4 LONG 0x40038000 ADDR (.bss_RAM3)
                0x00000104        0x4 LONG 0x0 SIZEOF (.bss_RAM3)
                0x00000108                __bss_section_table_end = .
                0x00000108                __section_table_end = .
 *(.after_vectors*)
 *(.text*)
 .text.ResetISR
                0x00000108       0x68 ./src/cr_startup_lpc17.o
                0x00000108                ResetISR
 .text.NMI_Handler
                0x00000170        0x8 ./src/cr_startup_lpc17.o
                0x00000170                NMI_Handler
 .text.HardFault_Handler
                0x00000178        0x8 ./src/cr_startup_lpc17.o
                0x00000178                HardFault_Handler
 .text.MemManage_Handler
                0x00000180        0x8 ./src/cr_startup_lpc17.o
                0x00000180                MemManage_Handler
 .text.BusFault_Handler
                0x00000188        0x8 ./src/cr_startup_lpc17.o
                0x00000188                BusFault_Handler
 .text.UsageFault_Handler
                0x00000190        0x8 ./src/cr_startup_lpc17.o
                0x00000190                UsageFault_Handler
 .text.SVCall_Handler
                0x00000198        0x8 ./src/cr_startup_lpc17.o
                0x00000198                SVCall_Handler
 .text.DebugMon_Handler
                0x000001a0        0x8 ./src/cr_startup_lpc17.o
                0x000001a0                DebugMon_Handler
 .text.PendSV_Handler
                0x000001a8        0x8 ./src/cr_startup_lpc17.o
                0x000001a8                PendSV_Handler
 .text.IntDefaultHandler
                0x000001b0        0x8 ./src/cr_startup_lpc17.o
                0x000001b0                RIT_IRQHandler
                0x000001b0                I2C0_IRQHandler
                0x000001b0                USBActivity_IRQHandler
                0x000001b0                PWM1_IRQHandler
                0x000001b0                I2C1_IRQHandler
                0x000001b0                EINT2_IRQHandler
                0x000001b0                UART1_IRQHandler
                0x000001b0                CANActivity_IRQHandler
                0x000001b0                UART0_IRQHandler
                0x000001b0                IntDefaultHandler
                0x000001b0                PLL0_IRQHandler
                0x000001b0                CAN_IRQHandler
                0x000001b0                PLL1_IRQHandler
                0x000001b0                SSP0_IRQHandler
                0x000001b0                I2S_IRQHandler
                0x000001b0                I2C2_IRQHandler
                0x000001b0                RTC_IRQHandler
                0x000001b0                TIMER0_IRQHandler
                0x000001b0                SPI_IRQHandler
                0x000001b0                EINT1_IRQHandler
                0x000001b0                UART2_IRQHandler
                0x000001b0                ADC_IRQHandler
                0x000001b0                SSP1_IRQHandler
                0x000001b0                USB_IRQHandler
                0x000001b0                BOD_IRQHandler
                0x000001b0                WDT_IRQHandler
                0x000001b0                QEI_IRQHandler
                0x000001b0                DMA_IRQHandler
                0x000001b0                MCPWM_IRQHandler
                0x000001b0                ENET_IRQHandler
 .text.initAllPeripherals
                0x000001b8       0x8c ./src/main.o
                0x000001b8                initAllPeripherals
 .text.NVIC_ClearPendingIRQ
                0x00000244       0x3c ./src/main.o
 .text.NVIC_EnableIRQ
                0x00000280       0x38 ./src/main.o
 .text.init_ssp
                0x000002b8       0xa0 ./src/main.o
 .text.init_i2c
                0x00000358       0x60 ./src/main.o
 .text.init_GPIO
                0x000003b8      0x118 ./src/main.o
 .text.init_buzzer
                0x000004d0       0x8c ./src/main.o
                0x000004d0                init_buzzer
 .text.init_uart
                0x0000055c       0xa0 ./src/main.o
                0x0000055c                init_uart
 .text.init_timer
                0x000005fc      0x17c ./src/main.o
                0x000005fc                init_timer
 .text.NVIC_SetPriority
                0x00000778       0x5c ./src/main.o
 .text.init_temp_interrupt
                0x000007d4       0x94 ./src/main.o
                0x000007d4                init_temp_interrupt
 .text.disable_temp_interrupt
                0x00000868       0x3c ./src/main.o
                0x00000868                disable_temp_interrupt
 .text.init_handShake
                0x000008a4       0x28 ./src/main.o
                0x000008a4                init_handShake
 .text.calibratingHandler
                0x000008cc       0x5c ./src/main.o
                0x000008cc                calibratingHandler
 .text.stdbyCountingDownHandler
                0x00000928       0x24 ./src/main.o
                0x00000928                stdbyCountingDownHandler
 .text.stdbyEnvTestingHandler
                0x0000094c       0x60 ./src/main.o
                0x0000094c                stdbyEnvTestingHandler
 .text.activeHandler
                0x000009ac      0x1fc ./src/main.o
                0x000009ac                activeHandler
 .text.SysTick_Handler
                0x00000ba8      0x2e8 ./src/main.o
                0x00000ba8                SysTick_Handler
 .text.EINT0_IRQHandler
                0x00000e90       0x34 ./src/main.o
                0x00000e90                EINT0_IRQHandler
 .text.EINT3_IRQHandler
                0x00000ec4      0x218 ./src/main.o
                0x00000ec4                EINT3_IRQHandler
 .text.TIMER1_IRQHandler
                0x000010dc      0x11c ./src/main.o
                0x000010dc                TIMER1_IRQHandler
 .text.TIMER2_IRQHandler
                0x000011f8       0x30 ./src/main.o
                0x000011f8                TIMER2_IRQHandler
 .text.TIMER3_IRQHandler
                0x00001228       0x40 ./src/main.o
                0x00001228                TIMER3_IRQHandler
 .text.UART3_IRQHandler
                0x00001268      0x220 ./src/main.o
                0x00001268                UART3_IRQHandler
 .text.oneSecondHandler
                0x00001488       0x1c ./src/main.o
                0x00001488                oneSecondHandler
 .text.getMsTicks
                0x000014a4       0x18 ./src/main.o
                0x000014a4                getMsTicks
 .text.enterCalibratingState
                0x000014bc       0x50 ./src/main.o
                0x000014bc                enterCalibratingState
 .text.enterStdByCountingDownState
                0x0000150c       0x5c ./src/main.o
                0x0000150c                enterStdByCountingDownState
 .text.enterActiveState
                0x00001568       0x60 ./src/main.o
                0x00001568                enterActiveState
 .text.leaveActiveState
                0x000015c8       0x2c ./src/main.o
                0x000015c8                leaveActiveState
 .text.leaveCalibratingState
                0x000015f4       0x84 ./src/main.o
                0x000015f4                leaveCalibratingState
 .text.leaveStdByCountingDownState
                0x00001678       0x18 ./src/main.o
                0x00001678                leaveStdByCountingDownState
 .text.updateReadings
                0x00001690       0x34 ./src/main.o
                0x00001690                updateReadings
 .text.updateTemperatureReading
                0x000016c4       0x44 ./src/main.o
                0x000016c4                updateTemperatureReading
 .text.updateAccReading
                0x00001708       0xa4 ./src/main.o
                0x00001708                updateAccReading
 .text.updateFreqCounter
                0x000017ac      0x250 ./src/main.o
                0x000017ac                updateFreqCounter
 .text.startWarning
                0x000019fc       0x30 ./src/main.o
                0x000019fc                startWarning
 .text.turnOnLedArray
                0x00001a2c       0x14 ./src/main.o
                0x00001a2c                turnOnLedArray
 .text.stopWarning
                0x00001a40       0x48 ./src/main.o
                0x00001a40                stopWarning
 .text.turnOffLedArray
                0x00001a88       0x14 ./src/main.o
                0x00001a88                turnOffLedArray
 .text.countDownFrom
                0x00001a9c       0x3c ./src/main.o
                0x00001a9c                countDownFrom
 .text.decrementCount
                0x00001ad8       0x78 ./src/main.o
                0x00001ad8                decrementCount
 .text.writeHeaderToOled
                0x00001b50       0xb0 ./src/main.o
                0x00001b50                writeHeaderToOled
 .text.writeStatesToOled
                0x00001c00      0x174 ./src/main.o
                0x00001c00                writeStatesToOled
 .text.writeTempToOled
                0x00001d74      0x124 ./src/main.o
                0x00001d74                writeTempToOled
 .text.writeAccValueToOled
                0x00001e98      0x254 ./src/main.o
                0x00001e98                writeAccValueToOled
 .text.sendUartReady
                0x000020ec       0x34 ./src/main.o
                0x000020ec                sendUartReady
 .text.processUartCommand
                0x00002120      0x1e0 ./src/main.o
                0x00002120                processUartCommand
 .text.tempToString
                0x00002300      0x124 ./src/main.o
                0x00002300                tempToString
 .text.toStringInt
                0x00002424       0x24 ./src/main.o
                0x00002424                toStringInt
 .text.toStringDouble
                0x00002448       0x2c ./src/main.o
                0x00002448                toStringDouble
 .text.rgb_setLeds_OledHack
                0x00002474       0x20 ./src/main.o
                0x00002474                rgb_setLeds_OledHack
 .text.main     0x00002494       0x70 ./src/main.o
                0x00002494                main
 .text.SysTick_Config
                0x00002504       0x68 ./src/main.o
 .text.check_failed
                0x0000256c        0xc ./src/main.o
                0x0000256c                check_failed
 .text.SystemInit
                0x00002578      0x224 C:\Users\Ashray Jain\Desktop\EE2024 Workspace\Lib_CMSISv1p30_LPC17xx\Debug\libCMSISv1p30_LPC17xx.a(system_LPC17xx.o)
                0x00002578                SystemInit
 .text.I2CRead  0x0000279c       0x64 C:\Users\Ashray Jain\Desktop\EE2024 Workspace\Lib_EaBaseBoard\Debug\libLib_EaBaseBoard.a(acc.o)
 .text.I2CWrite
                0x00002800       0x64 C:\Users\Ashray Jain\Desktop\EE2024 Workspace\Lib_EaBaseBoard\Debug\libLib_EaBaseBoard.a(acc.o)
 .text.getStatus
                0x00002864       0x3c C:\Users\Ashray Jain\Desktop\EE2024 Workspace\Lib_EaBaseBoard\Debug\libLib_EaBaseBoard.a(acc.o)
 .text.getModeControl
                0x000028a0       0x3c C:\Users\Ashray Jain\Desktop\EE2024 Workspace\Lib_EaBaseBoard\Debug\libLib_EaBaseBoard.a(acc.o)
 .text.setModeControl
                0x000028dc       0x30 C:\Users\Ashray Jain\Desktop\EE2024 Workspace\Lib_EaBaseBoard\Debug\libLib_EaBaseBoard.a(acc.o)
 .text.acc_init
                0x0000290c       0x10 C:\Users\Ashray Jain\Desktop\EE2024 Workspace\Lib_EaBaseBoard\Debug\libLib_EaBaseBoard.a(acc.o)
                0x0000290c                acc_init
 .text.acc_read
                0x0000291c       0xb4 C:\Users\Ashray Jain\Desktop\EE2024 Workspace\Lib_EaBaseBoard\Debug\libLib_EaBaseBoard.a(acc.o)
                0x0000291c                acc_read
 .text.acc_setMode
                0x000029d0       0x3c C:\Users\Ashray Jain\Desktop\EE2024 Workspace\Lib_EaBaseBoard\Debug\libLib_EaBaseBoard.a(acc.o)
                0x000029d0                acc_setMode
 .text.led7seg_init
                0x00002a0c       0x24 C:\Users\Ashray Jain\Desktop\EE2024 Workspace\Lib_EaBaseBoard\Debug\libLib_EaBaseBoard.a(led7seg.o)
                0x00002a0c                led7seg_init
 .text.led7seg_setChar
                0x00002a30       0x88 C:\Users\Ashray Jain\Desktop\EE2024 Workspace\Lib_EaBaseBoard\Debug\libLib_EaBaseBoard.a(led7seg.o)
                0x00002a30                led7seg_setChar
 .text.I2CRead  0x00002ab8       0x64 C:\Users\Ashray Jain\Desktop\EE2024 Workspace\Lib_EaBaseBoard\Debug\libLib_EaBaseBoard.a(light.o)
 .text.I2CWrite
                0x00002b1c       0x64 C:\Users\Ashray Jain\Desktop\EE2024 Workspace\Lib_EaBaseBoard\Debug\libLib_EaBaseBoard.a(light.o)
 .text.readControlReg
                0x00002b80       0x3c C:\Users\Ashray Jain\Desktop\EE2024 Workspace\Lib_EaBaseBoard\Debug\libLib_EaBaseBoard.a(light.o)
 .text.light_init
                0x00002bbc        0xc C:\Users\Ashray Jain\Desktop\EE2024 Workspace\Lib_EaBaseBoard\Debug\libLib_EaBaseBoard.a(light.o)
                0x00002bbc                light_init
 .text.light_enable
                0x00002bc8       0x48 C:\Users\Ashray Jain\Desktop\EE2024 Workspace\Lib_EaBaseBoard\Debug\libLib_EaBaseBoard.a(light.o)
                0x00002bc8                light_enable
 .text.light_setRange
                0x00002c10       0xb0 C:\Users\Ashray Jain\Desktop\EE2024 Workspace\Lib_EaBaseBoard\Debug\libLib_EaBaseBoard.a(light.o)
                0x00002c10                light_setRange
 .text.light_setHiThreshold
                0x00002cc0       0x58 C:\Users\Ashray Jain\Desktop\EE2024 Workspace\Lib_EaBaseBoard\Debug\libLib_EaBaseBoard.a(light.o)
                0x00002cc0                light_setHiThreshold
 .text.light_setLoThreshold
                0x00002d18       0x58 C:\Users\Ashray Jain\Desktop\EE2024 Workspace\Lib_EaBaseBoard\Debug\libLib_EaBaseBoard.a(light.o)
                0x00002d18                light_setLoThreshold
 .text.light_clearIrqStatus
                0x00002d70       0x3c C:\Users\Ashray Jain\Desktop\EE2024 Workspace\Lib_EaBaseBoard\Debug\libLib_EaBaseBoard.a(light.o)
                0x00002d70                light_clearIrqStatus
 .text.writeCommand
                0x00002dac       0x60 C:\Users\Ashray Jain\Desktop\EE2024 Workspace\Lib_EaBaseBoard\Debug\libLib_EaBaseBoard.a(oled.o)
 .text.writeData
                0x00002e0c       0x60 C:\Users\Ashray Jain\Desktop\EE2024 Workspace\Lib_EaBaseBoard\Debug\libLib_EaBaseBoard.a(oled.o)
 .text.writeDataLen
                0x00002e6c       0x90 C:\Users\Ashray Jain\Desktop\EE2024 Workspace\Lib_EaBaseBoard\Debug\libLib_EaBaseBoard.a(oled.o)
 .text.runInitSequence
                0x00002efc      0x118 C:\Users\Ashray Jain\Desktop\EE2024 Workspace\Lib_EaBaseBoard\Debug\libLib_EaBaseBoard.a(oled.o)
 .text.hLine    0x00003014       0x58 C:\Users\Ashray Jain\Desktop\EE2024 Workspace\Lib_EaBaseBoard\Debug\libLib_EaBaseBoard.a(oled.o)
 .text.vLine    0x0000306c       0x58 C:\Users\Ashray Jain\Desktop\EE2024 Workspace\Lib_EaBaseBoard\Debug\libLib_EaBaseBoard.a(oled.o)
 .text.oled_init
                0x000030c4       0x9c C:\Users\Ashray Jain\Desktop\EE2024 Workspace\Lib_EaBaseBoard\Debug\libLib_EaBaseBoard.a(oled.o)
                0x000030c4                oled_init
 .text.oled_putPixel
                0x00003160      0x178 C:\Users\Ashray Jain\Desktop\EE2024 Workspace\Lib_EaBaseBoard\Debug\libLib_EaBaseBoard.a(oled.o)
                0x00003160                oled_putPixel
 .text.oled_fillRect
                0x000032d8       0xb4 C:\Users\Ashray Jain\Desktop\EE2024 Workspace\Lib_EaBaseBoard\Debug\libLib_EaBaseBoard.a(oled.o)
                0x000032d8                oled_fillRect
 .text.oled_clearScreen
                0x0000338c       0x74 C:\Users\Ashray Jain\Desktop\EE2024 Workspace\Lib_EaBaseBoard\Debug\libLib_EaBaseBoard.a(oled.o)
                0x0000338c                oled_clearScreen
 .text.oled_putChar
                0x00003400      0x100 C:\Users\Ashray Jain\Desktop\EE2024 Workspace\Lib_EaBaseBoard\Debug\libLib_EaBaseBoard.a(oled.o)
                0x00003400                oled_putChar
 .text.oled_putString
                0x00003500       0x58 C:\Users\Ashray Jain\Desktop\EE2024 Workspace\Lib_EaBaseBoard\Debug\libLib_EaBaseBoard.a(oled.o)
                0x00003500                oled_putString
 .text.I2CWrite
                0x00003558       0x64 C:\Users\Ashray Jain\Desktop\EE2024 Workspace\Lib_EaBaseBoard\Debug\libLib_EaBaseBoard.a(pca9532.o)
 .text.setLsStates
                0x000035bc       0xd0 C:\Users\Ashray Jain\Desktop\EE2024 Workspace\Lib_EaBaseBoard\Debug\libLib_EaBaseBoard.a(pca9532.o)
 .text.setLeds  0x0000368c       0xa4 C:\Users\Ashray Jain\Desktop\EE2024 Workspace\Lib_EaBaseBoard\Debug\libLib_EaBaseBoard.a(pca9532.o)
 .text.pca9532_init
                0x00003730        0xc C:\Users\Ashray Jain\Desktop\EE2024 Workspace\Lib_EaBaseBoard\Debug\libLib_EaBaseBoard.a(pca9532.o)
                0x00003730                pca9532_init
 .text.pca9532_setLeds
                0x0000373c       0xa4 C:\Users\Ashray Jain\Desktop\EE2024 Workspace\Lib_EaBaseBoard\Debug\libLib_EaBaseBoard.a(pca9532.o)
                0x0000373c                pca9532_setLeds
 .text.rgb_init
                0x000037e0       0x38 C:\Users\Ashray Jain\Desktop\EE2024 Workspace\Lib_EaBaseBoard\Debug\libLib_EaBaseBoard.a(rgb.o)
                0x000037e0                rgb_init
 .text.rgb_setLeds
                0x00003818       0x80 C:\Users\Ashray Jain\Desktop\EE2024 Workspace\Lib_EaBaseBoard\Debug\libLib_EaBaseBoard.a(rgb.o)
                0x00003818                rgb_setLeds
 .text.GPIO_GetPointer
                0x00003898       0x78 C:\Users\Ashray Jain\Desktop\EE2024 Workspace\Lib_MCU\Debug\libLib_MCU.a(lpc17xx_gpio.o)
 .text.GPIO_SetDir
                0x00003910       0x54 C:\Users\Ashray Jain\Desktop\EE2024 Workspace\Lib_MCU\Debug\libLib_MCU.a(lpc17xx_gpio.o)
                0x00003910                GPIO_SetDir
 .text.GPIO_SetValue
                0x00003964       0x2c C:\Users\Ashray Jain\Desktop\EE2024 Workspace\Lib_MCU\Debug\libLib_MCU.a(lpc17xx_gpio.o)
                0x00003964                GPIO_SetValue
 .text.GPIO_ClearValue
                0x00003990       0x2c C:\Users\Ashray Jain\Desktop\EE2024 Workspace\Lib_MCU\Debug\libLib_MCU.a(lpc17xx_gpio.o)
                0x00003990                GPIO_ClearValue
 .text.GPIO_ReadValue
                0x000039bc       0x38 C:\Users\Ashray Jain\Desktop\EE2024 Workspace\Lib_MCU\Debug\libLib_MCU.a(lpc17xx_gpio.o)
                0x000039bc                GPIO_ReadValue
 .text.I2C_getNum
                0x000039f4       0x60 C:\Users\Ashray Jain\Desktop\EE2024 Workspace\Lib_MCU\Debug\libLib_MCU.a(lpc17xx_i2c.o)
 .text.I2C_Start
                0x00003a54       0x40 C:\Users\Ashray Jain\Desktop\EE2024 Workspace\Lib_MCU\Debug\libLib_MCU.a(lpc17xx_i2c.o)
 .text.I2C_Stop
                0x00003a94       0x38 C:\Users\Ashray Jain\Desktop\EE2024 Workspace\Lib_MCU\Debug\libLib_MCU.a(lpc17xx_i2c.o)
 .text.I2C_SendByte
                0x00003acc       0x50 C:\Users\Ashray Jain\Desktop\EE2024 Workspace\Lib_MCU\Debug\libLib_MCU.a(lpc17xx_i2c.o)
 .text.I2C_GetByte
                0x00003b1c       0x58 C:\Users\Ashray Jain\Desktop\EE2024 Workspace\Lib_MCU\Debug\libLib_MCU.a(lpc17xx_i2c.o)
 .text.I2C_IntCmd
                0x00003b74       0xa8 C:\Users\Ashray Jain\Desktop\EE2024 Workspace\Lib_MCU\Debug\libLib_MCU.a(lpc17xx_i2c.o)
                0x00003b74                I2C_IntCmd
 .text.NVIC_EnableIRQ
                0x00003c1c       0x38 C:\Users\Ashray Jain\Desktop\EE2024 Workspace\Lib_MCU\Debug\libLib_MCU.a(lpc17xx_i2c.o)
 .text.NVIC_DisableIRQ
                0x00003c54       0x3c C:\Users\Ashray Jain\Desktop\EE2024 Workspace\Lib_MCU\Debug\libLib_MCU.a(lpc17xx_i2c.o)
 .text.I2C_MasterHandler
                0x00003c90      0x410 C:\Users\Ashray Jain\Desktop\EE2024 Workspace\Lib_MCU\Debug\libLib_MCU.a(lpc17xx_i2c.o)
                0x00003c90                I2C_MasterHandler
 .text.I2C_SetClock
                0x000040a0       0xc8 C:\Users\Ashray Jain\Desktop\EE2024 Workspace\Lib_MCU\Debug\libLib_MCU.a(lpc17xx_i2c.o)
                0x000040a0                I2C_SetClock
 .text.I2C_Init
                0x00004168       0xd4 C:\Users\Ashray Jain\Desktop\EE2024 Workspace\Lib_MCU\Debug\libLib_MCU.a(lpc17xx_i2c.o)
                0x00004168                I2C_Init
 .text.I2C_Cmd  0x0000423c       0x84 C:\Users\Ashray Jain\Desktop\EE2024 Workspace\Lib_MCU\Debug\libLib_MCU.a(lpc17xx_i2c.o)
                0x0000423c                I2C_Cmd
 .text.I2C_MasterTransferData
                0x000042c0      0x374 C:\Users\Ashray Jain\Desktop\EE2024 Workspace\Lib_MCU\Debug\libLib_MCU.a(lpc17xx_i2c.o)
                0x000042c0                I2C_MasterTransferData
 .text.PINSEL_SetPinFunc
                0x00004634       0xa4 C:\Users\Ashray Jain\Desktop\EE2024 Workspace\Lib_MCU\Debug\libLib_MCU.a(lpc17xx_pinsel.o)
                0x00004634                PINSEL_SetPinFunc
 .text.PINSEL_SetResistorMode
                0x000046d8       0xa4 C:\Users\Ashray Jain\Desktop\EE2024 Workspace\Lib_MCU\Debug\libLib_MCU.a(lpc17xx_pinsel.o)
                0x000046d8                PINSEL_SetResistorMode
 .text.PINSEL_SetOpenDrainMode
                0x0000477c       0x84 C:\Users\Ashray Jain\Desktop\EE2024 Workspace\Lib_MCU\Debug\libLib_MCU.a(lpc17xx_pinsel.o)
                0x0000477c                PINSEL_SetOpenDrainMode
 .text.PINSEL_ConfigPin
                0x00004800       0x4c C:\Users\Ashray Jain\Desktop\EE2024 Workspace\Lib_MCU\Debug\libLib_MCU.a(lpc17xx_pinsel.o)
                0x00004800                PINSEL_ConfigPin
 .text.SSP_getNum
                0x0000484c       0x48 C:\Users\Ashray Jain\Desktop\EE2024 Workspace\Lib_MCU\Debug\libLib_MCU.a(lpc17xx_ssp.o)
 .text.SSP_IntHandler
                0x00004894      0x324 C:\Users\Ashray Jain\Desktop\EE2024 Workspace\Lib_MCU\Debug\libLib_MCU.a(lpc17xx_ssp.o)
                0x00004894                SSP_IntHandler
 .text.SSP_SetClock
                0x00004bb8       0xf8 C:\Users\Ashray Jain\Desktop\EE2024 Workspace\Lib_MCU\Debug\libLib_MCU.a(lpc17xx_ssp.o)
                0x00004bb8                SSP_SetClock
 .text.SSP_Init
                0x00004cb0      0x10c C:\Users\Ashray Jain\Desktop\EE2024 Workspace\Lib_MCU\Debug\libLib_MCU.a(lpc17xx_ssp.o)
                0x00004cb0                SSP_Init
 .text.SSP_ConfigStructInit
                0x00004dbc       0x48 C:\Users\Ashray Jain\Desktop\EE2024 Workspace\Lib_MCU\Debug\libLib_MCU.a(lpc17xx_ssp.o)
                0x00004dbc                SSP_ConfigStructInit
 .text.SSP_Cmd  0x00004e04       0x7c C:\Users\Ashray Jain\Desktop\EE2024 Workspace\Lib_MCU\Debug\libLib_MCU.a(lpc17xx_ssp.o)
                0x00004e04                SSP_Cmd
 .text.SSP_SendData
                0x00004e80       0x48 C:\Users\Ashray Jain\Desktop\EE2024 Workspace\Lib_MCU\Debug\libLib_MCU.a(lpc17xx_ssp.o)
                0x00004e80                SSP_SendData
 .text.SSP_ReceiveData
                0x00004ec8       0x44 C:\Users\Ashray Jain\Desktop\EE2024 Workspace\Lib_MCU\Debug\libLib_MCU.a(lpc17xx_ssp.o)
                0x00004ec8                SSP_ReceiveData
 .text.SSP_ReadWrite
                0x00004f0c      0x448 C:\Users\Ashray Jain\Desktop\EE2024 Workspace\Lib_MCU\Debug\libLib_MCU.a(lpc17xx_ssp.o)
                0x00004f0c                SSP_ReadWrite
 .text.TIM_GetPClock
                0x00005354       0x68 C:\Users\Ashray Jain\Desktop\EE2024 Workspace\Lib_MCU\Debug\libLib_MCU.a(lpc17xx_timer.o)
                0x00005354                TIM_GetPClock
 .text.TIM_ConverUSecToVal
                0x000053bc       0x68 C:\Users\Ashray Jain\Desktop\EE2024 Workspace\Lib_MCU\Debug\libLib_MCU.a(lpc17xx_timer.o)
                0x000053bc                TIM_ConverUSecToVal
 .text.TIM_ConverPtrToTimeNum
                0x00005424       0x74 C:\Users\Ashray Jain\Desktop\EE2024 Workspace\Lib_MCU\Debug\libLib_MCU.a(lpc17xx_timer.o)
                0x00005424                TIM_ConverPtrToTimeNum
 .text.TIM_ClearIntPending
                0x00005498       0xa8 C:\Users\Ashray Jain\Desktop\EE2024 Workspace\Lib_MCU\Debug\libLib_MCU.a(lpc17xx_timer.o)
                0x00005498                TIM_ClearIntPending
 .text.TIM_Init
                0x00005540      0x1cc C:\Users\Ashray Jain\Desktop\EE2024 Workspace\Lib_MCU\Debug\libLib_MCU.a(lpc17xx_timer.o)
                0x00005540                TIM_Init
 .text.TIM_Cmd  0x0000570c       0x7c C:\Users\Ashray Jain\Desktop\EE2024 Workspace\Lib_MCU\Debug\libLib_MCU.a(lpc17xx_timer.o)
                0x0000570c                TIM_Cmd
 .text.TIM_ResetCounter
                0x00005788       0x70 C:\Users\Ashray Jain\Desktop\EE2024 Workspace\Lib_MCU\Debug\libLib_MCU.a(lpc17xx_timer.o)
                0x00005788                TIM_ResetCounter
 .text.TIM_ConfigMatch
                0x000057f8      0x1a0 C:\Users\Ashray Jain\Desktop\EE2024 Workspace\Lib_MCU\Debug\libLib_MCU.a(lpc17xx_timer.o)
                0x000057f8                TIM_ConfigMatch
 .text.uart_set_divisors
                0x00005998      0x26c C:\Users\Ashray Jain\Desktop\EE2024 Workspace\Lib_MCU\Debug\libLib_MCU.a(lpc17xx_uart.o)
                0x00005998                uart_set_divisors
 .text.UART_Init
                0x00005c04      0x360 C:\Users\Ashray Jain\Desktop\EE2024 Workspace\Lib_MCU\Debug\libLib_MCU.a(lpc17xx_uart.o)
                0x00005c04                UART_Init
 .text.UART_SendData
                0x00005f64       0x78 C:\Users\Ashray Jain\Desktop\EE2024 Workspace\Lib_MCU\Debug\libLib_MCU.a(lpc17xx_uart.o)
                0x00005f64                UART_SendData
 .text.UART_ReceiveData
                0x00005fdc       0x7c C:\Users\Ashray Jain\Desktop\EE2024 Workspace\Lib_MCU\Debug\libLib_MCU.a(lpc17xx_uart.o)
                0x00005fdc                UART_ReceiveData
 .text.UART_IntConfig
                0x00006058      0x1d4 C:\Users\Ashray Jain\Desktop\EE2024 Workspace\Lib_MCU\Debug\libLib_MCU.a(lpc17xx_uart.o)
                0x00006058                UART_IntConfig
 .text.UART_TxCmd
                0x0000622c       0xf0 C:\Users\Ashray Jain\Desktop\EE2024 Workspace\Lib_MCU\Debug\libLib_MCU.a(lpc17xx_uart.o)
                0x0000622c                UART_TxCmd
 .text.UART_Send
                0x0000631c      0x100 C:\Users\Ashray Jain\Desktop\EE2024 Workspace\Lib_MCU\Debug\libLib_MCU.a(lpc17xx_uart.o)
                0x0000631c                UART_Send
 .text.UART_Receive
                0x0000641c       0xc8 C:\Users\Ashray Jain\Desktop\EE2024 Workspace\Lib_MCU\Debug\libLib_MCU.a(lpc17xx_uart.o)
                0x0000641c                UART_Receive
 .text.CLKPWR_SetPCLKDiv
                0x000064e4       0xd0 C:\Users\Ashray Jain\Desktop\EE2024 Workspace\Lib_MCU\Debug\libLib_MCU.a(lpc17xx_clkpwr.o)
                0x000064e4                CLKPWR_SetPCLKDiv
 .text.CLKPWR_GetPCLKSEL
                0x000065b4       0x54 C:\Users\Ashray Jain\Desktop\EE2024 Workspace\Lib_MCU\Debug\libLib_MCU.a(lpc17xx_clkpwr.o)
                0x000065b4                CLKPWR_GetPCLKSEL
 .text.CLKPWR_GetPCLK
                0x00006608       0x70 C:\Users\Ashray Jain\Desktop\EE2024 Workspace\Lib_MCU\Debug\libLib_MCU.a(lpc17xx_clkpwr.o)
                0x00006608                CLKPWR_GetPCLK
 .text.CLKPWR_ConfigPPWR
                0x00006678       0x7c C:\Users\Ashray Jain\Desktop\EE2024 Workspace\Lib_MCU\Debug\libLib_MCU.a(lpc17xx_clkpwr.o)
                0x00006678                CLKPWR_ConfigPPWR
 .text          0x000066f4      0x370 c:/nxp/lpcxpresso_3.6.3_317/tools/bin/../lib/gcc/arm-none-eabi/4.3.3/thumb2\libgcc.a(_arm_addsubdf3.o)
                0x00006a08                __floatdidf
                0x00006998                __floatsidf
                0x00006978                __aeabi_ui2d
                0x000066f4                __aeabi_drsub
                0x000069bc                __extendsfdf2
                0x00006700                __adddf3
                0x00006978                __floatunsidf
                0x00006700                __aeabi_dadd
                0x000069f8                __aeabi_ul2d
                0x000066fc                __aeabi_dsub
                0x000069f8                __floatundidf
                0x00006998                __aeabi_i2d
                0x00006a08                __aeabi_l2d
                0x000069bc                __aeabi_f2d
                0x000066fc                __subdf3
 .text          0x00006a64      0x424 c:/nxp/lpcxpresso_3.6.3_317/tools/bin/../lib/gcc/arm-none-eabi/4.3.3/thumb2\libgcc.a(_arm_muldivdf3.o)
                0x00006cb8                __aeabi_ddiv
                0x00006a64                __aeabi_dmul
                0x00006cb8                __divdf3
                0x00006a64                __muldf3
 .text          0x00006e88       0xa0 c:/nxp/lpcxpresso_3.6.3_317/tools/bin/../lib/gcc/arm-none-eabi/4.3.3/thumb2\libgcc.a(_arm_truncdfsf2.o)
                0x00006e88                __aeabi_d2f
                0x00006e88                __truncdfsf2
 .text          0x00006f28      0x21c c:/nxp/lpcxpresso_3.6.3_317/tools/bin/../lib/gcc/arm-none-eabi/4.3.3/thumb2\libgcc.a(_arm_addsubsf3.o)
                0x00006f34                __aeabi_fadd
                0x00006f30                __subsf3
                0x0000709c                __aeabi_i2f
                0x00006f30                __aeabi_fsub
                0x000070c8                __floatdisf
                0x0000709c                __floatsisf
                0x000070b8                __floatundisf
                0x00007094                __aeabi_ui2f
                0x000070c8                __aeabi_l2f
                0x000070b8                __aeabi_ul2f
                0x00006f28                __aeabi_frsub
                0x00007094                __floatunsisf
                0x00006f34                __addsf3
 .text          0x00007144      0x2a0 c:/nxp/lpcxpresso_3.6.3_317/tools/bin/../lib/gcc/arm-none-eabi/4.3.3/thumb2\libgcc.a(_arm_muldivsf3.o)
                0x000072ac                __divsf3
                0x000072ac                __aeabi_fdiv
                0x00007144                __mulsf3
                0x00007144                __aeabi_fmul
 .text          0x000073e4       0xec c:/nxp/lpcxpresso_3.6.3_317/tools/bin/../lib/gcc/arm-none-eabi/4.3.3/thumb2\libgcc.a(_arm_cmpsf2.o)
                0x000074bc                __aeabi_fcmpgt
                0x000073ec                __lesf2
                0x000073f4                __nesf2
                0x000074a8                __aeabi_fcmpge
                0x000073e4                __gtsf2
                0x00007494                __aeabi_fcmple
                0x000073f4                __eqsf2
                0x000073f4                __cmpsf2
                0x000073ec                __ltsf2
                0x0000745c                __aeabi_cfcmple
                0x000073e4                __gesf2
                0x0000746c                __aeabi_fcmpeq
                0x00007454                __aeabi_cfrcmple
                0x00007480                __aeabi_fcmplt
                0x0000745c                __aeabi_cfcmpeq
 .text          0x000074d0       0x4c c:/nxp/lpcxpresso_3.6.3_317/tools/bin/../lib/gcc/arm-none-eabi/4.3.3/thumb2\libgcc.a(_arm_fixsfsi.o)
                0x000074d0                __fixsfsi
                0x000074d0                __aeabi_f2iz
 .text          0x0000751c       0x2c c:/nxp/lpcxpresso_3.6.3_317/tools/bin/../lib/gcc/arm-none-eabi/4.3.3/thumb2\libgcc.a(_aeabi_uldivmod.o)
                0x0000751c                __aeabi_uldivmod
 .text          0x00007548       0x60 c:/nxp/lpcxpresso_3.6.3_317/tools/bin/../lib/gcc/arm-none-eabi/4.3.3/thumb2\libgcc.a(bpabi.o)
                0x00007548                __gnu_uldivmod_helper
                0x00007578                __gnu_ldivmod_helper
 .text          0x000075a8        0x4 c:/nxp/lpcxpresso_3.6.3_317/tools/bin/../lib/gcc/arm-none-eabi/4.3.3/thumb2\libgcc.a(_dvmd_tls.o)
                0x000075a8                __aeabi_ldiv0
                0x000075a8                __aeabi_idiv0
 .text          0x000075ac      0x40c c:/nxp/lpcxpresso_3.6.3_317/tools/bin/../lib/gcc/arm-none-eabi/4.3.3/thumb2\libgcc.a(_divdi3.o)
                0x000075ac                __divdi3
 .text          0x000079b8      0x3cc c:/nxp/lpcxpresso_3.6.3_317/tools/bin/../lib/gcc/arm-none-eabi/4.3.3/thumb2\libgcc.a(_udivdi3.o)
                0x000079b8                __udivdi3
 .text          0x00007d84       0x8c c:/nxp/lpcxpresso_3.6.3_317/tools/bin/../lib/gcc/arm-none-eabi/4.3.3/thumb2\libgcc.a(_udivsi3.o)
                0x00007d84                __udivsi3
                0x00007d84                __aeabi_uidiv
                0x00007dfc                __aeabi_uidivmod
 .text          0x00007e10      0x12c c:/nxp/lpcxpresso_3.6.3_317/tools/bin/../lib/gcc/arm-none-eabi/4.3.3/../../../../arm-none-eabi/lib/thumb2\libc.a(lib_a-memcpy.o)
                0x00007e10                memcpy
 .text          0x00007f3c       0xb0 c:/nxp/lpcxpresso_3.6.3_317/tools/bin/../lib/gcc/arm-none-eabi/4.3.3/../../../../arm-none-eabi/lib/thumb2\libc.a(lib_a-memset.o)
                0x00007f3c                memset
 .text          0x00007fec       0x60 c:/nxp/lpcxpresso_3.6.3_317/tools/bin/../lib/gcc/arm-none-eabi/4.3.3/../../../../arm-none-eabi/lib/thumb2\libc.a(lib_a-printf.o)
                0x00007fec                printf
                0x00008020                _printf_r
 .text          0x0000804c       0x8c c:/nxp/lpcxpresso_3.6.3_317/tools/bin/../lib/gcc/arm-none-eabi/4.3.3/../../../../arm-none-eabi/lib/thumb2\libc.a(lib_a-sprintf.o)
                0x00008098                _sprintf_r
                0x0000804c                sprintf
 .text          0x000080d8       0x80 c:/nxp/lpcxpresso_3.6.3_317/tools/bin/../lib/gcc/arm-none-eabi/4.3.3/../../../../arm-none-eabi/lib/thumb2\libc.a(lib_a-strcasecmp.o)
                0x000080d8                strcasecmp
 .text          0x00008158       0x48 c:/nxp/lpcxpresso_3.6.3_317/tools/bin/../lib/gcc/arm-none-eabi/4.3.3/../../../../arm-none-eabi/lib/thumb2\libc.a(lib_a-strcat.o)
                0x00008158                strcat
 .text          0x000081a0       0xbc c:/nxp/lpcxpresso_3.6.3_317/tools/bin/../lib/gcc/arm-none-eabi/4.3.3/../../../../arm-none-eabi/lib/thumb2\libc.a(lib_a-strcpy.o)
                0x000081a0                strcpy
 .text          0x0000825c       0x60 c:/nxp/lpcxpresso_3.6.3_317/tools/bin/../lib/gcc/arm-none-eabi/4.3.3/../../../../arm-none-eabi/lib/thumb2\libc.a(lib_a-strlen.o)
                0x0000825c                strlen
 .text          0x000082bc     0x1488 c:/nxp/lpcxpresso_3.6.3_317/tools/bin/../lib/gcc/arm-none-eabi/4.3.3/../../../../arm-none-eabi/lib/thumb2\libc.a(lib_a-svfprintf.o)
                0x000083b8                _svfprintf_r
 .text          0x00009744     0x1724 c:/nxp/lpcxpresso_3.6.3_317/tools/bin/../lib/gcc/arm-none-eabi/4.3.3/../../../../arm-none-eabi/lib/thumb2\libc.a(lib_a-vfprintf.o)
                0x00009760                _vfprintf_r
                0x0000ae4c                vfprintf
 .text          0x0000ae68      0x100 c:/nxp/lpcxpresso_3.6.3_317/tools/bin/../lib/gcc/arm-none-eabi/4.3.3/../../../../arm-none-eabi/lib/thumb2\libc.a(lib_a-wsetup.o)
                0x0000ae68                __swsetup_r
 .text          0x0000af68      0xf88 c:/nxp/lpcxpresso_3.6.3_317/tools/bin/../lib/gcc/arm-none-eabi/4.3.3/../../../../arm-none-eabi/lib/thumb2\libc.a(lib_a-dtoa.o)
                0x0000b098                _dtoa_r
 .text          0x0000bef0      0x178 c:/nxp/lpcxpresso_3.6.3_317/tools/bin/../lib/gcc/arm-none-eabi/4.3.3/../../../../arm-none-eabi/lib/thumb2\libc.a(lib_a-fflush.o)
                0x0000c038                fflush
                0x0000bef0                _fflush_r
 .text          0x0000c068      0x1e8 c:/nxp/lpcxpresso_3.6.3_317/tools/bin/../lib/gcc/arm-none-eabi/4.3.3/../../../../arm-none-eabi/lib/thumb2\libc.a(lib_a-findfp.o)
                0x0000c1f0                __sinit
                0x0000c134                __sfmoreglue
                0x0000c0c8                _cleanup
                0x0000c0b8                _cleanup_r
                0x0000c09c                __fp_lock_all
                0x0000c068                __sfp_lock_acquire
                0x0000c160                __sfp
                0x0000c074                __sinit_lock_release
                0x0000c080                __fp_unlock_all
                0x0000c06c                __sfp_lock_release
                0x0000c070                __sinit_lock_acquire
 .text          0x0000c250      0x238 c:/nxp/lpcxpresso_3.6.3_317/tools/bin/../lib/gcc/arm-none-eabi/4.3.3/../../../../arm-none-eabi/lib/thumb2\libc.a(lib_a-freer.o)
                0x0000c2fc                _free_r
                0x0000c250                _malloc_trim_r
 .text          0x0000c488      0x2e8 c:/nxp/lpcxpresso_3.6.3_317/tools/bin/../lib/gcc/arm-none-eabi/4.3.3/../../../../arm-none-eabi/lib/thumb2\libc.a(lib_a-fvwrite.o)
                0x0000c488                __sfvwrite_r
 .text          0x0000c770       0xb0 c:/nxp/lpcxpresso_3.6.3_317/tools/bin/../lib/gcc/arm-none-eabi/4.3.3/../../../../arm-none-eabi/lib/thumb2\libc.a(lib_a-fwalk.o)
                0x0000c7c8                _fwalk
                0x0000c770                _fwalk_reent
 .text          0x0000c820       0x74 c:/nxp/lpcxpresso_3.6.3_317/tools/bin/../lib/gcc/arm-none-eabi/4.3.3/../../../../arm-none-eabi/lib/thumb2\libc.a(lib_a-locale.o)
                0x0000c83c                _setlocale_r
                0x0000c820                __locale_charset
                0x0000c82c                _localeconv_r
                0x0000c87c                setlocale
                0x0000c834                localeconv
 .text          0x0000c894       0xe0 c:/nxp/lpcxpresso_3.6.3_317/tools/bin/../lib/gcc/arm-none-eabi/4.3.3/../../../../arm-none-eabi/lib/thumb2\libc.a(lib_a-makebuf.o)
                0x0000c894                __smakebuf_r
 .text          0x0000c974       0x28 c:/nxp/lpcxpresso_3.6.3_317/tools/bin/../lib/gcc/arm-none-eabi/4.3.3/../../../../arm-none-eabi/lib/thumb2\libc.a(lib_a-malloc.o)
                0x0000c988                malloc
                0x0000c974                free
 .text          0x0000c99c      0x530 c:/nxp/lpcxpresso_3.6.3_317/tools/bin/../lib/gcc/arm-none-eabi/4.3.3/../../../../arm-none-eabi/lib/thumb2\libc.a(lib_a-mallocr.o)
                0x0000c99c                _malloc_r
 .text          0x0000cecc       0x7c c:/nxp/lpcxpresso_3.6.3_317/tools/bin/../lib/gcc/arm-none-eabi/4.3.3/../../../../arm-none-eabi/lib/thumb2\libc.a(lib_a-memchr.o)
                0x0000cecc                memchr
 .text          0x0000cf48       0xc0 c:/nxp/lpcxpresso_3.6.3_317/tools/bin/../lib/gcc/arm-none-eabi/4.3.3/../../../../arm-none-eabi/lib/thumb2\libc.a(lib_a-memmove.o)
                0x0000cf48                memmove
 .text          0x0000d008        0x8 c:/nxp/lpcxpresso_3.6.3_317/tools/bin/../lib/gcc/arm-none-eabi/4.3.3/../../../../arm-none-eabi/lib/thumb2\libc.a(lib_a-mlock.o)
                0x0000d00c                __malloc_unlock
                0x0000d008                __malloc_lock
 .text          0x0000d010      0x92c c:/nxp/lpcxpresso_3.6.3_317/tools/bin/../lib/gcc/arm-none-eabi/4.3.3/../../../../arm-none-eabi/lib/thumb2\libc.a(lib_a-mprec.o)
                0x0000d23c                _mprec_log10
                0x0000d2c8                __any_on
                0x0000d35c                _Balloc
                0x0000d1e8                __ratio
                0x0000d764                __i2b
                0x0000d13c                __b2d
                0x0000d8a8                __s2b
                0x0000d0b4                __mcmp
                0x0000d010                __hi0bits
                0x0000d7f4                __pow5mult
                0x0000d580                __lshift
                0x0000d634                __multiply
                0x0000d3cc                __d2b
                0x0000d278                __copybits
                0x0000d0f4                __ulp
                0x0000d484                __mdiff
                0x0000d050                __lo0bits
                0x0000d778                __multadd
                0x0000d32c                _Bfree
 .text          0x0000d93c      0x388 c:/nxp/lpcxpresso_3.6.3_317/tools/bin/../lib/gcc/arm-none-eabi/4.3.3/../../../../arm-none-eabi/lib/thumb2\libc.a(lib_a-reallocr.o)
                0x0000d93c                _realloc_r
 .text          0x0000dcc4       0x28 c:/nxp/lpcxpresso_3.6.3_317/tools/bin/../lib/gcc/arm-none-eabi/4.3.3/../../../../arm-none-eabi/lib/thumb2\libc.a(lib_a-s_isinfd.o)
                0x0000dcc4                __isinfd
 .text          0x0000dcec       0x1c c:/nxp/lpcxpresso_3.6.3_317/tools/bin/../lib/gcc/arm-none-eabi/4.3.3/../../../../arm-none-eabi/lib/thumb2\libc.a(lib_a-s_isnand.o)
                0x0000dcec                __isnand
 .text          0x0000dd08       0x28 c:/nxp/lpcxpresso_3.6.3_317/tools/bin/../lib/gcc/arm-none-eabi/4.3.3/../../../../arm-none-eabi/lib/thumb2\libc.a(lib_a-sbrkr.o)
                0x0000dd08                _sbrk_r
 .text          0x0000dd30       0x94 c:/nxp/lpcxpresso_3.6.3_317/tools/bin/../lib/gcc/arm-none-eabi/4.3.3/../../../../arm-none-eabi/lib/thumb2\libc.a(lib_a-stdio.o)
                0x0000dd3c                __sseek
                0x0000dda0                __sread
                0x0000dd30                __sclose
                0x0000dd64                __swrite
 .text          0x0000ddc4      0x1dc c:/nxp/lpcxpresso_3.6.3_317/tools/bin/../lib/gcc/arm-none-eabi/4.3.3/../../../../arm-none-eabi/lib/thumb2\libc.a(lib_a-strcmp.o)
                0x0000ddc4                strcmp
 .text          0x0000dfa0       0x2c c:/nxp/lpcxpresso_3.6.3_317/tools/bin/../lib/gcc/arm-none-eabi/4.3.3/../../../../arm-none-eabi/lib/thumb2\libc.a(lib_a-writer.o)
                0x0000dfa0                _write_r
 .text          0x0000dfcc       0x5c c:/nxp/lpcxpresso_3.6.3_317/tools/bin/../lib/gcc/arm-none-eabi/4.3.3/../../../../arm-none-eabi/lib/thumb2\libc.a(lib_a-callocr.o)
                0x0000dfcc                _calloc_r
 .text          0x0000e028       0x28 c:/nxp/lpcxpresso_3.6.3_317/tools/bin/../lib/gcc/arm-none-eabi/4.3.3/../../../../arm-none-eabi/lib/thumb2\libc.a(lib_a-closer.o)
                0x0000e028                _close_r
 .text          0x0000e050       0xcc c:/nxp/lpcxpresso_3.6.3_317/tools/bin/../lib/gcc/arm-none-eabi/4.3.3/../../../../arm-none-eabi/lib/thumb2\libc.a(lib_a-fclose.o)
                0x0000e050                _fclose_r
                0x0000e108                fclose
 .text          0x0000e11c       0x2c c:/nxp/lpcxpresso_3.6.3_317/tools/bin/../lib/gcc/arm-none-eabi/4.3.3/../../../../arm-none-eabi/lib/thumb2\libc.a(lib_a-fstatr.o)
                0x0000e11c                _fstat_r
 .text          0x0000e148       0x28 c:/nxp/lpcxpresso_3.6.3_317/tools/bin/../lib/gcc/arm-none-eabi/4.3.3/../../../../arm-none-eabi/lib/thumb2\libc.a(lib_a-isattyr.o)
                0x0000e148                _isatty_r
 .text          0x0000e170       0x2c c:/nxp/lpcxpresso_3.6.3_317/tools/bin/../lib/gcc/arm-none-eabi/4.3.3/../../../../arm-none-eabi/lib/thumb2\libc.a(lib_a-lseekr.o)
                0x0000e170                _lseek_r
 .text          0x0000e19c       0x2c c:/nxp/lpcxpresso_3.6.3_317/tools/bin/../lib/gcc/arm-none-eabi/4.3.3/../../../../arm-none-eabi/lib/thumb2\libc.a(lib_a-readr.o)
                0x0000e19c                _read_r
 .text.initialise_monitor_handles
                0x0000e1c8       0xbc c:/nxp/lpcxpresso_3.6.3_317/tools/bin/../lib/gcc/arm-none-eabi/4.3.3/../../../../arm-none-eabi/lib/thumb2\libcr_newlib_semihost.a(syscalls.o)
 .text._sbrk    0x0000e284       0x7c c:/nxp/lpcxpresso_3.6.3_317/tools/bin/../lib/gcc/arm-none-eabi/4.3.3/../../../../arm-none-eabi/lib/thumb2\libcr_newlib_semihost.a(syscalls.o)
                0x0000e284                _sbrk
 .text._swilseek
                0x0000e300       0xdc c:/nxp/lpcxpresso_3.6.3_317/tools/bin/../lib/gcc/arm-none-eabi/4.3.3/../../../../arm-none-eabi/lib/thumb2\libcr_newlib_semihost.a(syscalls.o)
                0x0000e300                _swilseek
 .text._lseek   0x0000e3dc        0x8 c:/nxp/lpcxpresso_3.6.3_317/tools/bin/../lib/gcc/arm-none-eabi/4.3.3/../../../../arm-none-eabi/lib/thumb2\libcr_newlib_semihost.a(syscalls.o)
                0x0000e3dc                _lseek
 .text._isatty  0x0000e3e4       0x60 c:/nxp/lpcxpresso_3.6.3_317/tools/bin/../lib/gcc/arm-none-eabi/4.3.3/../../../../arm-none-eabi/lib/thumb2\libcr_newlib_semihost.a(syscalls.o)
                0x0000e3e4                _isatty
 .text._close   0x0000e444       0x9c c:/nxp/lpcxpresso_3.6.3_317/tools/bin/../lib/gcc/arm-none-eabi/4.3.3/../../../../arm-none-eabi/lib/thumb2\libcr_newlib_semihost.a(syscalls.o)
                0x0000e444                _close
 .text._read    0x0000e4e0       0x84 c:/nxp/lpcxpresso_3.6.3_317/tools/bin/../lib/gcc/arm-none-eabi/4.3.3/../../../../arm-none-eabi/lib/thumb2\libcr_newlib_semihost.a(syscalls.o)
                0x0000e4e0                _read
 .text._write   0x0000e564       0xa8 c:/nxp/lpcxpresso_3.6.3_317/tools/bin/../lib/gcc/arm-none-eabi/4.3.3/../../../../arm-none-eabi/lib/thumb2\libcr_newlib_semihost.a(syscalls.o)
                0x0000e564                _write
 .text._fstat   0x0000e60c       0x80 c:/nxp/lpcxpresso_3.6.3_317/tools/bin/../lib/gcc/arm-none-eabi/4.3.3/../../../../arm-none-eabi/lib/thumb2\libcr_newlib_semihost.a(syscalls.o)
                0x0000e60c                _fstat
 .text          0x0000e68c      0x110 c:/nxp/lpcxpresso_3.6.3_317/tools/bin/../lib/gcc/arm-none-eabi/4.3.3/thumb2\libgcc.a(_arm_cmpdf2.o)
                0x0000e760                __aeabi_dcmple
                0x0000e69c                __cmpdf2
                0x0000e69c                __eqdf2
                0x0000e68c                __gtdf2
                0x0000e728                __aeabi_cdcmple
                0x0000e718                __aeabi_cdrcmple
                0x0000e694                __ltdf2
                0x0000e74c                __aeabi_dcmplt
                0x0000e694                __ledf2
                0x0000e788                __aeabi_dcmpgt
                0x0000e774                __aeabi_dcmpge
                0x0000e69c                __nedf2
                0x0000e738                __aeabi_dcmpeq
                0x0000e728                __aeabi_cdcmpeq
                0x0000e68c                __gedf2
 .text          0x0000e79c       0x50 c:/nxp/lpcxpresso_3.6.3_317/tools/bin/../lib/gcc/arm-none-eabi/4.3.3/thumb2\libgcc.a(_arm_fixdfsi.o)
                0x0000e79c                __fixdfsi
                0x0000e79c                __aeabi_d2iz
 .text          0x0000e7ec        0xc c:/nxp/lpcxpresso_3.6.3_317/tools/bin/../lib/gcc/arm-none-eabi/4.3.3/../../../../arm-none-eabi/lib/thumb2\libc.a(lib_a-errno.o)
                0x0000e7ec                __errno
 *(.rodata .rodata.*)
 .rodata        0x0000e7f8      0x198 ./src/main.o
                0x0000e8dc                REPLY_ACK
                0x0000e7fe                RESET_PIN
                0x0000e808                ACC_THRESHOLD
                0x0000e810                notes
                0x0000e804                TEMP_UPPER_LIMIT
                0x0000e878                MESSAGE_READY
                0x0000e80c                FREQ_UPDATE_PERIOD_MS
                0x0000e8f4                CMD_RESET_TO_STDBY
                0x0000e800                LIGHT_PORT
                0x0000e7f8                CALIBRATED_PORT
                0x0000e848                tempStateStringMap
                0x0000e8b4                MESSAGE_CONFIRM_ENTER_STDBY
                0x0000e7fc                RESET_PORT
                0x0000e7fa                CALIBRATED_PIN
                0x0000e863                radiationStateStringMap
                0x0000e8e4                REPLY_NOT_ACK
                0x0000e8c8                MESSAGE_REPORT_TEMPLATE
                0x0000e8ec                CMD_RESET_TO_CALIB
                0x0000e806                ACC_UPDATE_PERIOD_MS
                0x0000e802                LIGHT_PIN
                0x0000e8a0                MESSAGE_CONFIRM_ENTER_CALIB
                0x0000e88c                MESSAGE_HANDSHAKE_CONFIRM
 .rodata        0x0000e990        0x8 C:\Users\Ashray Jain\Desktop\EE2024 Workspace\Lib_EaBaseBoard\Debug\libLib_EaBaseBoard.a(oled.o)
 .rodata        0x0000e998        0x4 C:\Users\Ashray Jain\Desktop\EE2024 Workspace\Lib_EaBaseBoard\Debug\libLib_EaBaseBoard.a(pca9532.o)
 .rodata        0x0000e99c      0x318 C:\Users\Ashray Jain\Desktop\EE2024 Workspace\Lib_EaBaseBoard\Debug\libLib_EaBaseBoard.a(font5x7.o)
                0x0000e99c                font5x7
 .rodata        0x0000ecb4       0x18 C:\Users\Ashray Jain\Desktop\EE2024 Workspace\Lib_MCU\Debug\libLib_MCU.a(lpc17xx_i2c.o)
 .rodata        0x0000eccc       0x18 C:\Users\Ashray Jain\Desktop\EE2024 Workspace\Lib_MCU\Debug\libLib_MCU.a(lpc17xx_ssp.o)
 .rodata        0x0000ece4       0x18 C:\Users\Ashray Jain\Desktop\EE2024 Workspace\Lib_MCU\Debug\libLib_MCU.a(lpc17xx_timer.o)
 .rodata        0x0000ecfc       0x18 C:\Users\Ashray Jain\Desktop\EE2024 Workspace\Lib_MCU\Debug\libLib_MCU.a(lpc17xx_uart.o)
 .rodata        0x0000ed14      0x100 c:/nxp/lpcxpresso_3.6.3_317/tools/bin/../lib/gcc/arm-none-eabi/4.3.3/thumb2\libgcc.a(_clz.o)
                0x0000ed14                __clz_tab
 .rodata        0x0000ee14       0x20 c:/nxp/lpcxpresso_3.6.3_317/tools/bin/../lib/gcc/arm-none-eabi/4.3.3/../../../../arm-none-eabi/lib/thumb2\libc.a(lib_a-svfprintf.o)
 .rodata.str1.4
                0x0000ee34       0x5e c:/nxp/lpcxpresso_3.6.3_317/tools/bin/../lib/gcc/arm-none-eabi/4.3.3/../../../../arm-none-eabi/lib/thumb2\libc.a(lib_a-svfprintf.o)
                                 0x60 (size before relaxing)
 .rodata        0x0000ee92       0x20 c:/nxp/lpcxpresso_3.6.3_317/tools/bin/../lib/gcc/arm-none-eabi/4.3.3/../../../../arm-none-eabi/lib/thumb2\libc.a(lib_a-vfprintf.o)
 .rodata.str1.4
                0x00000000       0x60 c:/nxp/lpcxpresso_3.6.3_317/tools/bin/../lib/gcc/arm-none-eabi/4.3.3/../../../../arm-none-eabi/lib/thumb2\libc.a(lib_a-vfprintf.o)
 .rodata        0x0000eeb2      0x101 c:/nxp/lpcxpresso_3.6.3_317/tools/bin/../lib/gcc/arm-none-eabi/4.3.3/../../../../arm-none-eabi/lib/thumb2\libc.a(lib_a-ctype_.o)
                0x0000eeb2                _ctype_
 *fill*         0x0000efb3        0x1 00
 .rodata.str1.4
                0x0000efb4       0x10 c:/nxp/lpcxpresso_3.6.3_317/tools/bin/../lib/gcc/arm-none-eabi/4.3.3/../../../../arm-none-eabi/lib/thumb2\libc.a(lib_a-dtoa.o)
                                 0x14 (size before relaxing)
 .rodata        0x0000efc4       0x60 c:/nxp/lpcxpresso_3.6.3_317/tools/bin/../lib/gcc/arm-none-eabi/4.3.3/../../../../arm-none-eabi/lib/thumb2\libc.a(lib_a-findfp.o)
                0x0000f004                __sf_fake_stderr
                0x0000efc4                __sf_fake_stdin
                0x0000efe4                __sf_fake_stdout
 .rodata        0x0000f024        0x4 c:/nxp/lpcxpresso_3.6.3_317/tools/bin/../lib/gcc/arm-none-eabi/4.3.3/../../../../arm-none-eabi/lib/thumb2\libc.a(lib_a-impure.o)
                0x0000f024                _global_impure_ptr
 .rodata.str1.4
                0x0000f028        0x2 c:/nxp/lpcxpresso_3.6.3_317/tools/bin/../lib/gcc/arm-none-eabi/4.3.3/../../../../arm-none-eabi/lib/thumb2\libc.a(lib_a-impure.o)
                                  0x4 (size before relaxing)
 *fill*         0x0000f02a        0x2 00
 .rodata        0x0000f02c       0x34 c:/nxp/lpcxpresso_3.6.3_317/tools/bin/../lib/gcc/arm-none-eabi/4.3.3/../../../../arm-none-eabi/lib/thumb2\libc.a(lib_a-locale.o)
 .rodata.str1.4
                0x0000f060        0xf c:/nxp/lpcxpresso_3.6.3_317/tools/bin/../lib/gcc/arm-none-eabi/4.3.3/../../../../arm-none-eabi/lib/thumb2\libc.a(lib_a-locale.o)
                                 0x18 (size before relaxing)
 *fill*         0x0000f06f        0x1 00
 .rodata        0x0000f070      0x128 c:/nxp/lpcxpresso_3.6.3_317/tools/bin/../lib/gcc/arm-none-eabi/4.3.3/../../../../arm-none-eabi/lib/thumb2\libc.a(lib_a-mprec.o)
                0x0000f170                __mprec_tinytens
                0x0000f070                __mprec_tens
                0x0000f148                __mprec_bigtens
 .rodata.str1.4
                0x0000f198        0x4 c:/nxp/lpcxpresso_3.6.3_317/tools/bin/../lib/gcc/arm-none-eabi/4.3.3/../../../../arm-none-eabi/lib/thumb2\libcr_newlib_semihost.a(syscalls.o)
                0x0000f19c                . = ALIGN (0x4)

.glue_7         0x0000f19c        0x0
 .glue_7        0x00000000        0x0 linker stubs

.glue_7t        0x0000f19c        0x0
 .glue_7t       0x00000000        0x0 linker stubs

.vfp11_veneer   0x0000f19c        0x0
 .vfp11_veneer  0x00000000        0x0 linker stubs

.v4_bx          0x0000f19c        0x0
 .v4_bx         0x00000000        0x0 linker stubs

.ARM.extab
 *(.ARM.extab* .gnu.linkonce.armextab.*)
                0x0000f19c                __exidx_start = .

.ARM.exidx      0x0000f19c        0x8
 *(.ARM.exidx* .gnu.linkonce.armexidx.*)
 .ARM.exidx     0x0000f19c        0x8 c:/nxp/lpcxpresso_3.6.3_317/tools/bin/../lib/gcc/arm-none-eabi/4.3.3/thumb2\libgcc.a(_divdi3.o)
 .ARM.exidx     0x0000f1a4        0x0 c:/nxp/lpcxpresso_3.6.3_317/tools/bin/../lib/gcc/arm-none-eabi/4.3.3/thumb2\libgcc.a(_udivdi3.o)
                                  0x8 (size before relaxing)
                0x0000f1a4                __exidx_end = .
                0x0000f1a4                _etext = .

.data_RAM2      0x2007c000        0x0 load address 0x0000f1a4
 FILL mask 0xff
 *(.data.$RAM2*)
 *(.data.$RamAHB32*)
                0x2007c000                . = ALIGN (0x4)

.data_RAM3      0x40038000        0x0 load address 0x0000f1a4
 FILL mask 0xff
 *(.data.$RAM3*)
 *(.data.$CANAccFilterRAM*)
                0x40038000                . = ALIGN (0x4)

.uninit_RESERVED
 *(.bss.$RESERVED*)

.data           0x10000000      0x58c load address 0x0000f1a4
 FILL mask 0xff
                0x10000000                _data = .
 *(vtable)
 *(.data*)
 .data          0x10000000       0x24 ./src/main.o
                0x10000006                REPORTING_PERIOD_MS
                0x10000004                UNSAFE_UPPER_HZ
                0x10000008                stationCommand
                0x10000002                UNSAFE_LOWER_HZ
                0x10000000                TIME_WINDOW_MS
                0x10000010                newReport
                0x1000000f                radiationState
 .data          0x10000024        0x4 C:\Users\Ashray Jain\Desktop\EE2024 Workspace\Lib_CMSISv1p30_LPC17xx\Debug\libCMSISv1p30_LPC17xx.a(system_LPC17xx.o)
                0x10000024                SystemCoreClock
 .data          0x10000028       0x50 C:\Users\Ashray Jain\Desktop\EE2024 Workspace\Lib_EaBaseBoard\Debug\libLib_EaBaseBoard.a(led7seg.o)
 .data          0x10000078        0x8 C:\Users\Ashray Jain\Desktop\EE2024 Workspace\Lib_EaBaseBoard\Debug\libLib_EaBaseBoard.a(light.o)
 .data          0x10000080        0x8 c:/nxp/lpcxpresso_3.6.3_317/tools/bin/../lib/gcc/arm-none-eabi/4.3.3/../../../../arm-none-eabi/lib/thumb2\libc.a(lib_a-ctype_.o)
                0x10000080                __ctype_ptr
                0x10000084                __ctype_ptr__
 .data          0x10000088       0xf4 c:/nxp/lpcxpresso_3.6.3_317/tools/bin/../lib/gcc/arm-none-eabi/4.3.3/../../../../arm-none-eabi/lib/thumb2\libc.a(lib_a-impure.o)
                0x10000088                _impure_ptr
 .data          0x1000017c      0x410 c:/nxp/lpcxpresso_3.6.3_317/tools/bin/../lib/gcc/arm-none-eabi/4.3.3/../../../../arm-none-eabi/lib/thumb2\libc.a(lib_a-mallocr.o)
                0x10000584                __malloc_sbrk_base
                0x1000017c                __malloc_av_
                0x10000588                __malloc_trim_threshold
                0x1000058c                . = ALIGN (0x4)
                0x1000058c                _edata = .

.bss_RAM2       0x2007c000        0x0
 *(.bss.$RAM2*)
 *(.bss.$RamAHB32*)
                0x2007c000                . = ALIGN (0x4)

.bss_RAM3       0x40038000        0x0
 *(.bss.$RAM3*)
 *(.bss.$CANAccFilterRAM*)
                0x40038000                . = ALIGN (0x4)

.bss            0x1000058c      0x430
                0x1000058c                _bss = .
 *(.bss*)
 .bss           0x1000058c       0x60 ./src/main.o
                0x1000059c                temp_i
                0x100005e0                accTick
                0x100005ab                accValues
                0x100005da                reportBytesLeftToSend
                0x100005a7                accXOffset
                0x100005d6                setWarningToStop
                0x100005d8                setWarningToStart
                0x100005a6                accZ
                0x100005c8                hasCrossedAccThreshold
                0x1000058e                countDownStarted
                0x10000590                currentCountValue
                0x100005aa                accZValToRemove
                0x100005d4                isWarningOn
                0x100005c0                currentAccZFilteredValue
                0x100005e4                warningTick
                0x100005dc                oneSecondTick
                0x100005a0                temp_pointer
                0x100005d0                currentFrequency
                0x100005c4                prevAccZFilteredValue
                0x10000598                temp_t2
                0x10000594                temp_t1
                0x100005bf                currentAccIdx
                0x100005cc                currentFreqCounter
                0x100005a9                accZOffset
                0x100005b5                accValuesSorted
                0x1000058c                hasNewCommand
                0x100005a5                accY
                0x100005a8                accYOffset
                0x100005a4                accX
 .bss           0x100005ec      0x300 C:\Users\Ashray Jain\Desktop\EE2024 Workspace\Lib_EaBaseBoard\Debug\libLib_EaBaseBoard.a(oled.o)
 .bss           0x100008ec        0x6 C:\Users\Ashray Jain\Desktop\EE2024 Workspace\Lib_EaBaseBoard\Debug\libLib_EaBaseBoard.a(pca9532.o)
 *fill*         0x100008f2        0x2 00
 .bss           0x100008f4       0x24 C:\Users\Ashray Jain\Desktop\EE2024 Workspace\Lib_MCU\Debug\libLib_MCU.a(lpc17xx_i2c.o)
 .bss           0x10000918       0x18 C:\Users\Ashray Jain\Desktop\EE2024 Workspace\Lib_MCU\Debug\libLib_MCU.a(lpc17xx_ssp.o)
 .bss           0x10000930       0x34 c:/nxp/lpcxpresso_3.6.3_317/tools/bin/../lib/gcc/arm-none-eabi/4.3.3/../../../../arm-none-eabi/lib/thumb2\libc.a(lib_a-mallocr.o)
                0x10000930                __malloc_top_pad
                0x1000095c                __malloc_max_sbrked_mem
                0x10000934                __malloc_current_mallinfo
                0x10000960                __malloc_max_total_mem
 .bss.monitor_stdout
                0x10000964        0x4 c:/nxp/lpcxpresso_3.6.3_317/tools/bin/../lib/gcc/arm-none-eabi/4.3.3/../../../../arm-none-eabi/lib/thumb2\libcr_newlib_semihost.a(syscalls.o)
 .bss.initialized.2363
                0x10000968        0x4 c:/nxp/lpcxpresso_3.6.3_317/tools/bin/../lib/gcc/arm-none-eabi/4.3.3/../../../../arm-none-eabi/lib/thumb2\libcr_newlib_semihost.a(syscalls.o)
 .bss.heap_end.2542
                0x1000096c        0x4 c:/nxp/lpcxpresso_3.6.3_317/tools/bin/../lib/gcc/arm-none-eabi/4.3.3/../../../../arm-none-eabi/lib/thumb2\libcr_newlib_semihost.a(syscalls.o)
 .bss.monitor_stdin
                0x10000970        0x4 c:/nxp/lpcxpresso_3.6.3_317/tools/bin/../lib/gcc/arm-none-eabi/4.3.3/../../../../arm-none-eabi/lib/thumb2\libcr_newlib_semihost.a(syscalls.o)
 .bss.heap_base.2543
                0x10000974        0x4 c:/nxp/lpcxpresso_3.6.3_317/tools/bin/../lib/gcc/arm-none-eabi/4.3.3/../../../../arm-none-eabi/lib/thumb2\libcr_newlib_semihost.a(syscalls.o)
 .bss.monitor_stderr
                0x10000978        0x4 c:/nxp/lpcxpresso_3.6.3_317/tools/bin/../lib/gcc/arm-none-eabi/4.3.3/../../../../arm-none-eabi/lib/thumb2\libcr_newlib_semihost.a(syscalls.o)
 .bss.openfiles
                0x1000097c       0x28 c:/nxp/lpcxpresso_3.6.3_317/tools/bin/../lib/gcc/arm-none-eabi/4.3.3/../../../../arm-none-eabi/lib/thumb2\libcr_newlib_semihost.a(syscalls.o)
 *(COMMON)
 COMMON         0x100009a4       0x11 ./src/main.o
                0x100009a4                currentTemperatureReading
                0x100009a8                buzzerState
                0x100009a9                currentState
                0x100009aa                accMode
                0x100009ab                flutterState
                0x100009ac                currentHandshakeState
                0x100009b0                msTicks
                0x100009b4                temperatureState
 *fill*         0x100009b5        0x3 00
 COMMON         0x100009b8        0x4 c:/nxp/lpcxpresso_3.6.3_317/tools/bin/../lib/gcc/arm-none-eabi/4.3.3/../../../../arm-none-eabi/lib/thumb2\libc.a(lib_a-reent.o)
                0x100009b8                errno
                0x100009bc                . = ALIGN (0x4)
                0x100009bc                _ebss = .
                0x100009bc                PROVIDE (end, .)
                0x100009bc                PROVIDE (_pvHeapStart, .)
                0x10008000                PROVIDE (_vStackTop, (__top_RamLoc32 - 0x0))
OUTPUT(Assignment2.axf elf32-littlearm)

.debug_abbrev   0x00000000     0x1929
 .debug_abbrev  0x00000000       0xbd ./src/cr_startup_lpc17.o
 .debug_abbrev  0x000000bd      0x26f ./src/main.o
 .debug_abbrev  0x0000032c       0xc6 C:\Users\Ashray Jain\Desktop\EE2024 Workspace\Lib_CMSISv1p30_LPC17xx\Debug\libCMSISv1p30_LPC17xx.a(system_LPC17xx.o)
 .debug_abbrev  0x000003f2      0x165 C:\Users\Ashray Jain\Desktop\EE2024 Workspace\Lib_EaBaseBoard\Debug\libLib_EaBaseBoard.a(acc.o)
 .debug_abbrev  0x00000557      0x151 C:\Users\Ashray Jain\Desktop\EE2024 Workspace\Lib_EaBaseBoard\Debug\libLib_EaBaseBoard.a(led7seg.o)
 .debug_abbrev  0x000006a8      0x1c6 C:\Users\Ashray Jain\Desktop\EE2024 Workspace\Lib_EaBaseBoard\Debug\libLib_EaBaseBoard.a(light.o)
 .debug_abbrev  0x0000086e      0x1ed C:\Users\Ashray Jain\Desktop\EE2024 Workspace\Lib_EaBaseBoard\Debug\libLib_EaBaseBoard.a(oled.o)
 .debug_abbrev  0x00000a5b      0x1b3 C:\Users\Ashray Jain\Desktop\EE2024 Workspace\Lib_EaBaseBoard\Debug\libLib_EaBaseBoard.a(pca9532.o)
 .debug_abbrev  0x00000c0e       0x97 C:\Users\Ashray Jain\Desktop\EE2024 Workspace\Lib_EaBaseBoard\Debug\libLib_EaBaseBoard.a(rgb.o)
 .debug_abbrev  0x00000ca5       0x54 C:\Users\Ashray Jain\Desktop\EE2024 Workspace\Lib_EaBaseBoard\Debug\libLib_EaBaseBoard.a(font5x7.o)
 .debug_abbrev  0x00000cf9      0x18e C:\Users\Ashray Jain\Desktop\EE2024 Workspace\Lib_MCU\Debug\libLib_MCU.a(lpc17xx_gpio.o)
 .debug_abbrev  0x00000e87      0x253 C:\Users\Ashray Jain\Desktop\EE2024 Workspace\Lib_MCU\Debug\libLib_MCU.a(lpc17xx_i2c.o)
 .debug_abbrev  0x000010da      0x113 C:\Users\Ashray Jain\Desktop\EE2024 Workspace\Lib_MCU\Debug\libLib_MCU.a(lpc17xx_pinsel.o)
 .debug_abbrev  0x000011ed      0x1dc C:\Users\Ashray Jain\Desktop\EE2024 Workspace\Lib_MCU\Debug\libLib_MCU.a(lpc17xx_ssp.o)
 .debug_abbrev  0x000013c9      0x1a8 C:\Users\Ashray Jain\Desktop\EE2024 Workspace\Lib_MCU\Debug\libLib_MCU.a(lpc17xx_timer.o)
 .debug_abbrev  0x00001571      0x23b C:\Users\Ashray Jain\Desktop\EE2024 Workspace\Lib_MCU\Debug\libLib_MCU.a(lpc17xx_uart.o)
 .debug_abbrev  0x000017ac      0x17d C:\Users\Ashray Jain\Desktop\EE2024 Workspace\Lib_MCU\Debug\libLib_MCU.a(lpc17xx_clkpwr.o)

.debug_info     0x00000000     0x8bf2
 .debug_info    0x00000000      0x1ec ./src/cr_startup_lpc17.o
 .debug_info    0x000001ec     0x1e84 ./src/main.o
 .debug_info    0x00002070      0x334 C:\Users\Ashray Jain\Desktop\EE2024 Workspace\Lib_CMSISv1p30_LPC17xx\Debug\libCMSISv1p30_LPC17xx.a(system_LPC17xx.o)
 .debug_info    0x000023a4      0x526 C:\Users\Ashray Jain\Desktop\EE2024 Workspace\Lib_EaBaseBoard\Debug\libLib_EaBaseBoard.a(acc.o)
 .debug_info    0x000028ca      0x26b C:\Users\Ashray Jain\Desktop\EE2024 Workspace\Lib_EaBaseBoard\Debug\libLib_EaBaseBoard.a(led7seg.o)
 .debug_info    0x00002b35      0x74c C:\Users\Ashray Jain\Desktop\EE2024 Workspace\Lib_EaBaseBoard\Debug\libLib_EaBaseBoard.a(light.o)
 .debug_info    0x00003281      0x954 C:\Users\Ashray Jain\Desktop\EE2024 Workspace\Lib_EaBaseBoard\Debug\libLib_EaBaseBoard.a(oled.o)
 .debug_info    0x00003bd5      0x62b C:\Users\Ashray Jain\Desktop\EE2024 Workspace\Lib_EaBaseBoard\Debug\libLib_EaBaseBoard.a(pca9532.o)
 .debug_info    0x00004200       0xd9 C:\Users\Ashray Jain\Desktop\EE2024 Workspace\Lib_EaBaseBoard\Debug\libLib_EaBaseBoard.a(rgb.o)
 .debug_info    0x000042d9       0x61 C:\Users\Ashray Jain\Desktop\EE2024 Workspace\Lib_EaBaseBoard\Debug\libLib_EaBaseBoard.a(font5x7.o)
 .debug_info    0x0000433a      0xb8a C:\Users\Ashray Jain\Desktop\EE2024 Workspace\Lib_MCU\Debug\libLib_MCU.a(lpc17xx_gpio.o)
 .debug_info    0x00004ec4      0xcad C:\Users\Ashray Jain\Desktop\EE2024 Workspace\Lib_MCU\Debug\libLib_MCU.a(lpc17xx_i2c.o)
 .debug_info    0x00005b71      0x49b C:\Users\Ashray Jain\Desktop\EE2024 Workspace\Lib_MCU\Debug\libLib_MCU.a(lpc17xx_pinsel.o)
 .debug_info    0x0000600c      0x85c C:\Users\Ashray Jain\Desktop\EE2024 Workspace\Lib_MCU\Debug\libLib_MCU.a(lpc17xx_ssp.o)
 .debug_info    0x00006868      0x8d9 C:\Users\Ashray Jain\Desktop\EE2024 Workspace\Lib_MCU\Debug\libLib_MCU.a(lpc17xx_timer.o)
 .debug_info    0x00007141     0x149e C:\Users\Ashray Jain\Desktop\EE2024 Workspace\Lib_MCU\Debug\libLib_MCU.a(lpc17xx_uart.o)
 .debug_info    0x000085df      0x613 C:\Users\Ashray Jain\Desktop\EE2024 Workspace\Lib_MCU\Debug\libLib_MCU.a(lpc17xx_clkpwr.o)

.debug_line     0x00000000     0x5290
 .debug_line    0x00000000      0x24c ./src/cr_startup_lpc17.o
 .debug_line    0x0000024c      0xcf1 ./src/main.o
 .debug_line    0x00000f3d      0x313 C:\Users\Ashray Jain\Desktop\EE2024 Workspace\Lib_CMSISv1p30_LPC17xx\Debug\libCMSISv1p30_LPC17xx.a(system_LPC17xx.o)
 .debug_line    0x00001250      0x426 C:\Users\Ashray Jain\Desktop\EE2024 Workspace\Lib_EaBaseBoard\Debug\libLib_EaBaseBoard.a(acc.o)
 .debug_line    0x00001676      0x3a1 C:\Users\Ashray Jain\Desktop\EE2024 Workspace\Lib_EaBaseBoard\Debug\libLib_EaBaseBoard.a(led7seg.o)
 .debug_line    0x00001a17      0x4d1 C:\Users\Ashray Jain\Desktop\EE2024 Workspace\Lib_EaBaseBoard\Debug\libLib_EaBaseBoard.a(light.o)
 .debug_line    0x00001ee8      0x5c2 C:\Users\Ashray Jain\Desktop\EE2024 Workspace\Lib_EaBaseBoard\Debug\libLib_EaBaseBoard.a(oled.o)
 .debug_line    0x000024aa      0x494 C:\Users\Ashray Jain\Desktop\EE2024 Workspace\Lib_EaBaseBoard\Debug\libLib_EaBaseBoard.a(pca9532.o)
 .debug_line    0x0000293e      0x385 C:\Users\Ashray Jain\Desktop\EE2024 Workspace\Lib_EaBaseBoard\Debug\libLib_EaBaseBoard.a(rgb.o)
 .debug_line    0x00002cc3       0x83 C:\Users\Ashray Jain\Desktop\EE2024 Workspace\Lib_EaBaseBoard\Debug\libLib_EaBaseBoard.a(font5x7.o)
 .debug_line    0x00002d46      0x516 C:\Users\Ashray Jain\Desktop\EE2024 Workspace\Lib_MCU\Debug\libLib_MCU.a(lpc17xx_gpio.o)
 .debug_line    0x0000325c      0x673 C:\Users\Ashray Jain\Desktop\EE2024 Workspace\Lib_MCU\Debug\libLib_MCU.a(lpc17xx_i2c.o)
 .debug_line    0x000038cf      0x3a7 C:\Users\Ashray Jain\Desktop\EE2024 Workspace\Lib_MCU\Debug\libLib_MCU.a(lpc17xx_pinsel.o)
 .debug_line    0x00003c76      0x5a9 C:\Users\Ashray Jain\Desktop\EE2024 Workspace\Lib_MCU\Debug\libLib_MCU.a(lpc17xx_ssp.o)
 .debug_line    0x0000421f      0x532 C:\Users\Ashray Jain\Desktop\EE2024 Workspace\Lib_MCU\Debug\libLib_MCU.a(lpc17xx_timer.o)
 .debug_line    0x00004751      0x75e C:\Users\Ashray Jain\Desktop\EE2024 Workspace\Lib_MCU\Debug\libLib_MCU.a(lpc17xx_uart.o)
 .debug_line    0x00004eaf      0x3e1 C:\Users\Ashray Jain\Desktop\EE2024 Workspace\Lib_MCU\Debug\libLib_MCU.a(lpc17xx_clkpwr.o)

.debug_macinfo  0x00000000    0x7f9f5
 .debug_macinfo
                0x00000000     0x151f ./src/cr_startup_lpc17.o
 .debug_macinfo
                0x0000151f     0xcf9d ./src/main.o
 .debug_macinfo
                0x0000e4bc     0x6d5c C:\Users\Ashray Jain\Desktop\EE2024 Workspace\Lib_CMSISv1p30_LPC17xx\Debug\libCMSISv1p30_LPC17xx.a(system_LPC17xx.o)
 .debug_macinfo
                0x00015218     0x787f C:\Users\Ashray Jain\Desktop\EE2024 Workspace\Lib_EaBaseBoard\Debug\libLib_EaBaseBoard.a(acc.o)
 .debug_macinfo
                0x0001ca97     0x8007 C:\Users\Ashray Jain\Desktop\EE2024 Workspace\Lib_EaBaseBoard\Debug\libLib_EaBaseBoard.a(led7seg.o)
 .debug_macinfo
                0x00024a9e     0x779e C:\Users\Ashray Jain\Desktop\EE2024 Workspace\Lib_EaBaseBoard\Debug\libLib_EaBaseBoard.a(light.o)
 .debug_macinfo
                0x0002c23c     0x8aa7 C:\Users\Ashray Jain\Desktop\EE2024 Workspace\Lib_EaBaseBoard\Debug\libLib_EaBaseBoard.a(oled.o)
 .debug_macinfo
                0x00034ce3     0x77bd C:\Users\Ashray Jain\Desktop\EE2024 Workspace\Lib_EaBaseBoard\Debug\libLib_EaBaseBoard.a(pca9532.o)
 .debug_macinfo
                0x0003c4a0     0x6eb0 C:\Users\Ashray Jain\Desktop\EE2024 Workspace\Lib_EaBaseBoard\Debug\libLib_EaBaseBoard.a(rgb.o)
 .debug_macinfo
                0x00043350     0x1cb1 C:\Users\Ashray Jain\Desktop\EE2024 Workspace\Lib_EaBaseBoard\Debug\libLib_EaBaseBoard.a(font5x7.o)
 .debug_macinfo
                0x00045001     0x701c C:\Users\Ashray Jain\Desktop\EE2024 Workspace\Lib_MCU\Debug\libLib_MCU.a(lpc17xx_gpio.o)
 .debug_macinfo
                0x0004c01d     0x8f3c C:\Users\Ashray Jain\Desktop\EE2024 Workspace\Lib_MCU\Debug\libLib_MCU.a(lpc17xx_i2c.o)
 .debug_macinfo
                0x00054f59     0x7137 C:\Users\Ashray Jain\Desktop\EE2024 Workspace\Lib_MCU\Debug\libLib_MCU.a(lpc17xx_pinsel.o)
 .debug_macinfo
                0x0005c090     0x9234 C:\Users\Ashray Jain\Desktop\EE2024 Workspace\Lib_MCU\Debug\libLib_MCU.a(lpc17xx_ssp.o)
 .debug_macinfo
                0x000652c4     0x8e31 C:\Users\Ashray Jain\Desktop\EE2024 Workspace\Lib_MCU\Debug\libLib_MCU.a(lpc17xx_timer.o)
 .debug_macinfo
                0x0006e0f5     0x99a3 C:\Users\Ashray Jain\Desktop\EE2024 Workspace\Lib_MCU\Debug\libLib_MCU.a(lpc17xx_uart.o)
 .debug_macinfo
                0x00077a98     0x7f5d C:\Users\Ashray Jain\Desktop\EE2024 Workspace\Lib_MCU\Debug\libLib_MCU.a(lpc17xx_clkpwr.o)

.debug_frame    0x00000000     0x2d28
 .debug_frame   0x00000000      0x120 ./src/cr_startup_lpc17.o
 .debug_frame   0x00000120      0x6a0 ./src/main.o
 .debug_frame   0x000007c0       0x48 C:\Users\Ashray Jain\Desktop\EE2024 Workspace\Lib_CMSISv1p30_LPC17xx\Debug\libCMSISv1p30_LPC17xx.a(system_LPC17xx.o)
 .debug_frame   0x00000808      0x12c C:\Users\Ashray Jain\Desktop\EE2024 Workspace\Lib_EaBaseBoard\Debug\libLib_EaBaseBoard.a(acc.o)
 .debug_frame   0x00000934       0x4c C:\Users\Ashray Jain\Desktop\EE2024 Workspace\Lib_EaBaseBoard\Debug\libLib_EaBaseBoard.a(led7seg.o)
 .debug_frame   0x00000980      0x208 C:\Users\Ashray Jain\Desktop\EE2024 Workspace\Lib_EaBaseBoard\Debug\libLib_EaBaseBoard.a(light.o)
 .debug_frame   0x00000b88      0x1fc C:\Users\Ashray Jain\Desktop\EE2024 Workspace\Lib_EaBaseBoard\Debug\libLib_EaBaseBoard.a(oled.o)
 .debug_frame   0x00000d84      0x1a8 C:\Users\Ashray Jain\Desktop\EE2024 Workspace\Lib_EaBaseBoard\Debug\libLib_EaBaseBoard.a(pca9532.o)
 .debug_frame   0x00000f2c       0x4c C:\Users\Ashray Jain\Desktop\EE2024 Workspace\Lib_EaBaseBoard\Debug\libLib_EaBaseBoard.a(rgb.o)
 .debug_frame   0x00000f78      0x2c4 C:\Users\Ashray Jain\Desktop\EE2024 Workspace\Lib_MCU\Debug\libLib_MCU.a(lpc17xx_gpio.o)
 .debug_frame   0x0000123c      0x2c8 C:\Users\Ashray Jain\Desktop\EE2024 Workspace\Lib_MCU\Debug\libLib_MCU.a(lpc17xx_i2c.o)
 .debug_frame   0x00001504       0xbc C:\Users\Ashray Jain\Desktop\EE2024 Workspace\Lib_MCU\Debug\libLib_MCU.a(lpc17xx_pinsel.o)
 .debug_frame   0x000015c0      0x280 C:\Users\Ashray Jain\Desktop\EE2024 Workspace\Lib_MCU\Debug\libLib_MCU.a(lpc17xx_ssp.o)
 .debug_frame   0x00001840      0x22c C:\Users\Ashray Jain\Desktop\EE2024 Workspace\Lib_MCU\Debug\libLib_MCU.a(lpc17xx_timer.o)
 .debug_frame   0x00001a6c      0x44c C:\Users\Ashray Jain\Desktop\EE2024 Workspace\Lib_MCU\Debug\libLib_MCU.a(lpc17xx_uart.o)
 .debug_frame   0x00001eb8      0x10c C:\Users\Ashray Jain\Desktop\EE2024 Workspace\Lib_MCU\Debug\libLib_MCU.a(lpc17xx_clkpwr.o)
 .debug_frame   0x00001fc4       0x50 c:/nxp/lpcxpresso_3.6.3_317/tools/bin/../lib/gcc/arm-none-eabi/4.3.3/thumb2\libgcc.a(bpabi.o)
 .debug_frame   0x00002014       0x38 c:/nxp/lpcxpresso_3.6.3_317/tools/bin/../lib/gcc/arm-none-eabi/4.3.3/thumb2\libgcc.a(_divdi3.o)
 .debug_frame   0x0000204c       0x38 c:/nxp/lpcxpresso_3.6.3_317/tools/bin/../lib/gcc/arm-none-eabi/4.3.3/thumb2\libgcc.a(_udivdi3.o)
 .debug_frame   0x00002084       0x20 c:/nxp/lpcxpresso_3.6.3_317/tools/bin/../lib/gcc/arm-none-eabi/4.3.3/thumb2\libgcc.a(_udivsi3.o)
 .debug_frame   0x000020a4       0x30 c:/nxp/lpcxpresso_3.6.3_317/tools/bin/../lib/gcc/arm-none-eabi/4.3.3/../../../../arm-none-eabi/lib/thumb2\libc.a(lib_a-memcpy.o)
 .debug_frame   0x000020d4       0x28 c:/nxp/lpcxpresso_3.6.3_317/tools/bin/../lib/gcc/arm-none-eabi/4.3.3/../../../../arm-none-eabi/lib/thumb2\libc.a(lib_a-memset.o)
 .debug_frame   0x000020fc       0x5c c:/nxp/lpcxpresso_3.6.3_317/tools/bin/../lib/gcc/arm-none-eabi/4.3.3/../../../../arm-none-eabi/lib/thumb2\libc.a(lib_a-printf.o)
 .debug_frame   0x00002158       0x58 c:/nxp/lpcxpresso_3.6.3_317/tools/bin/../lib/gcc/arm-none-eabi/4.3.3/../../../../arm-none-eabi/lib/thumb2\libc.a(lib_a-sprintf.o)
 .debug_frame   0x000021b0       0x30 c:/nxp/lpcxpresso_3.6.3_317/tools/bin/../lib/gcc/arm-none-eabi/4.3.3/../../../../arm-none-eabi/lib/thumb2\libc.a(lib_a-strcasecmp.o)
 .debug_frame   0x000021e0       0x28 c:/nxp/lpcxpresso_3.6.3_317/tools/bin/../lib/gcc/arm-none-eabi/4.3.3/../../../../arm-none-eabi/lib/thumb2\libc.a(lib_a-strcat.o)
 .debug_frame   0x00002208       0x20 c:/nxp/lpcxpresso_3.6.3_317/tools/bin/../lib/gcc/arm-none-eabi/4.3.3/../../../../arm-none-eabi/lib/thumb2\libc.a(lib_a-strcpy.o)
 .debug_frame   0x00002228       0x20 c:/nxp/lpcxpresso_3.6.3_317/tools/bin/../lib/gcc/arm-none-eabi/4.3.3/../../../../arm-none-eabi/lib/thumb2\libc.a(lib_a-strlen.o)
 .debug_frame   0x00002248       0x64 c:/nxp/lpcxpresso_3.6.3_317/tools/bin/../lib/gcc/arm-none-eabi/4.3.3/../../../../arm-none-eabi/lib/thumb2\libc.a(lib_a-svfprintf.o)
 .debug_frame   0x000022ac       0x74 c:/nxp/lpcxpresso_3.6.3_317/tools/bin/../lib/gcc/arm-none-eabi/4.3.3/../../../../arm-none-eabi/lib/thumb2\libc.a(lib_a-vfprintf.o)
 .debug_frame   0x00002320       0x2c c:/nxp/lpcxpresso_3.6.3_317/tools/bin/../lib/gcc/arm-none-eabi/4.3.3/../../../../arm-none-eabi/lib/thumb2\libc.a(lib_a-wsetup.o)
 .debug_frame   0x0000234c       0x64 c:/nxp/lpcxpresso_3.6.3_317/tools/bin/../lib/gcc/arm-none-eabi/4.3.3/../../../../arm-none-eabi/lib/thumb2\libc.a(lib_a-dtoa.o)
 .debug_frame   0x000023b0       0x48 c:/nxp/lpcxpresso_3.6.3_317/tools/bin/../lib/gcc/arm-none-eabi/4.3.3/../../../../arm-none-eabi/lib/thumb2\libc.a(lib_a-fflush.o)
 .debug_frame   0x000023f8      0x13c c:/nxp/lpcxpresso_3.6.3_317/tools/bin/../lib/gcc/arm-none-eabi/4.3.3/../../../../arm-none-eabi/lib/thumb2\libc.a(lib_a-findfp.o)
 .debug_frame   0x00002534       0x50 c:/nxp/lpcxpresso_3.6.3_317/tools/bin/../lib/gcc/arm-none-eabi/4.3.3/../../../../arm-none-eabi/lib/thumb2\libc.a(lib_a-freer.o)
 .debug_frame   0x00002584       0x38 c:/nxp/lpcxpresso_3.6.3_317/tools/bin/../lib/gcc/arm-none-eabi/4.3.3/../../../../arm-none-eabi/lib/thumb2\libc.a(lib_a-fvwrite.o)
 .debug_frame   0x000025bc       0x58 c:/nxp/lpcxpresso_3.6.3_317/tools/bin/../lib/gcc/arm-none-eabi/4.3.3/../../../../arm-none-eabi/lib/thumb2\libc.a(lib_a-fwalk.o)
 .debug_frame   0x00002614       0x74 c:/nxp/lpcxpresso_3.6.3_317/tools/bin/../lib/gcc/arm-none-eabi/4.3.3/../../../../arm-none-eabi/lib/thumb2\libc.a(lib_a-locale.o)
 .debug_frame   0x00002688       0x30 c:/nxp/lpcxpresso_3.6.3_317/tools/bin/../lib/gcc/arm-none-eabi/4.3.3/../../../../arm-none-eabi/lib/thumb2\libc.a(lib_a-makebuf.o)
 .debug_frame   0x000026b8       0x40 c:/nxp/lpcxpresso_3.6.3_317/tools/bin/../lib/gcc/arm-none-eabi/4.3.3/../../../../arm-none-eabi/lib/thumb2\libc.a(lib_a-malloc.o)
 .debug_frame   0x000026f8       0x38 c:/nxp/lpcxpresso_3.6.3_317/tools/bin/../lib/gcc/arm-none-eabi/4.3.3/../../../../arm-none-eabi/lib/thumb2\libc.a(lib_a-mallocr.o)
 .debug_frame   0x00002730       0x28 c:/nxp/lpcxpresso_3.6.3_317/tools/bin/../lib/gcc/arm-none-eabi/4.3.3/../../../../arm-none-eabi/lib/thumb2\libc.a(lib_a-memchr.o)
 .debug_frame   0x00002758       0x2c c:/nxp/lpcxpresso_3.6.3_317/tools/bin/../lib/gcc/arm-none-eabi/4.3.3/../../../../arm-none-eabi/lib/thumb2\libc.a(lib_a-memmove.o)
 .debug_frame   0x00002784       0x30 c:/nxp/lpcxpresso_3.6.3_317/tools/bin/../lib/gcc/arm-none-eabi/4.3.3/../../../../arm-none-eabi/lib/thumb2\libc.a(lib_a-mlock.o)
 .debug_frame   0x000027b4      0x228 c:/nxp/lpcxpresso_3.6.3_317/tools/bin/../lib/gcc/arm-none-eabi/4.3.3/../../../../arm-none-eabi/lib/thumb2\libc.a(lib_a-mprec.o)
 .debug_frame   0x000029dc       0x38 c:/nxp/lpcxpresso_3.6.3_317/tools/bin/../lib/gcc/arm-none-eabi/4.3.3/../../../../arm-none-eabi/lib/thumb2\libc.a(lib_a-reallocr.o)
 .debug_frame   0x00002a14       0x28 c:/nxp/lpcxpresso_3.6.3_317/tools/bin/../lib/gcc/arm-none-eabi/4.3.3/../../../../arm-none-eabi/lib/thumb2\libc.a(lib_a-s_isinfd.o)
 .debug_frame   0x00002a3c       0x20 c:/nxp/lpcxpresso_3.6.3_317/tools/bin/../lib/gcc/arm-none-eabi/4.3.3/../../../../arm-none-eabi/lib/thumb2\libc.a(lib_a-s_isnand.o)
 .debug_frame   0x00002a5c       0x2c c:/nxp/lpcxpresso_3.6.3_317/tools/bin/../lib/gcc/arm-none-eabi/4.3.3/../../../../arm-none-eabi/lib/thumb2\libc.a(lib_a-sbrkr.o)
 .debug_frame   0x00002a88       0x78 c:/nxp/lpcxpresso_3.6.3_317/tools/bin/../lib/gcc/arm-none-eabi/4.3.3/../../../../arm-none-eabi/lib/thumb2\libc.a(lib_a-stdio.o)
 .debug_frame   0x00002b00       0x30 c:/nxp/lpcxpresso_3.6.3_317/tools/bin/../lib/gcc/arm-none-eabi/4.3.3/../../../../arm-none-eabi/lib/thumb2\libc.a(lib_a-strcmp.o)
 .debug_frame   0x00002b30       0x2c c:/nxp/lpcxpresso_3.6.3_317/tools/bin/../lib/gcc/arm-none-eabi/4.3.3/../../../../arm-none-eabi/lib/thumb2\libc.a(lib_a-writer.o)
 .debug_frame   0x00002b5c       0x28 c:/nxp/lpcxpresso_3.6.3_317/tools/bin/../lib/gcc/arm-none-eabi/4.3.3/../../../../arm-none-eabi/lib/thumb2\libc.a(lib_a-callocr.o)
 .debug_frame   0x00002b84       0x2c c:/nxp/lpcxpresso_3.6.3_317/tools/bin/../lib/gcc/arm-none-eabi/4.3.3/../../../../arm-none-eabi/lib/thumb2\libc.a(lib_a-closer.o)
 .debug_frame   0x00002bb0       0x44 c:/nxp/lpcxpresso_3.6.3_317/tools/bin/../lib/gcc/arm-none-eabi/4.3.3/../../../../arm-none-eabi/lib/thumb2\libc.a(lib_a-fclose.o)
 .debug_frame   0x00002bf4       0x2c c:/nxp/lpcxpresso_3.6.3_317/tools/bin/../lib/gcc/arm-none-eabi/4.3.3/../../../../arm-none-eabi/lib/thumb2\libc.a(lib_a-fstatr.o)
 .debug_frame   0x00002c20       0x2c c:/nxp/lpcxpresso_3.6.3_317/tools/bin/../lib/gcc/arm-none-eabi/4.3.3/../../../../arm-none-eabi/lib/thumb2\libc.a(lib_a-isattyr.o)
 .debug_frame   0x00002c4c       0x2c c:/nxp/lpcxpresso_3.6.3_317/tools/bin/../lib/gcc/arm-none-eabi/4.3.3/../../../../arm-none-eabi/lib/thumb2\libc.a(lib_a-lseekr.o)
 .debug_frame   0x00002c78       0x2c c:/nxp/lpcxpresso_3.6.3_317/tools/bin/../lib/gcc/arm-none-eabi/4.3.3/../../../../arm-none-eabi/lib/thumb2\libc.a(lib_a-readr.o)
 .debug_frame   0x00002ca4       0x64 c:/nxp/lpcxpresso_3.6.3_317/tools/bin/../lib/gcc/arm-none-eabi/4.3.3/../../../../arm-none-eabi/lib/thumb2\libc.a(lib_a-reent.o)
 .debug_frame   0x00002d08       0x20 c:/nxp/lpcxpresso_3.6.3_317/tools/bin/../lib/gcc/arm-none-eabi/4.3.3/../../../../arm-none-eabi/lib/thumb2\libc.a(lib_a-errno.o)

.debug_loc      0x00000000     0x34db
 .debug_loc     0x00000000      0x1e5 ./src/cr_startup_lpc17.o
 .debug_loc     0x000001e5      0xae3 ./src/main.o
 .debug_loc     0x00000cc8       0x56 C:\Users\Ashray Jain\Desktop\EE2024 Workspace\Lib_CMSISv1p30_LPC17xx\Debug\libCMSISv1p30_LPC17xx.a(system_LPC17xx.o)
 .debug_loc     0x00000d1e      0x1e7 C:\Users\Ashray Jain\Desktop\EE2024 Workspace\Lib_EaBaseBoard\Debug\libLib_EaBaseBoard.a(acc.o)
 .debug_loc     0x00000f05       0x62 C:\Users\Ashray Jain\Desktop\EE2024 Workspace\Lib_EaBaseBoard\Debug\libLib_EaBaseBoard.a(led7seg.o)
 .debug_loc     0x00000f67      0x368 C:\Users\Ashray Jain\Desktop\EE2024 Workspace\Lib_EaBaseBoard\Debug\libLib_EaBaseBoard.a(light.o)
 .debug_loc     0x000012cf      0x331 C:\Users\Ashray Jain\Desktop\EE2024 Workspace\Lib_EaBaseBoard\Debug\libLib_EaBaseBoard.a(oled.o)
 .debug_loc     0x00001600      0x2c3 C:\Users\Ashray Jain\Desktop\EE2024 Workspace\Lib_EaBaseBoard\Debug\libLib_EaBaseBoard.a(pca9532.o)
 .debug_loc     0x000018c3       0x62 C:\Users\Ashray Jain\Desktop\EE2024 Workspace\Lib_EaBaseBoard\Debug\libLib_EaBaseBoard.a(rgb.o)
 .debug_loc     0x00001925      0x4ba C:\Users\Ashray Jain\Desktop\EE2024 Workspace\Lib_MCU\Debug\libLib_MCU.a(lpc17xx_gpio.o)
 .debug_loc     0x00001ddf      0x4cd C:\Users\Ashray Jain\Desktop\EE2024 Workspace\Lib_MCU\Debug\libLib_MCU.a(lpc17xx_i2c.o)
 .debug_loc     0x000022ac      0x14a C:\Users\Ashray Jain\Desktop\EE2024 Workspace\Lib_MCU\Debug\libLib_MCU.a(lpc17xx_pinsel.o)
 .debug_loc     0x000023f6      0x434 C:\Users\Ashray Jain\Desktop\EE2024 Workspace\Lib_MCU\Debug\libLib_MCU.a(lpc17xx_ssp.o)
 .debug_loc     0x0000282a      0x3a7 C:\Users\Ashray Jain\Desktop\EE2024 Workspace\Lib_MCU\Debug\libLib_MCU.a(lpc17xx_timer.o)
 .debug_loc     0x00002bd1      0x757 C:\Users\Ashray Jain\Desktop\EE2024 Workspace\Lib_MCU\Debug\libLib_MCU.a(lpc17xx_uart.o)
 .debug_loc     0x00003328      0x1b3 C:\Users\Ashray Jain\Desktop\EE2024 Workspace\Lib_MCU\Debug\libLib_MCU.a(lpc17xx_clkpwr.o)

.debug_pubnames
                0x00000000     0x183b
 .debug_pubnames
                0x00000000       0xfd ./src/cr_startup_lpc17.o
 .debug_pubnames
                0x000000fd      0x905 ./src/main.o
 .debug_pubnames
                0x00000a02       0x4f C:\Users\Ashray Jain\Desktop\EE2024 Workspace\Lib_CMSISv1p30_LPC17xx\Debug\libCMSISv1p30_LPC17xx.a(system_LPC17xx.o)
 .debug_pubnames
                0x00000a51       0x4d C:\Users\Ashray Jain\Desktop\EE2024 Workspace\Lib_EaBaseBoard\Debug\libLib_EaBaseBoard.a(acc.o)
 .debug_pubnames
                0x00000a9e       0x37 C:\Users\Ashray Jain\Desktop\EE2024 Workspace\Lib_EaBaseBoard\Debug\libLib_EaBaseBoard.a(led7seg.o)
 .debug_pubnames
                0x00000ad5      0x107 C:\Users\Ashray Jain\Desktop\EE2024 Workspace\Lib_EaBaseBoard\Debug\libLib_EaBaseBoard.a(light.o)
 .debug_pubnames
                0x00000bdc       0xa9 C:\Users\Ashray Jain\Desktop\EE2024 Workspace\Lib_EaBaseBoard\Debug\libLib_EaBaseBoard.a(oled.o)
 .debug_pubnames
                0x00000c85       0xef C:\Users\Ashray Jain\Desktop\EE2024 Workspace\Lib_EaBaseBoard\Debug\libLib_EaBaseBoard.a(pca9532.o)
 .debug_pubnames
                0x00000d74       0x2f C:\Users\Ashray Jain\Desktop\EE2024 Workspace\Lib_EaBaseBoard\Debug\libLib_EaBaseBoard.a(rgb.o)
 .debug_pubnames
                0x00000da3       0x1e C:\Users\Ashray Jain\Desktop\EE2024 Workspace\Lib_EaBaseBoard\Debug\libLib_EaBaseBoard.a(font5x7.o)
 .debug_pubnames
                0x00000dc1      0x196 C:\Users\Ashray Jain\Desktop\EE2024 Workspace\Lib_MCU\Debug\libLib_MCU.a(lpc17xx_gpio.o)
 .debug_pubnames
                0x00000f57      0x165 C:\Users\Ashray Jain\Desktop\EE2024 Workspace\Lib_MCU\Debug\libLib_MCU.a(lpc17xx_i2c.o)
 .debug_pubnames
                0x000010bc       0xa6 C:\Users\Ashray Jain\Desktop\EE2024 Workspace\Lib_MCU\Debug\libLib_MCU.a(lpc17xx_pinsel.o)
 .debug_pubnames
                0x00001162      0x17f C:\Users\Ashray Jain\Desktop\EE2024 Workspace\Lib_MCU\Debug\libLib_MCU.a(lpc17xx_ssp.o)
 .debug_pubnames
                0x000012e1      0x17a C:\Users\Ashray Jain\Desktop\EE2024 Workspace\Lib_MCU\Debug\libLib_MCU.a(lpc17xx_timer.o)
 .debug_pubnames
                0x0000145b      0x325 C:\Users\Ashray Jain\Desktop\EE2024 Workspace\Lib_MCU\Debug\libLib_MCU.a(lpc17xx_uart.o)
 .debug_pubnames
                0x00001780       0xbb C:\Users\Ashray Jain\Desktop\EE2024 Workspace\Lib_MCU\Debug\libLib_MCU.a(lpc17xx_clkpwr.o)

.debug_aranges  0x00000000      0x998
 .debug_aranges
                0x00000000       0x70 ./src/cr_startup_lpc17.o
 .debug_aranges
                0x00000070      0x1e0 ./src/main.o
 .debug_aranges
                0x00000250       0x28 C:\Users\Ashray Jain\Desktop\EE2024 Workspace\Lib_CMSISv1p30_LPC17xx\Debug\libCMSISv1p30_LPC17xx.a(system_LPC17xx.o)
 .debug_aranges
                0x00000278       0x60 C:\Users\Ashray Jain\Desktop\EE2024 Workspace\Lib_EaBaseBoard\Debug\libLib_EaBaseBoard.a(acc.o)
 .debug_aranges
                0x000002d8       0x28 C:\Users\Ashray Jain\Desktop\EE2024 Workspace\Lib_EaBaseBoard\Debug\libLib_EaBaseBoard.a(led7seg.o)
 .debug_aranges
                0x00000300       0x98 C:\Users\Ashray Jain\Desktop\EE2024 Workspace\Lib_EaBaseBoard\Debug\libLib_EaBaseBoard.a(light.o)
 .debug_aranges
                0x00000398       0x90 C:\Users\Ashray Jain\Desktop\EE2024 Workspace\Lib_EaBaseBoard\Debug\libLib_EaBaseBoard.a(oled.o)
 .debug_aranges
                0x00000428       0x80 C:\Users\Ashray Jain\Desktop\EE2024 Workspace\Lib_EaBaseBoard\Debug\libLib_EaBaseBoard.a(pca9532.o)
 .debug_aranges
                0x000004a8       0x28 C:\Users\Ashray Jain\Desktop\EE2024 Workspace\Lib_EaBaseBoard\Debug\libLib_EaBaseBoard.a(rgb.o)
 .debug_aranges
                0x000004d0       0xc8 C:\Users\Ashray Jain\Desktop\EE2024 Workspace\Lib_MCU\Debug\libLib_MCU.a(lpc17xx_gpio.o)
 .debug_aranges
                0x00000598       0xd0 C:\Users\Ashray Jain\Desktop\EE2024 Workspace\Lib_MCU\Debug\libLib_MCU.a(lpc17xx_i2c.o)
 .debug_aranges
                0x00000668       0x48 C:\Users\Ashray Jain\Desktop\EE2024 Workspace\Lib_MCU\Debug\libLib_MCU.a(lpc17xx_pinsel.o)
 .debug_aranges
                0x000006b0       0xb8 C:\Users\Ashray Jain\Desktop\EE2024 Workspace\Lib_MCU\Debug\libLib_MCU.a(lpc17xx_ssp.o)
 .debug_aranges
                0x00000768       0xa0 C:\Users\Ashray Jain\Desktop\EE2024 Workspace\Lib_MCU\Debug\libLib_MCU.a(lpc17xx_timer.o)
 .debug_aranges
                0x00000808      0x130 C:\Users\Ashray Jain\Desktop\EE2024 Workspace\Lib_MCU\Debug\libLib_MCU.a(lpc17xx_uart.o)
 .debug_aranges
                0x00000938       0x60 C:\Users\Ashray Jain\Desktop\EE2024 Workspace\Lib_MCU\Debug\libLib_MCU.a(lpc17xx_clkpwr.o)

.debug_ranges   0x00000000      0x918
 .debug_ranges  0x00000000       0x68 ./src/cr_startup_lpc17.o
 .debug_ranges  0x00000068      0x1d8 ./src/main.o
 .debug_ranges  0x00000240       0x20 C:\Users\Ashray Jain\Desktop\EE2024 Workspace\Lib_CMSISv1p30_LPC17xx\Debug\libCMSISv1p30_LPC17xx.a(system_LPC17xx.o)
 .debug_ranges  0x00000260       0x58 C:\Users\Ashray Jain\Desktop\EE2024 Workspace\Lib_EaBaseBoard\Debug\libLib_EaBaseBoard.a(acc.o)
 .debug_ranges  0x000002b8       0x20 C:\Users\Ashray Jain\Desktop\EE2024 Workspace\Lib_EaBaseBoard\Debug\libLib_EaBaseBoard.a(led7seg.o)
 .debug_ranges  0x000002d8       0x90 C:\Users\Ashray Jain\Desktop\EE2024 Workspace\Lib_EaBaseBoard\Debug\libLib_EaBaseBoard.a(light.o)
 .debug_ranges  0x00000368       0x88 C:\Users\Ashray Jain\Desktop\EE2024 Workspace\Lib_EaBaseBoard\Debug\libLib_EaBaseBoard.a(oled.o)
 .debug_ranges  0x000003f0       0x78 C:\Users\Ashray Jain\Desktop\EE2024 Workspace\Lib_EaBaseBoard\Debug\libLib_EaBaseBoard.a(pca9532.o)
 .debug_ranges  0x00000468       0x20 C:\Users\Ashray Jain\Desktop\EE2024 Workspace\Lib_EaBaseBoard\Debug\libLib_EaBaseBoard.a(rgb.o)
 .debug_ranges  0x00000488       0xc0 C:\Users\Ashray Jain\Desktop\EE2024 Workspace\Lib_MCU\Debug\libLib_MCU.a(lpc17xx_gpio.o)
 .debug_ranges  0x00000548       0xc8 C:\Users\Ashray Jain\Desktop\EE2024 Workspace\Lib_MCU\Debug\libLib_MCU.a(lpc17xx_i2c.o)
 .debug_ranges  0x00000610       0x40 C:\Users\Ashray Jain\Desktop\EE2024 Workspace\Lib_MCU\Debug\libLib_MCU.a(lpc17xx_pinsel.o)
 .debug_ranges  0x00000650       0xb0 C:\Users\Ashray Jain\Desktop\EE2024 Workspace\Lib_MCU\Debug\libLib_MCU.a(lpc17xx_ssp.o)
 .debug_ranges  0x00000700       0x98 C:\Users\Ashray Jain\Desktop\EE2024 Workspace\Lib_MCU\Debug\libLib_MCU.a(lpc17xx_timer.o)
 .debug_ranges  0x00000798      0x128 C:\Users\Ashray Jain\Desktop\EE2024 Workspace\Lib_MCU\Debug\libLib_MCU.a(lpc17xx_uart.o)
 .debug_ranges  0x000008c0       0x58 C:\Users\Ashray Jain\Desktop\EE2024 Workspace\Lib_MCU\Debug\libLib_MCU.a(lpc17xx_clkpwr.o)

.debug_str      0x00000000     0x3330
 .debug_str     0x00000000      0x18e ./src/cr_startup_lpc17.o
                                0x1c8 (size before relaxing)
 .debug_str     0x0000018e     0x12e7 ./src/main.o
                               0x1411 (size before relaxing)
 .debug_str     0x00001475       0x8b C:\Users\Ashray Jain\Desktop\EE2024 Workspace\Lib_CMSISv1p30_LPC17xx\Debug\libCMSISv1p30_LPC17xx.a(system_LPC17xx.o)
                                0x251 (size before relaxing)
 .debug_str     0x00001500      0x1da C:\Users\Ashray Jain\Desktop\EE2024 Workspace\Lib_EaBaseBoard\Debug\libLib_EaBaseBoard.a(acc.o)
                                0x34c (size before relaxing)
 .debug_str     0x000016da       0x95 C:\Users\Ashray Jain\Desktop\EE2024 Workspace\Lib_EaBaseBoard\Debug\libLib_EaBaseBoard.a(led7seg.o)
                                0x1b8 (size before relaxing)
 .debug_str     0x0000176f      0x204 C:\Users\Ashray Jain\Desktop\EE2024 Workspace\Lib_EaBaseBoard\Debug\libLib_EaBaseBoard.a(light.o)
                                0x4b1 (size before relaxing)
 .debug_str     0x00001973      0x1ad C:\Users\Ashray Jain\Desktop\EE2024 Workspace\Lib_EaBaseBoard\Debug\libLib_EaBaseBoard.a(oled.o)
                                0x369 (size before relaxing)
 .debug_str     0x00001b20      0x12e C:\Users\Ashray Jain\Desktop\EE2024 Workspace\Lib_EaBaseBoard\Debug\libLib_EaBaseBoard.a(pca9532.o)
                                0x3a3 (size before relaxing)
 .debug_str     0x00001c4e       0x22 C:\Users\Ashray Jain\Desktop\EE2024 Workspace\Lib_EaBaseBoard\Debug\libLib_EaBaseBoard.a(rgb.o)
                                0x10d (size before relaxing)
 .debug_str     0x00001c70       0x11 C:\Users\Ashray Jain\Desktop\EE2024 Workspace\Lib_EaBaseBoard\Debug\libLib_EaBaseBoard.a(font5x7.o)
                                 0x77 (size before relaxing)
 .debug_str     0x00001c81      0x37a C:\Users\Ashray Jain\Desktop\EE2024 Workspace\Lib_MCU\Debug\libLib_MCU.a(lpc17xx_gpio.o)
                                0x435 (size before relaxing)
 .debug_str     0x00001ffb      0x319 C:\Users\Ashray Jain\Desktop\EE2024 Workspace\Lib_MCU\Debug\libLib_MCU.a(lpc17xx_i2c.o)
                                0x7c1 (size before relaxing)
 .debug_str     0x00002314      0x201 C:\Users\Ashray Jain\Desktop\EE2024 Workspace\Lib_MCU\Debug\libLib_MCU.a(lpc17xx_pinsel.o)
                                0x357 (size before relaxing)
 .debug_str     0x00002515      0x219 C:\Users\Ashray Jain\Desktop\EE2024 Workspace\Lib_MCU\Debug\libLib_MCU.a(lpc17xx_ssp.o)
                                0x448 (size before relaxing)
 .debug_str     0x0000272e      0x283 C:\Users\Ashray Jain\Desktop\EE2024 Workspace\Lib_MCU\Debug\libLib_MCU.a(lpc17xx_timer.o)
                                0x57e (size before relaxing)
 .debug_str     0x000029b1      0x8b4 C:\Users\Ashray Jain\Desktop\EE2024 Workspace\Lib_MCU\Debug\libLib_MCU.a(lpc17xx_uart.o)
                                0xc05 (size before relaxing)
 .debug_str     0x00003265       0xcb C:\Users\Ashray Jain\Desktop\EE2024 Workspace\Lib_MCU\Debug\libLib_MCU.a(lpc17xx_clkpwr.o)