Archive member included because of file (symbol)

C:\Users\thyagesh93\Documents\NUS\IVLEDrive\EE2024 PROGRAMMING FOR COMPUTER INTERFACES\PROGRAMMING FOR COMPUTER INTERFACES\Assignment 2\Lib_CMSISv1p30_LPC17xx\Debug\libCMSISv1p30_LPC17xx.a(system_LPC17xx.o)
                              ./src/main.o (SystemCoreClock)
C:\Users\thyagesh93\Documents\NUS\IVLEDrive\EE2024 PROGRAMMING FOR COMPUTER INTERFACES\PROGRAMMING FOR COMPUTER INTERFACES\Assignment 2\Lib_EaBaseBoard\Debug\libLib_EaBaseBoard.a(acc.o)
                              ./src/main.o (acc_init)
C:\Users\thyagesh93\Documents\NUS\IVLEDrive\EE2024 PROGRAMMING FOR COMPUTER INTERFACES\PROGRAMMING FOR COMPUTER INTERFACES\Assignment 2\Lib_EaBaseBoard\Debug\libLib_EaBaseBoard.a(led7seg.o)
                              ./src/main.o (led7seg_init)
C:\Users\thyagesh93\Documents\NUS\IVLEDrive\EE2024 PROGRAMMING FOR COMPUTER INTERFACES\PROGRAMMING FOR COMPUTER INTERFACES\Assignment 2\Lib_EaBaseBoard\Debug\libLib_EaBaseBoard.a(light.o)
                              ./src/main.o (light_init)
C:\Users\thyagesh93\Documents\NUS\IVLEDrive\EE2024 PROGRAMMING FOR COMPUTER INTERFACES\PROGRAMMING FOR COMPUTER INTERFACES\Assignment 2\Lib_EaBaseBoard\Debug\libLib_EaBaseBoard.a(oled.o)
                              ./src/main.o (oled_init)
C:\Users\thyagesh93\Documents\NUS\IVLEDrive\EE2024 PROGRAMMING FOR COMPUTER INTERFACES\PROGRAMMING FOR COMPUTER INTERFACES\Assignment 2\Lib_EaBaseBoard\Debug\libLib_EaBaseBoard.a(pca9532.o)
                              ./src/main.o (pca9532_init)
C:\Users\thyagesh93\Documents\NUS\IVLEDrive\EE2024 PROGRAMMING FOR COMPUTER INTERFACES\PROGRAMMING FOR COMPUTER INTERFACES\Assignment 2\Lib_EaBaseBoard\Debug\libLib_EaBaseBoard.a(rgb.o)
                              ./src/main.o (rgb_init)
C:\Users\thyagesh93\Documents\NUS\IVLEDrive\EE2024 PROGRAMMING FOR COMPUTER INTERFACES\PROGRAMMING FOR COMPUTER INTERFACES\Assignment 2\Lib_EaBaseBoard\Debug\libLib_EaBaseBoard.a(font5x7.o)
                              C:\Users\thyagesh93\Documents\NUS\IVLEDrive\EE2024 PROGRAMMING FOR COMPUTER INTERFACES\PROGRAMMING FOR COMPUTER INTERFACES\Assignment 2\Lib_EaBaseBoard\Debug\libLib_EaBaseBoard.a(oled.o) (font5x7)
C:\Users\thyagesh93\Documents\NUS\IVLEDrive\EE2024 PROGRAMMING FOR COMPUTER INTERFACES\PROGRAMMING FOR COMPUTER INTERFACES\Assignment 2\Lib_MCU\Debug\libLib_MCU.a(lpc17xx_gpio.o)
                              ./src/main.o (GPIO_SetDir)
C:\Users\thyagesh93\Documents\NUS\IVLEDrive\EE2024 PROGRAMMING FOR COMPUTER INTERFACES\PROGRAMMING FOR COMPUTER INTERFACES\Assignment 2\Lib_MCU\Debug\libLib_MCU.a(lpc17xx_i2c.o)
                              ./src/main.o (I2C_Init)
C:\Users\thyagesh93\Documents\NUS\IVLEDrive\EE2024 PROGRAMMING FOR COMPUTER INTERFACES\PROGRAMMING FOR COMPUTER INTERFACES\Assignment 2\Lib_MCU\Debug\libLib_MCU.a(lpc17xx_pinsel.o)
                              ./src/main.o (PINSEL_ConfigPin)
C:\Users\thyagesh93\Documents\NUS\IVLEDrive\EE2024 PROGRAMMING FOR COMPUTER INTERFACES\PROGRAMMING FOR COMPUTER INTERFACES\Assignment 2\Lib_MCU\Debug\libLib_MCU.a(lpc17xx_ssp.o)
                              ./src/main.o (SSP_Init)
C:\Users\thyagesh93\Documents\NUS\IVLEDrive\EE2024 PROGRAMMING FOR COMPUTER INTERFACES\PROGRAMMING FOR COMPUTER INTERFACES\Assignment 2\Lib_MCU\Debug\libLib_MCU.a(lpc17xx_timer.o)
                              ./src/main.o (TIM_ClearIntPending)
C:\Users\thyagesh93\Documents\NUS\IVLEDrive\EE2024 PROGRAMMING FOR COMPUTER INTERFACES\PROGRAMMING FOR COMPUTER INTERFACES\Assignment 2\Lib_MCU\Debug\libLib_MCU.a(lpc17xx_uart.o)
                              ./src/main.o (UART_TxCmd)
C:\Users\thyagesh93\Documents\NUS\IVLEDrive\EE2024 PROGRAMMING FOR COMPUTER INTERFACES\PROGRAMMING FOR COMPUTER INTERFACES\Assignment 2\Lib_MCU\Debug\libLib_MCU.a(lpc17xx_clkpwr.o)
                              C:\Users\thyagesh93\Documents\NUS\IVLEDrive\EE2024 PROGRAMMING FOR COMPUTER INTERFACES\PROGRAMMING FOR COMPUTER INTERFACES\Assignment 2\Lib_MCU\Debug\libLib_MCU.a(lpc17xx_i2c.o) (CLKPWR_SetPCLKDiv)
c:/nxp/lpcxpresso_3.6.3_317/tools/bin/../lib/gcc/arm-none-eabi/4.3.3/thumb2\libgcc.a(_arm_addsubdf3.o)
                              ./src/main.o (__aeabi_i2d)
c:/nxp/lpcxpresso_3.6.3_317/tools/bin/../lib/gcc/arm-none-eabi/4.3.3/thumb2\libgcc.a(_arm_muldivdf3.o)
                              ./src/main.o (__aeabi_dmul)
c:/nxp/lpcxpresso_3.6.3_317/tools/bin/../lib/gcc/arm-none-eabi/4.3.3/thumb2\libgcc.a(_arm_truncdfsf2.o)
                              ./src/main.o (__aeabi_d2f)
c:/nxp/lpcxpresso_3.6.3_317/tools/bin/../lib/gcc/arm-none-eabi/4.3.3/thumb2\libgcc.a(_arm_addsubsf3.o)
                              ./src/main.o (__aeabi_i2f)
c:/nxp/lpcxpresso_3.6.3_317/tools/bin/../lib/gcc/arm-none-eabi/4.3.3/thumb2\libgcc.a(_arm_cmpsf2.o)
                              ./src/main.o (__aeabi_fcmplt)
c:/nxp/lpcxpresso_3.6.3_317/tools/bin/../lib/gcc/arm-none-eabi/4.3.3/thumb2\libgcc.a(_arm_fixsfsi.o)
                              ./src/main.o (__aeabi_f2iz)
[...]
Memory Configuration

Name             Origin             Length             Attributes
MFlash512        0x00000000         0x00020000         xr
RamLoc32         0x10000000         0x00008000         xrw
RamAHB32         0x2007c000         0x00008000         xrw
CANAccFilterRAM  0x40038000         0x00000800         xrw
*default*        0x00000000         0xffffffff

Linker script and memory map

LOAD ./src/cr_startup_lpc17.o
LOAD ./src/main.o
LOAD C:\Users\thyagesh93\Documents\NUS\IVLEDrive\EE2024 PROGRAMMING FOR COMPUTER INTERFACES\PROGRAMMING FOR COMPUTER INTERFACES\Assignment 2\Lib_CMSISv1p30_LPC17xx\Debug\libCMSISv1p30_LPC17xx.a
LOAD C:\Users\thyagesh93\Documents\NUS\IVLEDrive\EE2024 PROGRAMMING FOR COMPUTER INTERFACES\PROGRAMMING FOR COMPUTER INTERFACES\Assignment 2\Lib_EaBaseBoard\Debug\libLib_EaBaseBoard.a
LOAD C:\Users\thyagesh93\Documents\NUS\IVLEDrive\EE2024 PROGRAMMING FOR COMPUTER INTERFACES\PROGRAMMING FOR COMPUTER INTERFACES\Assignment 2\Lib_MCU\Debug\libLib_MCU.a
START GROUP
LOAD c:/nxp/lpcxpresso_3.6.3_317/tools/bin/../lib/gcc/arm-none-eabi/4.3.3/thumb2\libgcc.a
LOAD c:/nxp/lpcxpresso_3.6.3_317/tools/bin/../lib/gcc/arm-none-eabi/4.3.3/../../../../arm-none-eabi/lib/thumb2\libc.a
LOAD c:/nxp/lpcxpresso_3.6.3_317/tools/bin/../lib/gcc/arm-none-eabi/4.3.3/../../../../arm-none-eabi/lib/thumb2\libm.a
LOAD c:/nxp/lpcxpresso_3.6.3_317/tools/bin/../lib/gcc/arm-none-eabi/4.3.3/../../../../arm-none-eabi/lib/thumb2\libcr_newlib_semihost.a
END GROUP
                0x00080000                __top_MFlash512 = 0x80000
                0x10008000                __top_RamLoc32 = 0x10008000
                0x20084000                __top_RamAHB32 = 0x20084000
                0x40038800                __top_CANAccFilterRAM = 0x40038800

.text           0x00000000     0xec24
 FILL mask 0xff
 *(.isr_vector)
 .isr_vector    0x00000000       0xcc ./src/cr_startup_lpc17.o
                0x00000000                g_pfnVectors
                0x000000cc                . = ALIGN (0x4)
                0x000000cc                __section_table_start = .
                0x000000cc                __data_section_table = .
                0x000000cc        0x4 LONG 0xec2c LOADADDR (.data)
                0x000000d0        0x4 LONG 0x10000000 ADDR (.data)
                0x000000d4        0x4 LONG 0x584 SIZEOF (.data)
                0x000000d8        0x4 LONG 0xec2c LOADADDR (.data_RAM2)
                0x000000dc        0x4 LONG 0x2007c000 ADDR (.data_RAM2)
                0x000000e0        0x4 LONG 0x0 SIZEOF (.data_RAM2)
                0x000000e4        0x4 LONG 0xec2c LOADADDR (.data_RAM3)
                0x000000e8        0x4 LONG 0x40038000 ADDR (.data_RAM3)
                0x000000ec        0x4 LONG 0x0 SIZEOF (.data_RAM3)
                0x000000f0                __data_section_table_end = .
                0x000000f0                __bss_section_table = .
                0x000000f0        0x4 LONG 0x10000584 ADDR (.bss)
                0x000000f4        0x4 LONG 0x434 SIZEOF (.bss)
                0x000000f8        0x4 LONG 0x2007c000 ADDR (.bss_RAM2)
                0x000000fc        0x4 LONG 0x0 SIZEOF (.bss_RAM2)
                0x00000100        0x4 LONG 0x40038000 ADDR (.bss_RAM3)
                0x00000104        0x4 LONG 0x0 SIZEOF (.bss_RAM3)
                0x00000108                __bss_section_table_end = .
                0x00000108                __section_table_end = .
 *(.after_vectors*)
 *(.text*)
 .text.ResetISR
                0x00000108       0x68 ./src/cr_startup_lpc17.o
                0x00000108                ResetISR
 .text.NMI_Handler
                0x00000170        0x8 ./src/cr_startup_lpc17.o
                0x00000170                NMI_Handler
 .text.HardFault_Handler
                0x00000178        0x8 ./src/cr_startup_lpc17.o
                0x00000178                HardFault_Handler
 .text.MemManage_Handler
                0x00000180        0x8 ./src/cr_startup_lpc17.o
                0x00000180                MemManage_Handler
 .text.BusFault_Handler
                0x00000188        0x8 ./src/cr_startup_lpc17.o
                0x00000188                BusFault_Handler
 .text.UsageFault_Handler
                0x00000190        0x8 ./src/cr_startup_lpc17.o
                0x00000190                UsageFault_Handler
 .text.SVCall_Handler
                0x00000198        0x8 ./src/cr_startup_lpc17.o
                0x00000198                SVCall_Handler
 .text.DebugMon_Handler
                0x000001a0        0x8 ./src/cr_startup_lpc17.o
                0x000001a0                DebugMon_Handler
 .text.PendSV_Handler
                0x000001a8        0x8 ./src/cr_startup_lpc17.o
                0x000001a8                PendSV_Handler
 .text.IntDefaultHandler
                0x000001b0        0x8 ./src/cr_startup_lpc17.o
                0x000001b0                RIT_IRQHandler
                0x000001b0                I2C0_IRQHandler
                0x000001b0                USBActivity_IRQHandler
                0x000001b0                PWM1_IRQHandler
                0x000001b0                I2C1_IRQHandler
                0x000001b0                EINT2_IRQHandler
                0x000001b0                UART1_IRQHandler
                0x000001b0                CANActivity_IRQHandler
                0x000001b0                UART0_IRQHandler
                0x000001b0                IntDefaultHandler
                0x000001b0                PLL0_IRQHandler
                0x000001b0                CAN_IRQHandler
                0x000001b0                PLL1_IRQHandler
                0x000001b0                SSP0_IRQHandler
                0x000001b0                I2S_IRQHandler
                0x000001b0                I2C2_IRQHandler
                0x000001b0                RTC_IRQHandler
                0x000001b0                TIMER0_IRQHandler
                0x000001b0                SPI_IRQHandler
                0x000001b0                EINT1_IRQHandler
                0x000001b0                UART2_IRQHandler
                0x000001b0                ADC_IRQHandler
                0x000001b0                SSP1_IRQHandler
                0x000001b0                USB_IRQHandler
                0x000001b0                BOD_IRQHandler
                0x000001b0                WDT_IRQHandler
                0x000001b0                QEI_IRQHandler
                0x000001b0                DMA_IRQHandler
                0x000001b0                MCPWM_IRQHandler
                0x000001b0                ENET_IRQHandler
 .text.initAllPeripherals
                0x000001b8       0x8c ./src/main.o
                0x000001b8                initAllPeripherals
 .text.NVIC_ClearPendingIRQ
                0x00000244       0x3c ./src/main.o
 .text.NVIC_EnableIRQ
                0x00000280       0x38 ./src/main.o
 .text.init_ssp
                0x000002b8       0xa0 ./src/main.o
 .text.init_i2c
                0x00000358       0x60 ./src/main.o
 .text.init_GPIO
                0x000003b8      0x118 ./src/main.o
 .text.init_buzzer
                0x000004d0       0x8c ./src/main.o
                0x000004d0                init_buzzer
 .text.init_uart
                0x0000055c       0x80 ./src/main.o
                0x0000055c                init_uart
 .text.init_timer
                0x000005dc      0x17c ./src/main.o
                0x000005dc                init_timer
 .text.NVIC_SetPriority
                0x00000758       0x5c ./src/main.o
 .text.init_temp_interrupt
                0x000007b4       0x94 ./src/main.o
                0x000007b4                init_temp_interrupt
 .text.disable_temp_interrupt
                0x00000848       0x3c ./src/main.o
                0x00000848                disable_temp_interrupt
 .text.init_handShake
                0x00000884       0x28 ./src/main.o
                0x00000884                init_handShake
 .text.calibratingHandler
                0x000008ac       0x5c ./src/main.o
                0x000008ac                calibratingHandler
 .text.stdbyCountingDownHandler
                0x00000908       0x20 ./src/main.o
                0x00000908                stdbyCountingDownHandler
 .text.stdbyEnvTestingHandler
                0x00000928       0x50 ./src/main.o
                0x00000928                stdbyEnvTestingHandler
 .text.activeHandler
                0x00000978      0x1f8 ./src/main.o
                0x00000978                activeHandler
 .text.SysTick_Handler
                0x00000b70      0x2d8 ./src/main.o
                0x00000b70                SysTick_Handler
 .text.EINT0_IRQHandler
                0x00000e48       0x34 ./src/main.o
                0x00000e48                EINT0_IRQHandler
 .text.EINT3_IRQHandler
                0x00000e7c      0x218 ./src/main.o
                0x00000e7c                EINT3_IRQHandler
 .text.TIMER1_IRQHandler
                0x00001094      0x11c ./src/main.o
                0x00001094                TIMER1_IRQHandler
 .text.TIMER2_IRQHandler
                0x000011b0       0x30 ./src/main.o
                0x000011b0                TIMER2_IRQHandler
 .text.TIMER3_IRQHandler
                0x000011e0       0x40 ./src/main.o
                0x000011e0                TIMER3_IRQHandler
 .text.UART3_IRQHandler
                0x00001220      0x210 ./src/main.o
                0x00001220                UART3_IRQHandler
 .text.oneSecondHandler
                0x00001430       0x1c ./src/main.o
                0x00001430                oneSecondHandler
 .text.getMsTicks
                0x0000144c       0x18 ./src/main.o
                0x0000144c                getMsTicks
 .text.enterCalibratingState
                0x00001464       0x50 ./src/main.o
                0x00001464                enterCalibratingState
 .text.enterStdByCountingDownState
                0x000014b4       0x5c ./src/main.o
                0x000014b4                enterStdByCountingDownState
 .text.enterActiveState
                0x00001510       0x60 ./src/main.o
                0x00001510                enterActiveState
 .text.leaveActiveState
                0x00001570       0x2c ./src/main.o
                0x00001570                leaveActiveState
 .text.leaveCalibratingState
                0x0000159c       0x84 ./src/main.o
                0x0000159c                leaveCalibratingState
 .text.leaveStdByCountingDownState
                0x00001620       0x18 ./src/main.o
                0x00001620                leaveStdByCountingDownState
 .text.updateReadings
                0x00001638       0x34 ./src/main.o
                0x00001638                updateReadings
 .text.updateTemperatureReading
                0x0000166c       0x44 ./src/main.o
                0x0000166c                updateTemperatureReading
 .text.updateAccReading
                0x000016b0       0xa4 ./src/main.o
                0x000016b0                updateAccReading
 .text.updateFreqCounter
                0x00001754      0x330 ./src/main.o
                0x00001754                updateFreqCounter
 .text.startWarning
                0x00001a84       0x30 ./src/main.o
                0x00001a84                startWarning
 .text.turnOnLedArray
                0x00001ab4       0x14 ./src/main.o
                0x00001ab4                turnOnLedArray
 .text.stopWarning
                0x00001ac8       0x48 ./src/main.o
                0x00001ac8                stopWarning
 .text.turnOffLedArray
                0x00001b10       0x14 ./src/main.o
                0x00001b10                turnOffLedArray
 .text.countDownFrom
                0x00001b24       0x3c ./src/main.o
                0x00001b24                countDownFrom
 .text.decrementCount
                0x00001b60       0x78 ./src/main.o
                0x00001b60                decrementCount
 .text.writeHeaderToOled
                0x00001bd8       0xb0 ./src/main.o
                0x00001bd8                writeHeaderToOled
 .text.writeStatesToOled
                0x00001c88      0x174 ./src/main.o
                0x00001c88                writeStatesToOled
 .text.writeTempToOled
                0x00001dfc      0x124 ./src/main.o
                0x00001dfc                writeTempToOled
 .text.writeAccValueToOled
                0x00001f20      0x254 ./src/main.o
                0x00001f20                writeAccValueToOled
 .text.sendUartReady
                0x00002174       0x34 ./src/main.o
                0x00002174                sendUartReady
 .text.tempToString
                0x000021a8      0x124 ./src/main.o
                0x000021a8                tempToString
 .text.toStringInt
                0x000022cc       0x24 ./src/main.o
                0x000022cc                toStringInt
 .text.toStringDouble
                0x000022f0       0x2c ./src/main.o
                0x000022f0                toStringDouble
 .text.rgb_setLeds_OledHack
                0x0000231c       0x20 ./src/main.o
                0x0000231c                rgb_setLeds_OledHack
 .text.main     0x0000233c       0x70 ./src/main.o
                0x0000233c                main
 .text.SysTick_Config
                0x000023ac       0x68 ./src/main.o
 .text.check_failed
                0x00002414        0xc ./src/main.o
                0x00002414                check_failed
 .text.SystemInit
                0x00002420      0x224 C:\Users\thyagesh93\Documents\NUS\IVLEDrive\EE2024 PROGRAMMING FOR COMPUTER INTERFACES\PROGRAMMING FOR COMPUTER INTERFACES\Assignment 2\Lib_CMSISv1p30_LPC17xx\Debug\libCMSISv1p30_LPC17xx.a(system_LPC17xx.o)
                0x00002420                SystemInit
 .text.I2CRead  0x00002644       0x64 C:\Users\thyagesh93\Documents\NUS\IVLEDrive\EE2024 PROGRAMMING FOR COMPUTER INTERFACES\PROGRAMMING FOR COMPUTER INTERFACES\Assignment 2\Lib_EaBaseBoard\Debug\libLib_EaBaseBoard.a(acc.o)
 .text.I2CWrite
                0x000026a8       0x64 C:\Users\thyagesh93\Documents\NUS\IVLEDrive\EE2024 PROGRAMMING FOR COMPUTER INTERFACES\PROGRAMMING FOR COMPUTER INTERFACES\Assignment 2\Lib_EaBaseBoard\Debug\libLib_EaBaseBoard.a(acc.o)
 .text.getStatus
                0x0000270c       0x3c C:\Users\thyagesh93\Documents\NUS\IVLEDrive\EE2024 PROGRAMMING FOR COMPUTER INTERFACES\PROGRAMMING FOR COMPUTER INTERFACES\Assignment 2\Lib_EaBaseBoard\Debug\libLib_EaBaseBoard.a(acc.o)
 .text.getModeControl
                0x00002748       0x3c C:\Users\thyagesh93\Documents\NUS\IVLEDrive\EE2024 PROGRAMMING FOR COMPUTER INTERFACES\PROGRAMMING FOR COMPUTER INTERFACES\Assignment 2\Lib_EaBaseBoard\Debug\libLib_EaBaseBoard.a(acc.o)
 .text.setModeControl
                0x00002784       0x30 C:\Users\thyagesh93\Documents\NUS\IVLEDrive\EE2024 PROGRAMMING FOR COMPUTER INTERFACES\PROGRAMMING FOR COMPUTER INTERFACES\Assignment 2\Lib_EaBaseBoard\Debug\libLib_EaBaseBoard.a(acc.o)
 .text.acc_init
                0x000027b4       0x10 C:\Users\thyagesh93\Documents\NUS\IVLEDrive\EE2024 PROGRAMMING FOR COMPUTER INTERFACES\PROGRAMMING FOR COMPUTER INTERFACES\Assignment 2\Lib_EaBaseBoard\Debug\libLib_EaBaseBoard.a(acc.o)
                0x000027b4                acc_init
 .text.acc_read
                0x000027c4       0xb4 C:\Users\thyagesh93\Documents\NUS\IVLEDrive\EE2024 PROGRAMMING FOR COMPUTER INTERFACES\PROGRAMMING FOR COMPUTER INTERFACES\Assignment 2\Lib_EaBaseBoard\Debug\libLib_EaBaseBoard.a(acc.o)
                0x000027c4                acc_read
 .text.acc_setMode
                0x00002878       0x3c C:\Users\thyagesh93\Documents\NUS\IVLEDrive\EE2024 PROGRAMMING FOR COMPUTER INTERFACES\PROGRAMMING FOR COMPUTER INTERFACES\Assignment 2\Lib_EaBaseBoard\Debug\libLib_EaBaseBoard.a(acc.o)
                0x00002878                acc_setMode
 .text.led7seg_init
                0x000028b4       0x24 C:\Users\thyagesh93\Documents\NUS\IVLEDrive\EE2024 PROGRAMMING FOR COMPUTER INTERFACES\PROGRAMMING FOR COMPUTER INTERFACES\Assignment 2\Lib_EaBaseBoard\Debug\libLib_EaBaseBoard.a(led7seg.o)
                0x000028b4                led7seg_init
 .text.led7seg_setChar
                0x000028d8       0x88 C:\Users\thyagesh93\Documents\NUS\IVLEDrive\EE2024 PROGRAMMING FOR COMPUTER INTERFACES\PROGRAMMING FOR COMPUTER INTERFACES\Assignment 2\Lib_EaBaseBoard\Debug\libLib_EaBaseBoard.a(led7seg.o)
                0x000028d8                led7seg_setChar
 .text.I2CRead  0x00002960       0x64 C:\Users\thyagesh93\Documents\NUS\IVLEDrive\EE2024 PROGRAMMING FOR COMPUTER INTERFACES\PROGRAMMING FOR COMPUTER INTERFACES\Assignment 2\Lib_EaBaseBoard\Debug\libLib_EaBaseBoard.a(light.o)
 .text.I2CWrite
                0x000029c4       0x64 C:\Users\thyagesh93\Documents\NUS\IVLEDrive\EE2024 PROGRAMMING FOR COMPUTER INTERFACES\PROGRAMMING FOR COMPUTER INTERFACES\Assignment 2\Lib_EaBaseBoard\Debug\libLib_EaBaseBoard.a(light.o)
 .text.readControlReg
                0x00002a28       0x3c C:\Users\thyagesh93\Documents\NUS\IVLEDrive\EE2024 PROGRAMMING FOR COMPUTER INTERFACES\PROGRAMMING FOR COMPUTER INTERFACES\Assignment 2\Lib_EaBaseBoard\Debug\libLib_EaBaseBoard.a(light.o)
 .text.light_init
                0x00002a64        0xc C:\Users\thyagesh93\Documents\NUS\IVLEDrive\EE2024 PROGRAMMING FOR COMPUTER INTERFACES\PROGRAMMING FOR COMPUTER INTERFACES\Assignment 2\Lib_EaBaseBoard\Debug\libLib_EaBaseBoard.a(light.o)
                0x00002a64                light_init
 .text.light_enable
                0x00002a70       0x48 C:\Users\thyagesh93\Documents\NUS\IVLEDrive\EE2024 PROGRAMMING FOR COMPUTER INTERFACES\PROGRAMMING FOR COMPUTER INTERFACES\Assignment 2\Lib_EaBaseBoard\Debug\libLib_EaBaseBoard.a(light.o)
                0x00002a70                light_enable
 .text.light_setRange
                0x00002ab8       0xb0 C:\Users\thyagesh93\Documents\NUS\IVLEDrive\EE2024 PROGRAMMING FOR COMPUTER INTERFACES\PROGRAMMING FOR COMPUTER INTERFACES\Assignment 2\Lib_EaBaseBoard\Debug\libLib_EaBaseBoard.a(light.o)
                0x00002ab8                light_setRange
 .text.light_setHiThreshold
                0x00002b68       0x58 C:\Users\thyagesh93\Documents\NUS\IVLEDrive\EE2024 PROGRAMMING FOR COMPUTER INTERFACES\PROGRAMMING FOR COMPUTER INTERFACES\Assignment 2\Lib_EaBaseBoard\Debug\libLib_EaBaseBoard.a(light.o)
                0x00002b68                light_setHiThreshold
 .text.light_setLoThreshold
                0x00002bc0       0x58 C:\Users\thyagesh93\Documents\NUS\IVLEDrive\EE2024 PROGRAMMING FOR COMPUTER INTERFACES\PROGRAMMING FOR COMPUTER INTERFACES\Assignment 2\Lib_EaBaseBoard\Debug\libLib_EaBaseBoard.a(light.o)
                0x00002bc0                light_setLoThreshold
 .text.light_clearIrqStatus
                0x00002c18       0x3c C:\Users\thyagesh93\Documents\NUS\IVLEDrive\EE2024 PROGRAMMING FOR COMPUTER INTERFACES\PROGRAMMING FOR COMPUTER INTERFACES\Assignment 2\Lib_EaBaseBoard\Debug\libLib_EaBaseBoard.a(light.o)
                0x00002c18                light_clearIrqStatus
 .text.writeCommand
                0x00002c54       0x60 C:\Users\thyagesh93\Documents\NUS\IVLEDrive\EE2024 PROGRAMMING FOR COMPUTER INTERFACES\PROGRAMMING FOR COMPUTER INTERFACES\Assignment 2\Lib_EaBaseBoard\Debug\libLib_EaBaseBoard.a(oled.o)
 .text.writeData
                0x00002cb4       0x60 C:\Users\thyagesh93\Documents\NUS\IVLEDrive\EE2024 PROGRAMMING FOR COMPUTER INTERFACES\PROGRAMMING FOR COMPUTER INTERFACES\Assignment 2\Lib_EaBaseBoard\Debug\libLib_EaBaseBoard.a(oled.o)
 .text.writeDataLen
                0x00002d14       0x90 C:\Users\thyagesh93\Documents\NUS\IVLEDrive\EE2024 PROGRAMMING FOR COMPUTER INTERFACES\PROGRAMMING FOR COMPUTER INTERFACES\Assignment 2\Lib_EaBaseBoard\Debug\libLib_EaBaseBoard.a(oled.o)
 .text.runInitSequence
                0x00002da4      0x118 C:\Users\thyagesh93\Documents\NUS\IVLEDrive\EE2024 PROGRAMMING FOR COMPUTER INTERFACES\PROGRAMMING FOR COMPUTER INTERFACES\Assignment 2\Lib_EaBaseBoard\Debug\libLib_EaBaseBoard.a(oled.o)
 .text.hLine    0x00002ebc       0x58 C:\Users\thyagesh93\Documents\NUS\IVLEDrive\EE2024 PROGRAMMING FOR COMPUTER INTERFACES\PROGRAMMING FOR COMPUTER INTERFACES\Assignment 2\Lib_EaBaseBoard\Debug\libLib_EaBaseBoard.a(oled.o)
 .text.vLine    0x00002f14       0x58 C:\Users\thyagesh93\Documents\NUS\IVLEDrive\EE2024 PROGRAMMING FOR COMPUTER INTERFACES\PROGRAMMING FOR COMPUTER INTERFACES\Assignment 2\Lib_EaBaseBoard\Debug\libLib_EaBaseBoard.a(oled.o)
 .text.oled_init
                0x00002f6c       0x9c C:\Users\thyagesh93\Documents\NUS\IVLEDrive\EE2024 PROGRAMMING FOR COMPUTER INTERFACES\PROGRAMMING FOR COMPUTER INTERFACES\Assignment 2\Lib_EaBaseBoard\Debug\libLib_EaBaseBoard.a(oled.o)
                0x00002f6c                oled_init
 .text.oled_putPixel
                0x00003008      0x178 C:\Users\thyagesh93\Documents\NUS\IVLEDrive\EE2024 PROGRAMMING FOR COMPUTER INTERFACES\PROGRAMMING FOR COMPUTER INTERFACES\Assignment 2\Lib_EaBaseBoard\Debug\libLib_EaBaseBoard.a(oled.o)
                0x00003008                oled_putPixel
 .text.oled_fillRect
                0x00003180       0xb4 C:\Users\thyagesh93\Documents\NUS\IVLEDrive\EE2024 PROGRAMMING FOR COMPUTER INTERFACES\PROGRAMMING FOR COMPUTER INTERFACES\Assignment 2\Lib_EaBaseBoard\Debug\libLib_EaBaseBoard.a(oled.o)
                0x00003180                oled_fillRect
 .text.oled_clearScreen
                0x00003234       0x74 C:\Users\thyagesh93\Documents\NUS\IVLEDrive\EE2024 PROGRAMMING FOR COMPUTER INTERFACES\PROGRAMMING FOR COMPUTER INTERFACES\Assignment 2\Lib_EaBaseBoard\Debug\libLib_EaBaseBoard.a(oled.o)
                0x00003234                oled_clearScreen
 .text.oled_putChar
                0x000032a8      0x100 C:\Users\thyagesh93\Documents\NUS\IVLEDrive\EE2024 PROGRAMMING FOR COMPUTER INTERFACES\PROGRAMMING FOR COMPUTER INTERFACES\Assignment 2\Lib_EaBaseBoard\Debug\libLib_EaBaseBoard.a(oled.o)
                0x000032a8                oled_putChar
 .text.oled_putString
                0x000033a8       0x58 C:\Users\thyagesh93\Documents\NUS\IVLEDrive\EE2024 PROGRAMMING FOR COMPUTER INTERFACES\PROGRAMMING FOR COMPUTER INTERFACES\Assignment 2\Lib_EaBaseBoard\Debug\libLib_EaBaseBoard.a(oled.o)
                0x000033a8                oled_putString
 .text.I2CWrite
                0x00003400       0x64 C:\Users\thyagesh93\Documents\NUS\IVLEDrive\EE2024 PROGRAMMING FOR COMPUTER INTERFACES\PROGRAMMING FOR COMPUTER INTERFACES\Assignment 2\Lib_EaBaseBoard\Debug\libLib_EaBaseBoard.a(pca9532.o)
 .text.setLsStates
                0x00003464       0xd0 C:\Users\thyagesh93\Documents\NUS\IVLEDrive\EE2024 PROGRAMMING FOR COMPUTER INTERFACES\PROGRAMMING FOR COMPUTER INTERFACES\Assignment 2\Lib_EaBaseBoard\Debug\libLib_EaBaseBoard.a(pca9532.o)
 .text.setLeds  0x00003534       0xa4 C:\Users\thyagesh93\Documents\NUS\IVLEDrive\EE2024 PROGRAMMING FOR COMPUTER INTERFACES\PROGRAMMING FOR COMPUTER INTERFACES\Assignment 2\Lib_EaBaseBoard\Debug\libLib_EaBaseBoard.a(pca9532.o)
 .text.pca9532_init
                0x000035d8        0xc C:\Users\thyagesh93\Documents\NUS\IVLEDrive\EE2024 PROGRAMMING FOR COMPUTER INTERFACES\PROGRAMMING FOR COMPUTER INTERFACES\Assignment 2\Lib_EaBaseBoard\Debug\libLib_EaBaseBoard.a(pca9532.o)
                0x000035d8                pca9532_init
 .text.pca9532_setLeds
                0x000035e4       0xa4 C:\Users\thyagesh93\Documents\NUS\IVLEDrive\EE2024 PROGRAMMING FOR COMPUTER INTERFACES\PROGRAMMING FOR COMPUTER INTERFACES\Assignment 2\Lib_EaBaseBoard\Debug\libLib_EaBaseBoard.a(pca9532.o)
                0x000035e4                pca9532_setLeds
 .text.rgb_init
                0x00003688       0x38 C:\Users\thyagesh93\Documents\NUS\IVLEDrive\EE2024 PROGRAMMING FOR COMPUTER INTERFACES\PROGRAMMING FOR COMPUTER INTERFACES\Assignment 2\Lib_EaBaseBoard\Debug\libLib_EaBaseBoard.a(rgb.o)
                0x00003688                rgb_init
 .text.rgb_setLeds
                0x000036c0       0x80 C:\Users\thyagesh93\Documents\NUS\IVLEDrive\EE2024 PROGRAMMING FOR COMPUTER INTERFACES\PROGRAMMING FOR COMPUTER INTERFACES\Assignment 2\Lib_EaBaseBoard\Debug\libLib_EaBaseBoard.a(rgb.o)
                0x000036c0                rgb_setLeds
 .text.GPIO_GetPointer
                0x00003740       0x78 C:\Users\thyagesh93\Documents\NUS\IVLEDrive\EE2024 PROGRAMMING FOR COMPUTER INTERFACES\PROGRAMMING FOR COMPUTER INTERFACES\Assignment 2\Lib_MCU\Debug\libLib_MCU.a(lpc17xx_gpio.o)
 .text.GPIO_SetDir
                0x000037b8       0x54 C:\Users\thyagesh93\Documents\NUS\IVLEDrive\EE2024 PROGRAMMING FOR COMPUTER INTERFACES\PROGRAMMING FOR COMPUTER INTERFACES\Assignment 2\Lib_MCU\Debug\libLib_MCU.a(lpc17xx_gpio.o)
                0x000037b8                GPIO_SetDir
 .text.GPIO_SetValue
                0x0000380c       0x2c C:\Users\thyagesh93\Documents\NUS\IVLEDrive\EE2024 PROGRAMMING FOR COMPUTER INTERFACES\PROGRAMMING FOR COMPUTER INTERFACES\Assignment 2\Lib_MCU\Debug\libLib_MCU.a(lpc17xx_gpio.o)
                0x0000380c                GPIO_SetValue
 .text.GPIO_ClearValue
                0x00003838       0x2c C:\Users\thyagesh93\Documents\NUS\IVLEDrive\EE2024 PROGRAMMING FOR COMPUTER INTERFACES\PROGRAMMING FOR COMPUTER INTERFACES\Assignment 2\Lib_MCU\Debug\libLib_MCU.a(lpc17xx_gpio.o)
                0x00003838                GPIO_ClearValue
 .text.GPIO_ReadValue
                0x00003864       0x38 C:\Users\thyagesh93\Documents\NUS\IVLEDrive\EE2024 PROGRAMMING FOR COMPUTER INTERFACES\PROGRAMMING FOR COMPUTER INTERFACES\Assignment 2\Lib_MCU\Debug\libLib_MCU.a(lpc17xx_gpio.o)
                0x00003864                GPIO_ReadValue
 .text.I2C_getNum
                0x0000389c       0x60 C:\Users\thyagesh93\Documents\NUS\IVLEDrive\EE2024 PROGRAMMING FOR COMPUTER INTERFACES\PROGRAMMING FOR COMPUTER INTERFACES\Assignment 2\Lib_MCU\Debug\libLib_MCU.a(lpc17xx_i2c.o)
 .text.I2C_Start
                0x000038fc       0x40 C:\Users\thyagesh93\Documents\NUS\IVLEDrive\EE2024 PROGRAMMING FOR COMPUTER INTERFACES\PROGRAMMING FOR COMPUTER INTERFACES\Assignment 2\Lib_MCU\Debug\libLib_MCU.a(lpc17xx_i2c.o)
 .text.I2C_Stop
                0x0000393c       0x38 C:\Users\thyagesh93\Documents\NUS\IVLEDrive\EE2024 PROGRAMMING FOR COMPUTER INTERFACES\PROGRAMMING FOR COMPUTER INTERFACES\Assignment 2\Lib_MCU\Debug\libLib_MCU.a(lpc17xx_i2c.o)
 .text.I2C_SendByte
                0x00003974       0x50 C:\Users\thyagesh93\Documents\NUS\IVLEDrive\EE2024 PROGRAMMING FOR COMPUTER INTERFACES\PROGRAMMING FOR COMPUTER INTERFACES\Assignment 2\Lib_MCU\Debug\libLib_MCU.a(lpc17xx_i2c.o)
 .text.I2C_GetByte
                0x000039c4       0x58 C:\Users\thyagesh93\Documents\NUS\IVLEDrive\EE2024 PROGRAMMING FOR COMPUTER INTERFACES\PROGRAMMING FOR COMPUTER INTERFACES\Assignment 2\Lib_MCU\Debug\libLib_MCU.a(lpc17xx_i2c.o)
 .text.I2C_IntCmd
                0x00003a1c       0xa8 C:\Users\thyagesh93\Documents\NUS\IVLEDrive\EE2024 PROGRAMMING FOR COMPUTER INTERFACES\PROGRAMMING FOR COMPUTER INTERFACES\Assignment 2\Lib_MCU\Debug\libLib_MCU.a(lpc17xx_i2c.o)
                0x00003a1c                I2C_IntCmd
 .text.NVIC_EnableIRQ
                0x00003ac4       0x38 C:\Users\thyagesh93\Documents\NUS\IVLEDrive\EE2024 PROGRAMMING FOR COMPUTER INTERFACES\PROGRAMMING FOR COMPUTER INTERFACES\Assignment 2\Lib_MCU\Debug\libLib_MCU.a(lpc17xx_i2c.o)
 .text.NVIC_DisableIRQ
                0x00003afc       0x3c C:\Users\thyagesh93\Documents\NUS\IVLEDrive\EE2024 PROGRAMMING FOR COMPUTER INTERFACES\PROGRAMMING FOR COMPUTER INTERFACES\Assignment 2\Lib_MCU\Debug\libLib_MCU.a(lpc17xx_i2c.o)
 .text.I2C_MasterHandler
                0x00003b38      0x410 C:\Users\thyagesh93\Documents\NUS\IVLEDrive\EE2024 PROGRAMMING FOR COMPUTER INTERFACES\PROGRAMMING FOR COMPUTER INTERFACES\Assignment 2\Lib_MCU\Debug\libLib_MCU.a(lpc17xx_i2c.o)
                0x00003b38                I2C_MasterHandler
 .text.I2C_SetClock
                0x00003f48       0xc8 C:\Users\thyagesh93\Documents\NUS\IVLEDrive\EE2024 PROGRAMMING FOR COMPUTER INTERFACES\PROGRAMMING FOR COMPUTER INTERFACES\Assignment 2\Lib_MCU\Debug\libLib_MCU.a(lpc17xx_i2c.o)
                0x00003f48                I2C_SetClock
 .text.I2C_Init
                0x00004010       0xd4 C:\Users\thyagesh93\Documents\NUS\IVLEDrive\EE2024 PROGRAMMING FOR COMPUTER INTERFACES\PROGRAMMING FOR COMPUTER INTERFACES\Assignment 2\Lib_MCU\Debug\libLib_MCU.a(lpc17xx_i2c.o)
                0x00004010                I2C_Init
 .text.I2C_Cmd  0x000040e4       0x84 C:\Users\thyagesh93\Documents\NUS\IVLEDrive\EE2024 PROGRAMMING FOR COMPUTER INTERFACES\PROGRAMMING FOR COMPUTER INTERFACES\Assignment 2\Lib_MCU\Debug\libLib_MCU.a(lpc17xx_i2c.o)
                0x000040e4                I2C_Cmd
 .text.I2C_MasterTransferData
                0x00004168      0x374 C:\Users\thyagesh93\Documents\NUS\IVLEDrive\EE2024 PROGRAMMING FOR COMPUTER INTERFACES\PROGRAMMING FOR COMPUTER INTERFACES\Assignment 2\Lib_MCU\Debug\libLib_MCU.a(lpc17xx_i2c.o)
                0x00004168                I2C_MasterTransferData
 .text.PINSEL_SetPinFunc
                0x000044dc       0xa4 C:\Users\thyagesh93\Documents\NUS\IVLEDrive\EE2024 PROGRAMMING FOR COMPUTER INTERFACES\PROGRAMMING FOR COMPUTER INTERFACES\Assignment 2\Lib_MCU\Debug\libLib_MCU.a(lpc17xx_pinsel.o)
                0x000044dc                PINSEL_SetPinFunc
 .text.PINSEL_SetResistorMode
                0x00004580       0xa4 C:\Users\thyagesh93\Documents\NUS\IVLEDrive\EE2024 PROGRAMMING FOR COMPUTER INTERFACES\PROGRAMMING FOR COMPUTER INTERFACES\Assignment 2\Lib_MCU\Debug\libLib_MCU.a(lpc17xx_pinsel.o)
                0x00004580                PINSEL_SetResistorMode
 .text.PINSEL_SetOpenDrainMode
                0x00004624       0x84 C:\Users\thyagesh93\Documents\NUS\IVLEDrive\EE2024 PROGRAMMING FOR COMPUTER INTERFACES\PROGRAMMING FOR COMPUTER INTERFACES\Assignment 2\Lib_MCU\Debug\libLib_MCU.a(lpc17xx_pinsel.o)
                0x00004624                PINSEL_SetOpenDrainMode
 .text.PINSEL_ConfigPin
                0x000046a8       0x4c C:\Users\thyagesh93\Documents\NUS\IVLEDrive\EE2024 PROGRAMMING FOR COMPUTER INTERFACES\PROGRAMMING FOR COMPUTER INTERFACES\Assignment 2\Lib_MCU\Debug\libLib_MCU.a(lpc17xx_pinsel.o)
                0x000046a8                PINSEL_ConfigPin
 .text.SSP_getNum
                0x000046f4       0x48 C:\Users\thyagesh93\Documents\NUS\IVLEDrive\EE2024 PROGRAMMING FOR COMPUTER INTERFACES\PROGRAMMING FOR COMPUTER INTERFACES\Assignment 2\Lib_MCU\Debug\libLib_MCU.a(lpc17xx_ssp.o)
 .text.SSP_IntHandler
                0x0000473c      0x324 C:\Users\thyagesh93\Documents\NUS\IVLEDrive\EE2024 PROGRAMMING FOR COMPUTER INTERFACES\PROGRAMMING FOR COMPUTER INTERFACES\Assignment 2\Lib_MCU\Debug\libLib_MCU.a(lpc17xx_ssp.o)
                0x0000473c                SSP_IntHandler
 .text.SSP_SetClock
                0x00004a60       0xf8 C:\Users\thyagesh93\Documents\NUS\IVLEDrive\EE2024 PROGRAMMING FOR COMPUTER INTERFACES\PROGRAMMING FOR COMPUTER INTERFACES\Assignment 2\Lib_MCU\Debug\libLib_MCU.a(lpc17xx_ssp.o)
                0x00004a60                SSP_SetClock
 .text.SSP_Init
                0x00004b58      0x10c C:\Users\thyagesh93\Documents\NUS\IVLEDrive\EE2024 PROGRAMMING FOR COMPUTER INTERFACES\PROGRAMMING FOR COMPUTER INTERFACES\Assignment 2\Lib_MCU\Debug\libLib_MCU.a(lpc17xx_ssp.o)
                0x00004b58                SSP_Init
 .text.SSP_ConfigStructInit
                0x00004c64       0x48 C:\Users\thyagesh93\Documents\NUS\IVLEDrive\EE2024 PROGRAMMING FOR COMPUTER INTERFACES\PROGRAMMING FOR COMPUTER INTERFACES\Assignment 2\Lib_MCU\Debug\libLib_MCU.a(lpc17xx_ssp.o)
                0x00004c64                SSP_ConfigStructInit
 .text.SSP_Cmd  0x00004cac       0x7c C:\Users\thyagesh93\Documents\NUS\IVLEDrive\EE2024 PROGRAMMING FOR COMPUTER INTERFACES\PROGRAMMING FOR COMPUTER INTERFACES\Assignment 2\Lib_MCU\Debug\libLib_MCU.a(lpc17xx_ssp.o)
                0x00004cac                SSP_Cmd
 .text.SSP_SendData
                0x00004d28       0x48 C:\Users\thyagesh93\Documents\NUS\IVLEDrive\EE2024 PROGRAMMING FOR COMPUTER INTERFACES\PROGRAMMING FOR COMPUTER INTERFACES\Assignment 2\Lib_MCU\Debug\libLib_MCU.a(lpc17xx_ssp.o)
                0x00004d28                SSP_SendData
 .text.SSP_ReceiveData
                0x00004d70       0x44 C:\Users\thyagesh93\Documents\NUS\IVLEDrive\EE2024 PROGRAMMING FOR COMPUTER INTERFACES\PROGRAMMING FOR COMPUTER INTERFACES\Assignment 2\Lib_MCU\Debug\libLib_MCU.a(lpc17xx_ssp.o)
                0x00004d70                SSP_ReceiveData
 .text.SSP_ReadWrite
                0x00004db4      0x448 C:\Users\thyagesh93\Documents\NUS\IVLEDrive\EE2024 PROGRAMMING FOR COMPUTER INTERFACES\PROGRAMMING FOR COMPUTER INTERFACES\Assignment 2\Lib_MCU\Debug\libLib_MCU.a(lpc17xx_ssp.o)
                0x00004db4                SSP_ReadWrite
 .text.TIM_GetPClock
                0x000051fc       0x68 C:\Users\thyagesh93\Documents\NUS\IVLEDrive\EE2024 PROGRAMMING FOR COMPUTER INTERFACES\PROGRAMMING FOR COMPUTER INTERFACES\Assignment 2\Lib_MCU\Debug\libLib_MCU.a(lpc17xx_timer.o)
                0x000051fc                TIM_GetPClock
 .text.TIM_ConverUSecToVal
                0x00005264       0x68 C:\Users\thyagesh93\Documents\NUS\IVLEDrive\EE2024 PROGRAMMING FOR COMPUTER INTERFACES\PROGRAMMING FOR COMPUTER INTERFACES\Assignment 2\Lib_MCU\Debug\libLib_MCU.a(lpc17xx_timer.o)
                0x00005264                TIM_ConverUSecToVal
 .text.TIM_ConverPtrToTimeNum
                0x000052cc       0x74 C:\Users\thyagesh93\Documents\NUS\IVLEDrive\EE2024 PROGRAMMING FOR COMPUTER INTERFACES\PROGRAMMING FOR COMPUTER INTERFACES\Assignment 2\Lib_MCU\Debug\libLib_MCU.a(lpc17xx_timer.o)
                0x000052cc                TIM_ConverPtrToTimeNum
 .text.TIM_ClearIntPending
                0x00005340       0xa8 C:\Users\thyagesh93\Documents\NUS\IVLEDrive\EE2024 PROGRAMMING FOR COMPUTER INTERFACES\PROGRAMMING FOR COMPUTER INTERFACES\Assignment 2\Lib_MCU\Debug\libLib_MCU.a(lpc17xx_timer.o)
                0x00005340                TIM_ClearIntPending
 .text.TIM_Init
                0x000053e8      0x1cc C:\Users\thyagesh93\Documents\NUS\IVLEDrive\EE2024 PROGRAMMING FOR COMPUTER INTERFACES\PROGRAMMING FOR COMPUTER INTERFACES\Assignment 2\Lib_MCU\Debug\libLib_MCU.a(lpc17xx_timer.o)
                0x000053e8                TIM_Init
 .text.TIM_Cmd  0x000055b4       0x7c C:\Users\thyagesh93\Documents\NUS\IVLEDrive\EE2024 PROGRAMMING FOR COMPUTER INTERFACES\PROGRAMMING FOR COMPUTER INTERFACES\Assignment 2\Lib_MCU\Debug\libLib_MCU.a(lpc17xx_timer.o)
                0x000055b4                TIM_Cmd
 .text.TIM_ResetCounter
                0x00005630       0x70 C:\Users\thyagesh93\Documents\NUS\IVLEDrive\EE2024 PROGRAMMING FOR COMPUTER INTERFACES\PROGRAMMING FOR COMPUTER INTERFACES\Assignment 2\Lib_MCU\Debug\libLib_MCU.a(lpc17xx_timer.o)
                0x00005630                TIM_ResetCounter
 .text.TIM_ConfigMatch
                0x000056a0      0x1a0 C:\Users\thyagesh93\Documents\NUS\IVLEDrive\EE2024 PROGRAMMING FOR COMPUTER INTERFACES\PROGRAMMING FOR COMPUTER INTERFACES\Assignment 2\Lib_MCU\Debug\libLib_MCU.a(lpc17xx_timer.o)
                0x000056a0                TIM_ConfigMatch
 .text.uart_set_divisors
                0x00005840      0x26c C:\Users\thyagesh93\Documents\NUS\IVLEDrive\EE2024 PROGRAMMING FOR COMPUTER INTERFACES\PROGRAMMING FOR COMPUTER INTERFACES\Assignment 2\Lib_MCU\Debug\libLib_MCU.a(lpc17xx_uart.o)
                0x00005840                uart_set_divisors
 .text.UART_Init
                0x00005aac      0x360 C:\Users\thyagesh93\Documents\NUS\IVLEDrive\EE2024 PROGRAMMING FOR COMPUTER INTERFACES\PROGRAMMING FOR COMPUTER INTERFACES\Assignment 2\Lib_MCU\Debug\libLib_MCU.a(lpc17xx_uart.o)
                0x00005aac                UART_Init
 .text.UART_SendData
                0x00005e0c       0x78 C:\Users\thyagesh93\Documents\NUS\IVLEDrive\EE2024 PROGRAMMING FOR COMPUTER INTERFACES\PROGRAMMING FOR COMPUTER INTERFACES\Assignment 2\Lib_MCU\Debug\libLib_MCU.a(lpc17xx_uart.o)
                0x00005e0c                UART_SendData
 .text.UART_ReceiveData
                0x00005e84       0x7c C:\Users\thyagesh93\Documents\NUS\IVLEDrive\EE2024 PROGRAMMING FOR COMPUTER INTERFACES\PROGRAMMING FOR COMPUTER INTERFACES\Assignment 2\Lib_MCU\Debug\libLib_MCU.a(lpc17xx_uart.o)
                0x00005e84                UART_ReceiveData
 .text.UART_IntConfig
                0x00005f00      0x1d4 C:\Users\thyagesh93\Documents\NUS\IVLEDrive\EE2024 PROGRAMMING FOR COMPUTER INTERFACES\PROGRAMMING FOR COMPUTER INTERFACES\Assignment 2\Lib_MCU\Debug\libLib_MCU.a(lpc17xx_uart.o)
                0x00005f00                UART_IntConfig
 .text.UART_TxCmd
                0x000060d4       0xf0 C:\Users\thyagesh93\Documents\NUS\IVLEDrive\EE2024 PROGRAMMING FOR COMPUTER INTERFACES\PROGRAMMING FOR COMPUTER INTERFACES\Assignment 2\Lib_MCU\Debug\libLib_MCU.a(lpc17xx_uart.o)
                0x000060d4                UART_TxCmd
 .text.UART_Send
                0x000061c4      0x100 C:\Users\thyagesh93\Documents\NUS\IVLEDrive\EE2024 PROGRAMMING FOR COMPUTER INTERFACES\PROGRAMMING FOR COMPUTER INTERFACES\Assignment 2\Lib_MCU\Debug\libLib_MCU.a(lpc17xx_uart.o)
                0x000061c4                UART_Send
 .text.UART_Receive
                0x000062c4       0xc8 C:\Users\thyagesh93\Documents\NUS\IVLEDrive\EE2024 PROGRAMMING FOR COMPUTER INTERFACES\PROGRAMMING FOR COMPUTER INTERFACES\Assignment 2\Lib_MCU\Debug\libLib_MCU.a(lpc17xx_uart.o)
                0x000062c4                UART_Receive
 .text.CLKPWR_SetPCLKDiv
                0x0000638c       0xd0 C:\Users\thyagesh93\Documents\NUS\IVLEDrive\EE2024 PROGRAMMING FOR COMPUTER INTERFACES\PROGRAMMING FOR COMPUTER INTERFACES\Assignment 2\Lib_MCU\Debug\libLib_MCU.a(lpc17xx_clkpwr.o)
                0x0000638c                CLKPWR_SetPCLKDiv
 .text.CLKPWR_GetPCLKSEL
                0x0000645c       0x54 C:\Users\thyagesh93\Documents\NUS\IVLEDrive\EE2024 PROGRAMMING FOR COMPUTER INTERFACES\PROGRAMMING FOR COMPUTER INTERFACES\Assignment 2\Lib_MCU\Debug\libLib_MCU.a(lpc17xx_clkpwr.o)
                0x0000645c                CLKPWR_GetPCLKSEL
 .text.CLKPWR_GetPCLK
                0x000064b0       0x70 C:\Users\thyagesh93\Documents\NUS\IVLEDrive\EE2024 PROGRAMMING FOR COMPUTER INTERFACES\PROGRAMMING FOR COMPUTER INTERFACES\Assignment 2\Lib_MCU\Debug\libLib_MCU.a(lpc17xx_clkpwr.o)
                0x000064b0                CLKPWR_GetPCLK
 .text.CLKPWR_ConfigPPWR
                0x00006520       0x7c C:\Users\thyagesh93\Documents\NUS\IVLEDrive\EE2024 PROGRAMMING FOR COMPUTER INTERFACES\PROGRAMMING FOR COMPUTER INTERFACES\Assignment 2\Lib_MCU\Debug\libLib_MCU.a(lpc17xx_clkpwr.o)
                0x00006520                CLKPWR_ConfigPPWR
 .text          0x0000659c      0x370 c:/nxp/lpcxpresso_3.6.3_317/tools/bin/../lib/gcc/arm-none-eabi/4.3.3/thumb2\libgcc.a(_arm_addsubdf3.o)
                0x000068b0                __floatdidf
                0x00006840                __floatsidf
                0x00006820                __aeabi_ui2d
                0x0000659c                __aeabi_drsub
                0x00006864                __extendsfdf2
                0x000065a8                __adddf3
                0x00006820                __floatunsidf
                0x000065a8                __aeabi_dadd
                0x000068a0                __aeabi_ul2d
                0x000065a4                __aeabi_dsub
                0x000068a0                __floatundidf
                0x00006840                __aeabi_i2d
                0x000068b0                __aeabi_l2d
                0x00006864                __aeabi_f2d
                0x000065a4                __subdf3
 .text          0x0000690c      0x424 c:/nxp/lpcxpresso_3.6.3_317/tools/bin/../lib/gcc/arm-none-eabi/4.3.3/thumb2\libgcc.a(_arm_muldivdf3.o)
                0x00006b60                __aeabi_ddiv
                0x0000690c                __aeabi_dmul
                0x00006b60                __divdf3
                0x0000690c                __muldf3
 .text          0x00006d30       0xa0 c:/nxp/lpcxpresso_3.6.3_317/tools/bin/../lib/gcc/arm-none-eabi/4.3.3/thumb2\libgcc.a(_arm_truncdfsf2.o)
                0x00006d30                __aeabi_d2f
                0x00006d30                __truncdfsf2
 .text          0x00006dd0      0x21c c:/nxp/lpcxpresso_3.6.3_317/tools/bin/../lib/gcc/arm-none-eabi/4.3.3/thumb2\libgcc.a(_arm_addsubsf3.o)
                0x00006ddc                __aeabi_fadd
                0x00006dd8                __subsf3
                0x00006f44                __aeabi_i2f
                0x00006dd8                __aeabi_fsub
                0x00006f70                __floatdisf
                0x00006f44                __floatsisf
                0x00006f60                __floatundisf
                0x00006f3c                __aeabi_ui2f
                0x00006f70                __aeabi_l2f
                0x00006f60                __aeabi_ul2f
                0x00006dd0                __aeabi_frsub
                0x00006f3c                __floatunsisf
                0x00006ddc                __addsf3
 .text          0x00006fec       0xec c:/nxp/lpcxpresso_3.6.3_317/tools/bin/../lib/gcc/arm-none-eabi/4.3.3/thumb2\libgcc.a(_arm_cmpsf2.o)
                0x000070c4                __aeabi_fcmpgt
                0x00006ff4                __lesf2
                0x00006ffc                __nesf2
                0x000070b0                __aeabi_fcmpge
                0x00006fec                __gtsf2
                0x0000709c                __aeabi_fcmple
                0x00006ffc                __eqsf2
                0x00006ffc                __cmpsf2
                0x00006ff4                __ltsf2
                0x00007064                __aeabi_cfcmple
                0x00006fec                __gesf2
                0x00007074                __aeabi_fcmpeq
                0x0000705c                __aeabi_cfrcmple
                0x00007088                __aeabi_fcmplt
                0x00007064                __aeabi_cfcmpeq
 .text          0x000070d8       0x4c c:/nxp/lpcxpresso_3.6.3_317/tools/bin/../lib/gcc/arm-none-eabi/4.3.3/thumb2\libgcc.a(_arm_fixsfsi.o)
                0x000070d8                __fixsfsi
                0x000070d8                __aeabi_f2iz
 .text          0x00007124       0x2c c:/nxp/lpcxpresso_3.6.3_317/tools/bin/../lib/gcc/arm-none-eabi/4.3.3/thumb2\libgcc.a(_aeabi_uldivmod.o)
                0x00007124                __aeabi_uldivmod
 .text          0x00007150       0x60 c:/nxp/lpcxpresso_3.6.3_317/tools/bin/../lib/gcc/arm-none-eabi/4.3.3/thumb2\libgcc.a(bpabi.o)
                0x00007150                __gnu_uldivmod_helper
                0x00007180                __gnu_ldivmod_helper
 .text          0x000071b0        0x4 c:/nxp/lpcxpresso_3.6.3_317/tools/bin/../lib/gcc/arm-none-eabi/4.3.3/thumb2\libgcc.a(_dvmd_tls.o)
                0x000071b0                __aeabi_ldiv0
                0x000071b0                __aeabi_idiv0
 .text          0x000071b4      0x40c c:/nxp/lpcxpresso_3.6.3_317/tools/bin/../lib/gcc/arm-none-eabi/4.3.3/thumb2\libgcc.a(_divdi3.o)
                0x000071b4                __divdi3
 .text          0x000075c0      0x3cc c:/nxp/lpcxpresso_3.6.3_317/tools/bin/../lib/gcc/arm-none-eabi/4.3.3/thumb2\libgcc.a(_udivdi3.o)
                0x000075c0                __udivdi3
 .text          0x0000798c       0x8c c:/nxp/lpcxpresso_3.6.3_317/tools/bin/../lib/gcc/arm-none-eabi/4.3.3/thumb2\libgcc.a(_udivsi3.o)
                0x0000798c                __udivsi3
                0x0000798c                __aeabi_uidiv
                0x00007a04                __aeabi_uidivmod
 .text          0x00007a18      0x12c c:/nxp/lpcxpresso_3.6.3_317/tools/bin/../lib/gcc/arm-none-eabi/4.3.3/../../../../arm-none-eabi/lib/thumb2\libc.a(lib_a-memcpy.o)
                0x00007a18                memcpy
 .text          0x00007b44       0xb0 c:/nxp/lpcxpresso_3.6.3_317/tools/bin/../lib/gcc/arm-none-eabi/4.3.3/../../../../arm-none-eabi/lib/thumb2\libc.a(lib_a-memset.o)
                0x00007b44                memset
 .text          0x00007bf4       0x60 c:/nxp/lpcxpresso_3.6.3_317/tools/bin/../lib/gcc/arm-none-eabi/4.3.3/../../../../arm-none-eabi/lib/thumb2\libc.a(lib_a-printf.o)
                0x00007bf4                printf
                0x00007c28                _printf_r
 .text          0x00007c54       0x8c c:/nxp/lpcxpresso_3.6.3_317/tools/bin/../lib/gcc/arm-none-eabi/4.3.3/../../../../arm-none-eabi/lib/thumb2\libc.a(lib_a-sprintf.o)
                0x00007ca0                _sprintf_r
                0x00007c54                sprintf
 .text          0x00007ce0       0x48 c:/nxp/lpcxpresso_3.6.3_317/tools/bin/../lib/gcc/arm-none-eabi/4.3.3/../../../../arm-none-eabi/lib/thumb2\libc.a(lib_a-strcat.o)
                0x00007ce0                strcat
 .text          0x00007d28       0xbc c:/nxp/lpcxpresso_3.6.3_317/tools/bin/../lib/gcc/arm-none-eabi/4.3.3/../../../../arm-none-eabi/lib/thumb2\libc.a(lib_a-strcpy.o)
                0x00007d28                strcpy
 .text          0x00007de4       0x60 c:/nxp/lpcxpresso_3.6.3_317/tools/bin/../lib/gcc/arm-none-eabi/4.3.3/../../../../arm-none-eabi/lib/thumb2\libc.a(lib_a-strlen.o)
                0x00007de4                strlen
 .text          0x00007e44     0x1488 c:/nxp/lpcxpresso_3.6.3_317/tools/bin/../lib/gcc/arm-none-eabi/4.3.3/../../../../arm-none-eabi/lib/thumb2\libc.a(lib_a-svfprintf.o)
                0x00007f40                _svfprintf_r
 .text          0x000092cc     0x1724 c:/nxp/lpcxpresso_3.6.3_317/tools/bin/../lib/gcc/arm-none-eabi/4.3.3/../../../../arm-none-eabi/lib/thumb2\libc.a(lib_a-vfprintf.o)
                0x000092e8                _vfprintf_r
                0x0000a9d4                vfprintf
 .text          0x0000a9f0      0x100 c:/nxp/lpcxpresso_3.6.3_317/tools/bin/../lib/gcc/arm-none-eabi/4.3.3/../../../../arm-none-eabi/lib/thumb2\libc.a(lib_a-wsetup.o)
                0x0000a9f0                __swsetup_r
 .text          0x0000aaf0      0xf88 c:/nxp/lpcxpresso_3.6.3_317/tools/bin/../lib/gcc/arm-none-eabi/4.3.3/../../../../arm-none-eabi/lib/thumb2\libc.a(lib_a-dtoa.o)
                0x0000ac20                _dtoa_r
 .text          0x0000ba78      0x178 c:/nxp/lpcxpresso_3.6.3_317/tools/bin/../lib/gcc/arm-none-eabi/4.3.3/../../../../arm-none-eabi/lib/thumb2\libc.a(lib_a-fflush.o)
                0x0000bbc0                fflush
                0x0000ba78                _fflush_r
 .text          0x0000bbf0      0x1e8 c:/nxp/lpcxpresso_3.6.3_317/tools/bin/../lib/gcc/arm-none-eabi/4.3.3/../../../../arm-none-eabi/lib/thumb2\libc.a(lib_a-findfp.o)
                0x0000bd78                __sinit
                0x0000bcbc                __sfmoreglue
                0x0000bc50                _cleanup
                0x0000bc40                _cleanup_r
                0x0000bc24                __fp_lock_all
                0x0000bbf0                __sfp_lock_acquire
                0x0000bce8                __sfp
                0x0000bbfc                __sinit_lock_release
                0x0000bc08                __fp_unlock_all
                0x0000bbf4                __sfp_lock_release
                0x0000bbf8                __sinit_lock_acquire
 .text          0x0000bdd8      0x238 c:/nxp/lpcxpresso_3.6.3_317/tools/bin/../lib/gcc/arm-none-eabi/4.3.3/../../../../arm-none-eabi/lib/thumb2\libc.a(lib_a-freer.o)
                0x0000be84                _free_r
                0x0000bdd8                _malloc_trim_r
 .text          0x0000c010      0x2e8 c:/nxp/lpcxpresso_3.6.3_317/tools/bin/../lib/gcc/arm-none-eabi/4.3.3/../../../../arm-none-eabi/lib/thumb2\libc.a(lib_a-fvwrite.o)
                0x0000c010                __sfvwrite_r
 .text          0x0000c2f8       0xb0 c:/nxp/lpcxpresso_3.6.3_317/tools/bin/../lib/gcc/arm-none-eabi/4.3.3/../../../../arm-none-eabi/lib/thumb2\libc.a(lib_a-fwalk.o)
                0x0000c350                _fwalk
                0x0000c2f8                _fwalk_reent
 .text          0x0000c3a8       0x74 c:/nxp/lpcxpresso_3.6.3_317/tools/bin/../lib/gcc/arm-none-eabi/4.3.3/../../../../arm-none-eabi/lib/thumb2\libc.a(lib_a-locale.o)
                0x0000c3c4                _setlocale_r
                0x0000c3a8                __locale_charset
                0x0000c3b4                _localeconv_r
                0x0000c404                setlocale
                0x0000c3bc                localeconv
 .text          0x0000c41c       0xe0 c:/nxp/lpcxpresso_3.6.3_317/tools/bin/../lib/gcc/arm-none-eabi/4.3.3/../../../../arm-none-eabi/lib/thumb2\libc.a(lib_a-makebuf.o)
                0x0000c41c                __smakebuf_r
 .text          0x0000c4fc       0x28 c:/nxp/lpcxpresso_3.6.3_317/tools/bin/../lib/gcc/arm-none-eabi/4.3.3/../../../../arm-none-eabi/lib/thumb2\libc.a(lib_a-malloc.o)
                0x0000c510                malloc
                0x0000c4fc                free
 .text          0x0000c524      0x530 c:/nxp/lpcxpresso_3.6.3_317/tools/bin/../lib/gcc/arm-none-eabi/4.3.3/../../../../arm-none-eabi/lib/thumb2\libc.a(lib_a-mallocr.o)
                0x0000c524                _malloc_r
 .text          0x0000ca54       0x7c c:/nxp/lpcxpresso_3.6.3_317/tools/bin/../lib/gcc/arm-none-eabi/4.3.3/../../../../arm-none-eabi/lib/thumb2\libc.a(lib_a-memchr.o)
                0x0000ca54                memchr
 .text          0x0000cad0       0xc0 c:/nxp/lpcxpresso_3.6.3_317/tools/bin/../lib/gcc/arm-none-eabi/4.3.3/../../../../arm-none-eabi/lib/thumb2\libc.a(lib_a-memmove.o)
                0x0000cad0                memmove
 .text          0x0000cb90        0x8 c:/nxp/lpcxpresso_3.6.3_317/tools/bin/../lib/gcc/arm-none-eabi/4.3.3/../../../../arm-none-eabi/lib/thumb2\libc.a(lib_a-mlock.o)
                0x0000cb94                __malloc_unlock
                0x0000cb90                __malloc_lock
 .text          0x0000cb98      0x92c c:/nxp/lpcxpresso_3.6.3_317/tools/bin/../lib/gcc/arm-none-eabi/4.3.3/../../../../arm-none-eabi/lib/thumb2\libc.a(lib_a-mprec.o)
                0x0000cdc4                _mprec_log10
                0x0000ce50                __any_on
                0x0000cee4                _Balloc
                0x0000cd70                __ratio
                0x0000d2ec                __i2b
                0x0000ccc4                __b2d
                0x0000d430                __s2b
                0x0000cc3c                __mcmp
                0x0000cb98                __hi0bits
                0x0000d37c                __pow5mult
                0x0000d108                __lshift
                0x0000d1bc                __multiply
                0x0000cf54                __d2b
                0x0000ce00                __copybits
                0x0000cc7c                __ulp
                0x0000d00c                __mdiff
                0x0000cbd8                __lo0bits
                0x0000d300                __multadd
                0x0000ceb4                _Bfree
 .text          0x0000d4c4      0x388 c:/nxp/lpcxpresso_3.6.3_317/tools/bin/../lib/gcc/arm-none-eabi/4.3.3/../../../../arm-none-eabi/lib/thumb2\libc.a(lib_a-reallocr.o)
                0x0000d4c4                _realloc_r
 .text          0x0000d84c       0x28 c:/nxp/lpcxpresso_3.6.3_317/tools/bin/../lib/gcc/arm-none-eabi/4.3.3/../../../../arm-none-eabi/lib/thumb2\libc.a(lib_a-s_isinfd.o)
                0x0000d84c                __isinfd
 .text          0x0000d874       0x1c c:/nxp/lpcxpresso_3.6.3_317/tools/bin/../lib/gcc/arm-none-eabi/4.3.3/../../../../arm-none-eabi/lib/thumb2\libc.a(lib_a-s_isnand.o)
                0x0000d874                __isnand
 .text          0x0000d890       0x28 c:/nxp/lpcxpresso_3.6.3_317/tools/bin/../lib/gcc/arm-none-eabi/4.3.3/../../../../arm-none-eabi/lib/thumb2\libc.a(lib_a-sbrkr.o)
                0x0000d890                _sbrk_r
 .text          0x0000d8b8       0x94 c:/nxp/lpcxpresso_3.6.3_317/tools/bin/../lib/gcc/arm-none-eabi/4.3.3/../../../../arm-none-eabi/lib/thumb2\libc.a(lib_a-stdio.o)
                0x0000d8c4                __sseek
                0x0000d928                __sread
                0x0000d8b8                __sclose
                0x0000d8ec                __swrite
 .text          0x0000d94c      0x1dc c:/nxp/lpcxpresso_3.6.3_317/tools/bin/../lib/gcc/arm-none-eabi/4.3.3/../../../../arm-none-eabi/lib/thumb2\libc.a(lib_a-strcmp.o)
                0x0000d94c                strcmp
 .text          0x0000db28       0x2c c:/nxp/lpcxpresso_3.6.3_317/tools/bin/../lib/gcc/arm-none-eabi/4.3.3/../../../../arm-none-eabi/lib/thumb2\libc.a(lib_a-writer.o)
                0x0000db28                _write_r
 .text          0x0000db54       0x5c c:/nxp/lpcxpresso_3.6.3_317/tools/bin/../lib/gcc/arm-none-eabi/4.3.3/../../../../arm-none-eabi/lib/thumb2\libc.a(lib_a-callocr.o)
                0x0000db54                _calloc_r
 .text          0x0000dbb0       0x28 c:/nxp/lpcxpresso_3.6.3_317/tools/bin/../lib/gcc/arm-none-eabi/4.3.3/../../../../arm-none-eabi/lib/thumb2\libc.a(lib_a-closer.o)
                0x0000dbb0                _close_r
 .text          0x0000dbd8       0xcc c:/nxp/lpcxpresso_3.6.3_317/tools/bin/../lib/gcc/arm-none-eabi/4.3.3/../../../../arm-none-eabi/lib/thumb2\libc.a(lib_a-fclose.o)
                0x0000dbd8                _fclose_r
                0x0000dc90                fclose
 .text          0x0000dca4       0x2c c:/nxp/lpcxpresso_3.6.3_317/tools/bin/../lib/gcc/arm-none-eabi/4.3.3/../../../../arm-none-eabi/lib/thumb2\libc.a(lib_a-fstatr.o)
                0x0000dca4                _fstat_r
 .text          0x0000dcd0       0x28 c:/nxp/lpcxpresso_3.6.3_317/tools/bin/../lib/gcc/arm-none-eabi/4.3.3/../../../../arm-none-eabi/lib/thumb2\libc.a(lib_a-isattyr.o)
                0x0000dcd0                _isatty_r
 .text          0x0000dcf8       0x2c c:/nxp/lpcxpresso_3.6.3_317/tools/bin/../lib/gcc/arm-none-eabi/4.3.3/../../../../arm-none-eabi/lib/thumb2\libc.a(lib_a-lseekr.o)
                0x0000dcf8                _lseek_r
 .text          0x0000dd24       0x2c c:/nxp/lpcxpresso_3.6.3_317/tools/bin/../lib/gcc/arm-none-eabi/4.3.3/../../../../arm-none-eabi/lib/thumb2\libc.a(lib_a-readr.o)
                0x0000dd24                _read_r
 .text.initialise_monitor_handles
                0x0000dd50       0xbc c:/nxp/lpcxpresso_3.6.3_317/tools/bin/../lib/gcc/arm-none-eabi/4.3.3/../../../../arm-none-eabi/lib/thumb2\libcr_newlib_semihost.a(syscalls.o)
 .text._sbrk    0x0000de0c       0x7c c:/nxp/lpcxpresso_3.6.3_317/tools/bin/../lib/gcc/arm-none-eabi/4.3.3/../../../../arm-none-eabi/lib/thumb2\libcr_newlib_semihost.a(syscalls.o)
                0x0000de0c                _sbrk
 .text._swilseek
                0x0000de88       0xdc c:/nxp/lpcxpresso_3.6.3_317/tools/bin/../lib/gcc/arm-none-eabi/4.3.3/../../../../arm-none-eabi/lib/thumb2\libcr_newlib_semihost.a(syscalls.o)
                0x0000de88                _swilseek
 .text._lseek   0x0000df64        0x8 c:/nxp/lpcxpresso_3.6.3_317/tools/bin/../lib/gcc/arm-none-eabi/4.3.3/../../../../arm-none-eabi/lib/thumb2\libcr_newlib_semihost.a(syscalls.o)
                0x0000df64                _lseek
 .text._isatty  0x0000df6c       0x60 c:/nxp/lpcxpresso_3.6.3_317/tools/bin/../lib/gcc/arm-none-eabi/4.3.3/../../../../arm-none-eabi/lib/thumb2\libcr_newlib_semihost.a(syscalls.o)
                0x0000df6c                _isatty
 .text._close   0x0000dfcc       0x9c c:/nxp/lpcxpresso_3.6.3_317/tools/bin/../lib/gcc/arm-none-eabi/4.3.3/../../../../arm-none-eabi/lib/thumb2\libcr_newlib_semihost.a(syscalls.o)
                0x0000dfcc                _close
 .text._read    0x0000e068       0x84 c:/nxp/lpcxpresso_3.6.3_317/tools/bin/../lib/gcc/arm-none-eabi/4.3.3/../../../../arm-none-eabi/lib/thumb2\libcr_newlib_semihost.a(syscalls.o)
                0x0000e068                _read
 .text._write   0x0000e0ec       0xa8 c:/nxp/lpcxpresso_3.6.3_317/tools/bin/../lib/gcc/arm-none-eabi/4.3.3/../../../../arm-none-eabi/lib/thumb2\libcr_newlib_semihost.a(syscalls.o)
                0x0000e0ec                _write
 .text._fstat   0x0000e194       0x80 c:/nxp/lpcxpresso_3.6.3_317/tools/bin/../lib/gcc/arm-none-eabi/4.3.3/../../../../arm-none-eabi/lib/thumb2\libcr_newlib_semihost.a(syscalls.o)
                0x0000e194                _fstat
 .text          0x0000e214      0x110 c:/nxp/lpcxpresso_3.6.3_317/tools/bin/../lib/gcc/arm-none-eabi/4.3.3/thumb2\libgcc.a(_arm_cmpdf2.o)
                0x0000e2e8                __aeabi_dcmple
                0x0000e224                __cmpdf2
                0x0000e224                __eqdf2
                0x0000e214                __gtdf2
                0x0000e2b0                __aeabi_cdcmple
                0x0000e2a0                __aeabi_cdrcmple
                0x0000e21c                __ltdf2
                0x0000e2d4                __aeabi_dcmplt
                0x0000e21c                __ledf2
                0x0000e310                __aeabi_dcmpgt
                0x0000e2fc                __aeabi_dcmpge
                0x0000e224                __nedf2
                0x0000e2c0                __aeabi_dcmpeq
                0x0000e2b0                __aeabi_cdcmpeq
                0x0000e214                __gedf2
 .text          0x0000e324       0x50 c:/nxp/lpcxpresso_3.6.3_317/tools/bin/../lib/gcc/arm-none-eabi/4.3.3/thumb2\libgcc.a(_arm_fixdfsi.o)
                0x0000e324                __fixdfsi
                0x0000e324                __aeabi_d2iz
 .text          0x0000e374        0xc c:/nxp/lpcxpresso_3.6.3_317/tools/bin/../lib/gcc/arm-none-eabi/4.3.3/../../../../arm-none-eabi/lib/thumb2\libc.a(lib_a-errno.o)
                0x0000e374                __errno
 *(.rodata .rodata.*)
 .rodata        0x0000e380      0x198 ./src/main.o
                0x0000e464                REPLY_ACK
                0x0000e386                RESET_PIN
                0x0000e390                ACC_THRESHOLD
                0x0000e398                notes
                0x0000e38c                TEMP_UPPER_LIMIT
                0x0000e400                MESSAGE_READY
                0x0000e394                FREQ_UPDATE_PERIOD_MS
                0x0000e47c                CMD_RESET_TO_STDBY
                0x0000e388                LIGHT_PORT
                0x0000e380                CALIBRATED_PORT
                0x0000e3d0                tempStateStringMap
                0x0000e43c                MESSAGE_CONFIRM_ENTER_STDBY
                0x0000e384                RESET_PORT
                0x0000e382                CALIBRATED_PIN
                0x0000e3eb                radiationStateStringMap
                0x0000e46c                REPLY_NOT_ACK
                0x0000e450                MESSAGE_REPORT_TEMPLATE
                0x0000e474                CMD_RESET_TO_CALIB
                0x0000e38e                ACC_UPDATE_PERIOD_MS
                0x0000e38a                LIGHT_PIN
                0x0000e428                MESSAGE_CONFIRM_ENTER_CALIB
                0x0000e414                MESSAGE_HANDSHAKE_CONFIRM
 .rodata        0x0000e518        0x8 C:\Users\thyagesh93\Documents\NUS\IVLEDrive\EE2024 PROGRAMMING FOR COMPUTER INTERFACES\PROGRAMMING FOR COMPUTER INTERFACES\Assignment 2\Lib_EaBaseBoard\Debug\libLib_EaBaseBoard.a(oled.o)
 .rodata        0x0000e520        0x4 C:\Users\thyagesh93\Documents\NUS\IVLEDrive\EE2024 PROGRAMMING FOR COMPUTER INTERFACES\PROGRAMMING FOR COMPUTER INTERFACES\Assignment 2\Lib_EaBaseBoard\Debug\libLib_EaBaseBoard.a(pca9532.o)
 .rodata        0x0000e524      0x318 C:\Users\thyagesh93\Documents\NUS\IVLEDrive\EE2024 PROGRAMMING FOR COMPUTER INTERFACES\PROGRAMMING FOR COMPUTER INTERFACES\Assignment 2\Lib_EaBaseBoard\Debug\libLib_EaBaseBoard.a(font5x7.o)
                0x0000e524                font5x7
 .rodata        0x0000e83c       0x18 C:\Users\thyagesh93\Documents\NUS\IVLEDrive\EE2024 PROGRAMMING FOR COMPUTER INTERFACES\PROGRAMMING FOR COMPUTER INTERFACES\Assignment 2\Lib_MCU\Debug\libLib_MCU.a(lpc17xx_i2c.o)
 .rodata        0x0000e854       0x18 C:\Users\thyagesh93\Documents\NUS\IVLEDrive\EE2024 PROGRAMMING FOR COMPUTER INTERFACES\PROGRAMMING FOR COMPUTER INTERFACES\Assignment 2\Lib_MCU\Debug\libLib_MCU.a(lpc17xx_ssp.o)
 .rodata        0x0000e86c       0x18 C:\Users\thyagesh93\Documents\NUS\IVLEDrive\EE2024 PROGRAMMING FOR COMPUTER INTERFACES\PROGRAMMING FOR COMPUTER INTERFACES\Assignment 2\Lib_MCU\Debug\libLib_MCU.a(lpc17xx_timer.o)
 .rodata        0x0000e884       0x18 C:\Users\thyagesh93\Documents\NUS\IVLEDrive\EE2024 PROGRAMMING FOR COMPUTER INTERFACES\PROGRAMMING FOR COMPUTER INTERFACES\Assignment 2\Lib_MCU\Debug\libLib_MCU.a(lpc17xx_uart.o)
 .rodata        0x0000e89c      0x100 c:/nxp/lpcxpresso_3.6.3_317/tools/bin/../lib/gcc/arm-none-eabi/4.3.3/thumb2\libgcc.a(_clz.o)
                0x0000e89c                __clz_tab
 .rodata        0x0000e99c       0x20 c:/nxp/lpcxpresso_3.6.3_317/tools/bin/../lib/gcc/arm-none-eabi/4.3.3/../../../../arm-none-eabi/lib/thumb2\libc.a(lib_a-svfprintf.o)
 .rodata.str1.4
                0x0000e9bc       0x5e c:/nxp/lpcxpresso_3.6.3_317/tools/bin/../lib/gcc/arm-none-eabi/4.3.3/../../../../arm-none-eabi/lib/thumb2\libc.a(lib_a-svfprintf.o)
                                 0x60 (size before relaxing)
 .rodata        0x0000ea1a       0x20 c:/nxp/lpcxpresso_3.6.3_317/tools/bin/../lib/gcc/arm-none-eabi/4.3.3/../../../../arm-none-eabi/lib/thumb2\libc.a(lib_a-vfprintf.o)
 .rodata.str1.4
                0x00000000       0x60 c:/nxp/lpcxpresso_3.6.3_317/tools/bin/../lib/gcc/arm-none-eabi/4.3.3/../../../../arm-none-eabi/lib/thumb2\libc.a(lib_a-vfprintf.o)
 *fill*         0x0000ea3a        0x2 00
 .rodata.str1.4
                0x0000ea3c       0x10 c:/nxp/lpcxpresso_3.6.3_317/tools/bin/../lib/gcc/arm-none-eabi/4.3.3/../../../../arm-none-eabi/lib/thumb2\libc.a(lib_a-dtoa.o)
                                 0x14 (size before relaxing)
 .rodata        0x0000ea4c       0x60 c:/nxp/lpcxpresso_3.6.3_317/tools/bin/../lib/gcc/arm-none-eabi/4.3.3/../../../../arm-none-eabi/lib/thumb2\libc.a(lib_a-findfp.o)
                0x0000ea8c                __sf_fake_stderr
                0x0000ea4c                __sf_fake_stdin
                0x0000ea6c                __sf_fake_stdout
 .rodata        0x0000eaac        0x4 c:/nxp/lpcxpresso_3.6.3_317/tools/bin/../lib/gcc/arm-none-eabi/4.3.3/../../../../arm-none-eabi/lib/thumb2\libc.a(lib_a-impure.o)
                0x0000eaac                _global_impure_ptr
 .rodata.str1.4
                0x0000eab0        0x2 c:/nxp/lpcxpresso_3.6.3_317/tools/bin/../lib/gcc/arm-none-eabi/4.3.3/../../../../arm-none-eabi/lib/thumb2\libc.a(lib_a-impure.o)
                                  0x4 (size before relaxing)
 *fill*         0x0000eab2        0x2 00
 .rodata        0x0000eab4       0x34 c:/nxp/lpcxpresso_3.6.3_317/tools/bin/../lib/gcc/arm-none-eabi/4.3.3/../../../../arm-none-eabi/lib/thumb2\libc.a(lib_a-locale.o)
 .rodata.str1.4
                0x0000eae8        0xf c:/nxp/lpcxpresso_3.6.3_317/tools/bin/../lib/gcc/arm-none-eabi/4.3.3/../../../../arm-none-eabi/lib/thumb2\libc.a(lib_a-locale.o)
                                 0x18 (size before relaxing)
 *fill*         0x0000eaf7        0x1 00
 .rodata        0x0000eaf8      0x128 c:/nxp/lpcxpresso_3.6.3_317/tools/bin/../lib/gcc/arm-none-eabi/4.3.3/../../../../arm-none-eabi/lib/thumb2\libc.a(lib_a-mprec.o)
                0x0000ebf8                __mprec_tinytens
                0x0000eaf8                __mprec_tens
                0x0000ebd0                __mprec_bigtens
 .rodata.str1.4
                0x0000ec20        0x4 c:/nxp/lpcxpresso_3.6.3_317/tools/bin/../lib/gcc/arm-none-eabi/4.3.3/../../../../arm-none-eabi/lib/thumb2\libcr_newlib_semihost.a(syscalls.o)
                0x0000ec24                . = ALIGN (0x4)

.glue_7         0x0000ec24        0x0
 .glue_7        0x00000000        0x0 linker stubs

.glue_7t        0x0000ec24        0x0
 .glue_7t       0x00000000        0x0 linker stubs

.vfp11_veneer   0x0000ec24        0x0
 .vfp11_veneer  0x00000000        0x0 linker stubs

.v4_bx          0x0000ec24        0x0
 .v4_bx         0x00000000        0x0 linker stubs

.ARM.extab
 *(.ARM.extab* .gnu.linkonce.armextab.*)
                0x0000ec24                __exidx_start = .

.ARM.exidx      0x0000ec24        0x8
 *(.ARM.exidx* .gnu.linkonce.armexidx.*)
 .ARM.exidx     0x0000ec24        0x8 c:/nxp/lpcxpresso_3.6.3_317/tools/bin/../lib/gcc/arm-none-eabi/4.3.3/thumb2\libgcc.a(_divdi3.o)
 .ARM.exidx     0x0000ec2c        0x0 c:/nxp/lpcxpresso_3.6.3_317/tools/bin/../lib/gcc/arm-none-eabi/4.3.3/thumb2\libgcc.a(_udivdi3.o)
                                  0x8 (size before relaxing)
                0x0000ec2c                __exidx_end = .
                0x0000ec2c                _etext = .

.data_RAM2      0x2007c000        0x0 load address 0x0000ec2c
 FILL mask 0xff
 *(.data.$RAM2*)
 *(.data.$RamAHB32*)
                0x2007c000                . = ALIGN (0x4)

.data_RAM3      0x40038000        0x0 load address 0x0000ec2c
 FILL mask 0xff
 *(.data.$RAM3*)
 *(.data.$CANAccFilterRAM*)
                0x40038000                . = ALIGN (0x4)

.uninit_RESERVED
 *(.bss.$RESERVED*)

.data           0x10000000      0x584 load address 0x0000ec2c
 FILL mask 0xff
                0x10000000                _data = .
 *(vtable)
 *(.data*)
 .data          0x10000000       0x24 ./src/main.o
                0x10000006                REPORTING_PERIOD_MS
                0x10000004                UNSAFE_UPPER_HZ
                0x10000008                stationCommand
                0x10000002                UNSAFE_LOWER_HZ
                0x10000000                TIME_WINDOW_MS
                0x10000010                newReport
                0x1000000f                radiationState
 .data          0x10000024        0x4 C:\Users\thyagesh93\Documents\NUS\IVLEDrive\EE2024 PROGRAMMING FOR COMPUTER INTERFACES\PROGRAMMING FOR COMPUTER INTERFACES\Assignment 2\Lib_CMSISv1p30_LPC17xx\Debug\libCMSISv1p30_LPC17xx.a(system_LPC17xx.o)
                0x10000024                SystemCoreClock
 .data          0x10000028       0x50 C:\Users\thyagesh93\Documents\NUS\IVLEDrive\EE2024 PROGRAMMING FOR COMPUTER INTERFACES\PROGRAMMING FOR COMPUTER INTERFACES\Assignment 2\Lib_EaBaseBoard\Debug\libLib_EaBaseBoard.a(led7seg.o)
 .data          0x10000078        0x8 C:\Users\thyagesh93\Documents\NUS\IVLEDrive\EE2024 PROGRAMMING FOR COMPUTER INTERFACES\PROGRAMMING FOR COMPUTER INTERFACES\Assignment 2\Lib_EaBaseBoard\Debug\libLib_EaBaseBoard.a(light.o)
 .data          0x10000080       0xf4 c:/nxp/lpcxpresso_3.6.3_317/tools/bin/../lib/gcc/arm-none-eabi/4.3.3/../../../../arm-none-eabi/lib/thumb2\libc.a(lib_a-impure.o)
                0x10000080                _impure_ptr
 .data          0x10000174      0x410 c:/nxp/lpcxpresso_3.6.3_317/tools/bin/../lib/gcc/arm-none-eabi/4.3.3/../../../../arm-none-eabi/lib/thumb2\libc.a(lib_a-mallocr.o)
                0x1000057c                __malloc_sbrk_base
                0x10000174                __malloc_av_
                0x10000580                __malloc_trim_threshold
                0x10000584                . = ALIGN (0x4)
                0x10000584                _edata = .

.bss_RAM2       0x2007c000        0x0
 *(.bss.$RAM2*)
 *(.bss.$RamAHB32*)
                0x2007c000                . = ALIGN (0x4)

.bss_RAM3       0x40038000        0x0
 *(.bss.$RAM3*)
 *(.bss.$CANAccFilterRAM*)
                0x40038000                . = ALIGN (0x4)

.bss            0x10000584      0x434
                0x10000584                _bss = .
 *(.bss*)
 .bss           0x10000584       0x64 ./src/main.o
                0x10000598                temp_i
                0x100005dc                accTick
                0x100005a7                accValues
                0x100005d6                reportBytesLeftToSend
                0x10000584                isHandShakeReady
                0x100005a3                accXOffset
                0x100005d2                setWarningToStop
                0x100005d4                setWarningToStart
                0x100005a2                accZ
                0x100005c4                hasCrossedAccThreshold
                0x10000588                countDownStarted
                0x1000058c                currentCountValue
                0x100005a6                accZValToRemove
                0x100005d0                isWarningOn
                0x100005bc                currentAccZFilteredValue
                0x100005e0                warningTick
                0x100005d8                oneSecondTick
                0x1000059c                temp_pointer
                0x100005cc                currentFrequency
                0x100005c0                prevAccZFilteredValue
                0x10000594                temp_t2
                0x10000590                temp_t1
                0x100005bb                currentAccIdx
                0x100005c8                currentFreqCounter
                0x100005a5                accZOffset
                0x100005b1                accValuesSorted
                0x10000586                hasNewCommand
                0x100005a1                accY
                0x100005a4                accYOffset
                0x100005a0                accX
 .bss           0x100005e8      0x300 C:\Users\thyagesh93\Documents\NUS\IVLEDrive\EE2024 PROGRAMMING FOR COMPUTER INTERFACES\PROGRAMMING FOR COMPUTER INTERFACES\Assignment 2\Lib_EaBaseBoard\Debug\libLib_EaBaseBoard.a(oled.o)
 .bss           0x100008e8        0x6 C:\Users\thyagesh93\Documents\NUS\IVLEDrive\EE2024 PROGRAMMING FOR COMPUTER INTERFACES\PROGRAMMING FOR COMPUTER INTERFACES\Assignment 2\Lib_EaBaseBoard\Debug\libLib_EaBaseBoard.a(pca9532.o)
 *fill*         0x100008ee        0x2 00
 .bss           0x100008f0       0x24 C:\Users\thyagesh93\Documents\NUS\IVLEDrive\EE2024 PROGRAMMING FOR COMPUTER INTERFACES\PROGRAMMING FOR COMPUTER INTERFACES\Assignment 2\Lib_MCU\Debug\libLib_MCU.a(lpc17xx_i2c.o)
 .bss           0x10000914       0x18 C:\Users\thyagesh93\Documents\NUS\IVLEDrive\EE2024 PROGRAMMING FOR COMPUTER INTERFACES\PROGRAMMING FOR COMPUTER INTERFACES\Assignment 2\Lib_MCU\Debug\libLib_MCU.a(lpc17xx_ssp.o)
 .bss           0x1000092c       0x34 c:/nxp/lpcxpresso_3.6.3_317/tools/bin/../lib/gcc/arm-none-eabi/4.3.3/../../../../arm-none-eabi/lib/thumb2\libc.a(lib_a-mallocr.o)
                0x1000092c                __malloc_top_pad
                0x10000958                __malloc_max_sbrked_mem
                0x10000930                __malloc_current_mallinfo
                0x1000095c                __malloc_max_total_mem
 .bss.monitor_stdout
                0x10000960        0x4 c:/nxp/lpcxpresso_3.6.3_317/tools/bin/../lib/gcc/arm-none-eabi/4.3.3/../../../../arm-none-eabi/lib/thumb2\libcr_newlib_semihost.a(syscalls.o)
 .bss.initialized.2363
                0x10000964        0x4 c:/nxp/lpcxpresso_3.6.3_317/tools/bin/../lib/gcc/arm-none-eabi/4.3.3/../../../../arm-none-eabi/lib/thumb2\libcr_newlib_semihost.a(syscalls.o)
 .bss.heap_end.2542
                0x10000968        0x4 c:/nxp/lpcxpresso_3.6.3_317/tools/bin/../lib/gcc/arm-none-eabi/4.3.3/../../../../arm-none-eabi/lib/thumb2\libcr_newlib_semihost.a(syscalls.o)
 .bss.monitor_stdin
                0x1000096c        0x4 c:/nxp/lpcxpresso_3.6.3_317/tools/bin/../lib/gcc/arm-none-eabi/4.3.3/../../../../arm-none-eabi/lib/thumb2\libcr_newlib_semihost.a(syscalls.o)
 .bss.heap_base.2543
                0x10000970        0x4 c:/nxp/lpcxpresso_3.6.3_317/tools/bin/../lib/gcc/arm-none-eabi/4.3.3/../../../../arm-none-eabi/lib/thumb2\libcr_newlib_semihost.a(syscalls.o)
 .bss.monitor_stderr
                0x10000974        0x4 c:/nxp/lpcxpresso_3.6.3_317/tools/bin/../lib/gcc/arm-none-eabi/4.3.3/../../../../arm-none-eabi/lib/thumb2\libcr_newlib_semihost.a(syscalls.o)
 .bss.openfiles
                0x10000978       0x28 c:/nxp/lpcxpresso_3.6.3_317/tools/bin/../lib/gcc/arm-none-eabi/4.3.3/../../../../arm-none-eabi/lib/thumb2\libcr_newlib_semihost.a(syscalls.o)
 *(COMMON)
 COMMON         0x100009a0       0x11 ./src/main.o
                0x100009a0                currentTemperatureReading
                0x100009a4                buzzerState
                0x100009a5                currentState
                0x100009a6                handShakeState
                0x100009a7                accMode
                0x100009a8                flutterState
                0x100009ac                msTicks
                0x100009b0                temperatureState
 *fill*         0x100009b1        0x3 00
 COMMON         0x100009b4        0x4 c:/nxp/lpcxpresso_3.6.3_317/tools/bin/../lib/gcc/arm-none-eabi/4.3.3/../../../../arm-none-eabi/lib/thumb2\libc.a(lib_a-reent.o)
                0x100009b4                errno
                0x100009b8                . = ALIGN (0x4)
                0x100009b8                _ebss = .
                0x100009b8                PROVIDE (end, .)
                0x100009b8                PROVIDE (_pvHeapStart, .)
                0x10008000                PROVIDE (_vStackTop, (__top_RamLoc32 - 0x0))
OUTPUT(Assignment2.axf elf32-littlearm)

.debug_abbrev   0x00000000     0x1929
 .debug_abbrev  0x00000000       0xbd ./src/cr_startup_lpc17.o
 .debug_abbrev  0x000000bd      0x26f ./src/main.o
 .debug_abbrev  0x0000032c       0xc6 C:\Users\thyagesh93\Documents\NUS\IVLEDrive\EE2024 PROGRAMMING FOR COMPUTER INTERFACES\PROGRAMMING FOR COMPUTER INTERFACES\Assignment 2\Lib_CMSISv1p30_LPC17xx\Debug\libCMSISv1p30_LPC17xx.a(system_LPC17xx.o)
 .debug_abbrev  0x000003f2      0x165 C:\Users\thyagesh93\Documents\NUS\IVLEDrive\EE2024 PROGRAMMING FOR COMPUTER INTERFACES\PROGRAMMING FOR COMPUTER INTERFACES\Assignment 2\Lib_EaBaseBoard\Debug\libLib_EaBaseBoard.a(acc.o)
 .debug_abbrev  0x00000557      0x151 C:\Users\thyagesh93\Documents\NUS\IVLEDrive\EE2024 PROGRAMMING FOR COMPUTER INTERFACES\PROGRAMMING FOR COMPUTER INTERFACES\Assignment 2\Lib_EaBaseBoard\Debug\libLib_EaBaseBoard.a(led7seg.o)
 .debug_abbrev  0x000006a8      0x1c6 C:\Users\thyagesh93\Documents\NUS\IVLEDrive\EE2024 PROGRAMMING FOR COMPUTER INTERFACES\PROGRAMMING FOR COMPUTER INTERFACES\Assignment 2\Lib_EaBaseBoard\Debug\libLib_EaBaseBoard.a(light.o)
 .debug_abbrev  0x0000086e      0x1ed C:\Users\thyagesh93\Documents\NUS\IVLEDrive\EE2024 PROGRAMMING FOR COMPUTER INTERFACES\PROGRAMMING FOR COMPUTER INTERFACES\Assignment 2\Lib_EaBaseBoard\Debug\libLib_EaBaseBoard.a(oled.o)
 .debug_abbrev  0x00000a5b      0x1b3 C:\Users\thyagesh93\Documents\NUS\IVLEDrive\EE2024 PROGRAMMING FOR COMPUTER INTERFACES\PROGRAMMING FOR COMPUTER INTERFACES\Assignment 2\Lib_EaBaseBoard\Debug\libLib_EaBaseBoard.a(pca9532.o)
 .debug_abbrev  0x00000c0e       0x97 C:\Users\thyagesh93\Documents\NUS\IVLEDrive\EE2024 PROGRAMMING FOR COMPUTER INTERFACES\PROGRAMMING FOR COMPUTER INTERFACES\Assignment 2\Lib_EaBaseBoard\Debug\libLib_EaBaseBoard.a(rgb.o)
 .debug_abbrev  0x00000ca5       0x54 C:\Users\thyagesh93\Documents\NUS\IVLEDrive\EE2024 PROGRAMMING FOR COMPUTER INTERFACES\PROGRAMMING FOR COMPUTER INTERFACES\Assignment 2\Lib_EaBaseBoard\Debug\libLib_EaBaseBoard.a(font5x7.o)
 .debug_abbrev  0x00000cf9      0x18e C:\Users\thyagesh93\Documents\NUS\IVLEDrive\EE2024 PROGRAMMING FOR COMPUTER INTERFACES\PROGRAMMING FOR COMPUTER INTERFACES\Assignment 2\Lib_MCU\Debug\libLib_MCU.a(lpc17xx_gpio.o)
 .debug_abbrev  0x00000e87      0x253 C:\Users\thyagesh93\Documents\NUS\IVLEDrive\EE2024 PROGRAMMING FOR COMPUTER INTERFACES\PROGRAMMING FOR COMPUTER INTERFACES\Assignment 2\Lib_MCU\Debug\libLib_MCU.a(lpc17xx_i2c.o)
 .debug_abbrev  0x000010da      0x113 C:\Users\thyagesh93\Documents\NUS\IVLEDrive\EE2024 PROGRAMMING FOR COMPUTER INTERFACES\PROGRAMMING FOR COMPUTER INTERFACES\Assignment 2\Lib_MCU\Debug\libLib_MCU.a(lpc17xx_pinsel.o)
 .debug_abbrev  0x000011ed      0x1dc C:\Users\thyagesh93\Documents\NUS\IVLEDrive\EE2024 PROGRAMMING FOR COMPUTER INTERFACES\PROGRAMMING FOR COMPUTER INTERFACES\Assignment 2\Lib_MCU\Debug\libLib_MCU.a(lpc17xx_ssp.o)
 .debug_abbrev  0x000013c9      0x1a8 C:\Users\thyagesh93\Documents\NUS\IVLEDrive\EE2024 PROGRAMMING FOR COMPUTER INTERFACES\PROGRAMMING FOR COMPUTER INTERFACES\Assignment 2\Lib_MCU\Debug\libLib_MCU.a(lpc17xx_timer.o)
 .debug_abbrev  0x00001571      0x23b C:\Users\thyagesh93\Documents\NUS\IVLEDrive\EE2024 PROGRAMMING FOR COMPUTER INTERFACES\PROGRAMMING FOR COMPUTER INTERFACES\Assignment 2\Lib_MCU\Debug\libLib_MCU.a(lpc17xx_uart.o)
 .debug_abbrev  0x000017ac      0x17d C:\Users\thyagesh93\Documents\NUS\IVLEDrive\EE2024 PROGRAMMING FOR COMPUTER INTERFACES\PROGRAMMING FOR COMPUTER INTERFACES\Assignment 2\Lib_MCU\Debug\libLib_MCU.a(lpc17xx_clkpwr.o)

.debug_info     0x00000000     0x8c12
 .debug_info    0x00000000      0x1ec ./src/cr_startup_lpc17.o
 .debug_info    0x000001ec     0x1ea4 ./src/main.o
 .debug_info    0x00002090      0x334 C:\Users\thyagesh93\Documents\NUS\IVLEDrive\EE2024 PROGRAMMING FOR COMPUTER INTERFACES\PROGRAMMING FOR COMPUTER INTERFACES\Assignment 2\Lib_CMSISv1p30_LPC17xx\Debug\libCMSISv1p30_LPC17xx.a(system_LPC17xx.o)
 .debug_info    0x000023c4      0x526 C:\Users\thyagesh93\Documents\NUS\IVLEDrive\EE2024 PROGRAMMING FOR COMPUTER INTERFACES\PROGRAMMING FOR COMPUTER INTERFACES\Assignment 2\Lib_EaBaseBoard\Debug\libLib_EaBaseBoard.a(acc.o)
 .debug_info    0x000028ea      0x26b C:\Users\thyagesh93\Documents\NUS\IVLEDrive\EE2024 PROGRAMMING FOR COMPUTER INTERFACES\PROGRAMMING FOR COMPUTER INTERFACES\Assignment 2\Lib_EaBaseBoard\Debug\libLib_EaBaseBoard.a(led7seg.o)
 .debug_info    0x00002b55      0x74c C:\Users\thyagesh93\Documents\NUS\IVLEDrive\EE2024 PROGRAMMING FOR COMPUTER INTERFACES\PROGRAMMING FOR COMPUTER INTERFACES\Assignment 2\Lib_EaBaseBoard\Debug\libLib_EaBaseBoard.a(light.o)
 .debug_info    0x000032a1      0x954 C:\Users\thyagesh93\Documents\NUS\IVLEDrive\EE2024 PROGRAMMING FOR COMPUTER INTERFACES\PROGRAMMING FOR COMPUTER INTERFACES\Assignment 2\Lib_EaBaseBoard\Debug\libLib_EaBaseBoard.a(oled.o)
 .debug_info    0x00003bf5      0x62b C:\Users\thyagesh93\Documents\NUS\IVLEDrive\EE2024 PROGRAMMING FOR COMPUTER INTERFACES\PROGRAMMING FOR COMPUTER INTERFACES\Assignment 2\Lib_EaBaseBoard\Debug\libLib_EaBaseBoard.a(pca9532.o)
 .debug_info    0x00004220       0xd9 C:\Users\thyagesh93\Documents\NUS\IVLEDrive\EE2024 PROGRAMMING FOR COMPUTER INTERFACES\PROGRAMMING FOR COMPUTER INTERFACES\Assignment 2\Lib_EaBaseBoard\Debug\libLib_EaBaseBoard.a(rgb.o)
 .debug_info    0x000042f9       0x61 C:\Users\thyagesh93\Documents\NUS\IVLEDrive\EE2024 PROGRAMMING FOR COMPUTER INTERFACES\PROGRAMMING FOR COMPUTER INTERFACES\Assignment 2\Lib_EaBaseBoard\Debug\libLib_EaBaseBoard.a(font5x7.o)
 .debug_info    0x0000435a      0xb8a C:\Users\thyagesh93\Documents\NUS\IVLEDrive\EE2024 PROGRAMMING FOR COMPUTER INTERFACES\PROGRAMMING FOR COMPUTER INTERFACES\Assignment 2\Lib_MCU\Debug\libLib_MCU.a(lpc17xx_gpio.o)
 .debug_info    0x00004ee4      0xcad C:\Users\thyagesh93\Documents\NUS\IVLEDrive\EE2024 PROGRAMMING FOR COMPUTER INTERFACES\PROGRAMMING FOR COMPUTER INTERFACES\Assignment 2\Lib_MCU\Debug\libLib_MCU.a(lpc17xx_i2c.o)
 .debug_info    0x00005b91      0x49b C:\Users\thyagesh93\Documents\NUS\IVLEDrive\EE2024 PROGRAMMING FOR COMPUTER INTERFACES\PROGRAMMING FOR COMPUTER INTERFACES\Assignment 2\Lib_MCU\Debug\libLib_MCU.a(lpc17xx_pinsel.o)
 .debug_info    0x0000602c      0x85c C:\Users\thyagesh93\Documents\NUS\IVLEDrive\EE2024 PROGRAMMING FOR COMPUTER INTERFACES\PROGRAMMING FOR COMPUTER INTERFACES\Assignment 2\Lib_MCU\Debug\libLib_MCU.a(lpc17xx_ssp.o)
 .debug_info    0x00006888      0x8d9 C:\Users\thyagesh93\Documents\NUS\IVLEDrive\EE2024 PROGRAMMING FOR COMPUTER INTERFACES\PROGRAMMING FOR COMPUTER INTERFACES\Assignment 2\Lib_MCU\Debug\libLib_MCU.a(lpc17xx_timer.o)
 .debug_info    0x00007161     0x149e C:\Users\thyagesh93\Documents\NUS\IVLEDrive\EE2024 PROGRAMMING FOR COMPUTER INTERFACES\PROGRAMMING FOR COMPUTER INTERFACES\Assignment 2\Lib_MCU\Debug\libLib_MCU.a(lpc17xx_uart.o)
 .debug_info    0x000085ff      0x613 C:\Users\thyagesh93\Documents\NUS\IVLEDrive\EE2024 PROGRAMMING FOR COMPUTER INTERFACES\PROGRAMMING FOR COMPUTER INTERFACES\Assignment 2\Lib_MCU\Debug\libLib_MCU.a(lpc17xx_clkpwr.o)

.debug_line     0x00000000     0x5fc5
 .debug_line    0x00000000      0x2a6 ./src/cr_startup_lpc17.o
 .debug_line    0x000002a6      0xdd8 ./src/main.o
 .debug_line    0x0000107e      0x36d C:\Users\thyagesh93\Documents\NUS\IVLEDrive\EE2024 PROGRAMMING FOR COMPUTER INTERFACES\PROGRAMMING FOR COMPUTER INTERFACES\Assignment 2\Lib_CMSISv1p30_LPC17xx\Debug\libCMSISv1p30_LPC17xx.a(system_LPC17xx.o)
 .debug_line    0x000013eb      0x534 C:\Users\thyagesh93\Documents\NUS\IVLEDrive\EE2024 PROGRAMMING FOR COMPUTER INTERFACES\PROGRAMMING FOR COMPUTER INTERFACES\Assignment 2\Lib_EaBaseBoard\Debug\libLib_EaBaseBoard.a(acc.o)
 .debug_line    0x0000191f      0x4af C:\Users\thyagesh93\Documents\NUS\IVLEDrive\EE2024 PROGRAMMING FOR COMPUTER INTERFACES\PROGRAMMING FOR COMPUTER INTERFACES\Assignment 2\Lib_EaBaseBoard\Debug\libLib_EaBaseBoard.a(led7seg.o)
 .debug_line    0x00001dce      0x5df C:\Users\thyagesh93\Documents\NUS\IVLEDrive\EE2024 PROGRAMMING FOR COMPUTER INTERFACES\PROGRAMMING FOR COMPUTER INTERFACES\Assignment 2\Lib_EaBaseBoard\Debug\libLib_EaBaseBoard.a(light.o)
 .debug_line    0x000023ad      0x6d0 C:\Users\thyagesh93\Documents\NUS\IVLEDrive\EE2024 PROGRAMMING FOR COMPUTER INTERFACES\PROGRAMMING FOR COMPUTER INTERFACES\Assignment 2\Lib_EaBaseBoard\Debug\libLib_EaBaseBoard.a(oled.o)
 .debug_line    0x00002a7d      0x5a2 C:\Users\thyagesh93\Documents\NUS\IVLEDrive\EE2024 PROGRAMMING FOR COMPUTER INTERFACES\PROGRAMMING FOR COMPUTER INTERFACES\Assignment 2\Lib_EaBaseBoard\Debug\libLib_EaBaseBoard.a(pca9532.o)
 .debug_line    0x0000301f      0x493 C:\Users\thyagesh93\Documents\NUS\IVLEDrive\EE2024 PROGRAMMING FOR COMPUTER INTERFACES\PROGRAMMING FOR COMPUTER INTERFACES\Assignment 2\Lib_EaBaseBoard\Debug\libLib_EaBaseBoard.a(rgb.o)
 .debug_line    0x000034b2       0xdd C:\Users\thyagesh93\Documents\NUS\IVLEDrive\EE2024 PROGRAMMING FOR COMPUTER INTERFACES\PROGRAMMING FOR COMPUTER INTERFACES\Assignment 2\Lib_EaBaseBoard\Debug\libLib_EaBaseBoard.a(font5x7.o)
 .debug_line    0x0000358f      0x5ca C:\Users\thyagesh93\Documents\NUS\IVLEDrive\EE2024 PROGRAMMING FOR COMPUTER INTERFACES\PROGRAMMING FOR COMPUTER INTERFACES\Assignment 2\Lib_MCU\Debug\libLib_MCU.a(lpc17xx_gpio.o)
 .debug_line    0x00003b59      0x727 C:\Users\thyagesh93\Documents\NUS\IVLEDrive\EE2024 PROGRAMMING FOR COMPUTER INTERFACES\PROGRAMMING FOR COMPUTER INTERFACES\Assignment 2\Lib_MCU\Debug\libLib_MCU.a(lpc17xx_i2c.o)
 .debug_line    0x00004280      0x45b C:\Users\thyagesh93\Documents\NUS\IVLEDrive\EE2024 PROGRAMMING FOR COMPUTER INTERFACES\PROGRAMMING FOR COMPUTER INTERFACES\Assignment 2\Lib_MCU\Debug\libLib_MCU.a(lpc17xx_pinsel.o)
 .debug_line    0x000046db      0x65d C:\Users\thyagesh93\Documents\NUS\IVLEDrive\EE2024 PROGRAMMING FOR COMPUTER INTERFACES\PROGRAMMING FOR COMPUTER INTERFACES\Assignment 2\Lib_MCU\Debug\libLib_MCU.a(lpc17xx_ssp.o)
 .debug_line    0x00004d38      0x5e6 C:\Users\thyagesh93\Documents\NUS\IVLEDrive\EE2024 PROGRAMMING FOR COMPUTER INTERFACES\PROGRAMMING FOR COMPUTER INTERFACES\Assignment 2\Lib_MCU\Debug\libLib_MCU.a(lpc17xx_timer.o)
 .debug_line    0x0000531e      0x812 C:\Users\thyagesh93\Documents\NUS\IVLEDrive\EE2024 PROGRAMMING FOR COMPUTER INTERFACES\PROGRAMMING FOR COMPUTER INTERFACES\Assignment 2\Lib_MCU\Debug\libLib_MCU.a(lpc17xx_uart.o)
 .debug_line    0x00005b30      0x495 C:\Users\thyagesh93\Documents\NUS\IVLEDrive\EE2024 PROGRAMMING FOR COMPUTER INTERFACES\PROGRAMMING FOR COMPUTER INTERFACES\Assignment 2\Lib_MCU\Debug\libLib_MCU.a(lpc17xx_clkpwr.o)

.debug_macinfo  0x00000000    0x7f9f5
 .debug_macinfo
                0x00000000     0x151f ./src/cr_startup_lpc17.o
 .debug_macinfo
                0x0000151f     0xcf9d ./src/main.o
 .debug_macinfo
                0x0000e4bc     0x6d5c C:\Users\thyagesh93\Documents\NUS\IVLEDrive\EE2024 PROGRAMMING FOR COMPUTER INTERFACES\PROGRAMMING FOR COMPUTER INTERFACES\Assignment 2\Lib_CMSISv1p30_LPC17xx\Debug\libCMSISv1p30_LPC17xx.a(system_LPC17xx.o)
 .debug_macinfo
                0x00015218     0x787f C:\Users\thyagesh93\Documents\NUS\IVLEDrive\EE2024 PROGRAMMING FOR COMPUTER INTERFACES\PROGRAMMING FOR COMPUTER INTERFACES\Assignment 2\Lib_EaBaseBoard\Debug\libLib_EaBaseBoard.a(acc.o)
 .debug_macinfo
                0x0001ca97     0x8007 C:\Users\thyagesh93\Documents\NUS\IVLEDrive\EE2024 PROGRAMMING FOR COMPUTER INTERFACES\PROGRAMMING FOR COMPUTER INTERFACES\Assignment 2\Lib_EaBaseBoard\Debug\libLib_EaBaseBoard.a(led7seg.o)
 .debug_macinfo
                0x00024a9e     0x779e C:\Users\thyagesh93\Documents\NUS\IVLEDrive\EE2024 PROGRAMMING FOR COMPUTER INTERFACES\PROGRAMMING FOR COMPUTER INTERFACES\Assignment 2\Lib_EaBaseBoard\Debug\libLib_EaBaseBoard.a(light.o)
 .debug_macinfo
                0x0002c23c     0x8aa7 C:\Users\thyagesh93\Documents\NUS\IVLEDrive\EE2024 PROGRAMMING FOR COMPUTER INTERFACES\PROGRAMMING FOR COMPUTER INTERFACES\Assignment 2\Lib_EaBaseBoard\Debug\libLib_EaBaseBoard.a(oled.o)
 .debug_macinfo
                0x00034ce3     0x77bd C:\Users\thyagesh93\Documents\NUS\IVLEDrive\EE2024 PROGRAMMING FOR COMPUTER INTERFACES\PROGRAMMING FOR COMPUTER INTERFACES\Assignment 2\Lib_EaBaseBoard\Debug\libLib_EaBaseBoard.a(pca9532.o)
 .debug_macinfo
                0x0003c4a0     0x6eb0 C:\Users\thyagesh93\Documents\NUS\IVLEDrive\EE2024 PROGRAMMING FOR COMPUTER INTERFACES\PROGRAMMING FOR COMPUTER INTERFACES\Assignment 2\Lib_EaBaseBoard\Debug\libLib_EaBaseBoard.a(rgb.o)
 .debug_macinfo
                0x00043350     0x1cb1 C:\Users\thyagesh93\Documents\NUS\IVLEDrive\EE2024 PROGRAMMING FOR COMPUTER INTERFACES\PROGRAMMING FOR COMPUTER INTERFACES\Assignment 2\Lib_EaBaseBoard\Debug\libLib_EaBaseBoard.a(font5x7.o)
 .debug_macinfo
                0x00045001     0x701c C:\Users\thyagesh93\Documents\NUS\IVLEDrive\EE2024 PROGRAMMING FOR COMPUTER INTERFACES\PROGRAMMING FOR COMPUTER INTERFACES\Assignment 2\Lib_MCU\Debug\libLib_MCU.a(lpc17xx_gpio.o)
 .debug_macinfo
                0x0004c01d     0x8f3c C:\Users\thyagesh93\Documents\NUS\IVLEDrive\EE2024 PROGRAMMING FOR COMPUTER INTERFACES\PROGRAMMING FOR COMPUTER INTERFACES\Assignment 2\Lib_MCU\Debug\libLib_MCU.a(lpc17xx_i2c.o)
 .debug_macinfo
                0x00054f59     0x7137 C:\Users\thyagesh93\Documents\NUS\IVLEDrive\EE2024 PROGRAMMING FOR COMPUTER INTERFACES\PROGRAMMING FOR COMPUTER INTERFACES\Assignment 2\Lib_MCU\Debug\libLib_MCU.a(lpc17xx_pinsel.o)
 .debug_macinfo
                0x0005c090     0x9234 C:\Users\thyagesh93\Documents\NUS\IVLEDrive\EE2024 PROGRAMMING FOR COMPUTER INTERFACES\PROGRAMMING FOR COMPUTER INTERFACES\Assignment 2\Lib_MCU\Debug\libLib_MCU.a(lpc17xx_ssp.o)
 .debug_macinfo
                0x000652c4     0x8e31 C:\Users\thyagesh93\Documents\NUS\IVLEDrive\EE2024 PROGRAMMING FOR COMPUTER INTERFACES\PROGRAMMING FOR COMPUTER INTERFACES\Assignment 2\Lib_MCU\Debug\libLib_MCU.a(lpc17xx_timer.o)
 .debug_macinfo
                0x0006e0f5     0x99a3 C:\Users\thyagesh93\Documents\NUS\IVLEDrive\EE2024 PROGRAMMING FOR COMPUTER INTERFACES\PROGRAMMING FOR COMPUTER INTERFACES\Assignment 2\Lib_MCU\Debug\libLib_MCU.a(lpc17xx_uart.o)
 .debug_macinfo
                0x00077a98     0x7f5d C:\Users\thyagesh93\Documents\NUS\IVLEDrive\EE2024 PROGRAMMING FOR COMPUTER INTERFACES\PROGRAMMING FOR COMPUTER INTERFACES\Assignment 2\Lib_MCU\Debug\libLib_MCU.a(lpc17xx_clkpwr.o)

.debug_frame    0x00000000     0x2cd8
 .debug_frame   0x00000000      0x120 ./src/cr_startup_lpc17.o
 .debug_frame   0x00000120      0x680 ./src/main.o
 .debug_frame   0x000007a0       0x48 C:\Users\thyagesh93\Documents\NUS\IVLEDrive\EE2024 PROGRAMMING FOR COMPUTER INTERFACES\PROGRAMMING FOR COMPUTER INTERFACES\Assignment 2\Lib_CMSISv1p30_LPC17xx\Debug\libCMSISv1p30_LPC17xx.a(system_LPC17xx.o)
 .debug_frame   0x000007e8      0x12c C:\Users\thyagesh93\Documents\NUS\IVLEDrive\EE2024 PROGRAMMING FOR COMPUTER INTERFACES\PROGRAMMING FOR COMPUTER INTERFACES\Assignment 2\Lib_EaBaseBoard\Debug\libLib_EaBaseBoard.a(acc.o)
 .debug_frame   0x00000914       0x4c C:\Users\thyagesh93\Documents\NUS\IVLEDrive\EE2024 PROGRAMMING FOR COMPUTER INTERFACES\PROGRAMMING FOR COMPUTER INTERFACES\Assignment 2\Lib_EaBaseBoard\Debug\libLib_EaBaseBoard.a(led7seg.o)
 .debug_frame   0x00000960      0x208 C:\Users\thyagesh93\Documents\NUS\IVLEDrive\EE2024 PROGRAMMING FOR COMPUTER INTERFACES\PROGRAMMING FOR COMPUTER INTERFACES\Assignment 2\Lib_EaBaseBoard\Debug\libLib_EaBaseBoard.a(light.o)
 .debug_frame   0x00000b68      0x1fc C:\Users\thyagesh93\Documents\NUS\IVLEDrive\EE2024 PROGRAMMING FOR COMPUTER INTERFACES\PROGRAMMING FOR COMPUTER INTERFACES\Assignment 2\Lib_EaBaseBoard\Debug\libLib_EaBaseBoard.a(oled.o)
 .debug_frame   0x00000d64      0x1a8 C:\Users\thyagesh93\Documents\NUS\IVLEDrive\EE2024 PROGRAMMING FOR COMPUTER INTERFACES\PROGRAMMING FOR COMPUTER INTERFACES\Assignment 2\Lib_EaBaseBoard\Debug\libLib_EaBaseBoard.a(pca9532.o)
 .debug_frame   0x00000f0c       0x4c C:\Users\thyagesh93\Documents\NUS\IVLEDrive\EE2024 PROGRAMMING FOR COMPUTER INTERFACES\PROGRAMMING FOR COMPUTER INTERFACES\Assignment 2\Lib_EaBaseBoard\Debug\libLib_EaBaseBoard.a(rgb.o)
 .debug_frame   0x00000f58      0x2c4 C:\Users\thyagesh93\Documents\NUS\IVLEDrive\EE2024 PROGRAMMING FOR COMPUTER INTERFACES\PROGRAMMING FOR COMPUTER INTERFACES\Assignment 2\Lib_MCU\Debug\libLib_MCU.a(lpc17xx_gpio.o)
 .debug_frame   0x0000121c      0x2c8 C:\Users\thyagesh93\Documents\NUS\IVLEDrive\EE2024 PROGRAMMING FOR COMPUTER INTERFACES\PROGRAMMING FOR COMPUTER INTERFACES\Assignment 2\Lib_MCU\Debug\libLib_MCU.a(lpc17xx_i2c.o)
 .debug_frame   0x000014e4       0xbc C:\Users\thyagesh93\Documents\NUS\IVLEDrive\EE2024 PROGRAMMING FOR COMPUTER INTERFACES\PROGRAMMING FOR COMPUTER INTERFACES\Assignment 2\Lib_MCU\Debug\libLib_MCU.a(lpc17xx_pinsel.o)
 .debug_frame   0x000015a0      0x280 C:\Users\thyagesh93\Documents\NUS\IVLEDrive\EE2024 PROGRAMMING FOR COMPUTER INTERFACES\PROGRAMMING FOR COMPUTER INTERFACES\Assignment 2\Lib_MCU\Debug\libLib_MCU.a(lpc17xx_ssp.o)
 .debug_frame   0x00001820      0x22c C:\Users\thyagesh93\Documents\NUS\IVLEDrive\EE2024 PROGRAMMING FOR COMPUTER INTERFACES\PROGRAMMING FOR COMPUTER INTERFACES\Assignment 2\Lib_MCU\Debug\libLib_MCU.a(lpc17xx_timer.o)
 .debug_frame   0x00001a4c      0x44c C:\Users\thyagesh93\Documents\NUS\IVLEDrive\EE2024 PROGRAMMING FOR COMPUTER INTERFACES\PROGRAMMING FOR COMPUTER INTERFACES\Assignment 2\Lib_MCU\Debug\libLib_MCU.a(lpc17xx_uart.o)
 .debug_frame   0x00001e98      0x10c C:\Users\thyagesh93\Documents\NUS\IVLEDrive\EE2024 PROGRAMMING FOR COMPUTER INTERFACES\PROGRAMMING FOR COMPUTER INTERFACES\Assignment 2\Lib_MCU\Debug\libLib_MCU.a(lpc17xx_clkpwr.o)
 .debug_frame   0x00001fa4       0x50 c:/nxp/lpcxpresso_3.6.3_317/tools/bin/../lib/gcc/arm-none-eabi/4.3.3/thumb2\libgcc.a(bpabi.o)
 .debug_frame   0x00001ff4       0x38 c:/nxp/lpcxpresso_3.6.3_317/tools/bin/../lib/gcc/arm-none-eabi/4.3.3/thumb2\libgcc.a(_divdi3.o)
 .debug_frame   0x0000202c       0x38 c:/nxp/lpcxpresso_3.6.3_317/tools/bin/../lib/gcc/arm-none-eabi/4.3.3/thumb2\libgcc.a(_udivdi3.o)
 .debug_frame   0x00002064       0x20 c:/nxp/lpcxpresso_3.6.3_317/tools/bin/../lib/gcc/arm-none-eabi/4.3.3/thumb2\libgcc.a(_udivsi3.o)
 .debug_frame   0x00002084       0x30 c:/nxp/lpcxpresso_3.6.3_317/tools/bin/../lib/gcc/arm-none-eabi/4.3.3/../../../../arm-none-eabi/lib/thumb2\libc.a(lib_a-memcpy.o)
 .debug_frame   0x000020b4       0x28 c:/nxp/lpcxpresso_3.6.3_317/tools/bin/../lib/gcc/arm-none-eabi/4.3.3/../../../../arm-none-eabi/lib/thumb2\libc.a(lib_a-memset.o)
 .debug_frame   0x000020dc       0x5c c:/nxp/lpcxpresso_3.6.3_317/tools/bin/../lib/gcc/arm-none-eabi/4.3.3/../../../../arm-none-eabi/lib/thumb2\libc.a(lib_a-printf.o)
 .debug_frame   0x00002138       0x58 c:/nxp/lpcxpresso_3.6.3_317/tools/bin/../lib/gcc/arm-none-eabi/4.3.3/../../../../arm-none-eabi/lib/thumb2\libc.a(lib_a-sprintf.o)
 .debug_frame   0x00002190       0x28 c:/nxp/lpcxpresso_3.6.3_317/tools/bin/../lib/gcc/arm-none-eabi/4.3.3/../../../../arm-none-eabi/lib/thumb2\libc.a(lib_a-strcat.o)
 .debug_frame   0x000021b8       0x20 c:/nxp/lpcxpresso_3.6.3_317/tools/bin/../lib/gcc/arm-none-eabi/4.3.3/../../../../arm-none-eabi/lib/thumb2\libc.a(lib_a-strcpy.o)
 .debug_frame   0x000021d8       0x20 c:/nxp/lpcxpresso_3.6.3_317/tools/bin/../lib/gcc/arm-none-eabi/4.3.3/../../../../arm-none-eabi/lib/thumb2\libc.a(lib_a-strlen.o)
 .debug_frame   0x000021f8       0x64 c:/nxp/lpcxpresso_3.6.3_317/tools/bin/../lib/gcc/arm-none-eabi/4.3.3/../../../../arm-none-eabi/lib/thumb2\libc.a(lib_a-svfprintf.o)
 .debug_frame   0x0000225c       0x74 c:/nxp/lpcxpresso_3.6.3_317/tools/bin/../lib/gcc/arm-none-eabi/4.3.3/../../../../arm-none-eabi/lib/thumb2\libc.a(lib_a-vfprintf.o)
 .debug_frame   0x000022d0       0x2c c:/nxp/lpcxpresso_3.6.3_317/tools/bin/../lib/gcc/arm-none-eabi/4.3.3/../../../../arm-none-eabi/lib/thumb2\libc.a(lib_a-wsetup.o)
 .debug_frame   0x000022fc       0x64 c:/nxp/lpcxpresso_3.6.3_317/tools/bin/../lib/gcc/arm-none-eabi/4.3.3/../../../../arm-none-eabi/lib/thumb2\libc.a(lib_a-dtoa.o)
 .debug_frame   0x00002360       0x48 c:/nxp/lpcxpresso_3.6.3_317/tools/bin/../lib/gcc/arm-none-eabi/4.3.3/../../../../arm-none-eabi/lib/thumb2\libc.a(lib_a-fflush.o)
 .debug_frame   0x000023a8      0x13c c:/nxp/lpcxpresso_3.6.3_317/tools/bin/../lib/gcc/arm-none-eabi/4.3.3/../../../../arm-none-eabi/lib/thumb2\libc.a(lib_a-findfp.o)
 .debug_frame   0x000024e4       0x50 c:/nxp/lpcxpresso_3.6.3_317/tools/bin/../lib/gcc/arm-none-eabi/4.3.3/../../../../arm-none-eabi/lib/thumb2\libc.a(lib_a-freer.o)
 .debug_frame   0x00002534       0x38 c:/nxp/lpcxpresso_3.6.3_317/tools/bin/../lib/gcc/arm-none-eabi/4.3.3/../../../../arm-none-eabi/lib/thumb2\libc.a(lib_a-fvwrite.o)
 .debug_frame   0x0000256c       0x58 c:/nxp/lpcxpresso_3.6.3_317/tools/bin/../lib/gcc/arm-none-eabi/4.3.3/../../../../arm-none-eabi/lib/thumb2\libc.a(lib_a-fwalk.o)
 .debug_frame   0x000025c4       0x74 c:/nxp/lpcxpresso_3.6.3_317/tools/bin/../lib/gcc/arm-none-eabi/4.3.3/../../../../arm-none-eabi/lib/thumb2\libc.a(lib_a-locale.o)
 .debug_frame   0x00002638       0x30 c:/nxp/lpcxpresso_3.6.3_317/tools/bin/../lib/gcc/arm-none-eabi/4.3.3/../../../../arm-none-eabi/lib/thumb2\libc.a(lib_a-makebuf.o)
 .debug_frame   0x00002668       0x40 c:/nxp/lpcxpresso_3.6.3_317/tools/bin/../lib/gcc/arm-none-eabi/4.3.3/../../../../arm-none-eabi/lib/thumb2\libc.a(lib_a-malloc.o)
 .debug_frame   0x000026a8       0x38 c:/nxp/lpcxpresso_3.6.3_317/tools/bin/../lib/gcc/arm-none-eabi/4.3.3/../../../../arm-none-eabi/lib/thumb2\libc.a(lib_a-mallocr.o)
 .debug_frame   0x000026e0       0x28 c:/nxp/lpcxpresso_3.6.3_317/tools/bin/../lib/gcc/arm-none-eabi/4.3.3/../../../../arm-none-eabi/lib/thumb2\libc.a(lib_a-memchr.o)