Archive member included because of file (symbol)

C:\Users\Ashray Jain\Desktop\EE2024 Workspace\Lib_CMSISv1p30_LPC17xx\Debug\libCMSISv1p30_LPC17xx.a(system_LPC17xx.o)
                              ./src/main.o (SystemCoreClock)
C:\Users\Ashray Jain\Desktop\EE2024 Workspace\Lib_EaBaseBoard\Debug\libLib_EaBaseBoard.a(acc.o)
                              ./src/main.o (acc_init)
C:\Users\Ashray Jain\Desktop\EE2024 Workspace\Lib_EaBaseBoard\Debug\libLib_EaBaseBoard.a(led7seg.o)
                              ./src/main.o (led7seg_init)
C:\Users\Ashray Jain\Desktop\EE2024 Workspace\Lib_EaBaseBoard\Debug\libLib_EaBaseBoard.a(light.o)
                              ./src/main.o (light_init)
C:\Users\Ashray Jain\Desktop\EE2024 Workspace\Lib_EaBaseBoard\Debug\libLib_EaBaseBoard.a(oled.o)
                              ./src/main.o (oled_init)
C:\Users\Ashray Jain\Desktop\EE2024 Workspace\Lib_EaBaseBoard\Debug\libLib_EaBaseBoard.a(pca9532.o)
                              ./src/main.o (pca9532_init)
C:\Users\Ashray Jain\Desktop\EE2024 Workspace\Lib_EaBaseBoard\Debug\libLib_EaBaseBoard.a(rgb.o)
                              ./src/main.o (rgb_init)
C:\Users\Ashray Jain\Desktop\EE2024 Workspace\Lib_EaBaseBoard\Debug\libLib_EaBaseBoard.a(font5x7.o)
                              C:\Users\Ashray Jain\Desktop\EE2024 Workspace\Lib_EaBaseBoard\Debug\libLib_EaBaseBoard.a(oled.o) (font5x7)
C:\Users\Ashray Jain\Desktop\EE2024 Workspace\Lib_MCU\Debug\libLib_MCU.a(lpc17xx_gpio.o)
                              ./src/main.o (GPIO_SetDir)
C:\Users\Ashray Jain\Desktop\EE2024 Workspace\Lib_MCU\Debug\libLib_MCU.a(lpc17xx_i2c.o)
                              ./src/main.o (I2C_Init)
C:\Users\Ashray Jain\Desktop\EE2024 Workspace\Lib_MCU\Debug\libLib_MCU.a(lpc17xx_pinsel.o)
                              ./src/main.o (PINSEL_ConfigPin)
C:\Users\Ashray Jain\Desktop\EE2024 Workspace\Lib_MCU\Debug\libLib_MCU.a(lpc17xx_ssp.o)
                              ./src/main.o (SSP_Init)
C:\Users\Ashray Jain\Desktop\EE2024 Workspace\Lib_MCU\Debug\libLib_MCU.a(lpc17xx_timer.o)
                              ./src/main.o (TIM_ClearIntPending)
C:\Users\Ashray Jain\Desktop\EE2024 Workspace\Lib_MCU\Debug\libLib_MCU.a(lpc17xx_uart.o)
                              ./src/main.o (UART_TxCmd)
C:\Users\Ashray Jain\Desktop\EE2024 Workspace\Lib_MCU\Debug\libLib_MCU.a(lpc17xx_clkpwr.o)
                              C:\Users\Ashray Jain\Desktop\EE2024 Workspace\Lib_MCU\Debug\libLib_MCU.a(lpc17xx_i2c.o) (CLKPWR_SetPCLKDiv)
c:/nxp/lpcxpresso_3.6.3_317/tools/bin/../lib/gcc/arm-none-eabi/4.3.3/thumb2\libgcc.a(_arm_addsubdf3.o)
                              ./src/main.o (__aeabi_i2d)
c:/nxp/lpcxpresso_3.6.3_317/tools/bin/../lib/gcc/arm-none-eabi/4.3.3/thumb2\libgcc.a(_arm_muldivdf3.o)
                              ./src/main.o (__aeabi_dmul)
c:/nxp/lpcxpresso_3.6.3_317/tools/bin/../lib/gcc/arm-none-eabi/4.3.3/thumb2\libgcc.a(_arm_truncdfsf2.o)
                              ./src/main.o (__aeabi_d2f)
c:/nxp/lpcxpresso_3.6.3_317/tools/bin/../lib/gcc/arm-none-eabi/4.3.3/thumb2\libgcc.a(_arm_addsubsf3.o)
                              ./src/main.o (__aeabi_fsub)
c:/nxp/lpcxpresso_3.6.3_317/tools/bin/../lib/gcc/arm-none-eabi/4.3.3/thumb2\libgcc.a(_arm_muldivsf3.o)
                              ./src/main.o (__aeabi_fmul)
c:/nxp/lpcxpresso_3.6.3_317/tools/bin/../lib/gcc/arm-none-eabi/4.3.3/thumb2\libgcc.a(_arm_cmpsf2.o)
                              ./src/main.o (__aeabi_fcmplt)
c:/nxp/lpcxpresso_3.6.3_317/tools/bin/../lib/gcc/arm-none-eabi/4.3.3/thumb2\libgcc.a(_arm_fixsfsi.o)
                              ./src/main.o (__aeabi_f2iz)
c:/nxp/lpcxpresso_3.6.3_317/tools/bin/../lib/gcc/arm-none-eabi/4.3.3/thumb2\libgcc.a(_aeabi_uldivmod.o)
                              C:\Users\Ashray Jain\Desktop\EE2024 Workspace\Lib_CMSISv1p30_LPC17xx\Debug\libCMSISv1p30_LPC17xx.a(system_LPC17xx.o) (__aeabi_uldivmod)
c:/nxp/lpcxpresso_3.6.3_317/tools/bin/../lib/gcc/arm-none-eabi/4.3.3/thumb2\libgcc.a(bpabi.o)
                              c:/nxp/lpcxpresso_3.6.3_317/tools/bin/../lib/gcc/arm-none-eabi/4.3.3/thumb2\libgcc.a(_aeabi_uldivmod.o) (__gnu_uldivmod_helper)
c:/nxp/lpcxpresso_3.6.3_317/tools/bin/../lib/gcc/arm-none-eabi/4.3.3/thumb2\libgcc.a(_dvmd_tls.o)
                              c:/nxp/lpcxpresso_3.6.3_317/tools/bin/../lib/gcc/arm-none-eabi/4.3.3/thumb2\libgcc.a(_aeabi_uldivmod.o) (__aeabi_ldiv0)
c:/nxp/lpcxpresso_3.6.3_317/tools/bin/../lib/gcc/arm-none-eabi/4.3.3/thumb2\libgcc.a(_divdi3.o)
                              c:/nxp/lpcxpresso_3.6.3_317/tools/bin/../lib/gcc/arm-none-eabi/4.3.3/thumb2\libgcc.a(bpabi.o) (__divdi3)
c:/nxp/lpcxpresso_3.6.3_317/tools/bin/../lib/gcc/arm-none-eabi/4.3.3/thumb2\libgcc.a(_udivdi3.o)
                              c:/nxp/lpcxpresso_3.6.3_317/tools/bin/../lib/gcc/arm-none-eabi/4.3.3/thumb2\libgcc.a(bpabi.o) (__udivdi3)
c:/nxp/lpcxpresso_3.6.3_317/tools/bin/../lib/gcc/arm-none-eabi/4.3.3/thumb2\libgcc.a(_udivsi3.o)
[...]
Memory Configuration

Name             Origin             Length             Attributes
MFlash512        0x00000000         0x00020000         xr
RamLoc32         0x10000000         0x00008000         xrw
RamAHB32         0x2007c000         0x00008000         xrw
CANAccFilterRAM  0x40038000         0x00000800         xrw
*default*        0x00000000         0xffffffff

Linker script and memory map

LOAD ./src/cr_startup_lpc17.o
LOAD ./src/main.o
LOAD C:\Users\Ashray Jain\Desktop\EE2024 Workspace\Lib_CMSISv1p30_LPC17xx\Debug\libCMSISv1p30_LPC17xx.a
LOAD C:\Users\Ashray Jain\Desktop\EE2024 Workspace\Lib_EaBaseBoard\Debug\libLib_EaBaseBoard.a
LOAD C:\Users\Ashray Jain\Desktop\EE2024 Workspace\Lib_MCU\Debug\libLib_MCU.a
START GROUP
LOAD c:/nxp/lpcxpresso_3.6.3_317/tools/bin/../lib/gcc/arm-none-eabi/4.3.3/thumb2\libgcc.a
LOAD c:/nxp/lpcxpresso_3.6.3_317/tools/bin/../lib/gcc/arm-none-eabi/4.3.3/../../../../arm-none-eabi/lib/thumb2\libc.a
LOAD c:/nxp/lpcxpresso_3.6.3_317/tools/bin/../lib/gcc/arm-none-eabi/4.3.3/../../../../arm-none-eabi/lib/thumb2\libm.a
LOAD c:/nxp/lpcxpresso_3.6.3_317/tools/bin/../lib/gcc/arm-none-eabi/4.3.3/../../../../arm-none-eabi/lib/thumb2\libcr_newlib_semihost.a
END GROUP
                0x00080000                __top_MFlash512 = 0x80000
                0x10008000                __top_RamLoc32 = 0x10008000
                0x20084000                __top_RamAHB32 = 0x20084000
                0x40038800                __top_CANAccFilterRAM = 0x40038800

.text           0x00000000     0xf09c
 FILL mask 0xff
 *(.isr_vector)
 .isr_vector    0x00000000       0xcc ./src/cr_startup_lpc17.o
                0x00000000                g_pfnVectors
                0x000000cc                . = ALIGN (0x4)
                0x000000cc                __section_table_start = .
                0x000000cc                __data_section_table = .
                0x000000cc        0x4 LONG 0xf0a4 LOADADDR (.data)
                0x000000d0        0x4 LONG 0x10000000 ADDR (.data)
                0x000000d4        0x4 LONG 0x58c SIZEOF (.data)
                0x000000d8        0x4 LONG 0xf0a4 LOADADDR (.data_RAM2)
                0x000000dc        0x4 LONG 0x2007c000 ADDR (.data_RAM2)
                0x000000e0        0x4 LONG 0x0 SIZEOF (.data_RAM2)
                0x000000e4        0x4 LONG 0xf0a4 LOADADDR (.data_RAM3)
                0x000000e8        0x4 LONG 0x40038000 ADDR (.data_RAM3)
                0x000000ec        0x4 LONG 0x0 SIZEOF (.data_RAM3)
                0x000000f0                __data_section_table_end = .
                0x000000f0                __bss_section_table = .
                0x000000f0        0x4 LONG 0x1000058c ADDR (.bss)
                0x000000f4        0x4 LONG 0x448 SIZEOF (.bss)
                0x000000f8        0x4 LONG 0x2007c000 ADDR (.bss_RAM2)
                0x000000fc        0x4 LONG 0x0 SIZEOF (.bss_RAM2)
                0x00000100        0x4 LONG 0x40038000 ADDR (.bss_RAM3)
                0x00000104        0x4 LONG 0x0 SIZEOF (.bss_RAM3)
                0x00000108                __bss_section_table_end = .
                0x00000108                __section_table_end = .
 *(.after_vectors*)
 *(.text*)
 .text.ResetISR
                0x00000108       0x68 ./src/cr_startup_lpc17.o
                0x00000108                ResetISR
 .text.NMI_Handler
                0x00000170        0x8 ./src/cr_startup_lpc17.o
                0x00000170                NMI_Handler
 .text.HardFault_Handler
                0x00000178        0x8 ./src/cr_startup_lpc17.o
                0x00000178                HardFault_Handler
 .text.MemManage_Handler
                0x00000180        0x8 ./src/cr_startup_lpc17.o
                0x00000180                MemManage_Handler
 .text.BusFault_Handler
                0x00000188        0x8 ./src/cr_startup_lpc17.o
                0x00000188                BusFault_Handler
 .text.UsageFault_Handler
                0x00000190        0x8 ./src/cr_startup_lpc17.o
                0x00000190                UsageFault_Handler
 .text.SVCall_Handler
                0x00000198        0x8 ./src/cr_startup_lpc17.o
                0x00000198                SVCall_Handler
 .text.DebugMon_Handler
                0x000001a0        0x8 ./src/cr_startup_lpc17.o
                0x000001a0                DebugMon_Handler
 .text.PendSV_Handler
                0x000001a8        0x8 ./src/cr_startup_lpc17.o
                0x000001a8                PendSV_Handler
 .text.IntDefaultHandler
                0x000001b0        0x8 ./src/cr_startup_lpc17.o
                0x000001b0                RIT_IRQHandler
                0x000001b0                I2C0_IRQHandler
                0x000001b0                USBActivity_IRQHandler
                0x000001b0                PWM1_IRQHandler
                0x000001b0                I2C1_IRQHandler
                0x000001b0                EINT2_IRQHandler
                0x000001b0                UART1_IRQHandler
                0x000001b0                CANActivity_IRQHandler
                0x000001b0                UART0_IRQHandler
                0x000001b0                IntDefaultHandler
                0x000001b0                PLL0_IRQHandler
                0x000001b0                CAN_IRQHandler
                0x000001b0                PLL1_IRQHandler
                0x000001b0                SSP0_IRQHandler
                0x000001b0                I2S_IRQHandler
                0x000001b0                I2C2_IRQHandler
                0x000001b0                RTC_IRQHandler
                0x000001b0                TIMER0_IRQHandler
                0x000001b0                SPI_IRQHandler
                0x000001b0                EINT1_IRQHandler
                0x000001b0                UART2_IRQHandler
                0x000001b0                ADC_IRQHandler
                0x000001b0                SSP1_IRQHandler
                0x000001b0                USB_IRQHandler
                0x000001b0                BOD_IRQHandler
                0x000001b0                WDT_IRQHandler
                0x000001b0                QEI_IRQHandler
                0x000001b0                DMA_IRQHandler
                0x000001b0                MCPWM_IRQHandler
                0x000001b0                ENET_IRQHandler
 .text.initAllPeripherals
                0x000001b8       0x8c ./src/main.o
                0x000001b8                initAllPeripherals
 .text.NVIC_ClearPendingIRQ
                0x00000244       0x3c ./src/main.o
 .text.NVIC_EnableIRQ
                0x00000280       0x38 ./src/main.o
 .text.init_ssp
                0x000002b8       0xa0 ./src/main.o
 .text.init_i2c
                0x00000358       0x60 ./src/main.o
 .text.init_GPIO
                0x000003b8      0x118 ./src/main.o
 .text.init_buzzer
                0x000004d0       0x8c ./src/main.o
                0x000004d0                init_buzzer
 .text.init_uart
                0x0000055c       0x80 ./src/main.o
                0x0000055c                init_uart
 .text.init_timer
                0x000005dc      0x174 ./src/main.o
                0x000005dc                init_timer
 .text.NVIC_SetPriority
                0x00000750       0x5c ./src/main.o
 .text.init_temp_interrupt
                0x000007ac       0x94 ./src/main.o
                0x000007ac                init_temp_interrupt
 .text.disable_temp_interrupt
                0x00000840       0x3c ./src/main.o
                0x00000840                disable_temp_interrupt
 .text.init_handShake
                0x0000087c       0x28 ./src/main.o
                0x0000087c                init_handShake
 .text.calibratingHandler
                0x000008a4       0x5c ./src/main.o
                0x000008a4                calibratingHandler
 .text.stdbyCountingDownHandler
                0x00000900       0x24 ./src/main.o
                0x00000900                stdbyCountingDownHandler
 .text.stdbyEnvTestingHandler
                0x00000924       0x60 ./src/main.o
                0x00000924                stdbyEnvTestingHandler
 .text.activeHandler
                0x00000984      0x1fc ./src/main.o
                0x00000984                activeHandler
 .text.SysTick_Handler
                0x00000b80      0x250 ./src/main.o
                0x00000b80                SysTick_Handler
 .text.EINT0_IRQHandler
                0x00000dd0       0x34 ./src/main.o
                0x00000dd0                EINT0_IRQHandler
 .text.EINT3_IRQHandler
                0x00000e04      0x218 ./src/main.o
                0x00000e04                EINT3_IRQHandler
 .text.TIMER1_IRQHandler
                0x0000101c      0x18c ./src/main.o
                0x0000101c                TIMER1_IRQHandler
 .text.TIMER2_IRQHandler
                0x000011a8       0x30 ./src/main.o
                0x000011a8                TIMER2_IRQHandler
 .text.TIMER3_IRQHandler
                0x000011d8       0x40 ./src/main.o
                0x000011d8                TIMER3_IRQHandler
 .text.UART3_IRQHandler
                0x00001218      0x1f0 ./src/main.o
                0x00001218                UART3_IRQHandler
 .text.oneSecondHandler
                0x00001408       0x1c ./src/main.o
                0x00001408                oneSecondHandler
 .text.getMsTicks
                0x00001424       0x18 ./src/main.o
                0x00001424                getMsTicks
 .text.enterCalibratingState
                0x0000143c       0x50 ./src/main.o
                0x0000143c                enterCalibratingState
 .text.enterStdByCountingDownState
                0x0000148c       0x5c ./src/main.o
                0x0000148c                enterStdByCountingDownState
 .text.enterActiveState
                0x000014e8       0x60 ./src/main.o
                0x000014e8                enterActiveState
 .text.leaveActiveState
                0x00001548       0x2c ./src/main.o
                0x00001548                leaveActiveState
 .text.leaveCalibratingState
                0x00001574       0x84 ./src/main.o
                0x00001574                leaveCalibratingState
 .text.leaveStdByCountingDownState
                0x000015f8       0x18 ./src/main.o
                0x000015f8                leaveStdByCountingDownState
 .text.updateReadings
                0x00001610       0x34 ./src/main.o
                0x00001610                updateReadings
 .text.updateTemperatureReading
                0x00001644       0x44 ./src/main.o
                0x00001644                updateTemperatureReading
 .text.updateAccReading
                0x00001688       0xa4 ./src/main.o
                0x00001688                updateAccReading
 .text.updateFreqCounter
                0x0000172c      0x258 ./src/main.o
                0x0000172c                updateFreqCounter
 .text.startWarning
                0x00001984       0x30 ./src/main.o
                0x00001984                startWarning
 .text.turnOnLedArray
                0x000019b4       0x14 ./src/main.o
                0x000019b4                turnOnLedArray
 .text.stopWarning
                0x000019c8       0x48 ./src/main.o
                0x000019c8                stopWarning
 .text.turnOffLedArray
                0x00001a10       0x14 ./src/main.o
                0x00001a10                turnOffLedArray
 .text.countDownFrom
                0x00001a24       0x3c ./src/main.o
                0x00001a24                countDownFrom
 .text.decrementCount
                0x00001a60       0x78 ./src/main.o
                0x00001a60                decrementCount
 .text.writeHeaderToOled
                0x00001ad8       0xb0 ./src/main.o
                0x00001ad8                writeHeaderToOled
 .text.writeStatesToOled
                0x00001b88      0x174 ./src/main.o
                0x00001b88                writeStatesToOled
 .text.writeTempToOled
                0x00001cfc      0x124 ./src/main.o
                0x00001cfc                writeTempToOled
 .text.writeAccValueToOled
                0x00001e20      0x254 ./src/main.o
                0x00001e20                writeAccValueToOled
 .text.sendUartReady
                0x00002074       0x34 ./src/main.o
                0x00002074                sendUartReady
 .text.processUartCommand
                0x000020a8      0x154 ./src/main.o
                0x000020a8                processUartCommand
 .text.tempToString
                0x000021fc      0x124 ./src/main.o
                0x000021fc                tempToString
 .text.toStringInt
                0x00002320       0x24 ./src/main.o
                0x00002320                toStringInt
 .text.toStringDouble
                0x00002344       0x2c ./src/main.o
                0x00002344                toStringDouble
 .text.rgb_setLeds_OledHack
                0x00002370       0x20 ./src/main.o
                0x00002370                rgb_setLeds_OledHack
 .text.main     0x00002390       0x70 ./src/main.o
                0x00002390                main
 .text.SysTick_Config
                0x00002400       0x68 ./src/main.o
 .text.check_failed
                0x00002468        0xc ./src/main.o
                0x00002468                check_failed
 .text.SystemInit
                0x00002474      0x224 C:\Users\Ashray Jain\Desktop\EE2024 Workspace\Lib_CMSISv1p30_LPC17xx\Debug\libCMSISv1p30_LPC17xx.a(system_LPC17xx.o)
                0x00002474                SystemInit
 .text.I2CRead  0x00002698       0x64 C:\Users\Ashray Jain\Desktop\EE2024 Workspace\Lib_EaBaseBoard\Debug\libLib_EaBaseBoard.a(acc.o)
 .text.I2CWrite
                0x000026fc       0x64 C:\Users\Ashray Jain\Desktop\EE2024 Workspace\Lib_EaBaseBoard\Debug\libLib_EaBaseBoard.a(acc.o)
 .text.getStatus
                0x00002760       0x3c C:\Users\Ashray Jain\Desktop\EE2024 Workspace\Lib_EaBaseBoard\Debug\libLib_EaBaseBoard.a(acc.o)
 .text.getModeControl
                0x0000279c       0x3c C:\Users\Ashray Jain\Desktop\EE2024 Workspace\Lib_EaBaseBoard\Debug\libLib_EaBaseBoard.a(acc.o)
 .text.setModeControl
                0x000027d8       0x30 C:\Users\Ashray Jain\Desktop\EE2024 Workspace\Lib_EaBaseBoard\Debug\libLib_EaBaseBoard.a(acc.o)
 .text.acc_init
                0x00002808       0x10 C:\Users\Ashray Jain\Desktop\EE2024 Workspace\Lib_EaBaseBoard\Debug\libLib_EaBaseBoard.a(acc.o)
                0x00002808                acc_init
 .text.acc_read
                0x00002818       0xb4 C:\Users\Ashray Jain\Desktop\EE2024 Workspace\Lib_EaBaseBoard\Debug\libLib_EaBaseBoard.a(acc.o)
                0x00002818                acc_read
 .text.acc_setMode
                0x000028cc       0x3c C:\Users\Ashray Jain\Desktop\EE2024 Workspace\Lib_EaBaseBoard\Debug\libLib_EaBaseBoard.a(acc.o)
                0x000028cc                acc_setMode
 .text.led7seg_init
                0x00002908       0x24 C:\Users\Ashray Jain\Desktop\EE2024 Workspace\Lib_EaBaseBoard\Debug\libLib_EaBaseBoard.a(led7seg.o)
                0x00002908                led7seg_init
 .text.led7seg_setChar
                0x0000292c       0x88 C:\Users\Ashray Jain\Desktop\EE2024 Workspace\Lib_EaBaseBoard\Debug\libLib_EaBaseBoard.a(led7seg.o)
                0x0000292c                led7seg_setChar
 .text.I2CRead  0x000029b4       0x64 C:\Users\Ashray Jain\Desktop\EE2024 Workspace\Lib_EaBaseBoard\Debug\libLib_EaBaseBoard.a(light.o)
 .text.I2CWrite
                0x00002a18       0x64 C:\Users\Ashray Jain\Desktop\EE2024 Workspace\Lib_EaBaseBoard\Debug\libLib_EaBaseBoard.a(light.o)
 .text.readControlReg
                0x00002a7c       0x3c C:\Users\Ashray Jain\Desktop\EE2024 Workspace\Lib_EaBaseBoard\Debug\libLib_EaBaseBoard.a(light.o)
 .text.light_init
                0x00002ab8        0xc C:\Users\Ashray Jain\Desktop\EE2024 Workspace\Lib_EaBaseBoard\Debug\libLib_EaBaseBoard.a(light.o)
                0x00002ab8                light_init
 .text.light_enable
                0x00002ac4       0x48 C:\Users\Ashray Jain\Desktop\EE2024 Workspace\Lib_EaBaseBoard\Debug\libLib_EaBaseBoard.a(light.o)
                0x00002ac4                light_enable
 .text.light_setRange
                0x00002b0c       0xb0 C:\Users\Ashray Jain\Desktop\EE2024 Workspace\Lib_EaBaseBoard\Debug\libLib_EaBaseBoard.a(light.o)
                0x00002b0c                light_setRange
 .text.light_setHiThreshold
                0x00002bbc       0x58 C:\Users\Ashray Jain\Desktop\EE2024 Workspace\Lib_EaBaseBoard\Debug\libLib_EaBaseBoard.a(light.o)
                0x00002bbc                light_setHiThreshold
 .text.light_setLoThreshold
                0x00002c14       0x58 C:\Users\Ashray Jain\Desktop\EE2024 Workspace\Lib_EaBaseBoard\Debug\libLib_EaBaseBoard.a(light.o)
                0x00002c14                light_setLoThreshold
 .text.light_clearIrqStatus
                0x00002c6c       0x3c C:\Users\Ashray Jain\Desktop\EE2024 Workspace\Lib_EaBaseBoard\Debug\libLib_EaBaseBoard.a(light.o)
                0x00002c6c                light_clearIrqStatus
 .text.writeCommand
                0x00002ca8       0x60 C:\Users\Ashray Jain\Desktop\EE2024 Workspace\Lib_EaBaseBoard\Debug\libLib_EaBaseBoard.a(oled.o)
 .text.writeData
                0x00002d08       0x60 C:\Users\Ashray Jain\Desktop\EE2024 Workspace\Lib_EaBaseBoard\Debug\libLib_EaBaseBoard.a(oled.o)
 .text.writeDataLen
                0x00002d68       0x90 C:\Users\Ashray Jain\Desktop\EE2024 Workspace\Lib_EaBaseBoard\Debug\libLib_EaBaseBoard.a(oled.o)
 .text.runInitSequence
                0x00002df8      0x118 C:\Users\Ashray Jain\Desktop\EE2024 Workspace\Lib_EaBaseBoard\Debug\libLib_EaBaseBoard.a(oled.o)
 .text.hLine    0x00002f10       0x58 C:\Users\Ashray Jain\Desktop\EE2024 Workspace\Lib_EaBaseBoard\Debug\libLib_EaBaseBoard.a(oled.o)
 .text.vLine    0x00002f68       0x58 C:\Users\Ashray Jain\Desktop\EE2024 Workspace\Lib_EaBaseBoard\Debug\libLib_EaBaseBoard.a(oled.o)
 .text.oled_init
                0x00002fc0       0x9c C:\Users\Ashray Jain\Desktop\EE2024 Workspace\Lib_EaBaseBoard\Debug\libLib_EaBaseBoard.a(oled.o)
                0x00002fc0                oled_init
 .text.oled_putPixel
                0x0000305c      0x178 C:\Users\Ashray Jain\Desktop\EE2024 Workspace\Lib_EaBaseBoard\Debug\libLib_EaBaseBoard.a(oled.o)
                0x0000305c                oled_putPixel
 .text.oled_fillRect
                0x000031d4       0xb4 C:\Users\Ashray Jain\Desktop\EE2024 Workspace\Lib_EaBaseBoard\Debug\libLib_EaBaseBoard.a(oled.o)
                0x000031d4                oled_fillRect
 .text.oled_clearScreen
                0x00003288       0x74 C:\Users\Ashray Jain\Desktop\EE2024 Workspace\Lib_EaBaseBoard\Debug\libLib_EaBaseBoard.a(oled.o)
                0x00003288                oled_clearScreen
 .text.oled_putChar
                0x000032fc      0x100 C:\Users\Ashray Jain\Desktop\EE2024 Workspace\Lib_EaBaseBoard\Debug\libLib_EaBaseBoard.a(oled.o)
                0x000032fc                oled_putChar
 .text.oled_putString
                0x000033fc       0x58 C:\Users\Ashray Jain\Desktop\EE2024 Workspace\Lib_EaBaseBoard\Debug\libLib_EaBaseBoard.a(oled.o)
                0x000033fc                oled_putString
 .text.I2CWrite
                0x00003454       0x64 C:\Users\Ashray Jain\Desktop\EE2024 Workspace\Lib_EaBaseBoard\Debug\libLib_EaBaseBoard.a(pca9532.o)
 .text.setLsStates
                0x000034b8       0xd0 C:\Users\Ashray Jain\Desktop\EE2024 Workspace\Lib_EaBaseBoard\Debug\libLib_EaBaseBoard.a(pca9532.o)
 .text.setLeds  0x00003588       0xa4 C:\Users\Ashray Jain\Desktop\EE2024 Workspace\Lib_EaBaseBoard\Debug\libLib_EaBaseBoard.a(pca9532.o)
 .text.pca9532_init
                0x0000362c        0xc C:\Users\Ashray Jain\Desktop\EE2024 Workspace\Lib_EaBaseBoard\Debug\libLib_EaBaseBoard.a(pca9532.o)
                0x0000362c                pca9532_init
 .text.pca9532_setLeds
                0x00003638       0xa4 C:\Users\Ashray Jain\Desktop\EE2024 Workspace\Lib_EaBaseBoard\Debug\libLib_EaBaseBoard.a(pca9532.o)
                0x00003638                pca9532_setLeds
 .text.rgb_init
                0x000036dc       0x38 C:\Users\Ashray Jain\Desktop\EE2024 Workspace\Lib_EaBaseBoard\Debug\libLib_EaBaseBoard.a(rgb.o)
                0x000036dc                rgb_init
 .text.rgb_setLeds
                0x00003714       0x80 C:\Users\Ashray Jain\Desktop\EE2024 Workspace\Lib_EaBaseBoard\Debug\libLib_EaBaseBoard.a(rgb.o)
                0x00003714                rgb_setLeds
 .text.GPIO_GetPointer
                0x00003794       0x78 C:\Users\Ashray Jain\Desktop\EE2024 Workspace\Lib_MCU\Debug\libLib_MCU.a(lpc17xx_gpio.o)
 .text.GPIO_SetDir
                0x0000380c       0x54 C:\Users\Ashray Jain\Desktop\EE2024 Workspace\Lib_MCU\Debug\libLib_MCU.a(lpc17xx_gpio.o)
                0x0000380c                GPIO_SetDir
 .text.GPIO_SetValue
                0x00003860       0x2c C:\Users\Ashray Jain\Desktop\EE2024 Workspace\Lib_MCU\Debug\libLib_MCU.a(lpc17xx_gpio.o)
                0x00003860                GPIO_SetValue
 .text.GPIO_ClearValue
                0x0000388c       0x2c C:\Users\Ashray Jain\Desktop\EE2024 Workspace\Lib_MCU\Debug\libLib_MCU.a(lpc17xx_gpio.o)
                0x0000388c                GPIO_ClearValue
 .text.GPIO_ReadValue
                0x000038b8       0x38 C:\Users\Ashray Jain\Desktop\EE2024 Workspace\Lib_MCU\Debug\libLib_MCU.a(lpc17xx_gpio.o)
                0x000038b8                GPIO_ReadValue
 .text.I2C_getNum
                0x000038f0       0x60 C:\Users\Ashray Jain\Desktop\EE2024 Workspace\Lib_MCU\Debug\libLib_MCU.a(lpc17xx_i2c.o)
 .text.I2C_Start
                0x00003950       0x40 C:\Users\Ashray Jain\Desktop\EE2024 Workspace\Lib_MCU\Debug\libLib_MCU.a(lpc17xx_i2c.o)
 .text.I2C_Stop
                0x00003990       0x38 C:\Users\Ashray Jain\Desktop\EE2024 Workspace\Lib_MCU\Debug\libLib_MCU.a(lpc17xx_i2c.o)
 .text.I2C_SendByte
                0x000039c8       0x50 C:\Users\Ashray Jain\Desktop\EE2024 Workspace\Lib_MCU\Debug\libLib_MCU.a(lpc17xx_i2c.o)
 .text.I2C_GetByte
                0x00003a18       0x58 C:\Users\Ashray Jain\Desktop\EE2024 Workspace\Lib_MCU\Debug\libLib_MCU.a(lpc17xx_i2c.o)
 .text.I2C_IntCmd
                0x00003a70       0xa8 C:\Users\Ashray Jain\Desktop\EE2024 Workspace\Lib_MCU\Debug\libLib_MCU.a(lpc17xx_i2c.o)
                0x00003a70                I2C_IntCmd
 .text.NVIC_EnableIRQ
                0x00003b18       0x38 C:\Users\Ashray Jain\Desktop\EE2024 Workspace\Lib_MCU\Debug\libLib_MCU.a(lpc17xx_i2c.o)
 .text.NVIC_DisableIRQ
                0x00003b50       0x3c C:\Users\Ashray Jain\Desktop\EE2024 Workspace\Lib_MCU\Debug\libLib_MCU.a(lpc17xx_i2c.o)
 .text.I2C_MasterHandler
                0x00003b8c      0x410 C:\Users\Ashray Jain\Desktop\EE2024 Workspace\Lib_MCU\Debug\libLib_MCU.a(lpc17xx_i2c.o)
                0x00003b8c                I2C_MasterHandler
 .text.I2C_SetClock
                0x00003f9c       0xc8 C:\Users\Ashray Jain\Desktop\EE2024 Workspace\Lib_MCU\Debug\libLib_MCU.a(lpc17xx_i2c.o)
                0x00003f9c                I2C_SetClock
 .text.I2C_Init
                0x00004064       0xd4 C:\Users\Ashray Jain\Desktop\EE2024 Workspace\Lib_MCU\Debug\libLib_MCU.a(lpc17xx_i2c.o)
                0x00004064                I2C_Init
 .text.I2C_Cmd  0x00004138       0x84 C:\Users\Ashray Jain\Desktop\EE2024 Workspace\Lib_MCU\Debug\libLib_MCU.a(lpc17xx_i2c.o)
                0x00004138                I2C_Cmd
 .text.I2C_MasterTransferData
                0x000041bc      0x374 C:\Users\Ashray Jain\Desktop\EE2024 Workspace\Lib_MCU\Debug\libLib_MCU.a(lpc17xx_i2c.o)
                0x000041bc                I2C_MasterTransferData
 .text.PINSEL_SetPinFunc
                0x00004530       0xa4 C:\Users\Ashray Jain\Desktop\EE2024 Workspace\Lib_MCU\Debug\libLib_MCU.a(lpc17xx_pinsel.o)
                0x00004530                PINSEL_SetPinFunc
 .text.PINSEL_SetResistorMode
                0x000045d4       0xa4 C:\Users\Ashray Jain\Desktop\EE2024 Workspace\Lib_MCU\Debug\libLib_MCU.a(lpc17xx_pinsel.o)
                0x000045d4                PINSEL_SetResistorMode
 .text.PINSEL_SetOpenDrainMode
                0x00004678       0x84 C:\Users\Ashray Jain\Desktop\EE2024 Workspace\Lib_MCU\Debug\libLib_MCU.a(lpc17xx_pinsel.o)
                0x00004678                PINSEL_SetOpenDrainMode
 .text.PINSEL_ConfigPin
                0x000046fc       0x4c C:\Users\Ashray Jain\Desktop\EE2024 Workspace\Lib_MCU\Debug\libLib_MCU.a(lpc17xx_pinsel.o)
                0x000046fc                PINSEL_ConfigPin
 .text.SSP_getNum
                0x00004748       0x48 C:\Users\Ashray Jain\Desktop\EE2024 Workspace\Lib_MCU\Debug\libLib_MCU.a(lpc17xx_ssp.o)
 .text.SSP_IntHandler
                0x00004790      0x324 C:\Users\Ashray Jain\Desktop\EE2024 Workspace\Lib_MCU\Debug\libLib_MCU.a(lpc17xx_ssp.o)
                0x00004790                SSP_IntHandler
 .text.SSP_SetClock
                0x00004ab4       0xf8 C:\Users\Ashray Jain\Desktop\EE2024 Workspace\Lib_MCU\Debug\libLib_MCU.a(lpc17xx_ssp.o)
                0x00004ab4                SSP_SetClock
 .text.SSP_Init
                0x00004bac      0x10c C:\Users\Ashray Jain\Desktop\EE2024 Workspace\Lib_MCU\Debug\libLib_MCU.a(lpc17xx_ssp.o)
                0x00004bac                SSP_Init
 .text.SSP_ConfigStructInit
                0x00004cb8       0x48 C:\Users\Ashray Jain\Desktop\EE2024 Workspace\Lib_MCU\Debug\libLib_MCU.a(lpc17xx_ssp.o)
                0x00004cb8                SSP_ConfigStructInit
 .text.SSP_Cmd  0x00004d00       0x7c C:\Users\Ashray Jain\Desktop\EE2024 Workspace\Lib_MCU\Debug\libLib_MCU.a(lpc17xx_ssp.o)
                0x00004d00                SSP_Cmd
 .text.SSP_SendData
                0x00004d7c       0x48 C:\Users\Ashray Jain\Desktop\EE2024 Workspace\Lib_MCU\Debug\libLib_MCU.a(lpc17xx_ssp.o)
                0x00004d7c                SSP_SendData
 .text.SSP_ReceiveData
                0x00004dc4       0x44 C:\Users\Ashray Jain\Desktop\EE2024 Workspace\Lib_MCU\Debug\libLib_MCU.a(lpc17xx_ssp.o)
                0x00004dc4                SSP_ReceiveData
 .text.SSP_ReadWrite
                0x00004e08      0x448 C:\Users\Ashray Jain\Desktop\EE2024 Workspace\Lib_MCU\Debug\libLib_MCU.a(lpc17xx_ssp.o)
                0x00004e08                SSP_ReadWrite
 .text.TIM_GetPClock
                0x00005250       0x68 C:\Users\Ashray Jain\Desktop\EE2024 Workspace\Lib_MCU\Debug\libLib_MCU.a(lpc17xx_timer.o)
                0x00005250                TIM_GetPClock
 .text.TIM_ConverUSecToVal
                0x000052b8       0x68 C:\Users\Ashray Jain\Desktop\EE2024 Workspace\Lib_MCU\Debug\libLib_MCU.a(lpc17xx_timer.o)
                0x000052b8                TIM_ConverUSecToVal
 .text.TIM_ConverPtrToTimeNum
                0x00005320       0x74 C:\Users\Ashray Jain\Desktop\EE2024 Workspace\Lib_MCU\Debug\libLib_MCU.a(lpc17xx_timer.o)
                0x00005320                TIM_ConverPtrToTimeNum
 .text.TIM_ClearIntPending
                0x00005394       0xa8 C:\Users\Ashray Jain\Desktop\EE2024 Workspace\Lib_MCU\Debug\libLib_MCU.a(lpc17xx_timer.o)
                0x00005394                TIM_ClearIntPending
 .text.TIM_Init
                0x0000543c      0x1cc C:\Users\Ashray Jain\Desktop\EE2024 Workspace\Lib_MCU\Debug\libLib_MCU.a(lpc17xx_timer.o)
                0x0000543c                TIM_Init
 .text.TIM_Cmd  0x00005608       0x7c C:\Users\Ashray Jain\Desktop\EE2024 Workspace\Lib_MCU\Debug\libLib_MCU.a(lpc17xx_timer.o)
                0x00005608                TIM_Cmd
 .text.TIM_ResetCounter
                0x00005684       0x70 C:\Users\Ashray Jain\Desktop\EE2024 Workspace\Lib_MCU\Debug\libLib_MCU.a(lpc17xx_timer.o)
                0x00005684                TIM_ResetCounter
 .text.TIM_ConfigMatch
                0x000056f4      0x1a0 C:\Users\Ashray Jain\Desktop\EE2024 Workspace\Lib_MCU\Debug\libLib_MCU.a(lpc17xx_timer.o)
                0x000056f4                TIM_ConfigMatch
 .text.uart_set_divisors
                0x00005894      0x26c C:\Users\Ashray Jain\Desktop\EE2024 Workspace\Lib_MCU\Debug\libLib_MCU.a(lpc17xx_uart.o)
                0x00005894                uart_set_divisors
 .text.UART_Init
                0x00005b00      0x360 C:\Users\Ashray Jain\Desktop\EE2024 Workspace\Lib_MCU\Debug\libLib_MCU.a(lpc17xx_uart.o)
                0x00005b00                UART_Init
 .text.UART_SendData
                0x00005e60       0x78 C:\Users\Ashray Jain\Desktop\EE2024 Workspace\Lib_MCU\Debug\libLib_MCU.a(lpc17xx_uart.o)
                0x00005e60                UART_SendData
 .text.UART_ReceiveData
                0x00005ed8       0x7c C:\Users\Ashray Jain\Desktop\EE2024 Workspace\Lib_MCU\Debug\libLib_MCU.a(lpc17xx_uart.o)
                0x00005ed8                UART_ReceiveData
 .text.UART_IntConfig
                0x00005f54      0x1d4 C:\Users\Ashray Jain\Desktop\EE2024 Workspace\Lib_MCU\Debug\libLib_MCU.a(lpc17xx_uart.o)
                0x00005f54                UART_IntConfig
 .text.UART_TxCmd
                0x00006128       0xf0 C:\Users\Ashray Jain\Desktop\EE2024 Workspace\Lib_MCU\Debug\libLib_MCU.a(lpc17xx_uart.o)
                0x00006128                UART_TxCmd
 .text.UART_Send
                0x00006218      0x100 C:\Users\Ashray Jain\Desktop\EE2024 Workspace\Lib_MCU\Debug\libLib_MCU.a(lpc17xx_uart.o)
                0x00006218                UART_Send
 .text.UART_Receive
                0x00006318       0xc8 C:\Users\Ashray Jain\Desktop\EE2024 Workspace\Lib_MCU\Debug\libLib_MCU.a(lpc17xx_uart.o)
                0x00006318                UART_Receive
 .text.CLKPWR_SetPCLKDiv
                0x000063e0       0xd0 C:\Users\Ashray Jain\Desktop\EE2024 Workspace\Lib_MCU\Debug\libLib_MCU.a(lpc17xx_clkpwr.o)
                0x000063e0                CLKPWR_SetPCLKDiv
 .text.CLKPWR_GetPCLKSEL
                0x000064b0       0x54 C:\Users\Ashray Jain\Desktop\EE2024 Workspace\Lib_MCU\Debug\libLib_MCU.a(lpc17xx_clkpwr.o)
                0x000064b0                CLKPWR_GetPCLKSEL
 .text.CLKPWR_GetPCLK
                0x00006504       0x70 C:\Users\Ashray Jain\Desktop\EE2024 Workspace\Lib_MCU\Debug\libLib_MCU.a(lpc17xx_clkpwr.o)
                0x00006504                CLKPWR_GetPCLK
 .text.CLKPWR_ConfigPPWR
                0x00006574       0x7c C:\Users\Ashray Jain\Desktop\EE2024 Workspace\Lib_MCU\Debug\libLib_MCU.a(lpc17xx_clkpwr.o)
                0x00006574                CLKPWR_ConfigPPWR
 .text          0x000065f0      0x370 c:/nxp/lpcxpresso_3.6.3_317/tools/bin/../lib/gcc/arm-none-eabi/4.3.3/thumb2\libgcc.a(_arm_addsubdf3.o)
                0x00006904                __floatdidf
                0x00006894                __floatsidf
                0x00006874                __aeabi_ui2d
                0x000065f0                __aeabi_drsub
                0x000068b8                __extendsfdf2
                0x000065fc                __adddf3
                0x00006874                __floatunsidf
                0x000065fc                __aeabi_dadd
                0x000068f4                __aeabi_ul2d
                0x000065f8                __aeabi_dsub
                0x000068f4                __floatundidf
                0x00006894                __aeabi_i2d
                0x00006904                __aeabi_l2d
                0x000068b8                __aeabi_f2d
                0x000065f8                __subdf3
 .text          0x00006960      0x424 c:/nxp/lpcxpresso_3.6.3_317/tools/bin/../lib/gcc/arm-none-eabi/4.3.3/thumb2\libgcc.a(_arm_muldivdf3.o)
                0x00006bb4                __aeabi_ddiv
                0x00006960                __aeabi_dmul
                0x00006bb4                __divdf3
                0x00006960                __muldf3
 .text          0x00006d84       0xa0 c:/nxp/lpcxpresso_3.6.3_317/tools/bin/../lib/gcc/arm-none-eabi/4.3.3/thumb2\libgcc.a(_arm_truncdfsf2.o)
                0x00006d84                __aeabi_d2f
                0x00006d84                __truncdfsf2
 .text          0x00006e24      0x21c c:/nxp/lpcxpresso_3.6.3_317/tools/bin/../lib/gcc/arm-none-eabi/4.3.3/thumb2\libgcc.a(_arm_addsubsf3.o)
                0x00006e30                __aeabi_fadd
                0x00006e2c                __subsf3
                0x00006f98                __aeabi_i2f
                0x00006e2c                __aeabi_fsub
                0x00006fc4                __floatdisf
                0x00006f98                __floatsisf
                0x00006fb4                __floatundisf
                0x00006f90                __aeabi_ui2f
                0x00006fc4                __aeabi_l2f
                0x00006fb4                __aeabi_ul2f
                0x00006e24                __aeabi_frsub
                0x00006f90                __floatunsisf
                0x00006e30                __addsf3
 .text          0x00007040      0x2a0 c:/nxp/lpcxpresso_3.6.3_317/tools/bin/../lib/gcc/arm-none-eabi/4.3.3/thumb2\libgcc.a(_arm_muldivsf3.o)
                0x000071a8                __divsf3
                0x000071a8                __aeabi_fdiv
                0x00007040                __mulsf3
                0x00007040                __aeabi_fmul
 .text          0x000072e0       0xec c:/nxp/lpcxpresso_3.6.3_317/tools/bin/../lib/gcc/arm-none-eabi/4.3.3/thumb2\libgcc.a(_arm_cmpsf2.o)
                0x000073b8                __aeabi_fcmpgt
                0x000072e8                __lesf2
                0x000072f0                __nesf2
                0x000073a4                __aeabi_fcmpge
                0x000072e0                __gtsf2
                0x00007390                __aeabi_fcmple
                0x000072f0                __eqsf2
                0x000072f0                __cmpsf2
                0x000072e8                __ltsf2
                0x00007358                __aeabi_cfcmple
                0x000072e0                __gesf2
                0x00007368                __aeabi_fcmpeq
                0x00007350                __aeabi_cfrcmple
                0x0000737c                __aeabi_fcmplt
                0x00007358                __aeabi_cfcmpeq
 .text          0x000073cc       0x4c c:/nxp/lpcxpresso_3.6.3_317/tools/bin/../lib/gcc/arm-none-eabi/4.3.3/thumb2\libgcc.a(_arm_fixsfsi.o)
                0x000073cc                __fixsfsi
                0x000073cc                __aeabi_f2iz
 .text          0x00007418       0x2c c:/nxp/lpcxpresso_3.6.3_317/tools/bin/../lib/gcc/arm-none-eabi/4.3.3/thumb2\libgcc.a(_aeabi_uldivmod.o)
                0x00007418                __aeabi_uldivmod
 .text          0x00007444       0x60 c:/nxp/lpcxpresso_3.6.3_317/tools/bin/../lib/gcc/arm-none-eabi/4.3.3/thumb2\libgcc.a(bpabi.o)
                0x00007444                __gnu_uldivmod_helper
                0x00007474                __gnu_ldivmod_helper
 .text          0x000074a4        0x4 c:/nxp/lpcxpresso_3.6.3_317/tools/bin/../lib/gcc/arm-none-eabi/4.3.3/thumb2\libgcc.a(_dvmd_tls.o)
                0x000074a4                __aeabi_ldiv0
                0x000074a4                __aeabi_idiv0
 .text          0x000074a8      0x40c c:/nxp/lpcxpresso_3.6.3_317/tools/bin/../lib/gcc/arm-none-eabi/4.3.3/thumb2\libgcc.a(_divdi3.o)
                0x000074a8                __divdi3
 .text          0x000078b4      0x3cc c:/nxp/lpcxpresso_3.6.3_317/tools/bin/../lib/gcc/arm-none-eabi/4.3.3/thumb2\libgcc.a(_udivdi3.o)
                0x000078b4                __udivdi3
 .text          0x00007c80       0x8c c:/nxp/lpcxpresso_3.6.3_317/tools/bin/../lib/gcc/arm-none-eabi/4.3.3/thumb2\libgcc.a(_udivsi3.o)
                0x00007c80                __udivsi3
                0x00007c80                __aeabi_uidiv
                0x00007cf8                __aeabi_uidivmod
 .text          0x00007d0c      0x12c c:/nxp/lpcxpresso_3.6.3_317/tools/bin/../lib/gcc/arm-none-eabi/4.3.3/../../../../arm-none-eabi/lib/thumb2\libc.a(lib_a-memcpy.o)
                0x00007d0c                memcpy
 .text          0x00007e38       0xb0 c:/nxp/lpcxpresso_3.6.3_317/tools/bin/../lib/gcc/arm-none-eabi/4.3.3/../../../../arm-none-eabi/lib/thumb2\libc.a(lib_a-memset.o)
                0x00007e38                memset
 .text          0x00007ee8       0x60 c:/nxp/lpcxpresso_3.6.3_317/tools/bin/../lib/gcc/arm-none-eabi/4.3.3/../../../../arm-none-eabi/lib/thumb2\libc.a(lib_a-printf.o)
                0x00007ee8                printf
                0x00007f1c                _printf_r
 .text          0x00007f48       0x8c c:/nxp/lpcxpresso_3.6.3_317/tools/bin/../lib/gcc/arm-none-eabi/4.3.3/../../../../arm-none-eabi/lib/thumb2\libc.a(lib_a-sprintf.o)
                0x00007f94                _sprintf_r
                0x00007f48                sprintf
 .text          0x00007fd4       0x80 c:/nxp/lpcxpresso_3.6.3_317/tools/bin/../lib/gcc/arm-none-eabi/4.3.3/../../../../arm-none-eabi/lib/thumb2\libc.a(lib_a-strcasecmp.o)
                0x00007fd4                strcasecmp
 .text          0x00008054       0x48 c:/nxp/lpcxpresso_3.6.3_317/tools/bin/../lib/gcc/arm-none-eabi/4.3.3/../../../../arm-none-eabi/lib/thumb2\libc.a(lib_a-strcat.o)
                0x00008054                strcat
 .text          0x0000809c       0xbc c:/nxp/lpcxpresso_3.6.3_317/tools/bin/../lib/gcc/arm-none-eabi/4.3.3/../../../../arm-none-eabi/lib/thumb2\libc.a(lib_a-strcpy.o)
                0x0000809c                strcpy
 .text          0x00008158       0x60 c:/nxp/lpcxpresso_3.6.3_317/tools/bin/../lib/gcc/arm-none-eabi/4.3.3/../../../../arm-none-eabi/lib/thumb2\libc.a(lib_a-strlen.o)
                0x00008158                strlen
 .text          0x000081b8     0x1488 c:/nxp/lpcxpresso_3.6.3_317/tools/bin/../lib/gcc/arm-none-eabi/4.3.3/../../../../arm-none-eabi/lib/thumb2\libc.a(lib_a-svfprintf.o)
                0x000082b4                _svfprintf_r
 .text          0x00009640     0x1724 c:/nxp/lpcxpresso_3.6.3_317/tools/bin/../lib/gcc/arm-none-eabi/4.3.3/../../../../arm-none-eabi/lib/thumb2\libc.a(lib_a-vfprintf.o)
                0x0000965c                _vfprintf_r
                0x0000ad48                vfprintf
 .text          0x0000ad64      0x100 c:/nxp/lpcxpresso_3.6.3_317/tools/bin/../lib/gcc/arm-none-eabi/4.3.3/../../../../arm-none-eabi/lib/thumb2\libc.a(lib_a-wsetup.o)
                0x0000ad64                __swsetup_r
 *fill*         0x0000ae64        0x4 00
 .text          0x0000ae68      0xf88 c:/nxp/lpcxpresso_3.6.3_317/tools/bin/../lib/gcc/arm-none-eabi/4.3.3/../../../../arm-none-eabi/lib/thumb2\libc.a(lib_a-dtoa.o)
                0x0000af98                _dtoa_r
 .text          0x0000bdf0      0x178 c:/nxp/lpcxpresso_3.6.3_317/tools/bin/../lib/gcc/arm-none-eabi/4.3.3/../../../../arm-none-eabi/lib/thumb2\libc.a(lib_a-fflush.o)
                0x0000bf38                fflush
                0x0000bdf0                _fflush_r
 .text          0x0000bf68      0x1e8 c:/nxp/lpcxpresso_3.6.3_317/tools/bin/../lib/gcc/arm-none-eabi/4.3.3/../../../../arm-none-eabi/lib/thumb2\libc.a(lib_a-findfp.o)
                0x0000c0f0                __sinit
                0x0000c034                __sfmoreglue
                0x0000bfc8                _cleanup
                0x0000bfb8                _cleanup_r
                0x0000bf9c                __fp_lock_all
                0x0000bf68                __sfp_lock_acquire
                0x0000c060                __sfp
                0x0000bf74                __sinit_lock_release
                0x0000bf80                __fp_unlock_all
                0x0000bf6c                __sfp_lock_release
                0x0000bf70                __sinit_lock_acquire
 .text          0x0000c150      0x238 c:/nxp/lpcxpresso_3.6.3_317/tools/bin/../lib/gcc/arm-none-eabi/4.3.3/../../../../arm-none-eabi/lib/thumb2\libc.a(lib_a-freer.o)
                0x0000c1fc                _free_r
                0x0000c150                _malloc_trim_r
 .text          0x0000c388      0x2e8 c:/nxp/lpcxpresso_3.6.3_317/tools/bin/../lib/gcc/arm-none-eabi/4.3.3/../../../../arm-none-eabi/lib/thumb2\libc.a(lib_a-fvwrite.o)
                0x0000c388                __sfvwrite_r
 .text          0x0000c670       0xb0 c:/nxp/lpcxpresso_3.6.3_317/tools/bin/../lib/gcc/arm-none-eabi/4.3.3/../../../../arm-none-eabi/lib/thumb2\libc.a(lib_a-fwalk.o)
                0x0000c6c8                _fwalk
                0x0000c670                _fwalk_reent
 .text          0x0000c720       0x74 c:/nxp/lpcxpresso_3.6.3_317/tools/bin/../lib/gcc/arm-none-eabi/4.3.3/../../../../arm-none-eabi/lib/thumb2\libc.a(lib_a-locale.o)
                0x0000c73c                _setlocale_r
                0x0000c720                __locale_charset
                0x0000c72c                _localeconv_r
                0x0000c77c                setlocale
                0x0000c734                localeconv
 .text          0x0000c794       0xe0 c:/nxp/lpcxpresso_3.6.3_317/tools/bin/../lib/gcc/arm-none-eabi/4.3.3/../../../../arm-none-eabi/lib/thumb2\libc.a(lib_a-makebuf.o)
                0x0000c794                __smakebuf_r
 .text          0x0000c874       0x28 c:/nxp/lpcxpresso_3.6.3_317/tools/bin/../lib/gcc/arm-none-eabi/4.3.3/../../../../arm-none-eabi/lib/thumb2\libc.a(lib_a-malloc.o)
                0x0000c888                malloc
                0x0000c874                free
 .text          0x0000c89c      0x530 c:/nxp/lpcxpresso_3.6.3_317/tools/bin/../lib/gcc/arm-none-eabi/4.3.3/../../../../arm-none-eabi/lib/thumb2\libc.a(lib_a-mallocr.o)
                0x0000c89c                _malloc_r
 .text          0x0000cdcc       0x7c c:/nxp/lpcxpresso_3.6.3_317/tools/bin/../lib/gcc/arm-none-eabi/4.3.3/../../../../arm-none-eabi/lib/thumb2\libc.a(lib_a-memchr.o)
                0x0000cdcc                memchr
 .text          0x0000ce48       0xc0 c:/nxp/lpcxpresso_3.6.3_317/tools/bin/../lib/gcc/arm-none-eabi/4.3.3/../../../../arm-none-eabi/lib/thumb2\libc.a(lib_a-memmove.o)
                0x0000ce48                memmove
 .text          0x0000cf08        0x8 c:/nxp/lpcxpresso_3.6.3_317/tools/bin/../lib/gcc/arm-none-eabi/4.3.3/../../../../arm-none-eabi/lib/thumb2\libc.a(lib_a-mlock.o)
                0x0000cf0c                __malloc_unlock
                0x0000cf08                __malloc_lock
 .text          0x0000cf10      0x92c c:/nxp/lpcxpresso_3.6.3_317/tools/bin/../lib/gcc/arm-none-eabi/4.3.3/../../../../arm-none-eabi/lib/thumb2\libc.a(lib_a-mprec.o)
                0x0000d13c                _mprec_log10
                0x0000d1c8                __any_on
                0x0000d25c                _Balloc
                0x0000d0e8                __ratio
                0x0000d664                __i2b
                0x0000d03c                __b2d
                0x0000d7a8                __s2b
                0x0000cfb4                __mcmp
                0x0000cf10                __hi0bits
                0x0000d6f4                __pow5mult
                0x0000d480                __lshift
                0x0000d534                __multiply
                0x0000d2cc                __d2b
                0x0000d178                __copybits
                0x0000cff4                __ulp
                0x0000d384                __mdiff
                0x0000cf50                __lo0bits
                0x0000d678                __multadd
                0x0000d22c                _Bfree
 .text          0x0000d83c      0x388 c:/nxp/lpcxpresso_3.6.3_317/tools/bin/../lib/gcc/arm-none-eabi/4.3.3/../../../../arm-none-eabi/lib/thumb2\libc.a(lib_a-reallocr.o)
                0x0000d83c                _realloc_r
 .text          0x0000dbc4       0x28 c:/nxp/lpcxpresso_3.6.3_317/tools/bin/../lib/gcc/arm-none-eabi/4.3.3/../../../../arm-none-eabi/lib/thumb2\libc.a(lib_a-s_isinfd.o)
                0x0000dbc4                __isinfd
 .text          0x0000dbec       0x1c c:/nxp/lpcxpresso_3.6.3_317/tools/bin/../lib/gcc/arm-none-eabi/4.3.3/../../../../arm-none-eabi/lib/thumb2\libc.a(lib_a-s_isnand.o)
                0x0000dbec                __isnand
 .text          0x0000dc08       0x28 c:/nxp/lpcxpresso_3.6.3_317/tools/bin/../lib/gcc/arm-none-eabi/4.3.3/../../../../arm-none-eabi/lib/thumb2\libc.a(lib_a-sbrkr.o)
                0x0000dc08                _sbrk_r
 .text          0x0000dc30       0x94 c:/nxp/lpcxpresso_3.6.3_317/tools/bin/../lib/gcc/arm-none-eabi/4.3.3/../../../../arm-none-eabi/lib/thumb2\libc.a(lib_a-stdio.o)
                0x0000dc3c                __sseek
                0x0000dca0                __sread
                0x0000dc30                __sclose
                0x0000dc64                __swrite
 .text          0x0000dcc4      0x1dc c:/nxp/lpcxpresso_3.6.3_317/tools/bin/../lib/gcc/arm-none-eabi/4.3.3/../../../../arm-none-eabi/lib/thumb2\libc.a(lib_a-strcmp.o)
                0x0000dcc4                strcmp
 .text          0x0000dea0       0x2c c:/nxp/lpcxpresso_3.6.3_317/tools/bin/../lib/gcc/arm-none-eabi/4.3.3/../../../../arm-none-eabi/lib/thumb2\libc.a(lib_a-writer.o)
                0x0000dea0                _write_r
 .text          0x0000decc       0x5c c:/nxp/lpcxpresso_3.6.3_317/tools/bin/../lib/gcc/arm-none-eabi/4.3.3/../../../../arm-none-eabi/lib/thumb2\libc.a(lib_a-callocr.o)
                0x0000decc                _calloc_r
 .text          0x0000df28       0x28 c:/nxp/lpcxpresso_3.6.3_317/tools/bin/../lib/gcc/arm-none-eabi/4.3.3/../../../../arm-none-eabi/lib/thumb2\libc.a(lib_a-closer.o)
                0x0000df28                _close_r
 .text          0x0000df50       0xcc c:/nxp/lpcxpresso_3.6.3_317/tools/bin/../lib/gcc/arm-none-eabi/4.3.3/../../../../arm-none-eabi/lib/thumb2\libc.a(lib_a-fclose.o)
                0x0000df50                _fclose_r
                0x0000e008                fclose
 .text          0x0000e01c       0x2c c:/nxp/lpcxpresso_3.6.3_317/tools/bin/../lib/gcc/arm-none-eabi/4.3.3/../../../../arm-none-eabi/lib/thumb2\libc.a(lib_a-fstatr.o)
                0x0000e01c                _fstat_r
 .text          0x0000e048       0x28 c:/nxp/lpcxpresso_3.6.3_317/tools/bin/../lib/gcc/arm-none-eabi/4.3.3/../../../../arm-none-eabi/lib/thumb2\libc.a(lib_a-isattyr.o)
                0x0000e048                _isatty_r
 .text          0x0000e070       0x2c c:/nxp/lpcxpresso_3.6.3_317/tools/bin/../lib/gcc/arm-none-eabi/4.3.3/../../../../arm-none-eabi/lib/thumb2\libc.a(lib_a-lseekr.o)
                0x0000e070                _lseek_r
 .text          0x0000e09c       0x2c c:/nxp/lpcxpresso_3.6.3_317/tools/bin/../lib/gcc/arm-none-eabi/4.3.3/../../../../arm-none-eabi/lib/thumb2\libc.a(lib_a-readr.o)
                0x0000e09c                _read_r
 .text.initialise_monitor_handles
                0x0000e0c8       0xbc c:/nxp/lpcxpresso_3.6.3_317/tools/bin/../lib/gcc/arm-none-eabi/4.3.3/../../../../arm-none-eabi/lib/thumb2\libcr_newlib_semihost.a(syscalls.o)
 .text._sbrk    0x0000e184       0x7c c:/nxp/lpcxpresso_3.6.3_317/tools/bin/../lib/gcc/arm-none-eabi/4.3.3/../../../../arm-none-eabi/lib/thumb2\libcr_newlib_semihost.a(syscalls.o)
                0x0000e184                _sbrk
 .text._swilseek
                0x0000e200       0xdc c:/nxp/lpcxpresso_3.6.3_317/tools/bin/../lib/gcc/arm-none-eabi/4.3.3/../../../../arm-none-eabi/lib/thumb2\libcr_newlib_semihost.a(syscalls.o)
                0x0000e200                _swilseek
 .text._lseek   0x0000e2dc        0x8 c:/nxp/lpcxpresso_3.6.3_317/tools/bin/../lib/gcc/arm-none-eabi/4.3.3/../../../../arm-none-eabi/lib/thumb2\libcr_newlib_semihost.a(syscalls.o)
                0x0000e2dc                _lseek
 .text._isatty  0x0000e2e4       0x60 c:/nxp/lpcxpresso_3.6.3_317/tools/bin/../lib/gcc/arm-none-eabi/4.3.3/../../../../arm-none-eabi/lib/thumb2\libcr_newlib_semihost.a(syscalls.o)
                0x0000e2e4                _isatty
 .text._close   0x0000e344       0x9c c:/nxp/lpcxpresso_3.6.3_317/tools/bin/../lib/gcc/arm-none-eabi/4.3.3/../../../../arm-none-eabi/lib/thumb2\libcr_newlib_semihost.a(syscalls.o)
                0x0000e344                _close
 .text._read    0x0000e3e0       0x84 c:/nxp/lpcxpresso_3.6.3_317/tools/bin/../lib/gcc/arm-none-eabi/4.3.3/../../../../arm-none-eabi/lib/thumb2\libcr_newlib_semihost.a(syscalls.o)
                0x0000e3e0                _read
 .text._write   0x0000e464       0xa8 c:/nxp/lpcxpresso_3.6.3_317/tools/bin/../lib/gcc/arm-none-eabi/4.3.3/../../../../arm-none-eabi/lib/thumb2\libcr_newlib_semihost.a(syscalls.o)
                0x0000e464                _write
 .text._fstat   0x0000e50c       0x80 c:/nxp/lpcxpresso_3.6.3_317/tools/bin/../lib/gcc/arm-none-eabi/4.3.3/../../../../arm-none-eabi/lib/thumb2\libcr_newlib_semihost.a(syscalls.o)
                0x0000e50c                _fstat
 .text          0x0000e58c      0x110 c:/nxp/lpcxpresso_3.6.3_317/tools/bin/../lib/gcc/arm-none-eabi/4.3.3/thumb2\libgcc.a(_arm_cmpdf2.o)
                0x0000e660                __aeabi_dcmple
                0x0000e59c                __cmpdf2
                0x0000e59c                __eqdf2
                0x0000e58c                __gtdf2
                0x0000e628                __aeabi_cdcmple
                0x0000e618                __aeabi_cdrcmple
                0x0000e594                __ltdf2
                0x0000e64c                __aeabi_dcmplt
                0x0000e594                __ledf2
                0x0000e688                __aeabi_dcmpgt
                0x0000e674                __aeabi_dcmpge
                0x0000e59c                __nedf2
                0x0000e638                __aeabi_dcmpeq
                0x0000e628                __aeabi_cdcmpeq
                0x0000e58c                __gedf2
 .text          0x0000e69c       0x50 c:/nxp/lpcxpresso_3.6.3_317/tools/bin/../lib/gcc/arm-none-eabi/4.3.3/thumb2\libgcc.a(_arm_fixdfsi.o)
                0x0000e69c                __fixdfsi
                0x0000e69c                __aeabi_d2iz
 .text          0x0000e6ec        0xc c:/nxp/lpcxpresso_3.6.3_317/tools/bin/../lib/gcc/arm-none-eabi/4.3.3/../../../../arm-none-eabi/lib/thumb2\libc.a(lib_a-errno.o)
                0x0000e6ec                __errno
 *(.rodata .rodata.*)
 .rodata        0x0000e6f8      0x198 ./src/main.o
                0x0000e7dc                REPLY_ACK
                0x0000e6fe                RESET_PIN
                0x0000e708                ACC_THRESHOLD
                0x0000e710                notes
                0x0000e704                TEMP_UPPER_LIMIT
                0x0000e778                MESSAGE_READY
                0x0000e70c                FREQ_UPDATE_PERIOD_MS
                0x0000e7f4                CMD_RESET_TO_STDBY
                0x0000e700                LIGHT_PORT
                0x0000e6f8                CALIBRATED_PORT
                0x0000e748                tempStateStringMap
                0x0000e7b4                MESSAGE_CONFIRM_ENTER_STDBY
                0x0000e6fc                RESET_PORT
                0x0000e6fa                CALIBRATED_PIN
                0x0000e763                radiationStateStringMap
                0x0000e7e4                REPLY_NOT_ACK
                0x0000e7c8                MESSAGE_REPORT_TEMPLATE
                0x0000e7ec                CMD_RESET_TO_CALIB
                0x0000e706                ACC_UPDATE_PERIOD_MS
                0x0000e702                LIGHT_PIN
                0x0000e7a0                MESSAGE_CONFIRM_ENTER_CALIB
                0x0000e78c                MESSAGE_HANDSHAKE_CONFIRM
 .rodata        0x0000e890        0x8 C:\Users\Ashray Jain\Desktop\EE2024 Workspace\Lib_EaBaseBoard\Debug\libLib_EaBaseBoard.a(oled.o)
 .rodata        0x0000e898        0x4 C:\Users\Ashray Jain\Desktop\EE2024 Workspace\Lib_EaBaseBoard\Debug\libLib_EaBaseBoard.a(pca9532.o)
 .rodata        0x0000e89c      0x318 C:\Users\Ashray Jain\Desktop\EE2024 Workspace\Lib_EaBaseBoard\Debug\libLib_EaBaseBoard.a(font5x7.o)
                0x0000e89c                font5x7
 .rodata        0x0000ebb4       0x18 C:\Users\Ashray Jain\Desktop\EE2024 Workspace\Lib_MCU\Debug\libLib_MCU.a(lpc17xx_i2c.o)
 .rodata        0x0000ebcc       0x18 C:\Users\Ashray Jain\Desktop\EE2024 Workspace\Lib_MCU\Debug\libLib_MCU.a(lpc17xx_ssp.o)
 .rodata        0x0000ebe4       0x18 C:\Users\Ashray Jain\Desktop\EE2024 Workspace\Lib_MCU\Debug\libLib_MCU.a(lpc17xx_timer.o)
 .rodata        0x0000ebfc       0x18 C:\Users\Ashray Jain\Desktop\EE2024 Workspace\Lib_MCU\Debug\libLib_MCU.a(lpc17xx_uart.o)
 .rodata        0x0000ec14      0x100 c:/nxp/lpcxpresso_3.6.3_317/tools/bin/../lib/gcc/arm-none-eabi/4.3.3/thumb2\libgcc.a(_clz.o)
                0x0000ec14                __clz_tab
 .rodata        0x0000ed14       0x20 c:/nxp/lpcxpresso_3.6.3_317/tools/bin/../lib/gcc/arm-none-eabi/4.3.3/../../../../arm-none-eabi/lib/thumb2\libc.a(lib_a-svfprintf.o)
 .rodata.str1.4
                0x0000ed34       0x5e c:/nxp/lpcxpresso_3.6.3_317/tools/bin/../lib/gcc/arm-none-eabi/4.3.3/../../../../arm-none-eabi/lib/thumb2\libc.a(lib_a-svfprintf.o)
                                 0x60 (size before relaxing)
 .rodata        0x0000ed92       0x20 c:/nxp/lpcxpresso_3.6.3_317/tools/bin/../lib/gcc/arm-none-eabi/4.3.3/../../../../arm-none-eabi/lib/thumb2\libc.a(lib_a-vfprintf.o)
 .rodata.str1.4
                0x00000000       0x60 c:/nxp/lpcxpresso_3.6.3_317/tools/bin/../lib/gcc/arm-none-eabi/4.3.3/../../../../arm-none-eabi/lib/thumb2\libc.a(lib_a-vfprintf.o)
 .rodata        0x0000edb2      0x101 c:/nxp/lpcxpresso_3.6.3_317/tools/bin/../lib/gcc/arm-none-eabi/4.3.3/../../../../arm-none-eabi/lib/thumb2\libc.a(lib_a-ctype_.o)
                0x0000edb2                _ctype_
 *fill*         0x0000eeb3        0x1 00
 .rodata.str1.4
                0x0000eeb4       0x10 c:/nxp/lpcxpresso_3.6.3_317/tools/bin/../lib/gcc/arm-none-eabi/4.3.3/../../../../arm-none-eabi/lib/thumb2\libc.a(lib_a-dtoa.o)
                                 0x14 (size before relaxing)
 .rodata        0x0000eec4       0x60 c:/nxp/lpcxpresso_3.6.3_317/tools/bin/../lib/gcc/arm-none-eabi/4.3.3/../../../../arm-none-eabi/lib/thumb2\libc.a(lib_a-findfp.o)
                0x0000ef04                __sf_fake_stderr
                0x0000eec4                __sf_fake_stdin
                0x0000eee4                __sf_fake_stdout
 .rodata        0x0000ef24        0x4 c:/nxp/lpcxpresso_3.6.3_317/tools/bin/../lib/gcc/arm-none-eabi/4.3.3/../../../../arm-none-eabi/lib/thumb2\libc.a(lib_a-impure.o)
                0x0000ef24                _global_impure_ptr
 .rodata.str1.4
                0x0000ef28        0x2 c:/nxp/lpcxpresso_3.6.3_317/tools/bin/../lib/gcc/arm-none-eabi/4.3.3/../../../../arm-none-eabi/lib/thumb2\libc.a(lib_a-impure.o)
                                  0x4 (size before relaxing)
 *fill*         0x0000ef2a        0x2 00
 .rodata        0x0000ef2c       0x34 c:/nxp/lpcxpresso_3.6.3_317/tools/bin/../lib/gcc/arm-none-eabi/4.3.3/../../../../arm-none-eabi/lib/thumb2\libc.a(lib_a-locale.o)
 .rodata.str1.4
                0x0000ef60        0xf c:/nxp/lpcxpresso_3.6.3_317/tools/bin/../lib/gcc/arm-none-eabi/4.3.3/../../../../arm-none-eabi/lib/thumb2\libc.a(lib_a-locale.o)
                                 0x18 (size before relaxing)
 *fill*         0x0000ef6f        0x1 00
 .rodata        0x0000ef70      0x128 c:/nxp/lpcxpresso_3.6.3_317/tools/bin/../lib/gcc/arm-none-eabi/4.3.3/../../../../arm-none-eabi/lib/thumb2\libc.a(lib_a-mprec.o)
                0x0000f070                __mprec_tinytens
                0x0000ef70                __mprec_tens
                0x0000f048                __mprec_bigtens
 .rodata.str1.4
                0x0000f098        0x4 c:/nxp/lpcxpresso_3.6.3_317/tools/bin/../lib/gcc/arm-none-eabi/4.3.3/../../../../arm-none-eabi/lib/thumb2\libcr_newlib_semihost.a(syscalls.o)
                0x0000f09c                . = ALIGN (0x4)

.glue_7         0x0000f09c        0x0
 .glue_7        0x00000000        0x0 linker stubs

.glue_7t        0x0000f09c        0x0
 .glue_7t       0x00000000        0x0 linker stubs

.vfp11_veneer   0x0000f09c        0x0
 .vfp11_veneer  0x00000000        0x0 linker stubs

.v4_bx          0x0000f09c        0x0
 .v4_bx         0x00000000        0x0 linker stubs

.ARM.extab
 *(.ARM.extab* .gnu.linkonce.armextab.*)
                0x0000f09c                __exidx_start = .

.ARM.exidx      0x0000f09c        0x8
 *(.ARM.exidx* .gnu.linkonce.armexidx.*)
 .ARM.exidx     0x0000f09c        0x8 c:/nxp/lpcxpresso_3.6.3_317/tools/bin/../lib/gcc/arm-none-eabi/4.3.3/thumb2\libgcc.a(_divdi3.o)
 .ARM.exidx     0x0000f0a4        0x0 c:/nxp/lpcxpresso_3.6.3_317/tools/bin/../lib/gcc/arm-none-eabi/4.3.3/thumb2\libgcc.a(_udivdi3.o)
                                  0x8 (size before relaxing)
                0x0000f0a4                __exidx_end = .
                0x0000f0a4                _etext = .

.data_RAM2      0x2007c000        0x0 load address 0x0000f0a4
 FILL mask 0xff
 *(.data.$RAM2*)
 *(.data.$RamAHB32*)
                0x2007c000                . = ALIGN (0x4)

.data_RAM3      0x40038000        0x0 load address 0x0000f0a4
 FILL mask 0xff
 *(.data.$RAM3*)
 *(.data.$CANAccFilterRAM*)
                0x40038000                . = ALIGN (0x4)

.uninit_RESERVED
 *(.bss.$RESERVED*)

.data           0x10000000      0x58c load address 0x0000f0a4
 FILL mask 0xff
                0x10000000                _data = .
 *(vtable)
 *(.data*)
 .data          0x10000000       0x24 ./src/main.o
                0x10000006                REPORTING_PERIOD_MS
                0x10000004                UNSAFE_UPPER_HZ
                0x10000008                stationCommand
                0x10000002                UNSAFE_LOWER_HZ
                0x10000000                TIME_WINDOW_MS
                0x10000010                newReport
                0x1000000f                radiationState
 .data          0x10000024        0x4 C:\Users\Ashray Jain\Desktop\EE2024 Workspace\Lib_CMSISv1p30_LPC17xx\Debug\libCMSISv1p30_LPC17xx.a(system_LPC17xx.o)
                0x10000024                SystemCoreClock
 .data          0x10000028       0x50 C:\Users\Ashray Jain\Desktop\EE2024 Workspace\Lib_EaBaseBoard\Debug\libLib_EaBaseBoard.a(led7seg.o)
 .data          0x10000078        0x8 C:\Users\Ashray Jain\Desktop\EE2024 Workspace\Lib_EaBaseBoard\Debug\libLib_EaBaseBoard.a(light.o)
 .data          0x10000080        0x8 c:/nxp/lpcxpresso_3.6.3_317/tools/bin/../lib/gcc/arm-none-eabi/4.3.3/../../../../arm-none-eabi/lib/thumb2\libc.a(lib_a-ctype_.o)
                0x10000080                __ctype_ptr
                0x10000084                __ctype_ptr__
 .data          0x10000088       0xf4 c:/nxp/lpcxpresso_3.6.3_317/tools/bin/../lib/gcc/arm-none-eabi/4.3.3/../../../../arm-none-eabi/lib/thumb2\libc.a(lib_a-impure.o)
                0x10000088                _impure_ptr
 .data          0x1000017c      0x410 c:/nxp/lpcxpresso_3.6.3_317/tools/bin/../lib/gcc/arm-none-eabi/4.3.3/../../../../arm-none-eabi/lib/thumb2\libc.a(lib_a-mallocr.o)
                0x10000584                __malloc_sbrk_base
                0x1000017c                __malloc_av_
                0x10000588                __malloc_trim_threshold
                0x1000058c                . = ALIGN (0x4)
                0x1000058c                _edata = .

.bss_RAM2       0x2007c000        0x0
 *(.bss.$RAM2*)
 *(.bss.$RamAHB32*)
                0x2007c000                . = ALIGN (0x4)

.bss_RAM3       0x40038000        0x0
 *(.bss.$RAM3*)
 *(.bss.$CANAccFilterRAM*)
                0x40038000                . = ALIGN (0x4)

.bss            0x1000058c      0x448
                0x1000058c                _bss = .
 *(.bss*)
 .bss           0x1000058c       0x78 ./src/main.o
                0x1000059c                temp_i
                0x100005f8                accTick
                0x100005ac                accValues
                0x100005dc                prevAccZAvgValue
                0x100005f2                reportBytesLeftToSend
                0x100005a7                accXOffset
                0x100005ee                setWarningToStop
                0x100005f0                setWarningToStart
                0x100005a6                accZ
                0x100005e0                hasCrossedAccThreshold
                0x1000058e                countDownStarted
                0x10000590                currentCountValue
                0x100005aa                accZValToRemove
                0x100005ec                isWarningOn
                0x100005fc                warningTick
                0x100005f4                oneSecondTick
                0x100005a0                temp_pointer
                0x100005e8                currentFrequency
                0x100005d8                currentAccZAvgValue
                0x10000598                temp_t2
                0x10000594                temp_t1
                0x100005d4                currentAccIdx
                0x100005e4                currentFreqCounter
                0x100005a9                accZOffset
                0x1000058c                hasNewCommand
                0x100005a5                accY
                0x100005a8                accYOffset
                0x100005a4                accX
 .bss           0x10000604      0x300 C:\Users\Ashray Jain\Desktop\EE2024 Workspace\Lib_EaBaseBoard\Debug\libLib_EaBaseBoard.a(oled.o)
 .bss           0x10000904        0x6 C:\Users\Ashray Jain\Desktop\EE2024 Workspace\Lib_EaBaseBoard\Debug\libLib_EaBaseBoard.a(pca9532.o)
 *fill*         0x1000090a        0x2 00
 .bss           0x1000090c       0x24 C:\Users\Ashray Jain\Desktop\EE2024 Workspace\Lib_MCU\Debug\libLib_MCU.a(lpc17xx_i2c.o)
 .bss           0x10000930       0x18 C:\Users\Ashray Jain\Desktop\EE2024 Workspace\Lib_MCU\Debug\libLib_MCU.a(lpc17xx_ssp.o)
 .bss           0x10000948       0x34 c:/nxp/lpcxpresso_3.6.3_317/tools/bin/../lib/gcc/arm-none-eabi/4.3.3/../../../../arm-none-eabi/lib/thumb2\libc.a(lib_a-mallocr.o)
                0x10000948                __malloc_top_pad
                0x10000974                __malloc_max_sbrked_mem
                0x1000094c                __malloc_current_mallinfo
                0x10000978                __malloc_max_total_mem
 .bss.monitor_stdout
                0x1000097c        0x4 c:/nxp/lpcxpresso_3.6.3_317/tools/bin/../lib/gcc/arm-none-eabi/4.3.3/../../../../arm-none-eabi/lib/thumb2\libcr_newlib_semihost.a(syscalls.o)
 .bss.initialized.2363
                0x10000980        0x4 c:/nxp/lpcxpresso_3.6.3_317/tools/bin/../lib/gcc/arm-none-eabi/4.3.3/../../../../arm-none-eabi/lib/thumb2\libcr_newlib_semihost.a(syscalls.o)
 .bss.heap_end.2542
                0x10000984        0x4 c:/nxp/lpcxpresso_3.6.3_317/tools/bin/../lib/gcc/arm-none-eabi/4.3.3/../../../../arm-none-eabi/lib/thumb2\libcr_newlib_semihost.a(syscalls.o)
 .bss.monitor_stdin
                0x10000988        0x4 c:/nxp/lpcxpresso_3.6.3_317/tools/bin/../lib/gcc/arm-none-eabi/4.3.3/../../../../arm-none-eabi/lib/thumb2\libcr_newlib_semihost.a(syscalls.o)
 .bss.heap_base.2543
                0x1000098c        0x4 c:/nxp/lpcxpresso_3.6.3_317/tools/bin/../lib/gcc/arm-none-eabi/4.3.3/../../../../arm-none-eabi/lib/thumb2\libcr_newlib_semihost.a(syscalls.o)
 .bss.monitor_stderr
                0x10000990        0x4 c:/nxp/lpcxpresso_3.6.3_317/tools/bin/../lib/gcc/arm-none-eabi/4.3.3/../../../../arm-none-eabi/lib/thumb2\libcr_newlib_semihost.a(syscalls.o)
 .bss.openfiles
                0x10000994       0x28 c:/nxp/lpcxpresso_3.6.3_317/tools/bin/../lib/gcc/arm-none-eabi/4.3.3/../../../../arm-none-eabi/lib/thumb2\libcr_newlib_semihost.a(syscalls.o)
 *(COMMON)
 COMMON         0x100009bc       0x11 ./src/main.o
                0x100009bc                currentTemperatureReading
                0x100009c0                buzzerState
                0x100009c1                currentState
                0x100009c2                accMode
                0x100009c3                flutterState
                0x100009c4                currentHandshakeState
                0x100009c8                msTicks
                0x100009cc                temperatureState
 *fill*         0x100009cd        0x3 00
 COMMON         0x100009d0        0x4 c:/nxp/lpcxpresso_3.6.3_317/tools/bin/../lib/gcc/arm-none-eabi/4.3.3/../../../../arm-none-eabi/lib/thumb2\libc.a(lib_a-reent.o)
                0x100009d0                errno
                0x100009d4                . = ALIGN (0x4)
                0x100009d4                _ebss = .
                0x100009d4                PROVIDE (end, .)
                0x100009d4                PROVIDE (_pvHeapStart, .)
                0x10008000                PROVIDE (_vStackTop, (__top_RamLoc32 - 0x0))
OUTPUT(Assignment2.axf elf32-littlearm)

.debug_abbrev   0x00000000     0x1929
 .debug_abbrev  0x00000000       0xbd ./src/cr_startup_lpc17.o
 .debug_abbrev  0x000000bd      0x26f ./src/main.o
 .debug_abbrev  0x0000032c       0xc6 C:\Users\Ashray Jain\Desktop\EE2024 Workspace\Lib_CMSISv1p30_LPC17xx\Debug\libCMSISv1p30_LPC17xx.a(system_LPC17xx.o)
 .debug_abbrev  0x000003f2      0x165 C:\Users\Ashray Jain\Desktop\EE2024 Workspace\Lib_EaBaseBoard\Debug\libLib_EaBaseBoard.a(acc.o)
 .debug_abbrev  0x00000557      0x151 C:\Users\Ashray Jain\Desktop\EE2024 Workspace\Lib_EaBaseBoard\Debug\libLib_EaBaseBoard.a(led7seg.o)
 .debug_abbrev  0x000006a8      0x1c6 C:\Users\Ashray Jain\Desktop\EE2024 Workspace\Lib_EaBaseBoard\Debug\libLib_EaBaseBoard.a(light.o)
 .debug_abbrev  0x0000086e      0x1ed C:\Users\Ashray Jain\Desktop\EE2024 Workspace\Lib_EaBaseBoard\Debug\libLib_EaBaseBoard.a(oled.o)
 .debug_abbrev  0x00000a5b      0x1b3 C:\Users\Ashray Jain\Desktop\EE2024 Workspace\Lib_EaBaseBoard\Debug\libLib_EaBaseBoard.a(pca9532.o)
 .debug_abbrev  0x00000c0e       0x97 C:\Users\Ashray Jain\Desktop\EE2024 Workspace\Lib_EaBaseBoard\Debug\libLib_EaBaseBoard.a(rgb.o)
 .debug_abbrev  0x00000ca5       0x54 C:\Users\Ashray Jain\Desktop\EE2024 Workspace\Lib_EaBaseBoard\Debug\libLib_EaBaseBoard.a(font5x7.o)
 .debug_abbrev  0x00000cf9      0x18e C:\Users\Ashray Jain\Desktop\EE2024 Workspace\Lib_MCU\Debug\libLib_MCU.a(lpc17xx_gpio.o)
 .debug_abbrev  0x00000e87      0x253 C:\Users\Ashray Jain\Desktop\EE2024 Workspace\Lib_MCU\Debug\libLib_MCU.a(lpc17xx_i2c.o)
 .debug_abbrev  0x000010da      0x113 C:\Users\Ashray Jain\Desktop\EE2024 Workspace\Lib_MCU\Debug\libLib_MCU.a(lpc17xx_pinsel.o)
 .debug_abbrev  0x000011ed      0x1dc C:\Users\Ashray Jain\Desktop\EE2024 Workspace\Lib_MCU\Debug\libLib_MCU.a(lpc17xx_ssp.o)
 .debug_abbrev  0x000013c9      0x1a8 C:\Users\Ashray Jain\Desktop\EE2024 Workspace\Lib_MCU\Debug\libLib_MCU.a(lpc17xx_timer.o)
 .debug_abbrev  0x00001571      0x23b C:\Users\Ashray Jain\Desktop\EE2024 Workspace\Lib_MCU\Debug\libLib_MCU.a(lpc17xx_uart.o)
 .debug_abbrev  0x000017ac      0x17d C:\Users\Ashray Jain\Desktop\EE2024 Workspace\Lib_MCU\Debug\libLib_MCU.a(lpc17xx_clkpwr.o)

.debug_info     0x00000000     0x8be0
 .debug_info    0x00000000      0x1ec ./src/cr_startup_lpc17.o
 .debug_info    0x000001ec     0x1e72 ./src/main.o
 .debug_info    0x0000205e      0x334 C:\Users\Ashray Jain\Desktop\EE2024 Workspace\Lib_CMSISv1p30_LPC17xx\Debug\libCMSISv1p30_LPC17xx.a(system_LPC17xx.o)
 .debug_info    0x00002392      0x526 C:\Users\Ashray Jain\Desktop\EE2024 Workspace\Lib_EaBaseBoard\Debug\libLib_EaBaseBoard.a(acc.o)
 .debug_info    0x000028b8      0x26b C:\Users\Ashray Jain\Desktop\EE2024 Workspace\Lib_EaBaseBoard\Debug\libLib_EaBaseBoard.a(led7seg.o)
 .debug_info    0x00002b23      0x74c C:\Users\Ashray Jain\Desktop\EE2024 Workspace\Lib_EaBaseBoard\Debug\libLib_EaBaseBoard.a(light.o)
 .debug_info    0x0000326f      0x954 C:\Users\Ashray Jain\Desktop\EE2024 Workspace\Lib_EaBaseBoard\Debug\libLib_EaBaseBoard.a(oled.o)
 .debug_info    0x00003bc3      0x62b C:\Users\Ashray Jain\Desktop\EE2024 Workspace\Lib_EaBaseBoard\Debug\libLib_EaBaseBoard.a(pca9532.o)
 .debug_info    0x000041ee       0xd9 C:\Users\Ashray Jain\Desktop\EE2024 Workspace\Lib_EaBaseBoard\Debug\libLib_EaBaseBoard.a(rgb.o)
 .debug_info    0x000042c7       0x61 C:\Users\Ashray Jain\Desktop\EE2024 Workspace\Lib_EaBaseBoard\Debug\libLib_EaBaseBoard.a(font5x7.o)
 .debug_info    0x00004328      0xb8a C:\Users\Ashray Jain\Desktop\EE2024 Workspace\Lib_MCU\Debug\libLib_MCU.a(lpc17xx_gpio.o)
 .debug_info    0x00004eb2      0xcad C:\Users\Ashray Jain\Desktop\EE2024 Workspace\Lib_MCU\Debug\libLib_MCU.a(lpc17xx_i2c.o)
 .debug_info    0x00005b5f      0x49b C:\Users\Ashray Jain\Desktop\EE2024 Workspace\Lib_MCU\Debug\libLib_MCU.a(lpc17xx_pinsel.o)
 .debug_info    0x00005ffa      0x85c C:\Users\Ashray Jain\Desktop\EE2024 Workspace\Lib_MCU\Debug\libLib_MCU.a(lpc17xx_ssp.o)
 .debug_info    0x00006856      0x8d9 C:\Users\Ashray Jain\Desktop\EE2024 Workspace\Lib_MCU\Debug\libLib_MCU.a(lpc17xx_timer.o)
 .debug_info    0x0000712f     0x149e C:\Users\Ashray Jain\Desktop\EE2024 Workspace\Lib_MCU\Debug\libLib_MCU.a(lpc17xx_uart.o)
 .debug_info    0x000085cd      0x613 C:\Users\Ashray Jain\Desktop\EE2024 Workspace\Lib_MCU\Debug\libLib_MCU.a(lpc17xx_clkpwr.o)

.debug_line     0x00000000     0x52df
 .debug_line    0x00000000      0x2a6 ./src/cr_startup_lpc17.o
 .debug_line    0x000002a6      0xce6 ./src/main.o
 .debug_line    0x00000f8c      0x313 C:\Users\Ashray Jain\Desktop\EE2024 Workspace\Lib_CMSISv1p30_LPC17xx\Debug\libCMSISv1p30_LPC17xx.a(system_LPC17xx.o)
 .debug_line    0x0000129f      0x426 C:\Users\Ashray Jain\Desktop\EE2024 Workspace\Lib_EaBaseBoard\Debug\libLib_EaBaseBoard.a(acc.o)
 .debug_line    0x000016c5      0x3a1 C:\Users\Ashray Jain\Desktop\EE2024 Workspace\Lib_EaBaseBoard\Debug\libLib_EaBaseBoard.a(led7seg.o)
 .debug_line    0x00001a66      0x4d1 C:\Users\Ashray Jain\Desktop\EE2024 Workspace\Lib_EaBaseBoard\Debug\libLib_EaBaseBoard.a(light.o)
 .debug_line    0x00001f37      0x5c2 C:\Users\Ashray Jain\Desktop\EE2024 Workspace\Lib_EaBaseBoard\Debug\libLib_EaBaseBoard.a(oled.o)
 .debug_line    0x000024f9      0x494 C:\Users\Ashray Jain\Desktop\EE2024 Workspace\Lib_EaBaseBoard\Debug\libLib_EaBaseBoard.a(pca9532.o)
 .debug_line    0x0000298d      0x385 C:\Users\Ashray Jain\Desktop\EE2024 Workspace\Lib_EaBaseBoard\Debug\libLib_EaBaseBoard.a(rgb.o)
 .debug_line    0x00002d12       0x83 C:\Users\Ashray Jain\Desktop\EE2024 Workspace\Lib_EaBaseBoard\Debug\libLib_EaBaseBoard.a(font5x7.o)
 .debug_line    0x00002d95      0x516 C:\Users\Ashray Jain\Desktop\EE2024 Workspace\Lib_MCU\Debug\libLib_MCU.a(lpc17xx_gpio.o)
 .debug_line    0x000032ab      0x673 C:\Users\Ashray Jain\Desktop\EE2024 Workspace\Lib_MCU\Debug\libLib_MCU.a(lpc17xx_i2c.o)
 .debug_line    0x0000391e      0x3a7 C:\Users\Ashray Jain\Desktop\EE2024 Workspace\Lib_MCU\Debug\libLib_MCU.a(lpc17xx_pinsel.o)
 .debug_line    0x00003cc5      0x5a9 C:\Users\Ashray Jain\Desktop\EE2024 Workspace\Lib_MCU\Debug\libLib_MCU.a(lpc17xx_ssp.o)
 .debug_line    0x0000426e      0x532 C:\Users\Ashray Jain\Desktop\EE2024 Workspace\Lib_MCU\Debug\libLib_MCU.a(lpc17xx_timer.o)
 .debug_line    0x000047a0      0x75e C:\Users\Ashray Jain\Desktop\EE2024 Workspace\Lib_MCU\Debug\libLib_MCU.a(lpc17xx_uart.o)
 .debug_line    0x00004efe      0x3e1 C:\Users\Ashray Jain\Desktop\EE2024 Workspace\Lib_MCU\Debug\libLib_MCU.a(lpc17xx_clkpwr.o)

.debug_macinfo  0x00000000    0x7f9f5
 .debug_macinfo
                0x00000000     0x151f ./src/cr_startup_lpc17.o
 .debug_macinfo
                0x0000151f     0xcf9d ./src/main.o
 .debug_macinfo
                0x0000e4bc     0x6d5c C:\Users\Ashray Jain\Desktop\EE2024 Workspace\Lib_CMSISv1p30_LPC17xx\Debug\libCMSISv1p30_LPC17xx.a(system_LPC17xx.o)
 .debug_macinfo
                0x00015218     0x787f C:\Users\Ashray Jain\Desktop\EE2024 Workspace\Lib_EaBaseBoard\Debug\libLib_EaBaseBoard.a(acc.o)
 .debug_macinfo
                0x0001ca97     0x8007 C:\Users\Ashray Jain\Desktop\EE2024 Workspace\Lib_EaBaseBoard\Debug\libLib_EaBaseBoard.a(led7seg.o)
 .debug_macinfo
                0x00024a9e     0x779e C:\Users\Ashray Jain\Desktop\EE2024 Workspace\Lib_EaBaseBoard\Debug\libLib_EaBaseBoard.a(light.o)
 .debug_macinfo
                0x0002c23c     0x8aa7 C:\Users\Ashray Jain\Desktop\EE2024 Workspace\Lib_EaBaseBoard\Debug\libLib_EaBaseBoard.a(oled.o)
 .debug_macinfo
                0x00034ce3     0x77bd C:\Users\Ashray Jain\Desktop\EE2024 Workspace\Lib_EaBaseBoard\Debug\libLib_EaBaseBoard.a(pca9532.o)
 .debug_macinfo
                0x0003c4a0     0x6eb0 C:\Users\Ashray Jain\Desktop\EE2024 Workspace\Lib_EaBaseBoard\Debug\libLib_EaBaseBoard.a(rgb.o)
 .debug_macinfo
                0x00043350     0x1cb1 C:\Users\Ashray Jain\Desktop\EE2024 Workspace\Lib_EaBaseBoard\Debug\libLib_EaBaseBoard.a(font5x7.o)
 .debug_macinfo
                0x00045001     0x701c C:\Users\Ashray Jain\Desktop\EE2024 Workspace\Lib_MCU\Debug\libLib_MCU.a(lpc17xx_gpio.o)
 .debug_macinfo
                0x0004c01d     0x8f3c C:\Users\Ashray Jain\Desktop\EE2024 Workspace\Lib_MCU\Debug\libLib_MCU.a(lpc17xx_i2c.o)
 .debug_macinfo
                0x00054f59     0x7137 C:\Users\Ashray Jain\Desktop\EE2024 Workspace\Lib_MCU\Debug\libLib_MCU.a(lpc17xx_pinsel.o)
 .debug_macinfo
                0x0005c090     0x9234 C:\Users\Ashray Jain\Desktop\EE2024 Workspace\Lib_MCU\Debug\libLib_MCU.a(lpc17xx_ssp.o)
 .debug_macinfo
                0x000652c4     0x8e31 C:\Users\Ashray Jain\Desktop\EE2024 Workspace\Lib_MCU\Debug\libLib_MCU.a(lpc17xx_timer.o)
 .debug_macinfo
                0x0006e0f5     0x99a3 C:\Users\Ashray Jain\Desktop\EE2024 Workspace\Lib_MCU\Debug\libLib_MCU.a(lpc17xx_uart.o)
 .debug_macinfo
                0x00077a98     0x7f5d C:\Users\Ashray Jain\Desktop\EE2024 Workspace\Lib_MCU\Debug\libLib_MCU.a(lpc17xx_clkpwr.o)

.debug_frame    0x00000000     0x2d24
 .debug_frame   0x00000000      0x120 ./src/cr_startup_lpc17.o
 .debug_frame   0x00000120      0x69c ./src/main.o
 .debug_frame   0x000007bc       0x48 C:\Users\Ashray Jain\Desktop\EE2024 Workspace\Lib_CMSISv1p30_LPC17xx\Debug\libCMSISv1p30_LPC17xx.a(system_LPC17xx.o)
 .debug_frame   0x00000804      0x12c C:\Users\Ashray Jain\Desktop\EE2024 Workspace\Lib_EaBaseBoard\Debug\libLib_EaBaseBoard.a(acc.o)
 .debug_frame   0x00000930       0x4c C:\Users\Ashray Jain\Desktop\EE2024 Workspace\Lib_EaBaseBoard\Debug\libLib_EaBaseBoard.a(led7seg.o)
 .debug_frame   0x0000097c      0x208 C:\Users\Ashray Jain\Desktop\EE2024 Workspace\Lib_EaBaseBoard\Debug\libLib_EaBaseBoard.a(light.o)
 .debug_frame   0x00000b84      0x1fc C:\Users\Ashray Jain\Desktop\EE2024 Workspace\Lib_EaBaseBoard\Debug\libLib_EaBaseBoard.a(oled.o)
 .debug_frame   0x00000d80      0x1a8 C:\Users\Ashray Jain\Desktop\EE2024 Workspace\Lib_EaBaseBoard\Debug\libLib_EaBaseBoard.a(pca9532.o)
 .debug_frame   0x00000f28       0x4c C:\Users\Ashray Jain\Desktop\EE2024 Workspace\Lib_EaBaseBoard\Debug\libLib_EaBaseBoard.a(rgb.o)
 .debug_frame   0x00000f74      0x2c4 C:\Users\Ashray Jain\Desktop\EE2024 Workspace\Lib_MCU\Debug\libLib_MCU.a(lpc17xx_gpio.o)
 .debug_frame   0x00001238      0x2c8 C:\Users\Ashray Jain\Desktop\EE2024 Workspace\Lib_MCU\Debug\libLib_MCU.a(lpc17xx_i2c.o)
 .debug_frame   0x00001500       0xbc C:\Users\Ashray Jain\Desktop\EE2024 Workspace\Lib_MCU\Debug\libLib_MCU.a(lpc17xx_pinsel.o)
 .debug_frame   0x000015bc      0x280 C:\Users\Ashray Jain\Desktop\EE2024 Workspace\Lib_MCU\Debug\libLib_MCU.a(lpc17xx_ssp.o)
 .debug_frame   0x0000183c      0x22c C:\Users\Ashray Jain\Desktop\EE2024 Workspace\Lib_MCU\Debug\libLib_MCU.a(lpc17xx_timer.o)
 .debug_frame   0x00001a68      0x44c C:\Users\Ashray Jain\Desktop\EE2024 Workspace\Lib_MCU\Debug\libLib_MCU.a(lpc17xx_uart.o)
 .debug_frame   0x00001eb4      0x10c C:\Users\Ashray Jain\Desktop\EE2024 Workspace\Lib_MCU\Debug\libLib_MCU.a(lpc17xx_clkpwr.o)
 .debug_frame   0x00001fc0       0x50 c:/nxp/lpcxpresso_3.6.3_317/tools/bin/../lib/gcc/arm-none-eabi/4.3.3/thumb2\libgcc.a(bpabi.o)
 .debug_frame   0x00002010       0x38 c:/nxp/lpcxpresso_3.6.3_317/tools/bin/../lib/gcc/arm-none-eabi/4.3.3/thumb2\libgcc.a(_divdi3.o)
 .debug_frame   0x00002048       0x38 c:/nxp/lpcxpresso_3.6.3_317/tools/bin/../lib/gcc/arm-none-eabi/4.3.3/thumb2\libgcc.a(_udivdi3.o)
 .debug_frame   0x00002080       0x20 c:/nxp/lpcxpresso_3.6.3_317/tools/bin/../lib/gcc/arm-none-eabi/4.3.3/thumb2\libgcc.a(_udivsi3.o)
 .debug_frame   0x000020a0       0x30 c:/nxp/lpcxpresso_3.6.3_317/tools/bin/../lib/gcc/arm-none-eabi/4.3.3/../../../../arm-none-eabi/lib/thumb2\libc.a(lib_a-memcpy.o)
 .debug_frame   0x000020d0       0x28 c:/nxp/lpcxpresso_3.6.3_317/tools/bin/../lib/gcc/arm-none-eabi/4.3.3/../../../../arm-none-eabi/lib/thumb2\libc.a(lib_a-memset.o)
 .debug_frame   0x000020f8       0x5c c:/nxp/lpcxpresso_3.6.3_317/tools/bin/../lib/gcc/arm-none-eabi/4.3.3/../../../../arm-none-eabi/lib/thumb2\libc.a(lib_a-printf.o)
 .debug_frame   0x00002154       0x58 c:/nxp/lpcxpresso_3.6.3_317/tools/bin/../lib/gcc/arm-none-eabi/4.3.3/../../../../arm-none-eabi/lib/thumb2\libc.a(lib_a-sprintf.o)
 .debug_frame   0x000021ac       0x30 c:/nxp/lpcxpresso_3.6.3_317/tools/bin/../lib/gcc/arm-none-eabi/4.3.3/../../../../arm-none-eabi/lib/thumb2\libc.a(lib_a-strcasecmp.o)
 .debug_frame   0x000021dc       0x28 c:/nxp/lpcxpresso_3.6.3_317/tools/bin/../lib/gcc/arm-none-eabi/4.3.3/../../../../arm-none-eabi/lib/thumb2\libc.a(lib_a-strcat.o)
 .debug_frame   0x00002204       0x20 c:/nxp/lpcxpresso_3.6.3_317/tools/bin/../lib/gcc/arm-none-eabi/4.3.3/../../../../arm-none-eabi/lib/thumb2\libc.a(lib_a-strcpy.o)
 .debug_frame   0x00002224       0x20 c:/nxp/lpcxpresso_3.6.3_317/tools/bin/../lib/gcc/arm-none-eabi/4.3.3/../../../../arm-none-eabi/lib/thumb2\libc.a(lib_a-strlen.o)
 .debug_frame   0x00002244       0x64 c:/nxp/lpcxpresso_3.6.3_317/tools/bin/../lib/gcc/arm-none-eabi/4.3.3/../../../../arm-none-eabi/lib/thumb2\libc.a(lib_a-svfprintf.o)
 .debug_frame   0x000022a8       0x74 c:/nxp/lpcxpresso_3.6.3_317/tools/bin/../lib/gcc/arm-none-eabi/4.3.3/../../../../arm-none-eabi/lib/thumb2\libc.a(lib_a-vfprintf.o)
 .debug_frame   0x0000231c       0x2c c:/nxp/lpcxpresso_3.6.3_317/tools/bin/../lib/gcc/arm-none-eabi/4.3.3/../../../../arm-none-eabi/lib/thumb2\libc.a(lib_a-wsetup.o)
 .debug_frame   0x00002348       0x64 c:/nxp/lpcxpresso_3.6.3_317/tools/bin/../lib/gcc/arm-none-eabi/4.3.3/../../../../arm-none-eabi/lib/thumb2\libc.a(lib_a-dtoa.o)
 .debug_frame   0x000023ac       0x48 c:/nxp/lpcxpresso_3.6.3_317/tools/bin/../lib/gcc/arm-none-eabi/4.3.3/../../../../arm-none-eabi/lib/thumb2\libc.a(lib_a-fflush.o)
 .debug_frame   0x000023f4      0x13c c:/nxp/lpcxpresso_3.6.3_317/tools/bin/../lib/gcc/arm-none-eabi/4.3.3/../../../../arm-none-eabi/lib/thumb2\libc.a(lib_a-findfp.o)
 .debug_frame   0x00002530       0x50 c:/nxp/lpcxpresso_3.6.3_317/tools/bin/../lib/gcc/arm-none-eabi/4.3.3/../../../../arm-none-eabi/lib/thumb2\libc.a(lib_a-freer.o)
 .debug_frame   0x00002580       0x38 c:/nxp/lpcxpresso_3.6.3_317/tools/bin/../lib/gcc/arm-none-eabi/4.3.3/../../../../arm-none-eabi/lib/thumb2\libc.a(lib_a-fvwrite.o)
 .debug_frame   0x000025b8       0x58 c:/nxp/lpcxpresso_3.6.3_317/tools/bin/../lib/gcc/arm-none-eabi/4.3.3/../../../../arm-none-eabi/lib/thumb2\libc.a(lib_a-fwalk.o)
 .debug_frame   0x00002610       0x74 c:/nxp/lpcxpresso_3.6.3_317/tools/bin/../lib/gcc/arm-none-eabi/4.3.3/../../../../arm-none-eabi/lib/thumb2\libc.a(lib_a-locale.o)
 .debug_frame   0x00002684       0x30 c:/nxp/lpcxpresso_3.6.3_317/tools/bin/../lib/gcc/arm-none-eabi/4.3.3/../../../../arm-none-eabi/lib/thumb2\libc.a(lib_a-makebuf.o)
 .debug_frame   0x000026b4       0x40 c:/nxp/lpcxpresso_3.6.3_317/tools/bin/../lib/gcc/arm-none-eabi/4.3.3/../../../../arm-none-eabi/lib/thumb2\libc.a(lib_a-malloc.o)
 .debug_frame   0x000026f4       0x38 c:/nxp/lpcxpresso_3.6.3_317/tools/bin/../lib/gcc/arm-none-eabi/4.3.3/../../../../arm-none-eabi/lib/thumb2\libc.a(lib_a-mallocr.o)
 .debug_frame   0x0000272c       0x28 c:/nxp/lpcxpresso_3.6.3_317/tools/bin/../lib/gcc/arm-none-eabi/4.3.3/../../../../arm-none-eabi/lib/thumb2\libc.a(lib_a-memchr.o)
 .debug_frame   0x00002754       0x2c c:/nxp/lpcxpresso_3.6.3_317/tools/bin/../lib/gcc/arm-none-eabi/4.3.3/../../../../arm-none-eabi/lib/thumb2\libc.a(lib_a-memmove.o)
 .debug_frame   0x00002780       0x30 c:/nxp/lpcxpresso_3.6.3_317/tools/bin/../lib/gcc/arm-none-eabi/4.3.3/../../../../arm-none-eabi/lib/thumb2\libc.a(lib_a-mlock.o)
 .debug_frame   0x000027b0      0x228 c:/nxp/lpcxpresso_3.6.3_317/tools/bin/../lib/gcc/arm-none-eabi/4.3.3/../../../../arm-none-eabi/lib/thumb2\libc.a(lib_a-mprec.o)
 .debug_frame   0x000029d8       0x38 c:/nxp/lpcxpresso_3.6.3_317/tools/bin/../lib/gcc/arm-none-eabi/4.3.3/../../../../arm-none-eabi/lib/thumb2\libc.a(lib_a-reallocr.o)
 .debug_frame   0x00002a10       0x28 c:/nxp/lpcxpresso_3.6.3_317/tools/bin/../lib/gcc/arm-none-eabi/4.3.3/../../../../arm-none-eabi/lib/thumb2\libc.a(lib_a-s_isinfd.o)
 .debug_frame   0x00002a38       0x20 c:/nxp/lpcxpresso_3.6.3_317/tools/bin/../lib/gcc/arm-none-eabi/4.3.3/../../../../arm-none-eabi/lib/thumb2\libc.a(lib_a-s_isnand.o)
 .debug_frame   0x00002a58       0x2c c:/nxp/lpcxpresso_3.6.3_317/tools/bin/../lib/gcc/arm-none-eabi/4.3.3/../../../../arm-none-eabi/lib/thumb2\libc.a(lib_a-sbrkr.o)
 .debug_frame   0x00002a84       0x78 c:/nxp/lpcxpresso_3.6.3_317/tools/bin/../lib/gcc/arm-none-eabi/4.3.3/../../../../arm-none-eabi/lib/thumb2\libc.a(lib_a-stdio.o)
 .debug_frame   0x00002afc       0x30 c:/nxp/lpcxpresso_3.6.3_317/tools/bin/../lib/gcc/arm-none-eabi/4.3.3/../../../../arm-none-eabi/lib/thumb2\libc.a(lib_a-strcmp.o)
 .debug_frame   0x00002b2c       0x2c c:/nxp/lpcxpresso_3.6.3_317/tools/bin/../lib/gcc/arm-none-eabi/4.3.3/../../../../arm-none-eabi/lib/thumb2\libc.a(lib_a-writer.o)
 .debug_frame   0x00002b58       0x28 c:/nxp/lpcxpresso_3.6.3_317/tools/bin/../lib/gcc/arm-none-eabi/4.3.3/../../../../arm-none-eabi/lib/thumb2\libc.a(lib_a-callocr.o)
 .debug_frame   0x00002b80       0x2c c:/nxp/lpcxpresso_3.6.3_317/tools/bin/../lib/gcc/arm-none-eabi/4.3.3/../../../../arm-none-eabi/lib/thumb2\libc.a(lib_a-closer.o)
 .debug_frame   0x00002bac       0x44 c:/nxp/lpcxpresso_3.6.3_317/tools/bin/../lib/gcc/arm-none-eabi/4.3.3/../../../../arm-none-eabi/lib/thumb2\libc.a(lib_a-fclose.o)
 .debug_frame   0x00002bf0       0x2c c:/nxp/lpcxpresso_3.6.3_317/tools/bin/../lib/gcc/arm-none-eabi/4.3.3/../../../../arm-none-eabi/lib/thumb2\libc.a(lib_a-fstatr.o)
 .debug_frame   0x00002c1c       0x2c c:/nxp/lpcxpresso_3.6.3_317/tools/bin/../lib/gcc/arm-none-eabi/4.3.3/../../../../arm-none-eabi/lib/thumb2\libc.a(lib_a-isattyr.o)
 .debug_frame   0x00002c48       0x2c c:/nxp/lpcxpresso_3.6.3_317/tools/bin/../lib/gcc/arm-none-eabi/4.3.3/../../../../arm-none-eabi/lib/thumb2\libc.a(lib_a-lseekr.o)
 .debug_frame   0x00002c74       0x2c c:/nxp/lpcxpresso_3.6.3_317/tools/bin/../lib/gcc/arm-none-eabi/4.3.3/../../../../arm-none-eabi/lib/thumb2\libc.a(lib_a-readr.o)
 .debug_frame   0x00002ca0       0x64 c:/nxp/lpcxpresso_3.6.3_317/tools/bin/../lib/gcc/arm-none-eabi/4.3.3/../../../../arm-none-eabi/lib/thumb2\libc.a(lib_a-reent.o)
 .debug_frame   0x00002d04       0x20 c:/nxp/lpcxpresso_3.6.3_317/tools/bin/../lib/gcc/arm-none-eabi/4.3.3/../../../../arm-none-eabi/lib/thumb2\libc.a(lib_a-errno.o)

.debug_loc      0x00000000     0x34db
 .debug_loc     0x00000000      0x1e5 ./src/cr_startup_lpc17.o
 .debug_loc     0x000001e5      0xae3 ./src/main.o
 .debug_loc     0x00000cc8       0x56 C:\Users\Ashray Jain\Desktop\EE2024 Workspace\Lib_CMSISv1p30_LPC17xx\Debug\libCMSISv1p30_LPC17xx.a(system_LPC17xx.o)
 .debug_loc     0x00000d1e      0x1e7 C:\Users\Ashray Jain\Desktop\EE2024 Workspace\Lib_EaBaseBoard\Debug\libLib_EaBaseBoard.a(acc.o)
 .debug_loc     0x00000f05       0x62 C:\Users\Ashray Jain\Desktop\EE2024 Workspace\Lib_EaBaseBoard\Debug\libLib_EaBaseBoard.a(led7seg.o)
 .debug_loc     0x00000f67      0x368 C:\Users\Ashray Jain\Desktop\EE2024 Workspace\Lib_EaBaseBoard\Debug\libLib_EaBaseBoard.a(light.o)
 .debug_loc     0x000012cf      0x331 C:\Users\Ashray Jain\Desktop\EE2024 Workspace\Lib_EaBaseBoard\Debug\libLib_EaBaseBoard.a(oled.o)
 .debug_loc     0x00001600      0x2c3 C:\Users\Ashray Jain\Desktop\EE2024 Workspace\Lib_EaBaseBoard\Debug\libLib_EaBaseBoard.a(pca9532.o)
 .debug_loc     0x000018c3       0x62 C:\Users\Ashray Jain\Desktop\EE2024 Workspace\Lib_EaBaseBoard\Debug\libLib_EaBaseBoard.a(rgb.o)
 .debug_loc     0x00001925      0x4ba C:\Users\Ashray Jain\Desktop\EE2024 Workspace\Lib_MCU\Debug\libLib_MCU.a(lpc17xx_gpio.o)
 .debug_loc     0x00001ddf      0x4cd C:\Users\Ashray Jain\Desktop\EE2024 Workspace\Lib_MCU\Debug\libLib_MCU.a(lpc17xx_i2c.o)
 .debug_loc     0x000022ac      0x14a C:\Users\Ashray Jain\Desktop\EE2024 Workspace\Lib_MCU\Debug\libLib_MCU.a(lpc17xx_pinsel.o)
 .debug_loc     0x000023f6      0x434 C:\Users\Ashray Jain\Desktop\EE2024 Workspace\Lib_MCU\Debug\libLib_MCU.a(lpc17xx_ssp.o)
 .debug_loc     0x0000282a      0x3a7 C:\Users\Ashray Jain\Desktop\EE2024 Workspace\Lib_MCU\Debug\libLib_MCU.a(lpc17xx_timer.o)
 .debug_loc     0x00002bd1      0x757 C:\Users\Ashray Jain\Desktop\EE2024 Workspace\Lib_MCU\Debug\libLib_MCU.a(lpc17xx_uart.o)
 .debug_loc     0x00003328      0x1b3 C:\Users\Ashray Jain\Desktop\EE2024 Workspace\Lib_MCU\Debug\libLib_MCU.a(lpc17xx_clkpwr.o)

.debug_pubnames
                0x00000000     0x181d
 .debug_pubnames
                0x00000000       0xfd ./src/cr_startup_lpc17.o
 .debug_pubnames
                0x000000fd      0x8e7 ./src/main.o
 .debug_pubnames
                0x000009e4       0x4f C:\Users\Ashray Jain\Desktop\EE2024 Workspace\Lib_CMSISv1p30_LPC17xx\Debug\libCMSISv1p30_LPC17xx.a(system_LPC17xx.o)
 .debug_pubnames
                0x00000a33       0x4d C:\Users\Ashray Jain\Desktop\EE2024 Workspace\Lib_EaBaseBoard\Debug\libLib_EaBaseBoard.a(acc.o)
 .debug_pubnames
                0x00000a80       0x37 C:\Users\Ashray Jain\Desktop\EE2024 Workspace\Lib_EaBaseBoard\Debug\libLib_EaBaseBoard.a(led7seg.o)
 .debug_pubnames
                0x00000ab7      0x107 C:\Users\Ashray Jain\Desktop\EE2024 Workspace\Lib_EaBaseBoard\Debug\libLib_EaBaseBoard.a(light.o)
 .debug_pubnames
                0x00000bbe       0xa9 C:\Users\Ashray Jain\Desktop\EE2024 Workspace\Lib_EaBaseBoard\Debug\libLib_EaBaseBoard.a(oled.o)
 .debug_pubnames
                0x00000c67       0xef C:\Users\Ashray Jain\Desktop\EE2024 Workspace\Lib_EaBaseBoard\Debug\libLib_EaBaseBoard.a(pca9532.o)
 .debug_pubnames
                0x00000d56       0x2f C:\Users\Ashray Jain\Desktop\EE2024 Workspace\Lib_EaBaseBoard\Debug\libLib_EaBaseBoard.a(rgb.o)
 .debug_pubnames
                0x00000d85       0x1e C:\Users\Ashray Jain\Desktop\EE2024 Workspace\Lib_EaBaseBoard\Debug\libLib_EaBaseBoard.a(font5x7.o)
 .debug_pubnames
                0x00000da3      0x196 C:\Users\Ashray Jain\Desktop\EE2024 Workspace\Lib_MCU\Debug\libLib_MCU.a(lpc17xx_gpio.o)
 .debug_pubnames
                0x00000f39      0x165 C:\Users\Ashray Jain\Desktop\EE2024 Workspace\Lib_MCU\Debug\libLib_MCU.a(lpc17xx_i2c.o)
 .debug_pubnames
                0x0000109e       0xa6 C:\Users\Ashray Jain\Desktop\EE2024 Workspace\Lib_MCU\Debug\libLib_MCU.a(lpc17xx_pinsel.o)
 .debug_pubnames
                0x00001144      0x17f C:\Users\Ashray Jain\Desktop\EE2024 Workspace\Lib_MCU\Debug\libLib_MCU.a(lpc17xx_ssp.o)
 .debug_pubnames
                0x000012c3      0x17a C:\Users\Ashray Jain\Desktop\EE2024 Workspace\Lib_MCU\Debug\libLib_MCU.a(lpc17xx_timer.o)
 .debug_pubnames
                0x0000143d      0x325 C:\Users\Ashray Jain\Desktop\EE2024 Workspace\Lib_MCU\Debug\libLib_MCU.a(lpc17xx_uart.o)
 .debug_pubnames
                0x00001762       0xbb C:\Users\Ashray Jain\Desktop\EE2024 Workspace\Lib_MCU\Debug\libLib_MCU.a(lpc17xx_clkpwr.o)

.debug_aranges  0x00000000      0x998
 .debug_aranges
                0x00000000       0x70 ./src/cr_startup_lpc17.o
 .debug_aranges
                0x00000070      0x1e0 ./src/main.o
 .debug_aranges
                0x00000250       0x28 C:\Users\Ashray Jain\Desktop\EE2024 Workspace\Lib_CMSISv1p30_LPC17xx\Debug\libCMSISv1p30_LPC17xx.a(system_LPC17xx.o)
 .debug_aranges
                0x00000278       0x60 C:\Users\Ashray Jain\Desktop\EE2024 Workspace\Lib_EaBaseBoard\Debug\libLib_EaBaseBoard.a(acc.o)
 .debug_aranges
                0x000002d8       0x28 C:\Users\Ashray Jain\Desktop\EE2024 Workspace\Lib_EaBaseBoard\Debug\libLib_EaBaseBoard.a(led7seg.o)
 .debug_aranges
                0x00000300       0x98 C:\Users\Ashray Jain\Desktop\EE2024 Workspace\Lib_EaBaseBoard\Debug\libLib_EaBaseBoard.a(light.o)
 .debug_aranges
                0x00000398       0x90 C:\Users\Ashray Jain\Desktop\EE2024 Workspace\Lib_EaBaseBoard\Debug\libLib_EaBaseBoard.a(oled.o)
 .debug_aranges
                0x00000428       0x80 C:\Users\Ashray Jain\Desktop\EE2024 Workspace\Lib_EaBaseBoard\Debug\libLib_EaBaseBoard.a(pca9532.o)
 .debug_aranges
                0x000004a8       0x28 C:\Users\Ashray Jain\Desktop\EE2024 Workspace\Lib_EaBaseBoard\Debug\libLib_EaBaseBoard.a(rgb.o)
 .debug_aranges
                0x000004d0       0xc8 C:\Users\Ashray Jain\Desktop\EE2024 Workspace\Lib_MCU\Debug\libLib_MCU.a(lpc17xx_gpio.o)
 .debug_aranges
                0x00000598       0xd0 C:\Users\Ashray Jain\Desktop\EE2024 Workspace\Lib_MCU\Debug\libLib_MCU.a(lpc17xx_i2c.o)
 .debug_aranges
                0x00000668       0x48 C:\Users\Ashray Jain\Desktop\EE2024 Workspace\Lib_MCU\Debug\libLib_MCU.a(lpc17xx_pinsel.o)
 .debug_aranges
                0x000006b0       0xb8 C:\Users\Ashray Jain\Desktop\EE2024 Workspace\Lib_MCU\Debug\libLib_MCU.a(lpc17xx_ssp.o)
 .debug_aranges
                0x00000768       0xa0 C:\Users\Ashray Jain\Desktop\EE2024 Workspace\Lib_MCU\Debug\libLib_MCU.a(lpc17xx_timer.o)
 .debug_aranges
                0x00000808      0x130 C:\Users\Ashray Jain\Desktop\EE2024 Workspace\Lib_MCU\Debug\libLib_MCU.a(lpc17xx_uart.o)
 .debug_aranges
                0x00000938       0x60 C:\Users\Ashray Jain\Desktop\EE2024 Workspace\Lib_MCU\Debug\libLib_MCU.a(lpc17xx_clkpwr.o)

.debug_ranges   0x00000000      0x918
 .debug_ranges  0x00000000       0x68 ./src/cr_startup_lpc17.o
 .debug_ranges  0x00000068      0x1d8 ./src/main.o
 .debug_ranges  0x00000240       0x20 C:\Users\Ashray Jain\Desktop\EE2024 Workspace\Lib_CMSISv1p30_LPC17xx\Debug\libCMSISv1p30_LPC17xx.a(system_LPC17xx.o)
 .debug_ranges  0x00000260       0x58 C:\Users\Ashray Jain\Desktop\EE2024 Workspace\Lib_EaBaseBoard\Debug\libLib_EaBaseBoard.a(acc.o)
 .debug_ranges  0x000002b8       0x20 C:\Users\Ashray Jain\Desktop\EE2024 Workspace\Lib_EaBaseBoard\Debug\libLib_EaBaseBoard.a(led7seg.o)
 .debug_ranges  0x000002d8       0x90 C:\Users\Ashray Jain\Desktop\EE2024 Workspace\Lib_EaBaseBoard\Debug\libLib_EaBaseBoard.a(light.o)
 .debug_ranges  0x00000368       0x88 C:\Users\Ashray Jain\Desktop\EE2024 Workspace\Lib_EaBaseBoard\Debug\libLib_EaBaseBoard.a(oled.o)
 .debug_ranges  0x000003f0       0x78 C:\Users\Ashray Jain\Desktop\EE2024 Workspace\Lib_EaBaseBoard\Debug\libLib_EaBaseBoard.a(pca9532.o)
 .debug_ranges  0x00000468       0x20 C:\Users\Ashray Jain\Desktop\EE2024 Workspace\Lib_EaBaseBoard\Debug\libLib_EaBaseBoard.a(rgb.o)
 .debug_ranges  0x00000488       0xc0 C:\Users\Ashray Jain\Desktop\EE2024 Workspace\Lib_MCU\Debug\libLib_MCU.a(lpc17xx_gpio.o)
 .debug_ranges  0x00000548       0xc8 C:\Users\Ashray Jain\Desktop\EE2024 Workspace\Lib_MCU\Debug\libLib_MCU.a(lpc17xx_i2c.o)
 .debug_ranges  0x00000610       0x40 C:\Users\Ashray Jain\Desktop\EE2024 Workspace\Lib_MCU\Debug\libLib_MCU.a(lpc17xx_pinsel.o)
 .debug_ranges  0x00000650       0xb0 C:\Users\Ashray Jain\Desktop\EE2024 Workspace\Lib_MCU\Debug\libLib_MCU.a(lpc17xx_ssp.o)
 .debug_ranges  0x00000700       0x98 C:\Users\Ashray Jain\Desktop\EE2024 Workspace\Lib_MCU\Debug\libLib_MCU.a(lpc17xx_timer.o)
 .debug_ranges  0x00000798      0x128 C:\Users\Ashray Jain\Desktop\EE2024 Workspace\Lib_MCU\Debug\libLib_MCU.a(lpc17xx_uart.o)
 .debug_ranges  0x000008c0       0x58 C:\Users\Ashray Jain\Desktop\EE2024 Workspace\Lib_MCU\Debug\libLib_MCU.a(lpc17xx_clkpwr.o)

.debug_str      0x00000000     0x33b0
 .debug_str     0x00000000      0x1e8 ./src/cr_startup_lpc17.o
                                0x222 (size before relaxing)
 .debug_str     0x000001e8     0x130d ./src/main.o
                               0x13f7 (size before relaxing)
 .debug_str     0x000014f5       0x8b C:\Users\Ashray Jain\Desktop\EE2024 Workspace\Lib_CMSISv1p30_LPC17xx\Debug\libCMSISv1p30_LPC17xx.a(system_LPC17xx.o)
                                0x251 (size before relaxing)
 .debug_str     0x00001580      0x1da C:\Users\Ashray Jain\Desktop\EE2024 Workspace\Lib_EaBaseBoard\Debug\libLib_EaBaseBoard.a(acc.o)
                                0x34c (size before relaxing)
 .debug_str     0x0000175a       0x95 C:\Users\Ashray Jain\Desktop\EE2024 Workspace\Lib_EaBaseBoard\Debug\libLib_EaBaseBoard.a(led7seg.o)
                                0x1b8 (size before relaxing)
 .debug_str     0x000017ef      0x204 C:\Users\Ashray Jain\Desktop\EE2024 Workspace\Lib_EaBaseBoard\Debug\libLib_EaBaseBoard.a(light.o)
                                0x4b1 (size before relaxing)
 .debug_str     0x000019f3      0x1ad C:\Users\Ashray Jain\Desktop\EE2024 Workspace\Lib_EaBaseBoard\Debug\libLib_EaBaseBoard.a(oled.o)
                                0x369 (size before relaxing)
 .debug_str     0x00001ba0      0x12e C:\Users\Ashray Jain\Desktop\EE2024 Workspace\Lib_EaBaseBoard\Debug\libLib_EaBaseBoard.a(pca9532.o)
                                0x3a3 (size before relaxing)
 .debug_str     0x00001cce       0x22 C:\Users\Ashray Jain\Desktop\EE2024 Workspace\Lib_EaBaseBoard\Debug\libLib_EaBaseBoard.a(rgb.o)
                                0x10d (size before relaxing)
 .debug_str     0x00001cf0       0x11 C:\Users\Ashray Jain\Desktop\EE2024 Workspace\Lib_EaBaseBoard\Debug\libLib_EaBaseBoard.a(font5x7.o)
                                 0x77 (size before relaxing)
 .debug_str     0x00001d01      0x37a C:\Users\Ashray Jain\Desktop\EE2024 Workspace\Lib_MCU\Debug\libLib_MCU.a(lpc17xx_gpio.o)
                                0x435 (size before relaxing)
 .debug_str     0x0000207b      0x319 C:\Users\Ashray Jain\Desktop\EE2024 Workspace\Lib_MCU\Debug\libLib_MCU.a(lpc17xx_i2c.o)
                                0x7c1 (size before relaxing)
 .debug_str     0x00002394      0x201 C:\Users\Ashray Jain\Desktop\EE2024 Workspace\Lib_MCU\Debug\libLib_MCU.a(lpc17xx_pinsel.o)
                                0x357 (size before relaxing)
 .debug_str     0x00002595      0x219 C:\Users\Ashray Jain\Desktop\EE2024 Workspace\Lib_MCU\Debug\libLib_MCU.a(lpc17xx_ssp.o)
                                0x448 (size before relaxing)
 .debug_str     0x000027ae      0x283 C:\Users\Ashray Jain\Desktop\EE2024 Workspace\Lib_MCU\Debug\libLib_MCU.a(lpc17xx_timer.o)
                                0x57e (size before relaxing)
 .debug_str     0x00002a31      0x8b4 C:\Users\Ashray Jain\Desktop\EE2024 Workspace\Lib_MCU\Debug\libLib_MCU.a(lpc17xx_uart.o)
                                0xc05 (size before relaxing)
 .debug_str     0x000032e5       0xcb C:\Users\Ashray Jain\Desktop\EE2024 Workspace\Lib_MCU\Debug\libLib_MCU.a(lpc17xx_clkpwr.o)
                                0x34e (size before relaxing)
