Archive member included because of file (symbol)

C:\Users\thyagesh93\Documents\NUS\IVLEDrive\EE2024 PROGRAMMING FOR COMPUTER INTERFACES\PROGRAMMING FOR COMPUTER INTERFACES\Assignment 2\Lib_CMSISv1p30_LPC17xx\Debug\libCMSISv1p30_LPC17xx.a(system_LPC17xx.o)
                              ./src/main.o (SystemCoreClock)
C:\Users\thyagesh93\Documents\NUS\IVLEDrive\EE2024 PROGRAMMING FOR COMPUTER INTERFACES\PROGRAMMING FOR COMPUTER INTERFACES\Assignment 2\Lib_EaBaseBoard\Debug\libLib_EaBaseBoard.a(acc.o)
                              ./src/main.o (acc_init)
C:\Users\thyagesh93\Documents\NUS\IVLEDrive\EE2024 PROGRAMMING FOR COMPUTER INTERFACES\PROGRAMMING FOR COMPUTER INTERFACES\Assignment 2\Lib_EaBaseBoard\Debug\libLib_EaBaseBoard.a(led7seg.o)
                              ./src/main.o (led7seg_init)
C:\Users\thyagesh93\Documents\NUS\IVLEDrive\EE2024 PROGRAMMING FOR COMPUTER INTERFACES\PROGRAMMING FOR COMPUTER INTERFACES\Assignment 2\Lib_EaBaseBoard\Debug\libLib_EaBaseBoard.a(light.o)
                              ./src/main.o (light_init)
C:\Users\thyagesh93\Documents\NUS\IVLEDrive\EE2024 PROGRAMMING FOR COMPUTER INTERFACES\PROGRAMMING FOR COMPUTER INTERFACES\Assignment 2\Lib_EaBaseBoard\Debug\libLib_EaBaseBoard.a(oled.o)
                              ./src/main.o (oled_init)
C:\Users\thyagesh93\Documents\NUS\IVLEDrive\EE2024 PROGRAMMING FOR COMPUTER INTERFACES\PROGRAMMING FOR COMPUTER INTERFACES\Assignment 2\Lib_EaBaseBoard\Debug\libLib_EaBaseBoard.a(pca9532.o)
                              ./src/main.o (pca9532_init)
C:\Users\thyagesh93\Documents\NUS\IVLEDrive\EE2024 PROGRAMMING FOR COMPUTER INTERFACES\PROGRAMMING FOR COMPUTER INTERFACES\Assignment 2\Lib_EaBaseBoard\Debug\libLib_EaBaseBoard.a(rgb.o)
                              ./src/main.o (rgb_init)
C:\Users\thyagesh93\Documents\NUS\IVLEDrive\EE2024 PROGRAMMING FOR COMPUTER INTERFACES\PROGRAMMING FOR COMPUTER INTERFACES\Assignment 2\Lib_EaBaseBoard\Debug\libLib_EaBaseBoard.a(font5x7.o)
                              C:\Users\thyagesh93\Documents\NUS\IVLEDrive\EE2024 PROGRAMMING FOR COMPUTER INTERFACES\PROGRAMMING FOR COMPUTER INTERFACES\Assignment 2\Lib_EaBaseBoard\Debug\libLib_EaBaseBoard.a(oled.o) (font5x7)
C:\Users\thyagesh93\Documents\NUS\IVLEDrive\EE2024 PROGRAMMING FOR COMPUTER INTERFACES\PROGRAMMING FOR COMPUTER INTERFACES\Assignment 2\Lib_MCU\Debug\libLib_MCU.a(lpc17xx_gpio.o)
                              ./src/main.o (GPIO_SetDir)
C:\Users\thyagesh93\Documents\NUS\IVLEDrive\EE2024 PROGRAMMING FOR COMPUTER INTERFACES\PROGRAMMING FOR COMPUTER INTERFACES\Assignment 2\Lib_MCU\Debug\libLib_MCU.a(lpc17xx_i2c.o)
                              ./src/main.o (I2C_Init)
C:\Users\thyagesh93\Documents\NUS\IVLEDrive\EE2024 PROGRAMMING FOR COMPUTER INTERFACES\PROGRAMMING FOR COMPUTER INTERFACES\Assignment 2\Lib_MCU\Debug\libLib_MCU.a(lpc17xx_pinsel.o)
                              ./src/main.o (PINSEL_ConfigPin)
C:\Users\thyagesh93\Documents\NUS\IVLEDrive\EE2024 PROGRAMMING FOR COMPUTER INTERFACES\PROGRAMMING FOR COMPUTER INTERFACES\Assignment 2\Lib_MCU\Debug\libLib_MCU.a(lpc17xx_ssp.o)
                              ./src/main.o (SSP_Init)
C:\Users\thyagesh93\Documents\NUS\IVLEDrive\EE2024 PROGRAMMING FOR COMPUTER INTERFACES\PROGRAMMING FOR COMPUTER INTERFACES\Assignment 2\Lib_MCU\Debug\libLib_MCU.a(lpc17xx_timer.o)
                              ./src/main.o (TIM_ClearIntPending)
C:\Users\thyagesh93\Documents\NUS\IVLEDrive\EE2024 PROGRAMMING FOR COMPUTER INTERFACES\PROGRAMMING FOR COMPUTER INTERFACES\Assignment 2\Lib_MCU\Debug\libLib_MCU.a(lpc17xx_uart.o)
                              ./src/main.o (UART_TxCmd)
C:\Users\thyagesh93\Documents\NUS\IVLEDrive\EE2024 PROGRAMMING FOR COMPUTER INTERFACES\PROGRAMMING FOR COMPUTER INTERFACES\Assignment 2\Lib_MCU\Debug\libLib_MCU.a(lpc17xx_clkpwr.o)
                              C:\Users\thyagesh93\Documents\NUS\IVLEDrive\EE2024 PROGRAMMING FOR COMPUTER INTERFACES\PROGRAMMING FOR COMPUTER INTERFACES\Assignment 2\Lib_MCU\Debug\libLib_MCU.a(lpc17xx_i2c.o) (CLKPWR_SetPCLKDiv)
c:/nxp/lpcxpresso_3.6.3_317/tools/bin/../lib/gcc/arm-none-eabi/4.3.3/thumb2\libgcc.a(_arm_addsubdf3.o)
                              ./src/main.o (__aeabi_i2d)
c:/nxp/lpcxpresso_3.6.3_317/tools/bin/../lib/gcc/arm-none-eabi/4.3.3/thumb2\libgcc.a(_arm_muldivdf3.o)
                              ./src/main.o (__aeabi_dmul)
c:/nxp/lpcxpresso_3.6.3_317/tools/bin/../lib/gcc/arm-none-eabi/4.3.3/thumb2\libgcc.a(_arm_truncdfsf2.o)
                              ./src/main.o (__aeabi_d2f)
c:/nxp/lpcxpresso_3.6.3_317/tools/bin/../lib/gcc/arm-none-eabi/4.3.3/thumb2\libgcc.a(_arm_addsubsf3.o)
                              ./src/main.o (__aeabi_i2f)
c:/nxp/lpcxpresso_3.6.3_317/tools/bin/../lib/gcc/arm-none-eabi/4.3.3/thumb2\libgcc.a(_arm_cmpsf2.o)
                              ./src/main.o (__aeabi_fcmplt)
c:/nxp/lpcxpresso_3.6.3_317/tools/bin/../lib/gcc/arm-none-eabi/4.3.3/thumb2\libgcc.a(_aeabi_uldivmod.o)
[...]
Memory Configuration

Name             Origin             Length             Attributes
MFlash512        0x00000000         0x00020000         xr
RamLoc32         0x10000000         0x00008000         xrw
RamAHB32         0x2007c000         0x00008000         xrw
CANAccFilterRAM  0x40038000         0x00000800         xrw
*default*        0x00000000         0xffffffff

Linker script and memory map

LOAD ./src/cr_startup_lpc17.o
LOAD ./src/main.o
LOAD C:\Users\thyagesh93\Documents\NUS\IVLEDrive\EE2024 PROGRAMMING FOR COMPUTER INTERFACES\PROGRAMMING FOR COMPUTER INTERFACES\Assignment 2\Lib_CMSISv1p30_LPC17xx\Debug\libCMSISv1p30_LPC17xx.a
LOAD C:\Users\thyagesh93\Documents\NUS\IVLEDrive\EE2024 PROGRAMMING FOR COMPUTER INTERFACES\PROGRAMMING FOR COMPUTER INTERFACES\Assignment 2\Lib_EaBaseBoard\Debug\libLib_EaBaseBoard.a
LOAD C:\Users\thyagesh93\Documents\NUS\IVLEDrive\EE2024 PROGRAMMING FOR COMPUTER INTERFACES\PROGRAMMING FOR COMPUTER INTERFACES\Assignment 2\Lib_MCU\Debug\libLib_MCU.a
START GROUP
LOAD c:/nxp/lpcxpresso_3.6.3_317/tools/bin/../lib/gcc/arm-none-eabi/4.3.3/thumb2\libgcc.a
LOAD c:/nxp/lpcxpresso_3.6.3_317/tools/bin/../lib/gcc/arm-none-eabi/4.3.3/../../../../arm-none-eabi/lib/thumb2\libc.a
LOAD c:/nxp/lpcxpresso_3.6.3_317/tools/bin/../lib/gcc/arm-none-eabi/4.3.3/../../../../arm-none-eabi/lib/thumb2\libm.a
LOAD c:/nxp/lpcxpresso_3.6.3_317/tools/bin/../lib/gcc/arm-none-eabi/4.3.3/../../../../arm-none-eabi/lib/thumb2\libcr_newlib_semihost.a
END GROUP
                0x00080000                __top_MFlash512 = 0x80000
                0x10008000                __top_RamLoc32 = 0x10008000
                0x20084000                __top_RamAHB32 = 0x20084000
                0x40038800                __top_CANAccFilterRAM = 0x40038800

.text           0x00000000     0xc93c
 FILL mask 0xff
 *(.isr_vector)
 .isr_vector    0x00000000       0xcc ./src/cr_startup_lpc17.o
                0x00000000                g_pfnVectors
                0x000000cc                . = ALIGN (0x4)
                0x000000cc                __section_table_start = .
                0x000000cc                __data_section_table = .
                0x000000cc        0x4 LONG 0xc944 LOADADDR (.data)
                0x000000d0        0x4 LONG 0x10000000 ADDR (.data)
                0x000000d4        0x4 LONG 0x590 SIZEOF (.data)
                0x000000d8        0x4 LONG 0xc944 LOADADDR (.data_RAM2)
                0x000000dc        0x4 LONG 0x2007c000 ADDR (.data_RAM2)
                0x000000e0        0x4 LONG 0x0 SIZEOF (.data_RAM2)
                0x000000e4        0x4 LONG 0xc944 LOADADDR (.data_RAM3)
                0x000000e8        0x4 LONG 0x40038000 ADDR (.data_RAM3)
                0x000000ec        0x4 LONG 0x0 SIZEOF (.data_RAM3)
                0x000000f0                __data_section_table_end = .
                0x000000f0                __bss_section_table = .
                0x000000f0        0x4 LONG 0x10000590 ADDR (.bss)
                0x000000f4        0x4 LONG 0x46c SIZEOF (.bss)
                0x000000f8        0x4 LONG 0x2007c000 ADDR (.bss_RAM2)
                0x000000fc        0x4 LONG 0x0 SIZEOF (.bss_RAM2)
                0x00000100        0x4 LONG 0x40038000 ADDR (.bss_RAM3)
                0x00000104        0x4 LONG 0x0 SIZEOF (.bss_RAM3)
                0x00000108                __bss_section_table_end = .
                0x00000108                __section_table_end = .
 *(.after_vectors*)
 *(.text*)
 .text.ResetISR
                0x00000108       0x68 ./src/cr_startup_lpc17.o
                0x00000108                ResetISR
 .text.NMI_Handler
                0x00000170        0x8 ./src/cr_startup_lpc17.o
                0x00000170                NMI_Handler
 .text.HardFault_Handler
                0x00000178        0x8 ./src/cr_startup_lpc17.o
                0x00000178                HardFault_Handler
 .text.MemManage_Handler
                0x00000180        0x8 ./src/cr_startup_lpc17.o
                0x00000180                MemManage_Handler
 .text.BusFault_Handler
                0x00000188        0x8 ./src/cr_startup_lpc17.o
                0x00000188                BusFault_Handler
 .text.UsageFault_Handler
                0x00000190        0x8 ./src/cr_startup_lpc17.o
                0x00000190                UsageFault_Handler
 .text.SVCall_Handler
                0x00000198        0x8 ./src/cr_startup_lpc17.o
                0x00000198                SVCall_Handler
 .text.DebugMon_Handler
                0x000001a0        0x8 ./src/cr_startup_lpc17.o
                0x000001a0                DebugMon_Handler
 .text.PendSV_Handler
                0x000001a8        0x8 ./src/cr_startup_lpc17.o
                0x000001a8                PendSV_Handler
 .text.IntDefaultHandler
                0x000001b0        0x8 ./src/cr_startup_lpc17.o
                0x000001b0                RIT_IRQHandler
                0x000001b0                I2C0_IRQHandler
                0x000001b0                USBActivity_IRQHandler
                0x000001b0                PWM1_IRQHandler
                0x000001b0                I2C1_IRQHandler
                0x000001b0                EINT2_IRQHandler
                0x000001b0                UART1_IRQHandler
                0x000001b0                CANActivity_IRQHandler
                0x000001b0                TIMER3_IRQHandler
                0x000001b0                UART0_IRQHandler
                0x000001b0                IntDefaultHandler
                0x000001b0                PLL0_IRQHandler
                0x000001b0                CAN_IRQHandler
                0x000001b0                PLL1_IRQHandler
                0x000001b0                SSP0_IRQHandler
                0x000001b0                I2S_IRQHandler
                0x000001b0                I2C2_IRQHandler
                0x000001b0                RTC_IRQHandler
                0x000001b0                TIMER0_IRQHandler
                0x000001b0                SPI_IRQHandler
                0x000001b0                EINT1_IRQHandler
                0x000001b0                UART2_IRQHandler
                0x000001b0                ADC_IRQHandler
                0x000001b0                SSP1_IRQHandler
                0x000001b0                USB_IRQHandler
                0x000001b0                BOD_IRQHandler
                0x000001b0                WDT_IRQHandler
                0x000001b0                QEI_IRQHandler
                0x000001b0                DMA_IRQHandler
                0x000001b0                MCPWM_IRQHandler
                0x000001b0                ENET_IRQHandler
 .text.initAllPeripherals
                0x000001b8       0x8c ./src/main.o
                0x000001b8                initAllPeripherals
 .text.NVIC_ClearPendingIRQ
                0x00000244       0x3c ./src/main.o
 .text.NVIC_EnableIRQ
                0x00000280       0x38 ./src/main.o
 .text.init_ssp
                0x000002b8       0xa0 ./src/main.o
 .text.init_i2c
                0x00000358       0x60 ./src/main.o
 .text.init_GPIO
                0x000003b8      0x118 ./src/main.o
 .text.init_buzzer
                0x000004d0       0x8c ./src/main.o
                0x000004d0                init_buzzer
 .text.init_UART
                0x0000055c       0x48 ./src/main.o
 .text.NVIC_SetPriority
                0x000005a4       0x5c ./src/main.o
 .text.SysTick_Handler
                0x00000600      0x250 ./src/main.o
                0x00000600                SysTick_Handler
 .text.EINT0_IRQHandler
                0x00000850       0x34 ./src/main.o
                0x00000850                EINT0_IRQHandler
 .text.EINT3_IRQHandler
                0x00000884      0x218 ./src/main.o
                0x00000884                EINT3_IRQHandler
 .text.TIMER2_IRQHandler
                0x00000a9c       0x30 ./src/main.o
                0x00000a9c                TIMER2_IRQHandler
 .text.TIMER1_IRQHandler
                0x00000acc       0x74 ./src/main.o
                0x00000acc                TIMER1_IRQHandler
 .text.UART3_IRQHandler
                0x00000b40       0x30 ./src/main.o
                0x00000b40                UART3_IRQHandler
 .text.oneSecondHandler
                0x00000b70       0x38 ./src/main.o
                0x00000b70                oneSecondHandler
 .text.getMsTicks
                0x00000ba8       0x18 ./src/main.o
                0x00000ba8                getMsTicks
 .text.updateAccReading
                0x00000bc0       0xa4 ./src/main.o
                0x00000bc0                updateAccReading
 .text.updateFreqCounter
                0x00000c64      0x358 ./src/main.o
                0x00000c64                updateFreqCounter
 .text.decrementCount
                0x00000fbc       0x78 ./src/main.o
                0x00000fbc                decrementCount
 .text.toStringInt
                0x00001034       0x24 ./src/main.o
                0x00001034                toStringInt
 .text.rgb_setLeds_OledHack
                0x00001058       0x20 ./src/main.o
                0x00001058                rgb_setLeds_OledHack
 .text.main     0x00001078       0xf0 ./src/main.o
                0x00001078                main
 .text.SysTick_Config
                0x00001168       0x68 ./src/main.o
 .text.check_failed
                0x000011d0        0xc ./src/main.o
                0x000011d0                check_failed
 .text.SystemInit
                0x000011dc      0x224 C:\Users\thyagesh93\Documents\NUS\IVLEDrive\EE2024 PROGRAMMING FOR COMPUTER INTERFACES\PROGRAMMING FOR COMPUTER INTERFACES\Assignment 2\Lib_CMSISv1p30_LPC17xx\Debug\libCMSISv1p30_LPC17xx.a(system_LPC17xx.o)
                0x000011dc                SystemInit
 .text.I2CRead  0x00001400       0x64 C:\Users\thyagesh93\Documents\NUS\IVLEDrive\EE2024 PROGRAMMING FOR COMPUTER INTERFACES\PROGRAMMING FOR COMPUTER INTERFACES\Assignment 2\Lib_EaBaseBoard\Debug\libLib_EaBaseBoard.a(acc.o)
 .text.I2CWrite
                0x00001464       0x64 C:\Users\thyagesh93\Documents\NUS\IVLEDrive\EE2024 PROGRAMMING FOR COMPUTER INTERFACES\PROGRAMMING FOR COMPUTER INTERFACES\Assignment 2\Lib_EaBaseBoard\Debug\libLib_EaBaseBoard.a(acc.o)
 .text.getStatus
                0x000014c8       0x3c C:\Users\thyagesh93\Documents\NUS\IVLEDrive\EE2024 PROGRAMMING FOR COMPUTER INTERFACES\PROGRAMMING FOR COMPUTER INTERFACES\Assignment 2\Lib_EaBaseBoard\Debug\libLib_EaBaseBoard.a(acc.o)
 .text.setModeControl
                0x00001504       0x30 C:\Users\thyagesh93\Documents\NUS\IVLEDrive\EE2024 PROGRAMMING FOR COMPUTER INTERFACES\PROGRAMMING FOR COMPUTER INTERFACES\Assignment 2\Lib_EaBaseBoard\Debug\libLib_EaBaseBoard.a(acc.o)
 .text.acc_init
                0x00001534       0x10 C:\Users\thyagesh93\Documents\NUS\IVLEDrive\EE2024 PROGRAMMING FOR COMPUTER INTERFACES\PROGRAMMING FOR COMPUTER INTERFACES\Assignment 2\Lib_EaBaseBoard\Debug\libLib_EaBaseBoard.a(acc.o)
                0x00001534                acc_init
 .text.acc_read
                0x00001544       0xb4 C:\Users\thyagesh93\Documents\NUS\IVLEDrive\EE2024 PROGRAMMING FOR COMPUTER INTERFACES\PROGRAMMING FOR COMPUTER INTERFACES\Assignment 2\Lib_EaBaseBoard\Debug\libLib_EaBaseBoard.a(acc.o)
                0x00001544                acc_read
 .text.led7seg_init
                0x000015f8       0x24 C:\Users\thyagesh93\Documents\NUS\IVLEDrive\EE2024 PROGRAMMING FOR COMPUTER INTERFACES\PROGRAMMING FOR COMPUTER INTERFACES\Assignment 2\Lib_EaBaseBoard\Debug\libLib_EaBaseBoard.a(led7seg.o)
                0x000015f8                led7seg_init
 .text.led7seg_setChar
                0x0000161c       0x88 C:\Users\thyagesh93\Documents\NUS\IVLEDrive\EE2024 PROGRAMMING FOR COMPUTER INTERFACES\PROGRAMMING FOR COMPUTER INTERFACES\Assignment 2\Lib_EaBaseBoard\Debug\libLib_EaBaseBoard.a(led7seg.o)
                0x0000161c                led7seg_setChar
 .text.I2CRead  0x000016a4       0x64 C:\Users\thyagesh93\Documents\NUS\IVLEDrive\EE2024 PROGRAMMING FOR COMPUTER INTERFACES\PROGRAMMING FOR COMPUTER INTERFACES\Assignment 2\Lib_EaBaseBoard\Debug\libLib_EaBaseBoard.a(light.o)
 .text.I2CWrite
                0x00001708       0x64 C:\Users\thyagesh93\Documents\NUS\IVLEDrive\EE2024 PROGRAMMING FOR COMPUTER INTERFACES\PROGRAMMING FOR COMPUTER INTERFACES\Assignment 2\Lib_EaBaseBoard\Debug\libLib_EaBaseBoard.a(light.o)
 .text.readControlReg
                0x0000176c       0x3c C:\Users\thyagesh93\Documents\NUS\IVLEDrive\EE2024 PROGRAMMING FOR COMPUTER INTERFACES\PROGRAMMING FOR COMPUTER INTERFACES\Assignment 2\Lib_EaBaseBoard\Debug\libLib_EaBaseBoard.a(light.o)
 .text.light_init
                0x000017a8        0xc C:\Users\thyagesh93\Documents\NUS\IVLEDrive\EE2024 PROGRAMMING FOR COMPUTER INTERFACES\PROGRAMMING FOR COMPUTER INTERFACES\Assignment 2\Lib_EaBaseBoard\Debug\libLib_EaBaseBoard.a(light.o)
                0x000017a8                light_init
 .text.light_enable
                0x000017b4       0x48 C:\Users\thyagesh93\Documents\NUS\IVLEDrive\EE2024 PROGRAMMING FOR COMPUTER INTERFACES\PROGRAMMING FOR COMPUTER INTERFACES\Assignment 2\Lib_EaBaseBoard\Debug\libLib_EaBaseBoard.a(light.o)
                0x000017b4                light_enable
 .text.light_setRange
                0x000017fc       0xb0 C:\Users\thyagesh93\Documents\NUS\IVLEDrive\EE2024 PROGRAMMING FOR COMPUTER INTERFACES\PROGRAMMING FOR COMPUTER INTERFACES\Assignment 2\Lib_EaBaseBoard\Debug\libLib_EaBaseBoard.a(light.o)
                0x000017fc                light_setRange
 .text.light_setHiThreshold
                0x000018ac       0x58 C:\Users\thyagesh93\Documents\NUS\IVLEDrive\EE2024 PROGRAMMING FOR COMPUTER INTERFACES\PROGRAMMING FOR COMPUTER INTERFACES\Assignment 2\Lib_EaBaseBoard\Debug\libLib_EaBaseBoard.a(light.o)
                0x000018ac                light_setHiThreshold
 .text.light_setLoThreshold
                0x00001904       0x58 C:\Users\thyagesh93\Documents\NUS\IVLEDrive\EE2024 PROGRAMMING FOR COMPUTER INTERFACES\PROGRAMMING FOR COMPUTER INTERFACES\Assignment 2\Lib_EaBaseBoard\Debug\libLib_EaBaseBoard.a(light.o)
                0x00001904                light_setLoThreshold
 .text.light_clearIrqStatus
                0x0000195c       0x3c C:\Users\thyagesh93\Documents\NUS\IVLEDrive\EE2024 PROGRAMMING FOR COMPUTER INTERFACES\PROGRAMMING FOR COMPUTER INTERFACES\Assignment 2\Lib_EaBaseBoard\Debug\libLib_EaBaseBoard.a(light.o)
                0x0000195c                light_clearIrqStatus
 .text.writeCommand
                0x00001998       0x60 C:\Users\thyagesh93\Documents\NUS\IVLEDrive\EE2024 PROGRAMMING FOR COMPUTER INTERFACES\PROGRAMMING FOR COMPUTER INTERFACES\Assignment 2\Lib_EaBaseBoard\Debug\libLib_EaBaseBoard.a(oled.o)
 .text.writeDataLen
                0x000019f8       0x90 C:\Users\thyagesh93\Documents\NUS\IVLEDrive\EE2024 PROGRAMMING FOR COMPUTER INTERFACES\PROGRAMMING FOR COMPUTER INTERFACES\Assignment 2\Lib_EaBaseBoard\Debug\libLib_EaBaseBoard.a(oled.o)
 .text.runInitSequence
                0x00001a88      0x118 C:\Users\thyagesh93\Documents\NUS\IVLEDrive\EE2024 PROGRAMMING FOR COMPUTER INTERFACES\PROGRAMMING FOR COMPUTER INTERFACES\Assignment 2\Lib_EaBaseBoard\Debug\libLib_EaBaseBoard.a(oled.o)
 .text.oled_init
                0x00001ba0       0x9c C:\Users\thyagesh93\Documents\NUS\IVLEDrive\EE2024 PROGRAMMING FOR COMPUTER INTERFACES\PROGRAMMING FOR COMPUTER INTERFACES\Assignment 2\Lib_EaBaseBoard\Debug\libLib_EaBaseBoard.a(oled.o)
                0x00001ba0                oled_init
 .text.oled_clearScreen
                0x00001c3c       0x74 C:\Users\thyagesh93\Documents\NUS\IVLEDrive\EE2024 PROGRAMMING FOR COMPUTER INTERFACES\PROGRAMMING FOR COMPUTER INTERFACES\Assignment 2\Lib_EaBaseBoard\Debug\libLib_EaBaseBoard.a(oled.o)
                0x00001c3c                oled_clearScreen
 .text.I2CWrite
                0x00001cb0       0x64 C:\Users\thyagesh93\Documents\NUS\IVLEDrive\EE2024 PROGRAMMING FOR COMPUTER INTERFACES\PROGRAMMING FOR COMPUTER INTERFACES\Assignment 2\Lib_EaBaseBoard\Debug\libLib_EaBaseBoard.a(pca9532.o)
 .text.setLsStates
                0x00001d14       0xd0 C:\Users\thyagesh93\Documents\NUS\IVLEDrive\EE2024 PROGRAMMING FOR COMPUTER INTERFACES\PROGRAMMING FOR COMPUTER INTERFACES\Assignment 2\Lib_EaBaseBoard\Debug\libLib_EaBaseBoard.a(pca9532.o)
 .text.setLeds  0x00001de4       0xa4 C:\Users\thyagesh93\Documents\NUS\IVLEDrive\EE2024 PROGRAMMING FOR COMPUTER INTERFACES\PROGRAMMING FOR COMPUTER INTERFACES\Assignment 2\Lib_EaBaseBoard\Debug\libLib_EaBaseBoard.a(pca9532.o)
 .text.pca9532_init
                0x00001e88        0xc C:\Users\thyagesh93\Documents\NUS\IVLEDrive\EE2024 PROGRAMMING FOR COMPUTER INTERFACES\PROGRAMMING FOR COMPUTER INTERFACES\Assignment 2\Lib_EaBaseBoard\Debug\libLib_EaBaseBoard.a(pca9532.o)
                0x00001e88                pca9532_init
 .text.pca9532_setLeds
                0x00001e94       0xa4 C:\Users\thyagesh93\Documents\NUS\IVLEDrive\EE2024 PROGRAMMING FOR COMPUTER INTERFACES\PROGRAMMING FOR COMPUTER INTERFACES\Assignment 2\Lib_EaBaseBoard\Debug\libLib_EaBaseBoard.a(pca9532.o)
                0x00001e94                pca9532_setLeds
 .text.rgb_init
                0x00001f38       0x38 C:\Users\thyagesh93\Documents\NUS\IVLEDrive\EE2024 PROGRAMMING FOR COMPUTER INTERFACES\PROGRAMMING FOR COMPUTER INTERFACES\Assignment 2\Lib_EaBaseBoard\Debug\libLib_EaBaseBoard.a(rgb.o)
                0x00001f38                rgb_init
 .text.rgb_setLeds
                0x00001f70       0x80 C:\Users\thyagesh93\Documents\NUS\IVLEDrive\EE2024 PROGRAMMING FOR COMPUTER INTERFACES\PROGRAMMING FOR COMPUTER INTERFACES\Assignment 2\Lib_EaBaseBoard\Debug\libLib_EaBaseBoard.a(rgb.o)
                0x00001f70                rgb_setLeds
 .text.GPIO_GetPointer
                0x00001ff0       0x78 C:\Users\thyagesh93\Documents\NUS\IVLEDrive\EE2024 PROGRAMMING FOR COMPUTER INTERFACES\PROGRAMMING FOR COMPUTER INTERFACES\Assignment 2\Lib_MCU\Debug\libLib_MCU.a(lpc17xx_gpio.o)
 .text.GPIO_SetDir
                0x00002068       0x54 C:\Users\thyagesh93\Documents\NUS\IVLEDrive\EE2024 PROGRAMMING FOR COMPUTER INTERFACES\PROGRAMMING FOR COMPUTER INTERFACES\Assignment 2\Lib_MCU\Debug\libLib_MCU.a(lpc17xx_gpio.o)
                0x00002068                GPIO_SetDir
 .text.GPIO_SetValue
                0x000020bc       0x2c C:\Users\thyagesh93\Documents\NUS\IVLEDrive\EE2024 PROGRAMMING FOR COMPUTER INTERFACES\PROGRAMMING FOR COMPUTER INTERFACES\Assignment 2\Lib_MCU\Debug\libLib_MCU.a(lpc17xx_gpio.o)
                0x000020bc                GPIO_SetValue
 .text.GPIO_ClearValue
                0x000020e8       0x2c C:\Users\thyagesh93\Documents\NUS\IVLEDrive\EE2024 PROGRAMMING FOR COMPUTER INTERFACES\PROGRAMMING FOR COMPUTER INTERFACES\Assignment 2\Lib_MCU\Debug\libLib_MCU.a(lpc17xx_gpio.o)
                0x000020e8                GPIO_ClearValue
 .text.I2C_getNum
                0x00002114       0x60 C:\Users\thyagesh93\Documents\NUS\IVLEDrive\EE2024 PROGRAMMING FOR COMPUTER INTERFACES\PROGRAMMING FOR COMPUTER INTERFACES\Assignment 2\Lib_MCU\Debug\libLib_MCU.a(lpc17xx_i2c.o)
 .text.I2C_Start
                0x00002174       0x40 C:\Users\thyagesh93\Documents\NUS\IVLEDrive\EE2024 PROGRAMMING FOR COMPUTER INTERFACES\PROGRAMMING FOR COMPUTER INTERFACES\Assignment 2\Lib_MCU\Debug\libLib_MCU.a(lpc17xx_i2c.o)
 .text.I2C_Stop
                0x000021b4       0x38 C:\Users\thyagesh93\Documents\NUS\IVLEDrive\EE2024 PROGRAMMING FOR COMPUTER INTERFACES\PROGRAMMING FOR COMPUTER INTERFACES\Assignment 2\Lib_MCU\Debug\libLib_MCU.a(lpc17xx_i2c.o)
 .text.I2C_SendByte
                0x000021ec       0x50 C:\Users\thyagesh93\Documents\NUS\IVLEDrive\EE2024 PROGRAMMING FOR COMPUTER INTERFACES\PROGRAMMING FOR COMPUTER INTERFACES\Assignment 2\Lib_MCU\Debug\libLib_MCU.a(lpc17xx_i2c.o)
 .text.I2C_GetByte
                0x0000223c       0x58 C:\Users\thyagesh93\Documents\NUS\IVLEDrive\EE2024 PROGRAMMING FOR COMPUTER INTERFACES\PROGRAMMING FOR COMPUTER INTERFACES\Assignment 2\Lib_MCU\Debug\libLib_MCU.a(lpc17xx_i2c.o)
 .text.I2C_IntCmd
                0x00002294       0xa8 C:\Users\thyagesh93\Documents\NUS\IVLEDrive\EE2024 PROGRAMMING FOR COMPUTER INTERFACES\PROGRAMMING FOR COMPUTER INTERFACES\Assignment 2\Lib_MCU\Debug\libLib_MCU.a(lpc17xx_i2c.o)
                0x00002294                I2C_IntCmd
 .text.NVIC_EnableIRQ
                0x0000233c       0x38 C:\Users\thyagesh93\Documents\NUS\IVLEDrive\EE2024 PROGRAMMING FOR COMPUTER INTERFACES\PROGRAMMING FOR COMPUTER INTERFACES\Assignment 2\Lib_MCU\Debug\libLib_MCU.a(lpc17xx_i2c.o)
 .text.NVIC_DisableIRQ
                0x00002374       0x3c C:\Users\thyagesh93\Documents\NUS\IVLEDrive\EE2024 PROGRAMMING FOR COMPUTER INTERFACES\PROGRAMMING FOR COMPUTER INTERFACES\Assignment 2\Lib_MCU\Debug\libLib_MCU.a(lpc17xx_i2c.o)
 .text.I2C_MasterHandler
                0x000023b0      0x410 C:\Users\thyagesh93\Documents\NUS\IVLEDrive\EE2024 PROGRAMMING FOR COMPUTER INTERFACES\PROGRAMMING FOR COMPUTER INTERFACES\Assignment 2\Lib_MCU\Debug\libLib_MCU.a(lpc17xx_i2c.o)
                0x000023b0                I2C_MasterHandler
 .text.I2C_SetClock
                0x000027c0       0xc8 C:\Users\thyagesh93\Documents\NUS\IVLEDrive\EE2024 PROGRAMMING FOR COMPUTER INTERFACES\PROGRAMMING FOR COMPUTER INTERFACES\Assignment 2\Lib_MCU\Debug\libLib_MCU.a(lpc17xx_i2c.o)
                0x000027c0                I2C_SetClock
 .text.I2C_Init
                0x00002888       0xd4 C:\Users\thyagesh93\Documents\NUS\IVLEDrive\EE2024 PROGRAMMING FOR COMPUTER INTERFACES\PROGRAMMING FOR COMPUTER INTERFACES\Assignment 2\Lib_MCU\Debug\libLib_MCU.a(lpc17xx_i2c.o)
                0x00002888                I2C_Init
 .text.I2C_Cmd  0x0000295c       0x84 C:\Users\thyagesh93\Documents\NUS\IVLEDrive\EE2024 PROGRAMMING FOR COMPUTER INTERFACES\PROGRAMMING FOR COMPUTER INTERFACES\Assignment 2\Lib_MCU\Debug\libLib_MCU.a(lpc17xx_i2c.o)
                0x0000295c                I2C_Cmd
 .text.I2C_MasterTransferData
                0x000029e0      0x374 C:\Users\thyagesh93\Documents\NUS\IVLEDrive\EE2024 PROGRAMMING FOR COMPUTER INTERFACES\PROGRAMMING FOR COMPUTER INTERFACES\Assignment 2\Lib_MCU\Debug\libLib_MCU.a(lpc17xx_i2c.o)
                0x000029e0                I2C_MasterTransferData
 .text.PINSEL_SetPinFunc
                0x00002d54       0xa4 C:\Users\thyagesh93\Documents\NUS\IVLEDrive\EE2024 PROGRAMMING FOR COMPUTER INTERFACES\PROGRAMMING FOR COMPUTER INTERFACES\Assignment 2\Lib_MCU\Debug\libLib_MCU.a(lpc17xx_pinsel.o)
                0x00002d54                PINSEL_SetPinFunc
 .text.PINSEL_SetResistorMode
                0x00002df8       0xa4 C:\Users\thyagesh93\Documents\NUS\IVLEDrive\EE2024 PROGRAMMING FOR COMPUTER INTERFACES\PROGRAMMING FOR COMPUTER INTERFACES\Assignment 2\Lib_MCU\Debug\libLib_MCU.a(lpc17xx_pinsel.o)
                0x00002df8                PINSEL_SetResistorMode
 .text.PINSEL_SetOpenDrainMode
                0x00002e9c       0x84 C:\Users\thyagesh93\Documents\NUS\IVLEDrive\EE2024 PROGRAMMING FOR COMPUTER INTERFACES\PROGRAMMING FOR COMPUTER INTERFACES\Assignment 2\Lib_MCU\Debug\libLib_MCU.a(lpc17xx_pinsel.o)
                0x00002e9c                PINSEL_SetOpenDrainMode
 .text.PINSEL_ConfigPin
                0x00002f20       0x4c C:\Users\thyagesh93\Documents\NUS\IVLEDrive\EE2024 PROGRAMMING FOR COMPUTER INTERFACES\PROGRAMMING FOR COMPUTER INTERFACES\Assignment 2\Lib_MCU\Debug\libLib_MCU.a(lpc17xx_pinsel.o)
                0x00002f20                PINSEL_ConfigPin
 .text.SSP_getNum
                0x00002f6c       0x48 C:\Users\thyagesh93\Documents\NUS\IVLEDrive\EE2024 PROGRAMMING FOR COMPUTER INTERFACES\PROGRAMMING FOR COMPUTER INTERFACES\Assignment 2\Lib_MCU\Debug\libLib_MCU.a(lpc17xx_ssp.o)
 .text.SSP_IntHandler
                0x00002fb4      0x324 C:\Users\thyagesh93\Documents\NUS\IVLEDrive\EE2024 PROGRAMMING FOR COMPUTER INTERFACES\PROGRAMMING FOR COMPUTER INTERFACES\Assignment 2\Lib_MCU\Debug\libLib_MCU.a(lpc17xx_ssp.o)
                0x00002fb4                SSP_IntHandler
 .text.SSP_SetClock
                0x000032d8       0xf8 C:\Users\thyagesh93\Documents\NUS\IVLEDrive\EE2024 PROGRAMMING FOR COMPUTER INTERFACES\PROGRAMMING FOR COMPUTER INTERFACES\Assignment 2\Lib_MCU\Debug\libLib_MCU.a(lpc17xx_ssp.o)
                0x000032d8                SSP_SetClock
 .text.SSP_Init
                0x000033d0      0x10c C:\Users\thyagesh93\Documents\NUS\IVLEDrive\EE2024 PROGRAMMING FOR COMPUTER INTERFACES\PROGRAMMING FOR COMPUTER INTERFACES\Assignment 2\Lib_MCU\Debug\libLib_MCU.a(lpc17xx_ssp.o)
                0x000033d0                SSP_Init
 .text.SSP_ConfigStructInit
                0x000034dc       0x48 C:\Users\thyagesh93\Documents\NUS\IVLEDrive\EE2024 PROGRAMMING FOR COMPUTER INTERFACES\PROGRAMMING FOR COMPUTER INTERFACES\Assignment 2\Lib_MCU\Debug\libLib_MCU.a(lpc17xx_ssp.o)
                0x000034dc                SSP_ConfigStructInit
 .text.SSP_Cmd  0x00003524       0x7c C:\Users\thyagesh93\Documents\NUS\IVLEDrive\EE2024 PROGRAMMING FOR COMPUTER INTERFACES\PROGRAMMING FOR COMPUTER INTERFACES\Assignment 2\Lib_MCU\Debug\libLib_MCU.a(lpc17xx_ssp.o)
                0x00003524                SSP_Cmd
 .text.SSP_SendData
                0x000035a0       0x48 C:\Users\thyagesh93\Documents\NUS\IVLEDrive\EE2024 PROGRAMMING FOR COMPUTER INTERFACES\PROGRAMMING FOR COMPUTER INTERFACES\Assignment 2\Lib_MCU\Debug\libLib_MCU.a(lpc17xx_ssp.o)
                0x000035a0                SSP_SendData
 .text.SSP_ReceiveData
                0x000035e8       0x44 C:\Users\thyagesh93\Documents\NUS\IVLEDrive\EE2024 PROGRAMMING FOR COMPUTER INTERFACES\PROGRAMMING FOR COMPUTER INTERFACES\Assignment 2\Lib_MCU\Debug\libLib_MCU.a(lpc17xx_ssp.o)
                0x000035e8                SSP_ReceiveData
 .text.SSP_ReadWrite
                0x0000362c      0x448 C:\Users\thyagesh93\Documents\NUS\IVLEDrive\EE2024 PROGRAMMING FOR COMPUTER INTERFACES\PROGRAMMING FOR COMPUTER INTERFACES\Assignment 2\Lib_MCU\Debug\libLib_MCU.a(lpc17xx_ssp.o)
                0x0000362c                SSP_ReadWrite
 .text.TIM_ClearIntPending
                0x00003a74       0xa8 C:\Users\thyagesh93\Documents\NUS\IVLEDrive\EE2024 PROGRAMMING FOR COMPUTER INTERFACES\PROGRAMMING FOR COMPUTER INTERFACES\Assignment 2\Lib_MCU\Debug\libLib_MCU.a(lpc17xx_timer.o)
                0x00003a74                TIM_ClearIntPending
 .text.TIM_ResetCounter
                0x00003b1c       0x70 C:\Users\thyagesh93\Documents\NUS\IVLEDrive\EE2024 PROGRAMMING FOR COMPUTER INTERFACES\PROGRAMMING FOR COMPUTER INTERFACES\Assignment 2\Lib_MCU\Debug\libLib_MCU.a(lpc17xx_timer.o)
                0x00003b1c                TIM_ResetCounter
 .text.uart_set_divisors
                0x00003b8c      0x26c C:\Users\thyagesh93\Documents\NUS\IVLEDrive\EE2024 PROGRAMMING FOR COMPUTER INTERFACES\PROGRAMMING FOR COMPUTER INTERFACES\Assignment 2\Lib_MCU\Debug\libLib_MCU.a(lpc17xx_uart.o)
                0x00003b8c                uart_set_divisors
 .text.UART_Init
                0x00003df8      0x360 C:\Users\thyagesh93\Documents\NUS\IVLEDrive\EE2024 PROGRAMMING FOR COMPUTER INTERFACES\PROGRAMMING FOR COMPUTER INTERFACES\Assignment 2\Lib_MCU\Debug\libLib_MCU.a(lpc17xx_uart.o)
                0x00003df8                UART_Init
 .text.UART_SendData
                0x00004158       0x78 C:\Users\thyagesh93\Documents\NUS\IVLEDrive\EE2024 PROGRAMMING FOR COMPUTER INTERFACES\PROGRAMMING FOR COMPUTER INTERFACES\Assignment 2\Lib_MCU\Debug\libLib_MCU.a(lpc17xx_uart.o)
                0x00004158                UART_SendData
 .text.UART_ReceiveData
                0x000041d0       0x7c C:\Users\thyagesh93\Documents\NUS\IVLEDrive\EE2024 PROGRAMMING FOR COMPUTER INTERFACES\PROGRAMMING FOR COMPUTER INTERFACES\Assignment 2\Lib_MCU\Debug\libLib_MCU.a(lpc17xx_uart.o)
                0x000041d0                UART_ReceiveData
 .text.UART_TxCmd
                0x0000424c       0xf0 C:\Users\thyagesh93\Documents\NUS\IVLEDrive\EE2024 PROGRAMMING FOR COMPUTER INTERFACES\PROGRAMMING FOR COMPUTER INTERFACES\Assignment 2\Lib_MCU\Debug\libLib_MCU.a(lpc17xx_uart.o)
                0x0000424c                UART_TxCmd
 .text.UART_Send
                0x0000433c      0x100 C:\Users\thyagesh93\Documents\NUS\IVLEDrive\EE2024 PROGRAMMING FOR COMPUTER INTERFACES\PROGRAMMING FOR COMPUTER INTERFACES\Assignment 2\Lib_MCU\Debug\libLib_MCU.a(lpc17xx_uart.o)
                0x0000433c                UART_Send
 .text.UART_Receive
                0x0000443c       0xc8 C:\Users\thyagesh93\Documents\NUS\IVLEDrive\EE2024 PROGRAMMING FOR COMPUTER INTERFACES\PROGRAMMING FOR COMPUTER INTERFACES\Assignment 2\Lib_MCU\Debug\libLib_MCU.a(lpc17xx_uart.o)
                0x0000443c                UART_Receive
 .text.CLKPWR_SetPCLKDiv
                0x00004504       0xd0 C:\Users\thyagesh93\Documents\NUS\IVLEDrive\EE2024 PROGRAMMING FOR COMPUTER INTERFACES\PROGRAMMING FOR COMPUTER INTERFACES\Assignment 2\Lib_MCU\Debug\libLib_MCU.a(lpc17xx_clkpwr.o)
                0x00004504                CLKPWR_SetPCLKDiv
 .text.CLKPWR_GetPCLKSEL
                0x000045d4       0x54 C:\Users\thyagesh93\Documents\NUS\IVLEDrive\EE2024 PROGRAMMING FOR COMPUTER INTERFACES\PROGRAMMING FOR COMPUTER INTERFACES\Assignment 2\Lib_MCU\Debug\libLib_MCU.a(lpc17xx_clkpwr.o)
                0x000045d4                CLKPWR_GetPCLKSEL
 .text.CLKPWR_GetPCLK
                0x00004628       0x70 C:\Users\thyagesh93\Documents\NUS\IVLEDrive\EE2024 PROGRAMMING FOR COMPUTER INTERFACES\PROGRAMMING FOR COMPUTER INTERFACES\Assignment 2\Lib_MCU\Debug\libLib_MCU.a(lpc17xx_clkpwr.o)
                0x00004628                CLKPWR_GetPCLK
 .text.CLKPWR_ConfigPPWR
                0x00004698       0x7c C:\Users\thyagesh93\Documents\NUS\IVLEDrive\EE2024 PROGRAMMING FOR COMPUTER INTERFACES\PROGRAMMING FOR COMPUTER INTERFACES\Assignment 2\Lib_MCU\Debug\libLib_MCU.a(lpc17xx_clkpwr.o)
                0x00004698                CLKPWR_ConfigPPWR
 .text          0x00004714      0x370 c:/nxp/lpcxpresso_3.6.3_317/tools/bin/../lib/gcc/arm-none-eabi/4.3.3/thumb2\libgcc.a(_arm_addsubdf3.o)
                0x00004a28                __floatdidf
                0x000049b8                __floatsidf
                0x00004998                __aeabi_ui2d
                0x00004714                __aeabi_drsub
                0x000049dc                __extendsfdf2
                0x00004720                __adddf3
                0x00004998                __floatunsidf
                0x00004720                __aeabi_dadd
                0x00004a18                __aeabi_ul2d
                0x0000471c                __aeabi_dsub
                0x00004a18                __floatundidf
                0x000049b8                __aeabi_i2d
                0x00004a28                __aeabi_l2d
                0x000049dc                __aeabi_f2d
                0x0000471c                __subdf3
 .text          0x00004a84      0x424 c:/nxp/lpcxpresso_3.6.3_317/tools/bin/../lib/gcc/arm-none-eabi/4.3.3/thumb2\libgcc.a(_arm_muldivdf3.o)
                0x00004cd8                __aeabi_ddiv
                0x00004a84                __aeabi_dmul
                0x00004cd8                __divdf3
                0x00004a84                __muldf3
 .text          0x00004ea8       0xa0 c:/nxp/lpcxpresso_3.6.3_317/tools/bin/../lib/gcc/arm-none-eabi/4.3.3/thumb2\libgcc.a(_arm_truncdfsf2.o)
                0x00004ea8                __aeabi_d2f
                0x00004ea8                __truncdfsf2
 .text          0x00004f48      0x21c c:/nxp/lpcxpresso_3.6.3_317/tools/bin/../lib/gcc/arm-none-eabi/4.3.3/thumb2\libgcc.a(_arm_addsubsf3.o)
                0x00004f54                __aeabi_fadd
                0x00004f50                __subsf3
                0x000050bc                __aeabi_i2f
                0x00004f50                __aeabi_fsub
                0x000050e8                __floatdisf
                0x000050bc                __floatsisf
                0x000050d8                __floatundisf
                0x000050b4                __aeabi_ui2f
                0x000050e8                __aeabi_l2f
                0x000050d8                __aeabi_ul2f
                0x00004f48                __aeabi_frsub
                0x000050b4                __floatunsisf
                0x00004f54                __addsf3
 .text          0x00005164       0xec c:/nxp/lpcxpresso_3.6.3_317/tools/bin/../lib/gcc/arm-none-eabi/4.3.3/thumb2\libgcc.a(_arm_cmpsf2.o)
                0x0000523c                __aeabi_fcmpgt
                0x0000516c                __lesf2
                0x00005174                __nesf2
                0x00005228                __aeabi_fcmpge
                0x00005164                __gtsf2
                0x00005214                __aeabi_fcmple
                0x00005174                __eqsf2
                0x00005174                __cmpsf2
                0x0000516c                __ltsf2
                0x000051dc                __aeabi_cfcmple
                0x00005164                __gesf2
                0x000051ec                __aeabi_fcmpeq
                0x000051d4                __aeabi_cfrcmple
                0x00005200                __aeabi_fcmplt
                0x000051dc                __aeabi_cfcmpeq
 .text          0x00005250       0x2c c:/nxp/lpcxpresso_3.6.3_317/tools/bin/../lib/gcc/arm-none-eabi/4.3.3/thumb2\libgcc.a(_aeabi_uldivmod.o)
                0x00005250                __aeabi_uldivmod
 .text          0x0000527c       0x60 c:/nxp/lpcxpresso_3.6.3_317/tools/bin/../lib/gcc/arm-none-eabi/4.3.3/thumb2\libgcc.a(bpabi.o)
                0x0000527c                __gnu_uldivmod_helper
                0x000052ac                __gnu_ldivmod_helper
 .text          0x000052dc        0x4 c:/nxp/lpcxpresso_3.6.3_317/tools/bin/../lib/gcc/arm-none-eabi/4.3.3/thumb2\libgcc.a(_dvmd_tls.o)
                0x000052dc                __aeabi_ldiv0
                0x000052dc                __aeabi_idiv0
 .text          0x000052e0      0x40c c:/nxp/lpcxpresso_3.6.3_317/tools/bin/../lib/gcc/arm-none-eabi/4.3.3/thumb2\libgcc.a(_divdi3.o)
                0x000052e0                __divdi3
 .text          0x000056ec      0x3cc c:/nxp/lpcxpresso_3.6.3_317/tools/bin/../lib/gcc/arm-none-eabi/4.3.3/thumb2\libgcc.a(_udivdi3.o)
                0x000056ec                __udivdi3
 .text          0x00005ab8       0x8c c:/nxp/lpcxpresso_3.6.3_317/tools/bin/../lib/gcc/arm-none-eabi/4.3.3/thumb2\libgcc.a(_udivsi3.o)
                0x00005ab8                __udivsi3
                0x00005ab8                __aeabi_uidiv
                0x00005b30                __aeabi_uidivmod
 .text          0x00005b44      0x12c c:/nxp/lpcxpresso_3.6.3_317/tools/bin/../lib/gcc/arm-none-eabi/4.3.3/../../../../arm-none-eabi/lib/thumb2\libc.a(lib_a-memcpy.o)
                0x00005b44                memcpy
 .text          0x00005c70       0xb0 c:/nxp/lpcxpresso_3.6.3_317/tools/bin/../lib/gcc/arm-none-eabi/4.3.3/../../../../arm-none-eabi/lib/thumb2\libc.a(lib_a-memset.o)
                0x00005c70                memset
 .text          0x00005d20       0x60 c:/nxp/lpcxpresso_3.6.3_317/tools/bin/../lib/gcc/arm-none-eabi/4.3.3/../../../../arm-none-eabi/lib/thumb2\libc.a(lib_a-printf.o)
                0x00005d20                printf
                0x00005d54                _printf_r
 .text          0x00005d80       0x8c c:/nxp/lpcxpresso_3.6.3_317/tools/bin/../lib/gcc/arm-none-eabi/4.3.3/../../../../arm-none-eabi/lib/thumb2\libc.a(lib_a-sprintf.o)
                0x00005dcc                _sprintf_r
                0x00005d80                sprintf
 .text          0x00005e0c       0x60 c:/nxp/lpcxpresso_3.6.3_317/tools/bin/../lib/gcc/arm-none-eabi/4.3.3/../../../../arm-none-eabi/lib/thumb2\libc.a(lib_a-strlen.o)
                0x00005e0c                strlen
 .text          0x00005e6c     0x1488 c:/nxp/lpcxpresso_3.6.3_317/tools/bin/../lib/gcc/arm-none-eabi/4.3.3/../../../../arm-none-eabi/lib/thumb2\libc.a(lib_a-svfprintf.o)
                0x00005f68                _svfprintf_r
 .text          0x000072f4     0x1724 c:/nxp/lpcxpresso_3.6.3_317/tools/bin/../lib/gcc/arm-none-eabi/4.3.3/../../../../arm-none-eabi/lib/thumb2\libc.a(lib_a-vfprintf.o)
                0x00007310                _vfprintf_r
                0x000089fc                vfprintf
 .text          0x00008a18      0x100 c:/nxp/lpcxpresso_3.6.3_317/tools/bin/../lib/gcc/arm-none-eabi/4.3.3/../../../../arm-none-eabi/lib/thumb2\libc.a(lib_a-wsetup.o)
                0x00008a18                __swsetup_r
 .text          0x00008b18      0xf88 c:/nxp/lpcxpresso_3.6.3_317/tools/bin/../lib/gcc/arm-none-eabi/4.3.3/../../../../arm-none-eabi/lib/thumb2\libc.a(lib_a-dtoa.o)
                0x00008c48                _dtoa_r
 .text          0x00009aa0      0x178 c:/nxp/lpcxpresso_3.6.3_317/tools/bin/../lib/gcc/arm-none-eabi/4.3.3/../../../../arm-none-eabi/lib/thumb2\libc.a(lib_a-fflush.o)
                0x00009be8                fflush
                0x00009aa0                _fflush_r
 .text          0x00009c18      0x1e8 c:/nxp/lpcxpresso_3.6.3_317/tools/bin/../lib/gcc/arm-none-eabi/4.3.3/../../../../arm-none-eabi/lib/thumb2\libc.a(lib_a-findfp.o)
                0x00009da0                __sinit
                0x00009ce4                __sfmoreglue
                0x00009c78                _cleanup
                0x00009c68                _cleanup_r
                0x00009c4c                __fp_lock_all
                0x00009c18                __sfp_lock_acquire
                0x00009d10                __sfp
                0x00009c24                __sinit_lock_release
                0x00009c30                __fp_unlock_all
                0x00009c1c                __sfp_lock_release
                0x00009c20                __sinit_lock_acquire
 .text          0x00009e00      0x238 c:/nxp/lpcxpresso_3.6.3_317/tools/bin/../lib/gcc/arm-none-eabi/4.3.3/../../../../arm-none-eabi/lib/thumb2\libc.a(lib_a-freer.o)
                0x00009eac                _free_r
                0x00009e00                _malloc_trim_r
 .text          0x0000a038      0x2e8 c:/nxp/lpcxpresso_3.6.3_317/tools/bin/../lib/gcc/arm-none-eabi/4.3.3/../../../../arm-none-eabi/lib/thumb2\libc.a(lib_a-fvwrite.o)
                0x0000a038                __sfvwrite_r
 .text          0x0000a320       0xb0 c:/nxp/lpcxpresso_3.6.3_317/tools/bin/../lib/gcc/arm-none-eabi/4.3.3/../../../../arm-none-eabi/lib/thumb2\libc.a(lib_a-fwalk.o)
                0x0000a378                _fwalk
                0x0000a320                _fwalk_reent
 .text          0x0000a3d0       0x74 c:/nxp/lpcxpresso_3.6.3_317/tools/bin/../lib/gcc/arm-none-eabi/4.3.3/../../../../arm-none-eabi/lib/thumb2\libc.a(lib_a-locale.o)
                0x0000a3ec                _setlocale_r
                0x0000a3d0                __locale_charset
                0x0000a3dc                _localeconv_r
                0x0000a42c                setlocale
                0x0000a3e4                localeconv
 .text          0x0000a444       0xe0 c:/nxp/lpcxpresso_3.6.3_317/tools/bin/../lib/gcc/arm-none-eabi/4.3.3/../../../../arm-none-eabi/lib/thumb2\libc.a(lib_a-makebuf.o)
                0x0000a444                __smakebuf_r
 .text          0x0000a524       0x28 c:/nxp/lpcxpresso_3.6.3_317/tools/bin/../lib/gcc/arm-none-eabi/4.3.3/../../../../arm-none-eabi/lib/thumb2\libc.a(lib_a-malloc.o)
                0x0000a538                malloc
                0x0000a524                free
 .text          0x0000a54c      0x530 c:/nxp/lpcxpresso_3.6.3_317/tools/bin/../lib/gcc/arm-none-eabi/4.3.3/../../../../arm-none-eabi/lib/thumb2\libc.a(lib_a-mallocr.o)
                0x0000a54c                _malloc_r
 .text          0x0000aa7c       0x7c c:/nxp/lpcxpresso_3.6.3_317/tools/bin/../lib/gcc/arm-none-eabi/4.3.3/../../../../arm-none-eabi/lib/thumb2\libc.a(lib_a-memchr.o)
                0x0000aa7c                memchr
 .text          0x0000aaf8       0xc0 c:/nxp/lpcxpresso_3.6.3_317/tools/bin/../lib/gcc/arm-none-eabi/4.3.3/../../../../arm-none-eabi/lib/thumb2\libc.a(lib_a-memmove.o)
                0x0000aaf8                memmove
 .text          0x0000abb8        0x8 c:/nxp/lpcxpresso_3.6.3_317/tools/bin/../lib/gcc/arm-none-eabi/4.3.3/../../../../arm-none-eabi/lib/thumb2\libc.a(lib_a-mlock.o)
                0x0000abbc                __malloc_unlock
                0x0000abb8                __malloc_lock
 .text          0x0000abc0      0x92c c:/nxp/lpcxpresso_3.6.3_317/tools/bin/../lib/gcc/arm-none-eabi/4.3.3/../../../../arm-none-eabi/lib/thumb2\libc.a(lib_a-mprec.o)
                0x0000adec                _mprec_log10
                0x0000ae78                __any_on
                0x0000af0c                _Balloc
                0x0000ad98                __ratio
                0x0000b314                __i2b
                0x0000acec                __b2d
                0x0000b458                __s2b
                0x0000ac64                __mcmp
                0x0000abc0                __hi0bits
                0x0000b3a4                __pow5mult
                0x0000b130                __lshift
                0x0000b1e4                __multiply
                0x0000af7c                __d2b
                0x0000ae28                __copybits
                0x0000aca4                __ulp
                0x0000b034                __mdiff
                0x0000ac00                __lo0bits
                0x0000b328                __multadd
                0x0000aedc                _Bfree
 .text          0x0000b4ec      0x388 c:/nxp/lpcxpresso_3.6.3_317/tools/bin/../lib/gcc/arm-none-eabi/4.3.3/../../../../arm-none-eabi/lib/thumb2\libc.a(lib_a-reallocr.o)
                0x0000b4ec                _realloc_r
 .text          0x0000b874       0x28 c:/nxp/lpcxpresso_3.6.3_317/tools/bin/../lib/gcc/arm-none-eabi/4.3.3/../../../../arm-none-eabi/lib/thumb2\libc.a(lib_a-s_isinfd.o)
                0x0000b874                __isinfd
 .text          0x0000b89c       0x1c c:/nxp/lpcxpresso_3.6.3_317/tools/bin/../lib/gcc/arm-none-eabi/4.3.3/../../../../arm-none-eabi/lib/thumb2\libc.a(lib_a-s_isnand.o)
                0x0000b89c                __isnand
 .text          0x0000b8b8       0x28 c:/nxp/lpcxpresso_3.6.3_317/tools/bin/../lib/gcc/arm-none-eabi/4.3.3/../../../../arm-none-eabi/lib/thumb2\libc.a(lib_a-sbrkr.o)
                0x0000b8b8                _sbrk_r
 .text          0x0000b8e0       0x94 c:/nxp/lpcxpresso_3.6.3_317/tools/bin/../lib/gcc/arm-none-eabi/4.3.3/../../../../arm-none-eabi/lib/thumb2\libc.a(lib_a-stdio.o)
                0x0000b8ec                __sseek
                0x0000b950                __sread
                0x0000b8e0                __sclose
                0x0000b914                __swrite
 .text          0x0000b974      0x1dc c:/nxp/lpcxpresso_3.6.3_317/tools/bin/../lib/gcc/arm-none-eabi/4.3.3/../../../../arm-none-eabi/lib/thumb2\libc.a(lib_a-strcmp.o)
                0x0000b974                strcmp
 .text          0x0000bb50       0x2c c:/nxp/lpcxpresso_3.6.3_317/tools/bin/../lib/gcc/arm-none-eabi/4.3.3/../../../../arm-none-eabi/lib/thumb2\libc.a(lib_a-writer.o)
                0x0000bb50                _write_r
 .text          0x0000bb7c       0x5c c:/nxp/lpcxpresso_3.6.3_317/tools/bin/../lib/gcc/arm-none-eabi/4.3.3/../../../../arm-none-eabi/lib/thumb2\libc.a(lib_a-callocr.o)
                0x0000bb7c                _calloc_r
 .text          0x0000bbd8       0x28 c:/nxp/lpcxpresso_3.6.3_317/tools/bin/../lib/gcc/arm-none-eabi/4.3.3/../../../../arm-none-eabi/lib/thumb2\libc.a(lib_a-closer.o)
                0x0000bbd8                _close_r
 .text          0x0000bc00       0xcc c:/nxp/lpcxpresso_3.6.3_317/tools/bin/../lib/gcc/arm-none-eabi/4.3.3/../../../../arm-none-eabi/lib/thumb2\libc.a(lib_a-fclose.o)
                0x0000bc00                _fclose_r
                0x0000bcb8                fclose
 .text          0x0000bccc       0x2c c:/nxp/lpcxpresso_3.6.3_317/tools/bin/../lib/gcc/arm-none-eabi/4.3.3/../../../../arm-none-eabi/lib/thumb2\libc.a(lib_a-fstatr.o)
                0x0000bccc                _fstat_r
 .text          0x0000bcf8       0x28 c:/nxp/lpcxpresso_3.6.3_317/tools/bin/../lib/gcc/arm-none-eabi/4.3.3/../../../../arm-none-eabi/lib/thumb2\libc.a(lib_a-isattyr.o)
                0x0000bcf8                _isatty_r
 .text          0x0000bd20       0x2c c:/nxp/lpcxpresso_3.6.3_317/tools/bin/../lib/gcc/arm-none-eabi/4.3.3/../../../../arm-none-eabi/lib/thumb2\libc.a(lib_a-lseekr.o)
                0x0000bd20                _lseek_r
 .text          0x0000bd4c       0x2c c:/nxp/lpcxpresso_3.6.3_317/tools/bin/../lib/gcc/arm-none-eabi/4.3.3/../../../../arm-none-eabi/lib/thumb2\libc.a(lib_a-readr.o)
                0x0000bd4c                _read_r
 .text.initialise_monitor_handles
                0x0000bd78       0xbc c:/nxp/lpcxpresso_3.6.3_317/tools/bin/../lib/gcc/arm-none-eabi/4.3.3/../../../../arm-none-eabi/lib/thumb2\libcr_newlib_semihost.a(syscalls.o)
 .text._sbrk    0x0000be34       0x7c c:/nxp/lpcxpresso_3.6.3_317/tools/bin/../lib/gcc/arm-none-eabi/4.3.3/../../../../arm-none-eabi/lib/thumb2\libcr_newlib_semihost.a(syscalls.o)
                0x0000be34                _sbrk
 .text._swilseek
                0x0000beb0       0xdc c:/nxp/lpcxpresso_3.6.3_317/tools/bin/../lib/gcc/arm-none-eabi/4.3.3/../../../../arm-none-eabi/lib/thumb2\libcr_newlib_semihost.a(syscalls.o)
                0x0000beb0                _swilseek
 .text._lseek   0x0000bf8c        0x8 c:/nxp/lpcxpresso_3.6.3_317/tools/bin/../lib/gcc/arm-none-eabi/4.3.3/../../../../arm-none-eabi/lib/thumb2\libcr_newlib_semihost.a(syscalls.o)
                0x0000bf8c                _lseek
 .text._isatty  0x0000bf94       0x60 c:/nxp/lpcxpresso_3.6.3_317/tools/bin/../lib/gcc/arm-none-eabi/4.3.3/../../../../arm-none-eabi/lib/thumb2\libcr_newlib_semihost.a(syscalls.o)
                0x0000bf94                _isatty
 .text._close   0x0000bff4       0x9c c:/nxp/lpcxpresso_3.6.3_317/tools/bin/../lib/gcc/arm-none-eabi/4.3.3/../../../../arm-none-eabi/lib/thumb2\libcr_newlib_semihost.a(syscalls.o)
                0x0000bff4                _close
 .text._read    0x0000c090       0x84 c:/nxp/lpcxpresso_3.6.3_317/tools/bin/../lib/gcc/arm-none-eabi/4.3.3/../../../../arm-none-eabi/lib/thumb2\libcr_newlib_semihost.a(syscalls.o)
                0x0000c090                _read
 .text._write   0x0000c114       0xa8 c:/nxp/lpcxpresso_3.6.3_317/tools/bin/../lib/gcc/arm-none-eabi/4.3.3/../../../../arm-none-eabi/lib/thumb2\libcr_newlib_semihost.a(syscalls.o)
                0x0000c114                _write
 .text._fstat   0x0000c1bc       0x80 c:/nxp/lpcxpresso_3.6.3_317/tools/bin/../lib/gcc/arm-none-eabi/4.3.3/../../../../arm-none-eabi/lib/thumb2\libcr_newlib_semihost.a(syscalls.o)
                0x0000c1bc                _fstat
 .text          0x0000c23c      0x110 c:/nxp/lpcxpresso_3.6.3_317/tools/bin/../lib/gcc/arm-none-eabi/4.3.3/thumb2\libgcc.a(_arm_cmpdf2.o)
                0x0000c310                __aeabi_dcmple
                0x0000c24c                __cmpdf2
                0x0000c24c                __eqdf2
                0x0000c23c                __gtdf2
                0x0000c2d8                __aeabi_cdcmple
                0x0000c2c8                __aeabi_cdrcmple
                0x0000c244                __ltdf2
                0x0000c2fc                __aeabi_dcmplt
                0x0000c244                __ledf2
                0x0000c338                __aeabi_dcmpgt
                0x0000c324                __aeabi_dcmpge
                0x0000c24c                __nedf2
                0x0000c2e8                __aeabi_dcmpeq
                0x0000c2d8                __aeabi_cdcmpeq
                0x0000c23c                __gedf2
 .text          0x0000c34c       0x50 c:/nxp/lpcxpresso_3.6.3_317/tools/bin/../lib/gcc/arm-none-eabi/4.3.3/thumb2\libgcc.a(_arm_fixdfsi.o)
                0x0000c34c                __fixdfsi
                0x0000c34c                __aeabi_d2iz
 .text          0x0000c39c        0xc c:/nxp/lpcxpresso_3.6.3_317/tools/bin/../lib/gcc/arm-none-eabi/4.3.3/../../../../arm-none-eabi/lib/thumb2\libc.a(lib_a-errno.o)
                0x0000c39c                __errno
 *(.rodata .rodata.*)
 .rodata        0x0000c3a8      0x1a8 ./src/main.o
                0x0000c3ae                RESET_PIN
                0x0000c3b8                ACC_THRESHOLD
                0x0000c440                notes
                0x0000c3b4                TEMP_UPPER_LIMIT
                0x0000c3bc                FREQ_UPDATE_PERIOD_MS
                0x0000c3b0                LIGHT_PORT
                0x0000c3a8                CALIBRATED_PORT
                0x0000c478                tempStateStringMap
                0x0000c3ac                RESET_PORT
                0x0000c3aa                CALIBRATED_PIN
                0x0000c493                radiationStateStringMap
                0x0000c3b6                ACC_UPDATE_PERIOD_MS
                0x0000c3b2                LIGHT_PIN
 .rodata        0x0000c550        0x4 C:\Users\thyagesh93\Documents\NUS\IVLEDrive\EE2024 PROGRAMMING FOR COMPUTER INTERFACES\PROGRAMMING FOR COMPUTER INTERFACES\Assignment 2\Lib_EaBaseBoard\Debug\libLib_EaBaseBoard.a(pca9532.o)
 .rodata        0x0000c554       0x18 C:\Users\thyagesh93\Documents\NUS\IVLEDrive\EE2024 PROGRAMMING FOR COMPUTER INTERFACES\PROGRAMMING FOR COMPUTER INTERFACES\Assignment 2\Lib_MCU\Debug\libLib_MCU.a(lpc17xx_i2c.o)
 .rodata        0x0000c56c       0x18 C:\Users\thyagesh93\Documents\NUS\IVLEDrive\EE2024 PROGRAMMING FOR COMPUTER INTERFACES\PROGRAMMING FOR COMPUTER INTERFACES\Assignment 2\Lib_MCU\Debug\libLib_MCU.a(lpc17xx_ssp.o)
 .rodata        0x0000c584       0x18 C:\Users\thyagesh93\Documents\NUS\IVLEDrive\EE2024 PROGRAMMING FOR COMPUTER INTERFACES\PROGRAMMING FOR COMPUTER INTERFACES\Assignment 2\Lib_MCU\Debug\libLib_MCU.a(lpc17xx_timer.o)
 .rodata        0x0000c59c       0x18 C:\Users\thyagesh93\Documents\NUS\IVLEDrive\EE2024 PROGRAMMING FOR COMPUTER INTERFACES\PROGRAMMING FOR COMPUTER INTERFACES\Assignment 2\Lib_MCU\Debug\libLib_MCU.a(lpc17xx_uart.o)
 .rodata        0x0000c5b4      0x100 c:/nxp/lpcxpresso_3.6.3_317/tools/bin/../lib/gcc/arm-none-eabi/4.3.3/thumb2\libgcc.a(_clz.o)
                0x0000c5b4                __clz_tab
 .rodata        0x0000c6b4       0x20 c:/nxp/lpcxpresso_3.6.3_317/tools/bin/../lib/gcc/arm-none-eabi/4.3.3/../../../../arm-none-eabi/lib/thumb2\libc.a(lib_a-svfprintf.o)
 .rodata.str1.4
                0x0000c6d4       0x5e c:/nxp/lpcxpresso_3.6.3_317/tools/bin/../lib/gcc/arm-none-eabi/4.3.3/../../../../arm-none-eabi/lib/thumb2\libc.a(lib_a-svfprintf.o)
                                 0x60 (size before relaxing)
 .rodata        0x0000c732       0x20 c:/nxp/lpcxpresso_3.6.3_317/tools/bin/../lib/gcc/arm-none-eabi/4.3.3/../../../../arm-none-eabi/lib/thumb2\libc.a(lib_a-vfprintf.o)
 .rodata.str1.4
                0x00000000       0x60 c:/nxp/lpcxpresso_3.6.3_317/tools/bin/../lib/gcc/arm-none-eabi/4.3.3/../../../../arm-none-eabi/lib/thumb2\libc.a(lib_a-vfprintf.o)
 *fill*         0x0000c752        0x2 00
 .rodata.str1.4
                0x0000c754       0x10 c:/nxp/lpcxpresso_3.6.3_317/tools/bin/../lib/gcc/arm-none-eabi/4.3.3/../../../../arm-none-eabi/lib/thumb2\libc.a(lib_a-dtoa.o)
                                 0x14 (size before relaxing)
 .rodata        0x0000c764       0x60 c:/nxp/lpcxpresso_3.6.3_317/tools/bin/../lib/gcc/arm-none-eabi/4.3.3/../../../../arm-none-eabi/lib/thumb2\libc.a(lib_a-findfp.o)
                0x0000c7a4                __sf_fake_stderr
                0x0000c764                __sf_fake_stdin
                0x0000c784                __sf_fake_stdout
 .rodata        0x0000c7c4        0x4 c:/nxp/lpcxpresso_3.6.3_317/tools/bin/../lib/gcc/arm-none-eabi/4.3.3/../../../../arm-none-eabi/lib/thumb2\libc.a(lib_a-impure.o)
                0x0000c7c4                _global_impure_ptr
 .rodata.str1.4
                0x0000c7c8        0x2 c:/nxp/lpcxpresso_3.6.3_317/tools/bin/../lib/gcc/arm-none-eabi/4.3.3/../../../../arm-none-eabi/lib/thumb2\libc.a(lib_a-impure.o)
                                  0x4 (size before relaxing)
 *fill*         0x0000c7ca        0x2 00
 .rodata        0x0000c7cc       0x34 c:/nxp/lpcxpresso_3.6.3_317/tools/bin/../lib/gcc/arm-none-eabi/4.3.3/../../../../arm-none-eabi/lib/thumb2\libc.a(lib_a-locale.o)
 .rodata.str1.4
                0x0000c800        0xf c:/nxp/lpcxpresso_3.6.3_317/tools/bin/../lib/gcc/arm-none-eabi/4.3.3/../../../../arm-none-eabi/lib/thumb2\libc.a(lib_a-locale.o)
                                 0x18 (size before relaxing)
 *fill*         0x0000c80f        0x1 00
 .rodata        0x0000c810      0x128 c:/nxp/lpcxpresso_3.6.3_317/tools/bin/../lib/gcc/arm-none-eabi/4.3.3/../../../../arm-none-eabi/lib/thumb2\libc.a(lib_a-mprec.o)
                0x0000c910                __mprec_tinytens
                0x0000c810                __mprec_tens
                0x0000c8e8                __mprec_bigtens
 .rodata.str1.4
                0x0000c938        0x4 c:/nxp/lpcxpresso_3.6.3_317/tools/bin/../lib/gcc/arm-none-eabi/4.3.3/../../../../arm-none-eabi/lib/thumb2\libcr_newlib_semihost.a(syscalls.o)
                0x0000c93c                . = ALIGN (0x4)

.glue_7         0x0000c93c        0x0
 .glue_7        0x00000000        0x0 linker stubs

.glue_7t        0x0000c93c        0x0
 .glue_7t       0x00000000        0x0 linker stubs

.vfp11_veneer   0x0000c93c        0x0
 .vfp11_veneer  0x00000000        0x0 linker stubs

.v4_bx          0x0000c93c        0x0
 .v4_bx         0x00000000        0x0 linker stubs

.ARM.extab
 *(.ARM.extab* .gnu.linkonce.armextab.*)
                0x0000c93c                __exidx_start = .

.ARM.exidx      0x0000c93c        0x8
 *(.ARM.exidx* .gnu.linkonce.armexidx.*)
 .ARM.exidx     0x0000c93c        0x8 c:/nxp/lpcxpresso_3.6.3_317/tools/bin/../lib/gcc/arm-none-eabi/4.3.3/thumb2\libgcc.a(_divdi3.o)
 .ARM.exidx     0x0000c944        0x0 c:/nxp/lpcxpresso_3.6.3_317/tools/bin/../lib/gcc/arm-none-eabi/4.3.3/thumb2\libgcc.a(_udivdi3.o)
                                  0x8 (size before relaxing)
                0x0000c944                __exidx_end = .
                0x0000c944                _etext = .

.data_RAM2      0x2007c000        0x0 load address 0x0000c944
 FILL mask 0xff
 *(.data.$RAM2*)
 *(.data.$RamAHB32*)
                0x2007c000                . = ALIGN (0x4)

.data_RAM3      0x40038000        0x0 load address 0x0000c944
 FILL mask 0xff
 *(.data.$RAM3*)
 *(.data.$CANAccFilterRAM*)
                0x40038000                . = ALIGN (0x4)

.uninit_RESERVED
 *(.bss.$RESERVED*)

.data           0x10000000      0x590 load address 0x0000c944
 FILL mask 0xff
                0x10000000                _data = .
 *(vtable)
 *(.data*)
 .data          0x10000000       0x30 ./src/main.o
                0x1000002a                REPORTING_PERIOD_MS
                0x10000028                UNSAFE_UPPER_HZ
                0x10000014                REPLY_ACK
                0x10000000                MESSAGE_READY
                0x10000026                UNSAFE_LOWER_HZ
                0x10000020                CMD_RESET_TO_STDBY
                0x10000024                TIME_WINDOW_MS
                0x1000000c                MESSAGE_CONFIRM_ENTER_STDBY
                0x10000018                REPLY_NOT_ACK
                0x10000010                MESSAGE_REPORT_TEMPLATE
                0x1000002c                radiationState
                0x1000001c                CMD_RESET_TO_CALIB
                0x10000008                MESSAGE_CONFIRM_ENTER_CALIB
                0x10000004                MESSAGE_HANDSHAKE_CONFIRM
 .data          0x10000030        0x4 C:\Users\thyagesh93\Documents\NUS\IVLEDrive\EE2024 PROGRAMMING FOR COMPUTER INTERFACES\PROGRAMMING FOR COMPUTER INTERFACES\Assignment 2\Lib_CMSISv1p30_LPC17xx\Debug\libCMSISv1p30_LPC17xx.a(system_LPC17xx.o)
                0x10000030                SystemCoreClock
 .data          0x10000034       0x50 C:\Users\thyagesh93\Documents\NUS\IVLEDrive\EE2024 PROGRAMMING FOR COMPUTER INTERFACES\PROGRAMMING FOR COMPUTER INTERFACES\Assignment 2\Lib_EaBaseBoard\Debug\libLib_EaBaseBoard.a(led7seg.o)
 .data          0x10000084        0x8 C:\Users\thyagesh93\Documents\NUS\IVLEDrive\EE2024 PROGRAMMING FOR COMPUTER INTERFACES\PROGRAMMING FOR COMPUTER INTERFACES\Assignment 2\Lib_EaBaseBoard\Debug\libLib_EaBaseBoard.a(light.o)
 .data          0x1000008c       0xf4 c:/nxp/lpcxpresso_3.6.3_317/tools/bin/../lib/gcc/arm-none-eabi/4.3.3/../../../../arm-none-eabi/lib/thumb2\libc.a(lib_a-impure.o)
                0x1000008c                _impure_ptr
 .data          0x10000180      0x410 c:/nxp/lpcxpresso_3.6.3_317/tools/bin/../lib/gcc/arm-none-eabi/4.3.3/../../../../arm-none-eabi/lib/thumb2\libc.a(lib_a-mallocr.o)
                0x10000588                __malloc_sbrk_base
                0x10000180                __malloc_av_
                0x1000058c                __malloc_trim_threshold
                0x10000590                . = ALIGN (0x4)
                0x10000590                _edata = .

.bss_RAM2       0x2007c000        0x0
 *(.bss.$RAM2*)
 *(.bss.$RamAHB32*)
                0x2007c000                . = ALIGN (0x4)

.bss_RAM3       0x40038000        0x0
 *(.bss.$RAM3*)
 *(.bss.$CANAccFilterRAM*)
                0x40038000                . = ALIGN (0x4)

.bss            0x10000590      0x46c
                0x10000590                _bss = .
 *(.bss*)
 .bss           0x10000590       0xa0 ./src/main.o
                0x100005a0                temp_i
                0x10000624                accTick
                0x100005b0                accValues
                0x100005ab                accXOffset
                0x1000061a                setWarningToStop
                0x1000061c                setWarningToStart
                0x100005aa                accZ
                0x1000061e                sendReport
                0x1000060c                hasCrossedAccThreshold
                0x10000590                countDownStarted
                0x10000594                currentCountValue
                0x100005ae                accZValToRemove
                0x10000618                isWarningOn
                0x10000604                currentAccZFilteredValue
                0x10000628                warningTick
                0x10000620                oneSecondTick
                0x100005a4                temp_pointer
                0x10000614                currentFrequency
                0x10000608                prevAccZFilteredValue
                0x1000059c                temp_t2
                0x10000598                temp_t1
                0x10000600                currentAccIdx
                0x10000610                currentFreqCounter
                0x100005ad                accZOffset
                0x100005d8                accValuesSorted
                0x100005a9                accY
                0x100005ac                accYOffset
                0x100005a8                accX
 .bss           0x10000630      0x300 C:\Users\thyagesh93\Documents\NUS\IVLEDrive\EE2024 PROGRAMMING FOR COMPUTER INTERFACES\PROGRAMMING FOR COMPUTER INTERFACES\Assignment 2\Lib_EaBaseBoard\Debug\libLib_EaBaseBoard.a(oled.o)
 .bss           0x10000930        0x6 C:\Users\thyagesh93\Documents\NUS\IVLEDrive\EE2024 PROGRAMMING FOR COMPUTER INTERFACES\PROGRAMMING FOR COMPUTER INTERFACES\Assignment 2\Lib_EaBaseBoard\Debug\libLib_EaBaseBoard.a(pca9532.o)
 *fill*         0x10000936        0x2 00
 .bss           0x10000938       0x24 C:\Users\thyagesh93\Documents\NUS\IVLEDrive\EE2024 PROGRAMMING FOR COMPUTER INTERFACES\PROGRAMMING FOR COMPUTER INTERFACES\Assignment 2\Lib_MCU\Debug\libLib_MCU.a(lpc17xx_i2c.o)
 .bss           0x1000095c       0x18 C:\Users\thyagesh93\Documents\NUS\IVLEDrive\EE2024 PROGRAMMING FOR COMPUTER INTERFACES\PROGRAMMING FOR COMPUTER INTERFACES\Assignment 2\Lib_MCU\Debug\libLib_MCU.a(lpc17xx_ssp.o)
 .bss           0x10000974       0x34 c:/nxp/lpcxpresso_3.6.3_317/tools/bin/../lib/gcc/arm-none-eabi/4.3.3/../../../../arm-none-eabi/lib/thumb2\libc.a(lib_a-mallocr.o)
                0x10000974                __malloc_top_pad
                0x100009a0                __malloc_max_sbrked_mem
                0x10000978                __malloc_current_mallinfo
                0x100009a4                __malloc_max_total_mem
 .bss.monitor_stdout
                0x100009a8        0x4 c:/nxp/lpcxpresso_3.6.3_317/tools/bin/../lib/gcc/arm-none-eabi/4.3.3/../../../../arm-none-eabi/lib/thumb2\libcr_newlib_semihost.a(syscalls.o)
 .bss.initialized.2363
                0x100009ac        0x4 c:/nxp/lpcxpresso_3.6.3_317/tools/bin/../lib/gcc/arm-none-eabi/4.3.3/../../../../arm-none-eabi/lib/thumb2\libcr_newlib_semihost.a(syscalls.o)
 .bss.heap_end.2542
                0x100009b0        0x4 c:/nxp/lpcxpresso_3.6.3_317/tools/bin/../lib/gcc/arm-none-eabi/4.3.3/../../../../arm-none-eabi/lib/thumb2\libcr_newlib_semihost.a(syscalls.o)
 .bss.monitor_stdin
                0x100009b4        0x4 c:/nxp/lpcxpresso_3.6.3_317/tools/bin/../lib/gcc/arm-none-eabi/4.3.3/../../../../arm-none-eabi/lib/thumb2\libcr_newlib_semihost.a(syscalls.o)
 .bss.heap_base.2543
                0x100009b8        0x4 c:/nxp/lpcxpresso_3.6.3_317/tools/bin/../lib/gcc/arm-none-eabi/4.3.3/../../../../arm-none-eabi/lib/thumb2\libcr_newlib_semihost.a(syscalls.o)
 .bss.monitor_stderr
                0x100009bc        0x4 c:/nxp/lpcxpresso_3.6.3_317/tools/bin/../lib/gcc/arm-none-eabi/4.3.3/../../../../arm-none-eabi/lib/thumb2\libcr_newlib_semihost.a(syscalls.o)
 .bss.openfiles
                0x100009c0       0x28 c:/nxp/lpcxpresso_3.6.3_317/tools/bin/../lib/gcc/arm-none-eabi/4.3.3/../../../../arm-none-eabi/lib/thumb2\libcr_newlib_semihost.a(syscalls.o)
 *(COMMON)
 COMMON         0x100009e8        0xe ./src/main.o
                0x100009e8                currentTemperatureReading
                0x100009ec                buzzerState
                0x100009ed                currentState
                0x100009ee                accMode
                0x100009ef                flutterState
                0x100009f0                msTicks
                0x100009f4                temperatureState
                0x100009f5                currentHandShakeState
 *fill*         0x100009f6        0x2 00
 COMMON         0x100009f8        0x4 c:/nxp/lpcxpresso_3.6.3_317/tools/bin/../lib/gcc/arm-none-eabi/4.3.3/../../../../arm-none-eabi/lib/thumb2\libc.a(lib_a-reent.o)
                0x100009f8                errno
                0x100009fc                . = ALIGN (0x4)
                0x100009fc                _ebss = .
                0x100009fc                PROVIDE (end, .)
                0x100009fc                PROVIDE (_pvHeapStart, .)
                0x10008000                PROVIDE (_vStackTop, (__top_RamLoc32 - 0x0))
OUTPUT(Assignment2.axf elf32-littlearm)

.debug_abbrev   0x00000000     0x1957
 .debug_abbrev  0x00000000       0xbd ./src/cr_startup_lpc17.o
 .debug_abbrev  0x000000bd      0x29d ./src/main.o
 .debug_abbrev  0x0000035a       0xc6 C:\Users\thyagesh93\Documents\NUS\IVLEDrive\EE2024 PROGRAMMING FOR COMPUTER INTERFACES\PROGRAMMING FOR COMPUTER INTERFACES\Assignment 2\Lib_CMSISv1p30_LPC17xx\Debug\libCMSISv1p30_LPC17xx.a(system_LPC17xx.o)
 .debug_abbrev  0x00000420      0x165 C:\Users\thyagesh93\Documents\NUS\IVLEDrive\EE2024 PROGRAMMING FOR COMPUTER INTERFACES\PROGRAMMING FOR COMPUTER INTERFACES\Assignment 2\Lib_EaBaseBoard\Debug\libLib_EaBaseBoard.a(acc.o)
 .debug_abbrev  0x00000585      0x151 C:\Users\thyagesh93\Documents\NUS\IVLEDrive\EE2024 PROGRAMMING FOR COMPUTER INTERFACES\PROGRAMMING FOR COMPUTER INTERFACES\Assignment 2\Lib_EaBaseBoard\Debug\libLib_EaBaseBoard.a(led7seg.o)
 .debug_abbrev  0x000006d6      0x1c6 C:\Users\thyagesh93\Documents\NUS\IVLEDrive\EE2024 PROGRAMMING FOR COMPUTER INTERFACES\PROGRAMMING FOR COMPUTER INTERFACES\Assignment 2\Lib_EaBaseBoard\Debug\libLib_EaBaseBoard.a(light.o)
 .debug_abbrev  0x0000089c      0x1ed C:\Users\thyagesh93\Documents\NUS\IVLEDrive\EE2024 PROGRAMMING FOR COMPUTER INTERFACES\PROGRAMMING FOR COMPUTER INTERFACES\Assignment 2\Lib_EaBaseBoard\Debug\libLib_EaBaseBoard.a(oled.o)
 .debug_abbrev  0x00000a89      0x1b3 C:\Users\thyagesh93\Documents\NUS\IVLEDrive\EE2024 PROGRAMMING FOR COMPUTER INTERFACES\PROGRAMMING FOR COMPUTER INTERFACES\Assignment 2\Lib_EaBaseBoard\Debug\libLib_EaBaseBoard.a(pca9532.o)
 .debug_abbrev  0x00000c3c       0x97 C:\Users\thyagesh93\Documents\NUS\IVLEDrive\EE2024 PROGRAMMING FOR COMPUTER INTERFACES\PROGRAMMING FOR COMPUTER INTERFACES\Assignment 2\Lib_EaBaseBoard\Debug\libLib_EaBaseBoard.a(rgb.o)
 .debug_abbrev  0x00000cd3       0x54 C:\Users\thyagesh93\Documents\NUS\IVLEDrive\EE2024 PROGRAMMING FOR COMPUTER INTERFACES\PROGRAMMING FOR COMPUTER INTERFACES\Assignment 2\Lib_EaBaseBoard\Debug\libLib_EaBaseBoard.a(font5x7.o)
 .debug_abbrev  0x00000d27      0x18e C:\Users\thyagesh93\Documents\NUS\IVLEDrive\EE2024 PROGRAMMING FOR COMPUTER INTERFACES\PROGRAMMING FOR COMPUTER INTERFACES\Assignment 2\Lib_MCU\Debug\libLib_MCU.a(lpc17xx_gpio.o)
 .debug_abbrev  0x00000eb5      0x253 C:\Users\thyagesh93\Documents\NUS\IVLEDrive\EE2024 PROGRAMMING FOR COMPUTER INTERFACES\PROGRAMMING FOR COMPUTER INTERFACES\Assignment 2\Lib_MCU\Debug\libLib_MCU.a(lpc17xx_i2c.o)
 .debug_abbrev  0x00001108      0x113 C:\Users\thyagesh93\Documents\NUS\IVLEDrive\EE2024 PROGRAMMING FOR COMPUTER INTERFACES\PROGRAMMING FOR COMPUTER INTERFACES\Assignment 2\Lib_MCU\Debug\libLib_MCU.a(lpc17xx_pinsel.o)
 .debug_abbrev  0x0000121b      0x1dc C:\Users\thyagesh93\Documents\NUS\IVLEDrive\EE2024 PROGRAMMING FOR COMPUTER INTERFACES\PROGRAMMING FOR COMPUTER INTERFACES\Assignment 2\Lib_MCU\Debug\libLib_MCU.a(lpc17xx_ssp.o)
 .debug_abbrev  0x000013f7      0x1a8 C:\Users\thyagesh93\Documents\NUS\IVLEDrive\EE2024 PROGRAMMING FOR COMPUTER INTERFACES\PROGRAMMING FOR COMPUTER INTERFACES\Assignment 2\Lib_MCU\Debug\libLib_MCU.a(lpc17xx_timer.o)
 .debug_abbrev  0x0000159f      0x23b C:\Users\thyagesh93\Documents\NUS\IVLEDrive\EE2024 PROGRAMMING FOR COMPUTER INTERFACES\PROGRAMMING FOR COMPUTER INTERFACES\Assignment 2\Lib_MCU\Debug\libLib_MCU.a(lpc17xx_uart.o)
 .debug_abbrev  0x000017da      0x17d C:\Users\thyagesh93\Documents\NUS\IVLEDrive\EE2024 PROGRAMMING FOR COMPUTER INTERFACES\PROGRAMMING FOR COMPUTER INTERFACES\Assignment 2\Lib_MCU\Debug\libLib_MCU.a(lpc17xx_clkpwr.o)

.debug_info     0x00000000     0x8b6b
 .debug_info    0x00000000      0x1ec ./src/cr_startup_lpc17.o
 .debug_info    0x000001ec     0x1dfd ./src/main.o
 .debug_info    0x00001fe9      0x334 C:\Users\thyagesh93\Documents\NUS\IVLEDrive\EE2024 PROGRAMMING FOR COMPUTER INTERFACES\PROGRAMMING FOR COMPUTER INTERFACES\Assignment 2\Lib_CMSISv1p30_LPC17xx\Debug\libCMSISv1p30_LPC17xx.a(system_LPC17xx.o)
 .debug_info    0x0000231d      0x526 C:\Users\thyagesh93\Documents\NUS\IVLEDrive\EE2024 PROGRAMMING FOR COMPUTER INTERFACES\PROGRAMMING FOR COMPUTER INTERFACES\Assignment 2\Lib_EaBaseBoard\Debug\libLib_EaBaseBoard.a(acc.o)
 .debug_info    0x00002843      0x26b C:\Users\thyagesh93\Documents\NUS\IVLEDrive\EE2024 PROGRAMMING FOR COMPUTER INTERFACES\PROGRAMMING FOR COMPUTER INTERFACES\Assignment 2\Lib_EaBaseBoard\Debug\libLib_EaBaseBoard.a(led7seg.o)
 .debug_info    0x00002aae      0x74c C:\Users\thyagesh93\Documents\NUS\IVLEDrive\EE2024 PROGRAMMING FOR COMPUTER INTERFACES\PROGRAMMING FOR COMPUTER INTERFACES\Assignment 2\Lib_EaBaseBoard\Debug\libLib_EaBaseBoard.a(light.o)
 .debug_info    0x000031fa      0x954 C:\Users\thyagesh93\Documents\NUS\IVLEDrive\EE2024 PROGRAMMING FOR COMPUTER INTERFACES\PROGRAMMING FOR COMPUTER INTERFACES\Assignment 2\Lib_EaBaseBoard\Debug\libLib_EaBaseBoard.a(oled.o)
 .debug_info    0x00003b4e      0x62b C:\Users\thyagesh93\Documents\NUS\IVLEDrive\EE2024 PROGRAMMING FOR COMPUTER INTERFACES\PROGRAMMING FOR COMPUTER INTERFACES\Assignment 2\Lib_EaBaseBoard\Debug\libLib_EaBaseBoard.a(pca9532.o)
 .debug_info    0x00004179       0xd9 C:\Users\thyagesh93\Documents\NUS\IVLEDrive\EE2024 PROGRAMMING FOR COMPUTER INTERFACES\PROGRAMMING FOR COMPUTER INTERFACES\Assignment 2\Lib_EaBaseBoard\Debug\libLib_EaBaseBoard.a(rgb.o)
 .debug_info    0x00004252       0x61 C:\Users\thyagesh93\Documents\NUS\IVLEDrive\EE2024 PROGRAMMING FOR COMPUTER INTERFACES\PROGRAMMING FOR COMPUTER INTERFACES\Assignment 2\Lib_EaBaseBoard\Debug\libLib_EaBaseBoard.a(font5x7.o)
 .debug_info    0x000042b3      0xb8a C:\Users\thyagesh93\Documents\NUS\IVLEDrive\EE2024 PROGRAMMING FOR COMPUTER INTERFACES\PROGRAMMING FOR COMPUTER INTERFACES\Assignment 2\Lib_MCU\Debug\libLib_MCU.a(lpc17xx_gpio.o)
 .debug_info    0x00004e3d      0xcad C:\Users\thyagesh93\Documents\NUS\IVLEDrive\EE2024 PROGRAMMING FOR COMPUTER INTERFACES\PROGRAMMING FOR COMPUTER INTERFACES\Assignment 2\Lib_MCU\Debug\libLib_MCU.a(lpc17xx_i2c.o)
 .debug_info    0x00005aea      0x49b C:\Users\thyagesh93\Documents\NUS\IVLEDrive\EE2024 PROGRAMMING FOR COMPUTER INTERFACES\PROGRAMMING FOR COMPUTER INTERFACES\Assignment 2\Lib_MCU\Debug\libLib_MCU.a(lpc17xx_pinsel.o)
 .debug_info    0x00005f85      0x85c C:\Users\thyagesh93\Documents\NUS\IVLEDrive\EE2024 PROGRAMMING FOR COMPUTER INTERFACES\PROGRAMMING FOR COMPUTER INTERFACES\Assignment 2\Lib_MCU\Debug\libLib_MCU.a(lpc17xx_ssp.o)
 .debug_info    0x000067e1      0x8d9 C:\Users\thyagesh93\Documents\NUS\IVLEDrive\EE2024 PROGRAMMING FOR COMPUTER INTERFACES\PROGRAMMING FOR COMPUTER INTERFACES\Assignment 2\Lib_MCU\Debug\libLib_MCU.a(lpc17xx_timer.o)
 .debug_info    0x000070ba     0x149e C:\Users\thyagesh93\Documents\NUS\IVLEDrive\EE2024 PROGRAMMING FOR COMPUTER INTERFACES\PROGRAMMING FOR COMPUTER INTERFACES\Assignment 2\Lib_MCU\Debug\libLib_MCU.a(lpc17xx_uart.o)
 .debug_info    0x00008558      0x613 C:\Users\thyagesh93\Documents\NUS\IVLEDrive\EE2024 PROGRAMMING FOR COMPUTER INTERFACES\PROGRAMMING FOR COMPUTER INTERFACES\Assignment 2\Lib_MCU\Debug\libLib_MCU.a(lpc17xx_clkpwr.o)

.debug_line     0x00000000     0x5f20
 .debug_line    0x00000000      0x24c ./src/cr_startup_lpc17.o
 .debug_line    0x0000024c      0xd8d ./src/main.o
 .debug_line    0x00000fd9      0x36d C:\Users\thyagesh93\Documents\NUS\IVLEDrive\EE2024 PROGRAMMING FOR COMPUTER INTERFACES\PROGRAMMING FOR COMPUTER INTERFACES\Assignment 2\Lib_CMSISv1p30_LPC17xx\Debug\libCMSISv1p30_LPC17xx.a(system_LPC17xx.o)
 .debug_line    0x00001346      0x534 C:\Users\thyagesh93\Documents\NUS\IVLEDrive\EE2024 PROGRAMMING FOR COMPUTER INTERFACES\PROGRAMMING FOR COMPUTER INTERFACES\Assignment 2\Lib_EaBaseBoard\Debug\libLib_EaBaseBoard.a(acc.o)
 .debug_line    0x0000187a      0x4af C:\Users\thyagesh93\Documents\NUS\IVLEDrive\EE2024 PROGRAMMING FOR COMPUTER INTERFACES\PROGRAMMING FOR COMPUTER INTERFACES\Assignment 2\Lib_EaBaseBoard\Debug\libLib_EaBaseBoard.a(led7seg.o)
 .debug_line    0x00001d29      0x5df C:\Users\thyagesh93\Documents\NUS\IVLEDrive\EE2024 PROGRAMMING FOR COMPUTER INTERFACES\PROGRAMMING FOR COMPUTER INTERFACES\Assignment 2\Lib_EaBaseBoard\Debug\libLib_EaBaseBoard.a(light.o)
 .debug_line    0x00002308      0x6d0 C:\Users\thyagesh93\Documents\NUS\IVLEDrive\EE2024 PROGRAMMING FOR COMPUTER INTERFACES\PROGRAMMING FOR COMPUTER INTERFACES\Assignment 2\Lib_EaBaseBoard\Debug\libLib_EaBaseBoard.a(oled.o)
 .debug_line    0x000029d8      0x5a2 C:\Users\thyagesh93\Documents\NUS\IVLEDrive\EE2024 PROGRAMMING FOR COMPUTER INTERFACES\PROGRAMMING FOR COMPUTER INTERFACES\Assignment 2\Lib_EaBaseBoard\Debug\libLib_EaBaseBoard.a(pca9532.o)
 .debug_line    0x00002f7a      0x493 C:\Users\thyagesh93\Documents\NUS\IVLEDrive\EE2024 PROGRAMMING FOR COMPUTER INTERFACES\PROGRAMMING FOR COMPUTER INTERFACES\Assignment 2\Lib_EaBaseBoard\Debug\libLib_EaBaseBoard.a(rgb.o)
 .debug_line    0x0000340d       0xdd C:\Users\thyagesh93\Documents\NUS\IVLEDrive\EE2024 PROGRAMMING FOR COMPUTER INTERFACES\PROGRAMMING FOR COMPUTER INTERFACES\Assignment 2\Lib_EaBaseBoard\Debug\libLib_EaBaseBoard.a(font5x7.o)
 .debug_line    0x000034ea      0x5ca C:\Users\thyagesh93\Documents\NUS\IVLEDrive\EE2024 PROGRAMMING FOR COMPUTER INTERFACES\PROGRAMMING FOR COMPUTER INTERFACES\Assignment 2\Lib_MCU\Debug\libLib_MCU.a(lpc17xx_gpio.o)
 .debug_line    0x00003ab4      0x727 C:\Users\thyagesh93\Documents\NUS\IVLEDrive\EE2024 PROGRAMMING FOR COMPUTER INTERFACES\PROGRAMMING FOR COMPUTER INTERFACES\Assignment 2\Lib_MCU\Debug\libLib_MCU.a(lpc17xx_i2c.o)
 .debug_line    0x000041db      0x45b C:\Users\thyagesh93\Documents\NUS\IVLEDrive\EE2024 PROGRAMMING FOR COMPUTER INTERFACES\PROGRAMMING FOR COMPUTER INTERFACES\Assignment 2\Lib_MCU\Debug\libLib_MCU.a(lpc17xx_pinsel.o)
 .debug_line    0x00004636      0x65d C:\Users\thyagesh93\Documents\NUS\IVLEDrive\EE2024 PROGRAMMING FOR COMPUTER INTERFACES\PROGRAMMING FOR COMPUTER INTERFACES\Assignment 2\Lib_MCU\Debug\libLib_MCU.a(lpc17xx_ssp.o)
 .debug_line    0x00004c93      0x5e6 C:\Users\thyagesh93\Documents\NUS\IVLEDrive\EE2024 PROGRAMMING FOR COMPUTER INTERFACES\PROGRAMMING FOR COMPUTER INTERFACES\Assignment 2\Lib_MCU\Debug\libLib_MCU.a(lpc17xx_timer.o)
 .debug_line    0x00005279      0x812 C:\Users\thyagesh93\Documents\NUS\IVLEDrive\EE2024 PROGRAMMING FOR COMPUTER INTERFACES\PROGRAMMING FOR COMPUTER INTERFACES\Assignment 2\Lib_MCU\Debug\libLib_MCU.a(lpc17xx_uart.o)
 .debug_line    0x00005a8b      0x495 C:\Users\thyagesh93\Documents\NUS\IVLEDrive\EE2024 PROGRAMMING FOR COMPUTER INTERFACES\PROGRAMMING FOR COMPUTER INTERFACES\Assignment 2\Lib_MCU\Debug\libLib_MCU.a(lpc17xx_clkpwr.o)

.debug_macinfo  0x00000000    0x7f99c
 .debug_macinfo
                0x00000000     0x151f ./src/cr_startup_lpc17.o
 .debug_macinfo
                0x0000151f     0xcf44 ./src/main.o
 .debug_macinfo
                0x0000e463     0x6d5c C:\Users\thyagesh93\Documents\NUS\IVLEDrive\EE2024 PROGRAMMING FOR COMPUTER INTERFACES\PROGRAMMING FOR COMPUTER INTERFACES\Assignment 2\Lib_CMSISv1p30_LPC17xx\Debug\libCMSISv1p30_LPC17xx.a(system_LPC17xx.o)
 .debug_macinfo
                0x000151bf     0x787f C:\Users\thyagesh93\Documents\NUS\IVLEDrive\EE2024 PROGRAMMING FOR COMPUTER INTERFACES\PROGRAMMING FOR COMPUTER INTERFACES\Assignment 2\Lib_EaBaseBoard\Debug\libLib_EaBaseBoard.a(acc.o)
 .debug_macinfo
                0x0001ca3e     0x8007 C:\Users\thyagesh93\Documents\NUS\IVLEDrive\EE2024 PROGRAMMING FOR COMPUTER INTERFACES\PROGRAMMING FOR COMPUTER INTERFACES\Assignment 2\Lib_EaBaseBoard\Debug\libLib_EaBaseBoard.a(led7seg.o)
 .debug_macinfo
                0x00024a45     0x779e C:\Users\thyagesh93\Documents\NUS\IVLEDrive\EE2024 PROGRAMMING FOR COMPUTER INTERFACES\PROGRAMMING FOR COMPUTER INTERFACES\Assignment 2\Lib_EaBaseBoard\Debug\libLib_EaBaseBoard.a(light.o)
 .debug_macinfo
                0x0002c1e3     0x8aa7 C:\Users\thyagesh93\Documents\NUS\IVLEDrive\EE2024 PROGRAMMING FOR COMPUTER INTERFACES\PROGRAMMING FOR COMPUTER INTERFACES\Assignment 2\Lib_EaBaseBoard\Debug\libLib_EaBaseBoard.a(oled.o)
 .debug_macinfo
                0x00034c8a     0x77bd C:\Users\thyagesh93\Documents\NUS\IVLEDrive\EE2024 PROGRAMMING FOR COMPUTER INTERFACES\PROGRAMMING FOR COMPUTER INTERFACES\Assignment 2\Lib_EaBaseBoard\Debug\libLib_EaBaseBoard.a(pca9532.o)
 .debug_macinfo
                0x0003c447     0x6eb0 C:\Users\thyagesh93\Documents\NUS\IVLEDrive\EE2024 PROGRAMMING FOR COMPUTER INTERFACES\PROGRAMMING FOR COMPUTER INTERFACES\Assignment 2\Lib_EaBaseBoard\Debug\libLib_EaBaseBoard.a(rgb.o)
 .debug_macinfo
                0x000432f7     0x1cb1 C:\Users\thyagesh93\Documents\NUS\IVLEDrive\EE2024 PROGRAMMING FOR COMPUTER INTERFACES\PROGRAMMING FOR COMPUTER INTERFACES\Assignment 2\Lib_EaBaseBoard\Debug\libLib_EaBaseBoard.a(font5x7.o)
 .debug_macinfo
                0x00044fa8     0x701c C:\Users\thyagesh93\Documents\NUS\IVLEDrive\EE2024 PROGRAMMING FOR COMPUTER INTERFACES\PROGRAMMING FOR COMPUTER INTERFACES\Assignment 2\Lib_MCU\Debug\libLib_MCU.a(lpc17xx_gpio.o)
 .debug_macinfo
                0x0004bfc4     0x8f3c C:\Users\thyagesh93\Documents\NUS\IVLEDrive\EE2024 PROGRAMMING FOR COMPUTER INTERFACES\PROGRAMMING FOR COMPUTER INTERFACES\Assignment 2\Lib_MCU\Debug\libLib_MCU.a(lpc17xx_i2c.o)
 .debug_macinfo
                0x00054f00     0x7137 C:\Users\thyagesh93\Documents\NUS\IVLEDrive\EE2024 PROGRAMMING FOR COMPUTER INTERFACES\PROGRAMMING FOR COMPUTER INTERFACES\Assignment 2\Lib_MCU\Debug\libLib_MCU.a(lpc17xx_pinsel.o)
 .debug_macinfo
                0x0005c037     0x9234 C:\Users\thyagesh93\Documents\NUS\IVLEDrive\EE2024 PROGRAMMING FOR COMPUTER INTERFACES\PROGRAMMING FOR COMPUTER INTERFACES\Assignment 2\Lib_MCU\Debug\libLib_MCU.a(lpc17xx_ssp.o)
 .debug_macinfo
                0x0006526b     0x8e31 C:\Users\thyagesh93\Documents\NUS\IVLEDrive\EE2024 PROGRAMMING FOR COMPUTER INTERFACES\PROGRAMMING FOR COMPUTER INTERFACES\Assignment 2\Lib_MCU\Debug\libLib_MCU.a(lpc17xx_timer.o)
 .debug_macinfo
                0x0006e09c     0x99a3 C:\Users\thyagesh93\Documents\NUS\IVLEDrive\EE2024 PROGRAMMING FOR COMPUTER INTERFACES\PROGRAMMING FOR COMPUTER INTERFACES\Assignment 2\Lib_MCU\Debug\libLib_MCU.a(lpc17xx_uart.o)
 .debug_macinfo
                0x00077a3f     0x7f5d C:\Users\thyagesh93\Documents\NUS\IVLEDrive\EE2024 PROGRAMMING FOR COMPUTER INTERFACES\PROGRAMMING FOR COMPUTER INTERFACES\Assignment 2\Lib_MCU\Debug\libLib_MCU.a(lpc17xx_clkpwr.o)

.debug_frame    0x00000000     0x2c98
 .debug_frame   0x00000000      0x120 ./src/cr_startup_lpc17.o
 .debug_frame   0x00000120      0x640 ./src/main.o
 .debug_frame   0x00000760       0x48 C:\Users\thyagesh93\Documents\NUS\IVLEDrive\EE2024 PROGRAMMING FOR COMPUTER INTERFACES\PROGRAMMING FOR COMPUTER INTERFACES\Assignment 2\Lib_CMSISv1p30_LPC17xx\Debug\libCMSISv1p30_LPC17xx.a(system_LPC17xx.o)
 .debug_frame   0x000007a8      0x12c C:\Users\thyagesh93\Documents\NUS\IVLEDrive\EE2024 PROGRAMMING FOR COMPUTER INTERFACES\PROGRAMMING FOR COMPUTER INTERFACES\Assignment 2\Lib_EaBaseBoard\Debug\libLib_EaBaseBoard.a(acc.o)
 .debug_frame   0x000008d4       0x4c C:\Users\thyagesh93\Documents\NUS\IVLEDrive\EE2024 PROGRAMMING FOR COMPUTER INTERFACES\PROGRAMMING FOR COMPUTER INTERFACES\Assignment 2\Lib_EaBaseBoard\Debug\libLib_EaBaseBoard.a(led7seg.o)
 .debug_frame   0x00000920      0x208 C:\Users\thyagesh93\Documents\NUS\IVLEDrive\EE2024 PROGRAMMING FOR COMPUTER INTERFACES\PROGRAMMING FOR COMPUTER INTERFACES\Assignment 2\Lib_EaBaseBoard\Debug\libLib_EaBaseBoard.a(light.o)
 .debug_frame   0x00000b28      0x1fc C:\Users\thyagesh93\Documents\NUS\IVLEDrive\EE2024 PROGRAMMING FOR COMPUTER INTERFACES\PROGRAMMING FOR COMPUTER INTERFACES\Assignment 2\Lib_EaBaseBoard\Debug\libLib_EaBaseBoard.a(oled.o)
 .debug_frame   0x00000d24      0x1a8 C:\Users\thyagesh93\Documents\NUS\IVLEDrive\EE2024 PROGRAMMING FOR COMPUTER INTERFACES\PROGRAMMING FOR COMPUTER INTERFACES\Assignment 2\Lib_EaBaseBoard\Debug\libLib_EaBaseBoard.a(pca9532.o)
 .debug_frame   0x00000ecc       0x4c C:\Users\thyagesh93\Documents\NUS\IVLEDrive\EE2024 PROGRAMMING FOR COMPUTER INTERFACES\PROGRAMMING FOR COMPUTER INTERFACES\Assignment 2\Lib_EaBaseBoard\Debug\libLib_EaBaseBoard.a(rgb.o)
 .debug_frame   0x00000f18      0x2c4 C:\Users\thyagesh93\Documents\NUS\IVLEDrive\EE2024 PROGRAMMING FOR COMPUTER INTERFACES\PROGRAMMING FOR COMPUTER INTERFACES\Assignment 2\Lib_MCU\Debug\libLib_MCU.a(lpc17xx_gpio.o)
 .debug_frame   0x000011dc      0x2c8 C:\Users\thyagesh93\Documents\NUS\IVLEDrive\EE2024 PROGRAMMING FOR COMPUTER INTERFACES\PROGRAMMING FOR COMPUTER INTERFACES\Assignment 2\Lib_MCU\Debug\libLib_MCU.a(lpc17xx_i2c.o)
 .debug_frame   0x000014a4       0xbc C:\Users\thyagesh93\Documents\NUS\IVLEDrive\EE2024 PROGRAMMING FOR COMPUTER INTERFACES\PROGRAMMING FOR COMPUTER INTERFACES\Assignment 2\Lib_MCU\Debug\libLib_MCU.a(lpc17xx_pinsel.o)
 .debug_frame   0x00001560      0x280 C:\Users\thyagesh93\Documents\NUS\IVLEDrive\EE2024 PROGRAMMING FOR COMPUTER INTERFACES\PROGRAMMING FOR COMPUTER INTERFACES\Assignment 2\Lib_MCU\Debug\libLib_MCU.a(lpc17xx_ssp.o)
 .debug_frame   0x000017e0      0x22c C:\Users\thyagesh93\Documents\NUS\IVLEDrive\EE2024 PROGRAMMING FOR COMPUTER INTERFACES\PROGRAMMING FOR COMPUTER INTERFACES\Assignment 2\Lib_MCU\Debug\libLib_MCU.a(lpc17xx_timer.o)
 .debug_frame   0x00001a0c      0x44c C:\Users\thyagesh93\Documents\NUS\IVLEDrive\EE2024 PROGRAMMING FOR COMPUTER INTERFACES\PROGRAMMING FOR COMPUTER INTERFACES\Assignment 2\Lib_MCU\Debug\libLib_MCU.a(lpc17xx_uart.o)
 .debug_frame   0x00001e58      0x10c C:\Users\thyagesh93\Documents\NUS\IVLEDrive\EE2024 PROGRAMMING FOR COMPUTER INTERFACES\PROGRAMMING FOR COMPUTER INTERFACES\Assignment 2\Lib_MCU\Debug\libLib_MCU.a(lpc17xx_clkpwr.o)
 .debug_frame   0x00001f64       0x50 c:/nxp/lpcxpresso_3.6.3_317/tools/bin/../lib/gcc/arm-none-eabi/4.3.3/thumb2\libgcc.a(bpabi.o)
 .debug_frame   0x00001fb4       0x38 c:/nxp/lpcxpresso_3.6.3_317/tools/bin/../lib/gcc/arm-none-eabi/4.3.3/thumb2\libgcc.a(_divdi3.o)
 .debug_frame   0x00001fec       0x38 c:/nxp/lpcxpresso_3.6.3_317/tools/bin/../lib/gcc/arm-none-eabi/4.3.3/thumb2\libgcc.a(_udivdi3.o)
 .debug_frame   0x00002024       0x20 c:/nxp/lpcxpresso_3.6.3_317/tools/bin/../lib/gcc/arm-none-eabi/4.3.3/thumb2\libgcc.a(_udivsi3.o)
 .debug_frame   0x00002044       0x30 c:/nxp/lpcxpresso_3.6.3_317/tools/bin/../lib/gcc/arm-none-eabi/4.3.3/../../../../arm-none-eabi/lib/thumb2\libc.a(lib_a-memcpy.o)
 .debug_frame   0x00002074       0x28 c:/nxp/lpcxpresso_3.6.3_317/tools/bin/../lib/gcc/arm-none-eabi/4.3.3/../../../../arm-none-eabi/lib/thumb2\libc.a(lib_a-memset.o)
 .debug_frame   0x0000209c       0x5c c:/nxp/lpcxpresso_3.6.3_317/tools/bin/../lib/gcc/arm-none-eabi/4.3.3/../../../../arm-none-eabi/lib/thumb2\libc.a(lib_a-printf.o)
 .debug_frame   0x000020f8       0x58 c:/nxp/lpcxpresso_3.6.3_317/tools/bin/../lib/gcc/arm-none-eabi/4.3.3/../../../../arm-none-eabi/lib/thumb2\libc.a(lib_a-sprintf.o)
 .debug_frame   0x00002150       0x28 c:/nxp/lpcxpresso_3.6.3_317/tools/bin/../lib/gcc/arm-none-eabi/4.3.3/../../../../arm-none-eabi/lib/thumb2\libc.a(lib_a-strcat.o)
 .debug_frame   0x00002178       0x20 c:/nxp/lpcxpresso_3.6.3_317/tools/bin/../lib/gcc/arm-none-eabi/4.3.3/../../../../arm-none-eabi/lib/thumb2\libc.a(lib_a-strcpy.o)
 .debug_frame   0x00002198       0x20 c:/nxp/lpcxpresso_3.6.3_317/tools/bin/../lib/gcc/arm-none-eabi/4.3.3/../../../../arm-none-eabi/lib/thumb2\libc.a(lib_a-strlen.o)
 .debug_frame   0x000021b8       0x64 c:/nxp/lpcxpresso_3.6.3_317/tools/bin/../lib/gcc/arm-none-eabi/4.3.3/../../../../arm-none-eabi/lib/thumb2\libc.a(lib_a-svfprintf.o)
 .debug_frame   0x0000221c       0x74 c:/nxp/lpcxpresso_3.6.3_317/tools/bin/../lib/gcc/arm-none-eabi/4.3.3/../../../../arm-none-eabi/lib/thumb2\libc.a(lib_a-vfprintf.o)
 .debug_frame   0x00002290       0x2c c:/nxp/lpcxpresso_3.6.3_317/tools/bin/../lib/gcc/arm-none-eabi/4.3.3/../../../../arm-none-eabi/lib/thumb2\libc.a(lib_a-wsetup.o)
 .debug_frame   0x000022bc       0x64 c:/nxp/lpcxpresso_3.6.3_317/tools/bin/../lib/gcc/arm-none-eabi/4.3.3/../../../../arm-none-eabi/lib/thumb2\libc.a(lib_a-dtoa.o)
 .debug_frame   0x00002320       0x48 c:/nxp/lpcxpresso_3.6.3_317/tools/bin/../lib/gcc/arm-none-eabi/4.3.3/../../../../arm-none-eabi/lib/thumb2\libc.a(lib_a-fflush.o)
 .debug_frame   0x00002368      0x13c c:/nxp/lpcxpresso_3.6.3_317/tools/bin/../lib/gcc/arm-none-eabi/4.3.3/../../../../arm-none-eabi/lib/thumb2\libc.a(lib_a-findfp.o)
 .debug_frame   0x000024a4       0x50 c:/nxp/lpcxpresso_3.6.3_317/tools/bin/../lib/gcc/arm-none-eabi/4.3.3/../../../../arm-none-eabi/lib/thumb2\libc.a(lib_a-freer.o)
 .debug_frame   0x000024f4       0x38 c:/nxp/lpcxpresso_3.6.3_317/tools/bin/../lib/gcc/arm-none-eabi/4.3.3/../../../../arm-none-eabi/lib/thumb2\libc.a(lib_a-fvwrite.o)
 .debug_frame   0x0000252c       0x58 c:/nxp/lpcxpresso_3.6.3_317/tools/bin/../lib/gcc/arm-none-eabi/4.3.3/../../../../arm-none-eabi/lib/thumb2\libc.a(lib_a-fwalk.o)
 .debug_frame   0x00002584       0x74 c:/nxp/lpcxpresso_3.6.3_317/tools/bin/../lib/gcc/arm-none-eabi/4.3.3/../../../../arm-none-eabi/lib/thumb2\libc.a(lib_a-locale.o)
 .debug_frame   0x000025f8       0x30 c:/nxp/lpcxpresso_3.6.3_317/tools/bin/../lib/gcc/arm-none-eabi/4.3.3/../../../../arm-none-eabi/lib/thumb2\libc.a(lib_a-makebuf.o)
 .debug_frame   0x00002628       0x40 c:/nxp/lpcxpresso_3.6.3_317/tools/bin/../lib/gcc/arm-none-eabi/4.3.3/../../../../arm-none-eabi/lib/thumb2\libc.a(lib_a-malloc.o)
 .debug_frame   0x00002668       0x38 c:/nxp/lpcxpresso_3.6.3_317/tools/bin/../lib/gcc/arm-none-eabi/4.3.3/../../../../arm-none-eabi/lib/thumb2\libc.a(lib_a-mallocr.o)
 .debug_frame   0x000026a0       0x28 c:/nxp/lpcxpresso_3.6.3_317/tools/bin/../lib/gcc/arm-none-eabi/4.3.3/../../../../arm-none-eabi/lib/thumb2\libc.a(lib_a-memchr.o)
 .debug_frame   0x000026c8       0x2c c:/nxp/lpcxpresso_3.6.3_317/tools/bin/../lib/gcc/arm-none-eabi/4.3.3/../../../../arm-none-eabi/lib/thumb2\libc.a(lib_a-memmove.o)
 .debug_frame   0x000026f4       0x30 c:/nxp/lpcxpresso_3.6.3_317/tools/bin/../lib/gcc/arm-none-eabi/4.3.3/../../../../arm-none-eabi/lib/thumb2\libc.a(lib_a-mlock.o)
 .debug_frame   0x00002724      0x228 c:/nxp/lpcxpresso_3.6.3_317/tools/bin/../lib/gcc/arm-none-eabi/4.3.3/../../../../arm-none-eabi/lib/thumb2\libc.a(lib_a-mprec.o)
 .debug_frame   0x0000294c       0x38 c:/nxp/lpcxpresso_3.6.3_317/tools/bin/../lib/gcc/arm-none-eabi/4.3.3/../../../../arm-none-eabi/lib/thumb2\libc.a(lib_a-reallocr.o)
 .debug_frame   0x00002984       0x28 c:/nxp/lpcxpresso_3.6.3_317/tools/bin/../lib/gcc/arm-none-eabi/4.3.3/../../../../arm-none-eabi/lib/thumb2\libc.a(lib_a-s_isinfd.o)
 .debug_frame   0x000029ac       0x20 c:/nxp/lpcxpresso_3.6.3_317/tools/bin/../lib/gcc/arm-none-eabi/4.3.3/../../../../arm-none-eabi/lib/thumb2\libc.a(lib_a-s_isnand.o)
 .debug_frame   0x000029cc       0x2c c:/nxp/lpcxpresso_3.6.3_317/tools/bin/../lib/gcc/arm-none-eabi/4.3.3/../../../../arm-none-eabi/lib/thumb2\libc.a(lib_a-sbrkr.o)
 .debug_frame   0x000029f8       0x78 c:/nxp/lpcxpresso_3.6.3_317/tools/bin/../lib/gcc/arm-none-eabi/4.3.3/../../../../arm-none-eabi/lib/thumb2\libc.a(lib_a-stdio.o)
 .debug_frame   0x00002a70       0x30 c:/nxp/lpcxpresso_3.6.3_317/tools/bin/../lib/gcc/arm-none-eabi/4.3.3/../../../../arm-none-eabi/lib/thumb2\libc.a(lib_a-strcmp.o)
 .debug_frame   0x00002aa0       0x2c c:/nxp/lpcxpresso_3.6.3_317/tools/bin/../lib/gcc/arm-none-eabi/4.3.3/../../../../arm-none-eabi/lib/thumb2\libc.a(lib_a-writer.o)
 .debug_frame   0x00002acc       0x28 c:/nxp/lpcxpresso_3.6.3_317/tools/bin/../lib/gcc/arm-none-eabi/4.3.3/../../../../arm-none-eabi/lib/thumb2\libc.a(lib_a-callocr.o)
 .debug_frame   0x00002af4       0x2c c:/nxp/lpcxpresso_3.6.3_317/tools/bin/../lib/gcc/arm-none-eabi/4.3.3/../../../../arm-none-eabi/lib/thumb2\libc.a(lib_a-closer.o)
 .debug_frame   0x00002b20       0x44 c:/nxp/lpcxpresso_3.6.3_317/tools/bin/../lib/gcc/arm-none-eabi/4.3.3/../../../../arm-none-eabi/lib/thumb2\libc.a(lib_a-fclose.o)
 .debug_frame   0x00002b64       0x2c c:/nxp/lpcxpresso_3.6.3_317/tools/bin/../lib/gcc/arm-none-eabi/4.3.3/../../../../arm-none-eabi/lib/thumb2\libc.a(lib_a-fstatr.o)
 .debug_frame   0x00002b90       0x2c c:/nxp/lpcxpresso_3.6.3_317/tools/bin/../lib/gcc/arm-none-eabi/4.3.3/../../../../arm-none-eabi/lib/thumb2\libc.a(lib_a-isattyr.o)
 .debug_frame   0x00002bbc       0x2c c:/nxp/lpcxpresso_3.6.3_317/tools/bin/../lib/gcc/arm-none-eabi/4.3.3/../../../../arm-none-eabi/lib/thumb2\libc.a(lib_a-lseekr.o)
 .debug_frame   0x00002be8       0x2c c:/nxp/lpcxpresso_3.6.3_317/tools/bin/../lib/gcc/arm-none-eabi/4.3.3/../../../../arm-none-eabi/lib/thumb2\libc.a(lib_a-readr.o)
 .debug_frame   0x00002c14       0x64 c:/nxp/lpcxpresso_3.6.3_317/tools/bin/../lib/gcc/arm-none-eabi/4.3.3/../../../../arm-none-eabi/lib/thumb2\libc.a(lib_a-reent.o)
 .debug_frame   0x00002c78       0x20 c:/nxp/lpcxpresso_3.6.3_317/tools/bin/../lib/gcc/arm-none-eabi/4.3.3/../../../../arm-none-eabi/lib/thumb2\libc.a(lib_a-errno.o)

.debug_loc      0x00000000     0x345e
 .debug_loc     0x00000000      0x1e5 ./src/cr_startup_lpc17.o
 .debug_loc     0x000001e5      0xa66 ./src/main.o
 .debug_loc     0x00000c4b       0x56 C:\Users\thyagesh93\Documents\NUS\IVLEDrive\EE2024 PROGRAMMING FOR COMPUTER INTERFACES\PROGRAMMING FOR COMPUTER INTERFACES\Assignment 2\Lib_CMSISv1p30_LPC17xx\Debug\libCMSISv1p30_LPC17xx.a(system_LPC17xx.o)
 .debug_loc     0x00000ca1      0x1e7 C:\Users\thyagesh93\Documents\NUS\IVLEDrive\EE2024 PROGRAMMING FOR COMPUTER INTERFACES\PROGRAMMING FOR COMPUTER INTERFACES\Assignment 2\Lib_EaBaseBoard\Debug\libLib_EaBaseBoard.a(acc.o)
 .debug_loc     0x00000e88       0x62 C:\Users\thyagesh93\Documents\NUS\IVLEDrive\EE2024 PROGRAMMING FOR COMPUTER INTERFACES\PROGRAMMING FOR COMPUTER INTERFACES\Assignment 2\Lib_EaBaseBoard\Debug\libLib_EaBaseBoard.a(led7seg.o)
 .debug_loc     0x00000eea      0x368 C:\Users\thyagesh93\Documents\NUS\IVLEDrive\EE2024 PROGRAMMING FOR COMPUTER INTERFACES\PROGRAMMING FOR COMPUTER INTERFACES\Assignment 2\Lib_EaBaseBoard\Debug\libLib_EaBaseBoard.a(light.o)
 .debug_loc     0x00001252      0x331 C:\Users\thyagesh93\Documents\NUS\IVLEDrive\EE2024 PROGRAMMING FOR COMPUTER INTERFACES\PROGRAMMING FOR COMPUTER INTERFACES\Assignment 2\Lib_EaBaseBoard\Debug\libLib_EaBaseBoard.a(oled.o)
 .debug_loc     0x00001583      0x2c3 C:\Users\thyagesh93\Documents\NUS\IVLEDrive\EE2024 PROGRAMMING FOR COMPUTER INTERFACES\PROGRAMMING FOR COMPUTER INTERFACES\Assignment 2\Lib_EaBaseBoard\Debug\libLib_EaBaseBoard.a(pca9532.o)
 .debug_loc     0x00001846       0x62 C:\Users\thyagesh93\Documents\NUS\IVLEDrive\EE2024 PROGRAMMING FOR COMPUTER INTERFACES\PROGRAMMING FOR COMPUTER INTERFACES\Assignment 2\Lib_EaBaseBoard\Debug\libLib_EaBaseBoard.a(rgb.o)
 .debug_loc     0x000018a8      0x4ba C:\Users\thyagesh93\Documents\NUS\IVLEDrive\EE2024 PROGRAMMING FOR COMPUTER INTERFACES\PROGRAMMING FOR COMPUTER INTERFACES\Assignment 2\Lib_MCU\Debug\libLib_MCU.a(lpc17xx_gpio.o)
 .debug_loc     0x00001d62      0x4cd C:\Users\thyagesh93\Documents\NUS\IVLEDrive\EE2024 PROGRAMMING FOR COMPUTER INTERFACES\PROGRAMMING FOR COMPUTER INTERFACES\Assignment 2\Lib_MCU\Debug\libLib_MCU.a(lpc17xx_i2c.o)
 .debug_loc     0x0000222f      0x14a C:\Users\thyagesh93\Documents\NUS\IVLEDrive\EE2024 PROGRAMMING FOR COMPUTER INTERFACES\PROGRAMMING FOR COMPUTER INTERFACES\Assignment 2\Lib_MCU\Debug\libLib_MCU.a(lpc17xx_pinsel.o)
 .debug_loc     0x00002379      0x434 C:\Users\thyagesh93\Documents\NUS\IVLEDrive\EE2024 PROGRAMMING FOR COMPUTER INTERFACES\PROGRAMMING FOR COMPUTER INTERFACES\Assignment 2\Lib_MCU\Debug\libLib_MCU.a(lpc17xx_ssp.o)
 .debug_loc     0x000027ad      0x3a7 C:\Users\thyagesh93\Documents\NUS\IVLEDrive\EE2024 PROGRAMMING FOR COMPUTER INTERFACES\PROGRAMMING FOR COMPUTER INTERFACES\Assignment 2\Lib_MCU\Debug\libLib_MCU.a(lpc17xx_timer.o)
 .debug_loc     0x00002b54      0x757 C:\Users\thyagesh93\Documents\NUS\IVLEDrive\EE2024 PROGRAMMING FOR COMPUTER INTERFACES\PROGRAMMING FOR COMPUTER INTERFACES\Assignment 2\Lib_MCU\Debug\libLib_MCU.a(lpc17xx_uart.o)
 .debug_loc     0x000032ab      0x1b3 C:\Users\thyagesh93\Documents\NUS\IVLEDrive\EE2024 PROGRAMMING FOR COMPUTER INTERFACES\PROGRAMMING FOR COMPUTER INTERFACES\Assignment 2\Lib_MCU\Debug\libLib_MCU.a(lpc17xx_clkpwr.o)

.debug_pubnames
                0x00000000     0x17b0
 .debug_pubnames
                0x00000000       0xfd ./src/cr_startup_lpc17.o
 .debug_pubnames
                0x000000fd      0x87a ./src/main.o
 .debug_pubnames
                0x00000977       0x4f C:\Users\thyagesh93\Documents\NUS\IVLEDrive\EE2024 PROGRAMMING FOR COMPUTER INTERFACES\PROGRAMMING FOR COMPUTER INTERFACES\Assignment 2\Lib_CMSISv1p30_LPC17xx\Debug\libCMSISv1p30_LPC17xx.a(system_LPC17xx.o)
 .debug_pubnames
                0x000009c6       0x4d C:\Users\thyagesh93\Documents\NUS\IVLEDrive\EE2024 PROGRAMMING FOR COMPUTER INTERFACES\PROGRAMMING FOR COMPUTER INTERFACES\Assignment 2\Lib_EaBaseBoard\Debug\libLib_EaBaseBoard.a(acc.o)
 .debug_pubnames
                0x00000a13       0x37 C:\Users\thyagesh93\Documents\NUS\IVLEDrive\EE2024 PROGRAMMING FOR COMPUTER INTERFACES\PROGRAMMING FOR COMPUTER INTERFACES\Assignment 2\Lib_EaBaseBoard\Debug\libLib_EaBaseBoard.a(led7seg.o)
 .debug_pubnames
                0x00000a4a      0x107 C:\Users\thyagesh93\Documents\NUS\IVLEDrive\EE2024 PROGRAMMING FOR COMPUTER INTERFACES\PROGRAMMING FOR COMPUTER INTERFACES\Assignment 2\Lib_EaBaseBoard\Debug\libLib_EaBaseBoard.a(light.o)
 .debug_pubnames
                0x00000b51       0xa9 C:\Users\thyagesh93\Documents\NUS\IVLEDrive\EE2024 PROGRAMMING FOR COMPUTER INTERFACES\PROGRAMMING FOR COMPUTER INTERFACES\Assignment 2\Lib_EaBaseBoard\Debug\libLib_EaBaseBoard.a(oled.o)
 .debug_pubnames
                0x00000bfa       0xef C:\Users\thyagesh93\Documents\NUS\IVLEDrive\EE2024 PROGRAMMING FOR COMPUTER INTERFACES\PROGRAMMING FOR COMPUTER INTERFACES\Assignment 2\Lib_EaBaseBoard\Debug\libLib_EaBaseBoard.a(pca9532.o)
 .debug_pubnames
                0x00000ce9       0x2f C:\Users\thyagesh93\Documents\NUS\IVLEDrive\EE2024 PROGRAMMING FOR COMPUTER INTERFACES\PROGRAMMING FOR COMPUTER INTERFACES\Assignment 2\Lib_EaBaseBoard\Debug\libLib_EaBaseBoard.a(rgb.o)
 .debug_pubnames
                0x00000d18       0x1e C:\Users\thyagesh93\Documents\NUS\IVLEDrive\EE2024 PROGRAMMING FOR COMPUTER INTERFACES\PROGRAMMING FOR COMPUTER INTERFACES\Assignment 2\Lib_EaBaseBoard\Debug\libLib_EaBaseBoard.a(font5x7.o)
 .debug_pubnames
                0x00000d36      0x196 C:\Users\thyagesh93\Documents\NUS\IVLEDrive\EE2024 PROGRAMMING FOR COMPUTER INTERFACES\PROGRAMMING FOR COMPUTER INTERFACES\Assignment 2\Lib_MCU\Debug\libLib_MCU.a(lpc17xx_gpio.o)
 .debug_pubnames
                0x00000ecc      0x165 C:\Users\thyagesh93\Documents\NUS\IVLEDrive\EE2024 PROGRAMMING FOR COMPUTER INTERFACES\PROGRAMMING FOR COMPUTER INTERFACES\Assignment 2\Lib_MCU\Debug\libLib_MCU.a(lpc17xx_i2c.o)
 .debug_pubnames
                0x00001031       0xa6 C:\Users\thyagesh93\Documents\NUS\IVLEDrive\EE2024 PROGRAMMING FOR COMPUTER INTERFACES\PROGRAMMING FOR COMPUTER INTERFACES\Assignment 2\Lib_MCU\Debug\libLib_MCU.a(lpc17xx_pinsel.o)
 .debug_pubnames
                0x000010d7      0x17f C:\Users\thyagesh93\Documents\NUS\IVLEDrive\EE2024 PROGRAMMING FOR COMPUTER INTERFACES\PROGRAMMING FOR COMPUTER INTERFACES\Assignment 2\Lib_MCU\Debug\libLib_MCU.a(lpc17xx_ssp.o)
 .debug_pubnames
                0x00001256      0x17a C:\Users\thyagesh93\Documents\NUS\IVLEDrive\EE2024 PROGRAMMING FOR COMPUTER INTERFACES\PROGRAMMING FOR COMPUTER INTERFACES\Assignment 2\Lib_MCU\Debug\libLib_MCU.a(lpc17xx_timer.o)
 .debug_pubnames
                0x000013d0      0x325 C:\Users\thyagesh93\Documents\NUS\IVLEDrive\EE2024 PROGRAMMING FOR COMPUTER INTERFACES\PROGRAMMING FOR COMPUTER INTERFACES\Assignment 2\Lib_MCU\Debug\libLib_MCU.a(lpc17xx_uart.o)
 .debug_pubnames
                0x000016f5       0xbb C:\Users\thyagesh93\Documents\NUS\IVLEDrive\EE2024 PROGRAMMING FOR COMPUTER INTERFACES\PROGRAMMING FOR COMPUTER INTERFACES\Assignment 2\Lib_MCU\Debug\libLib_MCU.a(lpc17xx_clkpwr.o)
