Archive member included because of file (symbol)

C:\Users\thyagesh93\Documents\NUS\IVLEDrive\EE2024 PROGRAMMING FOR COMPUTER INTERFACES\PROGRAMMING FOR COMPUTER INTERFACES\Assignment 2\Lib_CMSISv1p30_LPC17xx\Debug\libCMSISv1p30_LPC17xx.a(system_LPC17xx.o)
                              ./src/main.o (SystemCoreClock)
C:\Users\thyagesh93\Documents\NUS\IVLEDrive\EE2024 PROGRAMMING FOR COMPUTER INTERFACES\PROGRAMMING FOR COMPUTER INTERFACES\Assignment 2\Lib_EaBaseBoard\Debug\libLib_EaBaseBoard.a(acc.o)
                              ./src/main.o (acc_init)
C:\Users\thyagesh93\Documents\NUS\IVLEDrive\EE2024 PROGRAMMING FOR COMPUTER INTERFACES\PROGRAMMING FOR COMPUTER INTERFACES\Assignment 2\Lib_EaBaseBoard\Debug\libLib_EaBaseBoard.a(led7seg.o)
                              ./src/main.o (led7seg_init)
C:\Users\thyagesh93\Documents\NUS\IVLEDrive\EE2024 PROGRAMMING FOR COMPUTER INTERFACES\PROGRAMMING FOR COMPUTER INTERFACES\Assignment 2\Lib_EaBaseBoard\Debug\libLib_EaBaseBoard.a(light.o)
                              ./src/main.o (light_init)
C:\Users\thyagesh93\Documents\NUS\IVLEDrive\EE2024 PROGRAMMING FOR COMPUTER INTERFACES\PROGRAMMING FOR COMPUTER INTERFACES\Assignment 2\Lib_EaBaseBoard\Debug\libLib_EaBaseBoard.a(oled.o)
                              ./src/main.o (oled_init)
C:\Users\thyagesh93\Documents\NUS\IVLEDrive\EE2024 PROGRAMMING FOR COMPUTER INTERFACES\PROGRAMMING FOR COMPUTER INTERFACES\Assignment 2\Lib_EaBaseBoard\Debug\libLib_EaBaseBoard.a(pca9532.o)
                              ./src/main.o (pca9532_init)
C:\Users\thyagesh93\Documents\NUS\IVLEDrive\EE2024 PROGRAMMING FOR COMPUTER INTERFACES\PROGRAMMING FOR COMPUTER INTERFACES\Assignment 2\Lib_EaBaseBoard\Debug\libLib_EaBaseBoard.a(rgb.o)
                              ./src/main.o (rgb_init)
C:\Users\thyagesh93\Documents\NUS\IVLEDrive\EE2024 PROGRAMMING FOR COMPUTER INTERFACES\PROGRAMMING FOR COMPUTER INTERFACES\Assignment 2\Lib_EaBaseBoard\Debug\libLib_EaBaseBoard.a(font5x7.o)
                              C:\Users\thyagesh93\Documents\NUS\IVLEDrive\EE2024 PROGRAMMING FOR COMPUTER INTERFACES\PROGRAMMING FOR COMPUTER INTERFACES\Assignment 2\Lib_EaBaseBoard\Debug\libLib_EaBaseBoard.a(oled.o) (font5x7)
C:\Users\thyagesh93\Documents\NUS\IVLEDrive\EE2024 PROGRAMMING FOR COMPUTER INTERFACES\PROGRAMMING FOR COMPUTER INTERFACES\Assignment 2\Lib_MCU\Debug\libLib_MCU.a(lpc17xx_gpio.o)
                              ./src/main.o (GPIO_SetDir)
C:\Users\thyagesh93\Documents\NUS\IVLEDrive\EE2024 PROGRAMMING FOR COMPUTER INTERFACES\PROGRAMMING FOR COMPUTER INTERFACES\Assignment 2\Lib_MCU\Debug\libLib_MCU.a(lpc17xx_i2c.o)
                              ./src/main.o (I2C_Init)
C:\Users\thyagesh93\Documents\NUS\IVLEDrive\EE2024 PROGRAMMING FOR COMPUTER INTERFACES\PROGRAMMING FOR COMPUTER INTERFACES\Assignment 2\Lib_MCU\Debug\libLib_MCU.a(lpc17xx_pinsel.o)
                              ./src/main.o (PINSEL_ConfigPin)
C:\Users\thyagesh93\Documents\NUS\IVLEDrive\EE2024 PROGRAMMING FOR COMPUTER INTERFACES\PROGRAMMING FOR COMPUTER INTERFACES\Assignment 2\Lib_MCU\Debug\libLib_MCU.a(lpc17xx_ssp.o)
                              ./src/main.o (SSP_Init)
C:\Users\thyagesh93\Documents\NUS\IVLEDrive\EE2024 PROGRAMMING FOR COMPUTER INTERFACES\PROGRAMMING FOR COMPUTER INTERFACES\Assignment 2\Lib_MCU\Debug\libLib_MCU.a(lpc17xx_timer.o)
                              ./src/main.o (TIM_ClearIntPending)
C:\Users\thyagesh93\Documents\NUS\IVLEDrive\EE2024 PROGRAMMING FOR COMPUTER INTERFACES\PROGRAMMING FOR COMPUTER INTERFACES\Assignment 2\Lib_MCU\Debug\libLib_MCU.a(lpc17xx_uart.o)
                              ./src/main.o (UART_TxCmd)
C:\Users\thyagesh93\Documents\NUS\IVLEDrive\EE2024 PROGRAMMING FOR COMPUTER INTERFACES\PROGRAMMING FOR COMPUTER INTERFACES\Assignment 2\Lib_MCU\Debug\libLib_MCU.a(lpc17xx_clkpwr.o)
                              C:\Users\thyagesh93\Documents\NUS\IVLEDrive\EE2024 PROGRAMMING FOR COMPUTER INTERFACES\PROGRAMMING FOR COMPUTER INTERFACES\Assignment 2\Lib_MCU\Debug\libLib_MCU.a(lpc17xx_i2c.o) (CLKPWR_SetPCLKDiv)
c:/nxp/lpcxpresso_3.6.3_317/tools/bin/../lib/gcc/arm-none-eabi/4.3.3/thumb2\libgcc.a(_arm_addsubdf3.o)
                              ./src/main.o (__aeabi_i2d)
c:/nxp/lpcxpresso_3.6.3_317/tools/bin/../lib/gcc/arm-none-eabi/4.3.3/thumb2\libgcc.a(_arm_muldivdf3.o)
                              ./src/main.o (__aeabi_dmul)
c:/nxp/lpcxpresso_3.6.3_317/tools/bin/../lib/gcc/arm-none-eabi/4.3.3/thumb2\libgcc.a(_arm_truncdfsf2.o)
                              ./src/main.o (__aeabi_d2f)
c:/nxp/lpcxpresso_3.6.3_317/tools/bin/../lib/gcc/arm-none-eabi/4.3.3/thumb2\libgcc.a(_arm_addsubsf3.o)
                              ./src/main.o (__aeabi_i2f)
c:/nxp/lpcxpresso_3.6.3_317/tools/bin/../lib/gcc/arm-none-eabi/4.3.3/thumb2\libgcc.a(_arm_cmpsf2.o)
                              ./src/main.o (__aeabi_fcmplt)
c:/nxp/lpcxpresso_3.6.3_317/tools/bin/../lib/gcc/arm-none-eabi/4.3.3/thumb2\libgcc.a(_aeabi_uldivmod.o)
[...]
Memory Configuration

Name             Origin             Length             Attributes
MFlash512        0x00000000         0x00020000         xr
RamLoc32         0x10000000         0x00008000         xrw
RamAHB32         0x2007c000         0x00008000         xrw
CANAccFilterRAM  0x40038000         0x00000800         xrw
*default*        0x00000000         0xffffffff

Linker script and memory map

LOAD ./src/cr_startup_lpc17.o
LOAD ./src/main.o
LOAD C:\Users\thyagesh93\Documents\NUS\IVLEDrive\EE2024 PROGRAMMING FOR COMPUTER INTERFACES\PROGRAMMING FOR COMPUTER INTERFACES\Assignment 2\Lib_CMSISv1p30_LPC17xx\Debug\libCMSISv1p30_LPC17xx.a
LOAD C:\Users\thyagesh93\Documents\NUS\IVLEDrive\EE2024 PROGRAMMING FOR COMPUTER INTERFACES\PROGRAMMING FOR COMPUTER INTERFACES\Assignment 2\Lib_EaBaseBoard\Debug\libLib_EaBaseBoard.a
LOAD C:\Users\thyagesh93\Documents\NUS\IVLEDrive\EE2024 PROGRAMMING FOR COMPUTER INTERFACES\PROGRAMMING FOR COMPUTER INTERFACES\Assignment 2\Lib_MCU\Debug\libLib_MCU.a
START GROUP
LOAD c:/nxp/lpcxpresso_3.6.3_317/tools/bin/../lib/gcc/arm-none-eabi/4.3.3/thumb2\libgcc.a
LOAD c:/nxp/lpcxpresso_3.6.3_317/tools/bin/../lib/gcc/arm-none-eabi/4.3.3/../../../../arm-none-eabi/lib/thumb2\libc.a
LOAD c:/nxp/lpcxpresso_3.6.3_317/tools/bin/../lib/gcc/arm-none-eabi/4.3.3/../../../../arm-none-eabi/lib/thumb2\libm.a
LOAD c:/nxp/lpcxpresso_3.6.3_317/tools/bin/../lib/gcc/arm-none-eabi/4.3.3/../../../../arm-none-eabi/lib/thumb2\libcr_newlib_semihost.a
END GROUP
                0x00080000                __top_MFlash512 = 0x80000
                0x10008000                __top_RamLoc32 = 0x10008000
                0x20084000                __top_RamAHB32 = 0x20084000
                0x40038800                __top_CANAccFilterRAM = 0x40038800

.text           0x00000000     0xc8d4
 FILL mask 0xff
 *(.isr_vector)
 .isr_vector    0x00000000       0xcc ./src/cr_startup_lpc17.o
                0x00000000                g_pfnVectors
                0x000000cc                . = ALIGN (0x4)
                0x000000cc                __section_table_start = .
                0x000000cc                __data_section_table = .
                0x000000cc        0x4 LONG 0xc8dc LOADADDR (.data)
                0x000000d0        0x4 LONG 0x10000000 ADDR (.data)
                0x000000d4        0x4 LONG 0x56c SIZEOF (.data)
                0x000000d8        0x4 LONG 0xc8dc LOADADDR (.data_RAM2)
                0x000000dc        0x4 LONG 0x2007c000 ADDR (.data_RAM2)
                0x000000e0        0x4 LONG 0x0 SIZEOF (.data_RAM2)
                0x000000e4        0x4 LONG 0xc8dc LOADADDR (.data_RAM3)
                0x000000e8        0x4 LONG 0x40038000 ADDR (.data_RAM3)
                0x000000ec        0x4 LONG 0x0 SIZEOF (.data_RAM3)
                0x000000f0                __data_section_table_end = .
                0x000000f0                __bss_section_table = .
                0x000000f0        0x4 LONG 0x1000056c ADDR (.bss)
                0x000000f4        0x4 LONG 0x474 SIZEOF (.bss)
                0x000000f8        0x4 LONG 0x2007c000 ADDR (.bss_RAM2)
                0x000000fc        0x4 LONG 0x0 SIZEOF (.bss_RAM2)
                0x00000100        0x4 LONG 0x40038000 ADDR (.bss_RAM3)
                0x00000104        0x4 LONG 0x0 SIZEOF (.bss_RAM3)
                0x00000108                __bss_section_table_end = .
                0x00000108                __section_table_end = .
 *(.after_vectors*)
 *(.text*)
 .text.ResetISR
                0x00000108       0x68 ./src/cr_startup_lpc17.o
                0x00000108                ResetISR
 .text.NMI_Handler
                0x00000170        0x8 ./src/cr_startup_lpc17.o
                0x00000170                NMI_Handler
 .text.HardFault_Handler
                0x00000178        0x8 ./src/cr_startup_lpc17.o
                0x00000178                HardFault_Handler
 .text.MemManage_Handler
                0x00000180        0x8 ./src/cr_startup_lpc17.o
                0x00000180                MemManage_Handler
 .text.BusFault_Handler
                0x00000188        0x8 ./src/cr_startup_lpc17.o
                0x00000188                BusFault_Handler
 .text.UsageFault_Handler
                0x00000190        0x8 ./src/cr_startup_lpc17.o
                0x00000190                UsageFault_Handler
 .text.SVCall_Handler
                0x00000198        0x8 ./src/cr_startup_lpc17.o
                0x00000198                SVCall_Handler
 .text.DebugMon_Handler
                0x000001a0        0x8 ./src/cr_startup_lpc17.o
                0x000001a0                DebugMon_Handler
 .text.PendSV_Handler
                0x000001a8        0x8 ./src/cr_startup_lpc17.o
                0x000001a8                PendSV_Handler
 .text.IntDefaultHandler
                0x000001b0        0x8 ./src/cr_startup_lpc17.o
                0x000001b0                RIT_IRQHandler
                0x000001b0                I2C0_IRQHandler
                0x000001b0                USBActivity_IRQHandler
                0x000001b0                PWM1_IRQHandler
                0x000001b0                I2C1_IRQHandler
                0x000001b0                EINT2_IRQHandler
                0x000001b0                UART1_IRQHandler
                0x000001b0                CANActivity_IRQHandler
                0x000001b0                TIMER3_IRQHandler
                0x000001b0                UART0_IRQHandler
                0x000001b0                IntDefaultHandler
                0x000001b0                PLL0_IRQHandler
                0x000001b0                CAN_IRQHandler
                0x000001b0                PLL1_IRQHandler
                0x000001b0                SSP0_IRQHandler
                0x000001b0                I2S_IRQHandler
                0x000001b0                I2C2_IRQHandler
                0x000001b0                RTC_IRQHandler
                0x000001b0                TIMER0_IRQHandler
                0x000001b0                SPI_IRQHandler
                0x000001b0                EINT1_IRQHandler
                0x000001b0                UART2_IRQHandler
                0x000001b0                ADC_IRQHandler
                0x000001b0                SSP1_IRQHandler
                0x000001b0                USB_IRQHandler
                0x000001b0                BOD_IRQHandler
                0x000001b0                WDT_IRQHandler
                0x000001b0                QEI_IRQHandler
                0x000001b0                DMA_IRQHandler
                0x000001b0                UART3_IRQHandler
                0x000001b0                MCPWM_IRQHandler
                0x000001b0                ENET_IRQHandler
 .text.initAllPeripherals
                0x000001b8       0x8c ./src/main.o
                0x000001b8                initAllPeripherals
 .text.NVIC_ClearPendingIRQ
                0x00000244       0x3c ./src/main.o
 .text.NVIC_EnableIRQ
                0x00000280       0x38 ./src/main.o
 .text.init_ssp
                0x000002b8       0xa0 ./src/main.o
 .text.init_i2c
                0x00000358       0x60 ./src/main.o
 .text.init_GPIO
                0x000003b8      0x118 ./src/main.o
 .text.init_buzzer
                0x000004d0       0x8c ./src/main.o
                0x000004d0                init_buzzer
 .text.init_uart
                0x0000055c       0x48 ./src/main.o
                0x0000055c                init_uart
 .text.NVIC_SetPriority
                0x000005a4       0x5c ./src/main.o
 .text.SysTick_Handler
                0x00000600      0x250 ./src/main.o
                0x00000600                SysTick_Handler
 .text.EINT0_IRQHandler
                0x00000850       0x34 ./src/main.o
                0x00000850                EINT0_IRQHandler
 .text.EINT3_IRQHandler
                0x00000884      0x218 ./src/main.o
                0x00000884                EINT3_IRQHandler
 .text.TIMER2_IRQHandler
                0x00000a9c       0x30 ./src/main.o
                0x00000a9c                TIMER2_IRQHandler
 .text.TIMER1_IRQHandler
                0x00000acc       0x74 ./src/main.o
                0x00000acc                TIMER1_IRQHandler
 .text.oneSecondHandler
                0x00000b40       0x1c ./src/main.o
                0x00000b40                oneSecondHandler
 .text.getMsTicks
                0x00000b5c       0x18 ./src/main.o
                0x00000b5c                getMsTicks
 .text.updateAccReading
                0x00000b74       0xa4 ./src/main.o
                0x00000b74                updateAccReading
 .text.updateFreqCounter
                0x00000c18      0x3d0 ./src/main.o
                0x00000c18                updateFreqCounter
 .text.decrementCount
                0x00000fe8       0x78 ./src/main.o
                0x00000fe8                decrementCount
 .text.toStringInt
                0x00001060       0x24 ./src/main.o
                0x00001060                toStringInt
 .text.rgb_setLeds_OledHack
                0x00001084       0x20 ./src/main.o
                0x00001084                rgb_setLeds_OledHack
 .text.main     0x000010a4       0xf0 ./src/main.o
                0x000010a4                main
 .text.SysTick_Config
                0x00001194       0x68 ./src/main.o
 .text.check_failed
                0x000011fc        0xc ./src/main.o
                0x000011fc                check_failed
 .text.SystemInit
                0x00001208      0x224 C:\Users\thyagesh93\Documents\NUS\IVLEDrive\EE2024 PROGRAMMING FOR COMPUTER INTERFACES\PROGRAMMING FOR COMPUTER INTERFACES\Assignment 2\Lib_CMSISv1p30_LPC17xx\Debug\libCMSISv1p30_LPC17xx.a(system_LPC17xx.o)
                0x00001208                SystemInit
 .text.I2CRead  0x0000142c       0x64 C:\Users\thyagesh93\Documents\NUS\IVLEDrive\EE2024 PROGRAMMING FOR COMPUTER INTERFACES\PROGRAMMING FOR COMPUTER INTERFACES\Assignment 2\Lib_EaBaseBoard\Debug\libLib_EaBaseBoard.a(acc.o)
 .text.I2CWrite
                0x00001490       0x64 C:\Users\thyagesh93\Documents\NUS\IVLEDrive\EE2024 PROGRAMMING FOR COMPUTER INTERFACES\PROGRAMMING FOR COMPUTER INTERFACES\Assignment 2\Lib_EaBaseBoard\Debug\libLib_EaBaseBoard.a(acc.o)
 .text.getStatus
                0x000014f4       0x3c C:\Users\thyagesh93\Documents\NUS\IVLEDrive\EE2024 PROGRAMMING FOR COMPUTER INTERFACES\PROGRAMMING FOR COMPUTER INTERFACES\Assignment 2\Lib_EaBaseBoard\Debug\libLib_EaBaseBoard.a(acc.o)
 .text.setModeControl
                0x00001530       0x30 C:\Users\thyagesh93\Documents\NUS\IVLEDrive\EE2024 PROGRAMMING FOR COMPUTER INTERFACES\PROGRAMMING FOR COMPUTER INTERFACES\Assignment 2\Lib_EaBaseBoard\Debug\libLib_EaBaseBoard.a(acc.o)
 .text.acc_init
                0x00001560       0x10 C:\Users\thyagesh93\Documents\NUS\IVLEDrive\EE2024 PROGRAMMING FOR COMPUTER INTERFACES\PROGRAMMING FOR COMPUTER INTERFACES\Assignment 2\Lib_EaBaseBoard\Debug\libLib_EaBaseBoard.a(acc.o)
                0x00001560                acc_init
 .text.acc_read
                0x00001570       0xb4 C:\Users\thyagesh93\Documents\NUS\IVLEDrive\EE2024 PROGRAMMING FOR COMPUTER INTERFACES\PROGRAMMING FOR COMPUTER INTERFACES\Assignment 2\Lib_EaBaseBoard\Debug\libLib_EaBaseBoard.a(acc.o)
                0x00001570                acc_read
 .text.led7seg_init
                0x00001624       0x24 C:\Users\thyagesh93\Documents\NUS\IVLEDrive\EE2024 PROGRAMMING FOR COMPUTER INTERFACES\PROGRAMMING FOR COMPUTER INTERFACES\Assignment 2\Lib_EaBaseBoard\Debug\libLib_EaBaseBoard.a(led7seg.o)
                0x00001624                led7seg_init
 .text.led7seg_setChar
                0x00001648       0x88 C:\Users\thyagesh93\Documents\NUS\IVLEDrive\EE2024 PROGRAMMING FOR COMPUTER INTERFACES\PROGRAMMING FOR COMPUTER INTERFACES\Assignment 2\Lib_EaBaseBoard\Debug\libLib_EaBaseBoard.a(led7seg.o)
                0x00001648                led7seg_setChar
 .text.I2CRead  0x000016d0       0x64 C:\Users\thyagesh93\Documents\NUS\IVLEDrive\EE2024 PROGRAMMING FOR COMPUTER INTERFACES\PROGRAMMING FOR COMPUTER INTERFACES\Assignment 2\Lib_EaBaseBoard\Debug\libLib_EaBaseBoard.a(light.o)
 .text.I2CWrite
                0x00001734       0x64 C:\Users\thyagesh93\Documents\NUS\IVLEDrive\EE2024 PROGRAMMING FOR COMPUTER INTERFACES\PROGRAMMING FOR COMPUTER INTERFACES\Assignment 2\Lib_EaBaseBoard\Debug\libLib_EaBaseBoard.a(light.o)
 .text.readControlReg
                0x00001798       0x3c C:\Users\thyagesh93\Documents\NUS\IVLEDrive\EE2024 PROGRAMMING FOR COMPUTER INTERFACES\PROGRAMMING FOR COMPUTER INTERFACES\Assignment 2\Lib_EaBaseBoard\Debug\libLib_EaBaseBoard.a(light.o)
 .text.light_init
                0x000017d4        0xc C:\Users\thyagesh93\Documents\NUS\IVLEDrive\EE2024 PROGRAMMING FOR COMPUTER INTERFACES\PROGRAMMING FOR COMPUTER INTERFACES\Assignment 2\Lib_EaBaseBoard\Debug\libLib_EaBaseBoard.a(light.o)
                0x000017d4                light_init
 .text.light_enable
                0x000017e0       0x48 C:\Users\thyagesh93\Documents\NUS\IVLEDrive\EE2024 PROGRAMMING FOR COMPUTER INTERFACES\PROGRAMMING FOR COMPUTER INTERFACES\Assignment 2\Lib_EaBaseBoard\Debug\libLib_EaBaseBoard.a(light.o)
                0x000017e0                light_enable
 .text.light_setRange
                0x00001828       0xb0 C:\Users\thyagesh93\Documents\NUS\IVLEDrive\EE2024 PROGRAMMING FOR COMPUTER INTERFACES\PROGRAMMING FOR COMPUTER INTERFACES\Assignment 2\Lib_EaBaseBoard\Debug\libLib_EaBaseBoard.a(light.o)
                0x00001828                light_setRange
 .text.light_setHiThreshold
                0x000018d8       0x58 C:\Users\thyagesh93\Documents\NUS\IVLEDrive\EE2024 PROGRAMMING FOR COMPUTER INTERFACES\PROGRAMMING FOR COMPUTER INTERFACES\Assignment 2\Lib_EaBaseBoard\Debug\libLib_EaBaseBoard.a(light.o)
                0x000018d8                light_setHiThreshold
 .text.light_setLoThreshold
                0x00001930       0x58 C:\Users\thyagesh93\Documents\NUS\IVLEDrive\EE2024 PROGRAMMING FOR COMPUTER INTERFACES\PROGRAMMING FOR COMPUTER INTERFACES\Assignment 2\Lib_EaBaseBoard\Debug\libLib_EaBaseBoard.a(light.o)
                0x00001930                light_setLoThreshold
 .text.light_clearIrqStatus
                0x00001988       0x3c C:\Users\thyagesh93\Documents\NUS\IVLEDrive\EE2024 PROGRAMMING FOR COMPUTER INTERFACES\PROGRAMMING FOR COMPUTER INTERFACES\Assignment 2\Lib_EaBaseBoard\Debug\libLib_EaBaseBoard.a(light.o)
                0x00001988                light_clearIrqStatus
 .text.writeCommand
                0x000019c4       0x60 C:\Users\thyagesh93\Documents\NUS\IVLEDrive\EE2024 PROGRAMMING FOR COMPUTER INTERFACES\PROGRAMMING FOR COMPUTER INTERFACES\Assignment 2\Lib_EaBaseBoard\Debug\libLib_EaBaseBoard.a(oled.o)
 .text.writeDataLen
                0x00001a24       0x90 C:\Users\thyagesh93\Documents\NUS\IVLEDrive\EE2024 PROGRAMMING FOR COMPUTER INTERFACES\PROGRAMMING FOR COMPUTER INTERFACES\Assignment 2\Lib_EaBaseBoard\Debug\libLib_EaBaseBoard.a(oled.o)
 .text.runInitSequence
                0x00001ab4      0x118 C:\Users\thyagesh93\Documents\NUS\IVLEDrive\EE2024 PROGRAMMING FOR COMPUTER INTERFACES\PROGRAMMING FOR COMPUTER INTERFACES\Assignment 2\Lib_EaBaseBoard\Debug\libLib_EaBaseBoard.a(oled.o)
 .text.oled_init
                0x00001bcc       0x9c C:\Users\thyagesh93\Documents\NUS\IVLEDrive\EE2024 PROGRAMMING FOR COMPUTER INTERFACES\PROGRAMMING FOR COMPUTER INTERFACES\Assignment 2\Lib_EaBaseBoard\Debug\libLib_EaBaseBoard.a(oled.o)
                0x00001bcc                oled_init
 .text.oled_clearScreen
                0x00001c68       0x74 C:\Users\thyagesh93\Documents\NUS\IVLEDrive\EE2024 PROGRAMMING FOR COMPUTER INTERFACES\PROGRAMMING FOR COMPUTER INTERFACES\Assignment 2\Lib_EaBaseBoard\Debug\libLib_EaBaseBoard.a(oled.o)
                0x00001c68                oled_clearScreen
 .text.I2CWrite
                0x00001cdc       0x64 C:\Users\thyagesh93\Documents\NUS\IVLEDrive\EE2024 PROGRAMMING FOR COMPUTER INTERFACES\PROGRAMMING FOR COMPUTER INTERFACES\Assignment 2\Lib_EaBaseBoard\Debug\libLib_EaBaseBoard.a(pca9532.o)
 .text.setLsStates
                0x00001d40       0xd0 C:\Users\thyagesh93\Documents\NUS\IVLEDrive\EE2024 PROGRAMMING FOR COMPUTER INTERFACES\PROGRAMMING FOR COMPUTER INTERFACES\Assignment 2\Lib_EaBaseBoard\Debug\libLib_EaBaseBoard.a(pca9532.o)
 .text.setLeds  0x00001e10       0xa4 C:\Users\thyagesh93\Documents\NUS\IVLEDrive\EE2024 PROGRAMMING FOR COMPUTER INTERFACES\PROGRAMMING FOR COMPUTER INTERFACES\Assignment 2\Lib_EaBaseBoard\Debug\libLib_EaBaseBoard.a(pca9532.o)
 .text.pca9532_init
                0x00001eb4        0xc C:\Users\thyagesh93\Documents\NUS\IVLEDrive\EE2024 PROGRAMMING FOR COMPUTER INTERFACES\PROGRAMMING FOR COMPUTER INTERFACES\Assignment 2\Lib_EaBaseBoard\Debug\libLib_EaBaseBoard.a(pca9532.o)
                0x00001eb4                pca9532_init
 .text.pca9532_setLeds
                0x00001ec0       0xa4 C:\Users\thyagesh93\Documents\NUS\IVLEDrive\EE2024 PROGRAMMING FOR COMPUTER INTERFACES\PROGRAMMING FOR COMPUTER INTERFACES\Assignment 2\Lib_EaBaseBoard\Debug\libLib_EaBaseBoard.a(pca9532.o)
                0x00001ec0                pca9532_setLeds
 .text.rgb_init
                0x00001f64       0x38 C:\Users\thyagesh93\Documents\NUS\IVLEDrive\EE2024 PROGRAMMING FOR COMPUTER INTERFACES\PROGRAMMING FOR COMPUTER INTERFACES\Assignment 2\Lib_EaBaseBoard\Debug\libLib_EaBaseBoard.a(rgb.o)
                0x00001f64                rgb_init
 .text.rgb_setLeds
                0x00001f9c       0x80 C:\Users\thyagesh93\Documents\NUS\IVLEDrive\EE2024 PROGRAMMING FOR COMPUTER INTERFACES\PROGRAMMING FOR COMPUTER INTERFACES\Assignment 2\Lib_EaBaseBoard\Debug\libLib_EaBaseBoard.a(rgb.o)
                0x00001f9c                rgb_setLeds
 .text.GPIO_GetPointer
                0x0000201c       0x78 C:\Users\thyagesh93\Documents\NUS\IVLEDrive\EE2024 PROGRAMMING FOR COMPUTER INTERFACES\PROGRAMMING FOR COMPUTER INTERFACES\Assignment 2\Lib_MCU\Debug\libLib_MCU.a(lpc17xx_gpio.o)
 .text.GPIO_SetDir
                0x00002094       0x54 C:\Users\thyagesh93\Documents\NUS\IVLEDrive\EE2024 PROGRAMMING FOR COMPUTER INTERFACES\PROGRAMMING FOR COMPUTER INTERFACES\Assignment 2\Lib_MCU\Debug\libLib_MCU.a(lpc17xx_gpio.o)
                0x00002094                GPIO_SetDir
 .text.GPIO_SetValue
                0x000020e8       0x2c C:\Users\thyagesh93\Documents\NUS\IVLEDrive\EE2024 PROGRAMMING FOR COMPUTER INTERFACES\PROGRAMMING FOR COMPUTER INTERFACES\Assignment 2\Lib_MCU\Debug\libLib_MCU.a(lpc17xx_gpio.o)
                0x000020e8                GPIO_SetValue
 .text.GPIO_ClearValue
                0x00002114       0x2c C:\Users\thyagesh93\Documents\NUS\IVLEDrive\EE2024 PROGRAMMING FOR COMPUTER INTERFACES\PROGRAMMING FOR COMPUTER INTERFACES\Assignment 2\Lib_MCU\Debug\libLib_MCU.a(lpc17xx_gpio.o)
                0x00002114                GPIO_ClearValue
 .text.I2C_getNum
                0x00002140       0x60 C:\Users\thyagesh93\Documents\NUS\IVLEDrive\EE2024 PROGRAMMING FOR COMPUTER INTERFACES\PROGRAMMING FOR COMPUTER INTERFACES\Assignment 2\Lib_MCU\Debug\libLib_MCU.a(lpc17xx_i2c.o)
 .text.I2C_Start
                0x000021a0       0x40 C:\Users\thyagesh93\Documents\NUS\IVLEDrive\EE2024 PROGRAMMING FOR COMPUTER INTERFACES\PROGRAMMING FOR COMPUTER INTERFACES\Assignment 2\Lib_MCU\Debug\libLib_MCU.a(lpc17xx_i2c.o)
 .text.I2C_Stop
                0x000021e0       0x38 C:\Users\thyagesh93\Documents\NUS\IVLEDrive\EE2024 PROGRAMMING FOR COMPUTER INTERFACES\PROGRAMMING FOR COMPUTER INTERFACES\Assignment 2\Lib_MCU\Debug\libLib_MCU.a(lpc17xx_i2c.o)
 .text.I2C_SendByte
                0x00002218       0x50 C:\Users\thyagesh93\Documents\NUS\IVLEDrive\EE2024 PROGRAMMING FOR COMPUTER INTERFACES\PROGRAMMING FOR COMPUTER INTERFACES\Assignment 2\Lib_MCU\Debug\libLib_MCU.a(lpc17xx_i2c.o)
 .text.I2C_GetByte
                0x00002268       0x58 C:\Users\thyagesh93\Documents\NUS\IVLEDrive\EE2024 PROGRAMMING FOR COMPUTER INTERFACES\PROGRAMMING FOR COMPUTER INTERFACES\Assignment 2\Lib_MCU\Debug\libLib_MCU.a(lpc17xx_i2c.o)
 .text.I2C_IntCmd
                0x000022c0       0xa8 C:\Users\thyagesh93\Documents\NUS\IVLEDrive\EE2024 PROGRAMMING FOR COMPUTER INTERFACES\PROGRAMMING FOR COMPUTER INTERFACES\Assignment 2\Lib_MCU\Debug\libLib_MCU.a(lpc17xx_i2c.o)
                0x000022c0                I2C_IntCmd
 .text.NVIC_EnableIRQ
                0x00002368       0x38 C:\Users\thyagesh93\Documents\NUS\IVLEDrive\EE2024 PROGRAMMING FOR COMPUTER INTERFACES\PROGRAMMING FOR COMPUTER INTERFACES\Assignment 2\Lib_MCU\Debug\libLib_MCU.a(lpc17xx_i2c.o)
 .text.NVIC_DisableIRQ
                0x000023a0       0x3c C:\Users\thyagesh93\Documents\NUS\IVLEDrive\EE2024 PROGRAMMING FOR COMPUTER INTERFACES\PROGRAMMING FOR COMPUTER INTERFACES\Assignment 2\Lib_MCU\Debug\libLib_MCU.a(lpc17xx_i2c.o)
 .text.I2C_MasterHandler
                0x000023dc      0x410 C:\Users\thyagesh93\Documents\NUS\IVLEDrive\EE2024 PROGRAMMING FOR COMPUTER INTERFACES\PROGRAMMING FOR COMPUTER INTERFACES\Assignment 2\Lib_MCU\Debug\libLib_MCU.a(lpc17xx_i2c.o)
                0x000023dc                I2C_MasterHandler
 .text.I2C_SetClock
                0x000027ec       0xc8 C:\Users\thyagesh93\Documents\NUS\IVLEDrive\EE2024 PROGRAMMING FOR COMPUTER INTERFACES\PROGRAMMING FOR COMPUTER INTERFACES\Assignment 2\Lib_MCU\Debug\libLib_MCU.a(lpc17xx_i2c.o)
                0x000027ec                I2C_SetClock
 .text.I2C_Init
                0x000028b4       0xd4 C:\Users\thyagesh93\Documents\NUS\IVLEDrive\EE2024 PROGRAMMING FOR COMPUTER INTERFACES\PROGRAMMING FOR COMPUTER INTERFACES\Assignment 2\Lib_MCU\Debug\libLib_MCU.a(lpc17xx_i2c.o)
                0x000028b4                I2C_Init
 .text.I2C_Cmd  0x00002988       0x84 C:\Users\thyagesh93\Documents\NUS\IVLEDrive\EE2024 PROGRAMMING FOR COMPUTER INTERFACES\PROGRAMMING FOR COMPUTER INTERFACES\Assignment 2\Lib_MCU\Debug\libLib_MCU.a(lpc17xx_i2c.o)
                0x00002988                I2C_Cmd
 .text.I2C_MasterTransferData
                0x00002a0c      0x374 C:\Users\thyagesh93\Documents\NUS\IVLEDrive\EE2024 PROGRAMMING FOR COMPUTER INTERFACES\PROGRAMMING FOR COMPUTER INTERFACES\Assignment 2\Lib_MCU\Debug\libLib_MCU.a(lpc17xx_i2c.o)
                0x00002a0c                I2C_MasterTransferData
 .text.PINSEL_SetPinFunc
                0x00002d80       0xa4 C:\Users\thyagesh93\Documents\NUS\IVLEDrive\EE2024 PROGRAMMING FOR COMPUTER INTERFACES\PROGRAMMING FOR COMPUTER INTERFACES\Assignment 2\Lib_MCU\Debug\libLib_MCU.a(lpc17xx_pinsel.o)
                0x00002d80                PINSEL_SetPinFunc
 .text.PINSEL_SetResistorMode
                0x00002e24       0xa4 C:\Users\thyagesh93\Documents\NUS\IVLEDrive\EE2024 PROGRAMMING FOR COMPUTER INTERFACES\PROGRAMMING FOR COMPUTER INTERFACES\Assignment 2\Lib_MCU\Debug\libLib_MCU.a(lpc17xx_pinsel.o)
                0x00002e24                PINSEL_SetResistorMode
 .text.PINSEL_SetOpenDrainMode
                0x00002ec8       0x84 C:\Users\thyagesh93\Documents\NUS\IVLEDrive\EE2024 PROGRAMMING FOR COMPUTER INTERFACES\PROGRAMMING FOR COMPUTER INTERFACES\Assignment 2\Lib_MCU\Debug\libLib_MCU.a(lpc17xx_pinsel.o)
                0x00002ec8                PINSEL_SetOpenDrainMode
 .text.PINSEL_ConfigPin
                0x00002f4c       0x4c C:\Users\thyagesh93\Documents\NUS\IVLEDrive\EE2024 PROGRAMMING FOR COMPUTER INTERFACES\PROGRAMMING FOR COMPUTER INTERFACES\Assignment 2\Lib_MCU\Debug\libLib_MCU.a(lpc17xx_pinsel.o)
                0x00002f4c                PINSEL_ConfigPin
 .text.SSP_getNum
                0x00002f98       0x48 C:\Users\thyagesh93\Documents\NUS\IVLEDrive\EE2024 PROGRAMMING FOR COMPUTER INTERFACES\PROGRAMMING FOR COMPUTER INTERFACES\Assignment 2\Lib_MCU\Debug\libLib_MCU.a(lpc17xx_ssp.o)
 .text.SSP_IntHandler
                0x00002fe0      0x324 C:\Users\thyagesh93\Documents\NUS\IVLEDrive\EE2024 PROGRAMMING FOR COMPUTER INTERFACES\PROGRAMMING FOR COMPUTER INTERFACES\Assignment 2\Lib_MCU\Debug\libLib_MCU.a(lpc17xx_ssp.o)
                0x00002fe0                SSP_IntHandler
 .text.SSP_SetClock
                0x00003304       0xf8 C:\Users\thyagesh93\Documents\NUS\IVLEDrive\EE2024 PROGRAMMING FOR COMPUTER INTERFACES\PROGRAMMING FOR COMPUTER INTERFACES\Assignment 2\Lib_MCU\Debug\libLib_MCU.a(lpc17xx_ssp.o)
                0x00003304                SSP_SetClock
 .text.SSP_Init
                0x000033fc      0x10c C:\Users\thyagesh93\Documents\NUS\IVLEDrive\EE2024 PROGRAMMING FOR COMPUTER INTERFACES\PROGRAMMING FOR COMPUTER INTERFACES\Assignment 2\Lib_MCU\Debug\libLib_MCU.a(lpc17xx_ssp.o)
                0x000033fc                SSP_Init
 .text.SSP_ConfigStructInit
                0x00003508       0x48 C:\Users\thyagesh93\Documents\NUS\IVLEDrive\EE2024 PROGRAMMING FOR COMPUTER INTERFACES\PROGRAMMING FOR COMPUTER INTERFACES\Assignment 2\Lib_MCU\Debug\libLib_MCU.a(lpc17xx_ssp.o)
                0x00003508                SSP_ConfigStructInit
 .text.SSP_Cmd  0x00003550       0x7c C:\Users\thyagesh93\Documents\NUS\IVLEDrive\EE2024 PROGRAMMING FOR COMPUTER INTERFACES\PROGRAMMING FOR COMPUTER INTERFACES\Assignment 2\Lib_MCU\Debug\libLib_MCU.a(lpc17xx_ssp.o)
                0x00003550                SSP_Cmd
 .text.SSP_SendData
                0x000035cc       0x48 C:\Users\thyagesh93\Documents\NUS\IVLEDrive\EE2024 PROGRAMMING FOR COMPUTER INTERFACES\PROGRAMMING FOR COMPUTER INTERFACES\Assignment 2\Lib_MCU\Debug\libLib_MCU.a(lpc17xx_ssp.o)
                0x000035cc                SSP_SendData
 .text.SSP_ReceiveData
                0x00003614       0x44 C:\Users\thyagesh93\Documents\NUS\IVLEDrive\EE2024 PROGRAMMING FOR COMPUTER INTERFACES\PROGRAMMING FOR COMPUTER INTERFACES\Assignment 2\Lib_MCU\Debug\libLib_MCU.a(lpc17xx_ssp.o)
                0x00003614                SSP_ReceiveData
 .text.SSP_ReadWrite
                0x00003658      0x448 C:\Users\thyagesh93\Documents\NUS\IVLEDrive\EE2024 PROGRAMMING FOR COMPUTER INTERFACES\PROGRAMMING FOR COMPUTER INTERFACES\Assignment 2\Lib_MCU\Debug\libLib_MCU.a(lpc17xx_ssp.o)
                0x00003658                SSP_ReadWrite
 .text.TIM_ClearIntPending
                0x00003aa0       0xa8 C:\Users\thyagesh93\Documents\NUS\IVLEDrive\EE2024 PROGRAMMING FOR COMPUTER INTERFACES\PROGRAMMING FOR COMPUTER INTERFACES\Assignment 2\Lib_MCU\Debug\libLib_MCU.a(lpc17xx_timer.o)
                0x00003aa0                TIM_ClearIntPending
 .text.TIM_ResetCounter
                0x00003b48       0x70 C:\Users\thyagesh93\Documents\NUS\IVLEDrive\EE2024 PROGRAMMING FOR COMPUTER INTERFACES\PROGRAMMING FOR COMPUTER INTERFACES\Assignment 2\Lib_MCU\Debug\libLib_MCU.a(lpc17xx_timer.o)
                0x00003b48                TIM_ResetCounter
 .text.uart_set_divisors
                0x00003bb8      0x26c C:\Users\thyagesh93\Documents\NUS\IVLEDrive\EE2024 PROGRAMMING FOR COMPUTER INTERFACES\PROGRAMMING FOR COMPUTER INTERFACES\Assignment 2\Lib_MCU\Debug\libLib_MCU.a(lpc17xx_uart.o)
                0x00003bb8                uart_set_divisors
 .text.UART_Init
                0x00003e24      0x360 C:\Users\thyagesh93\Documents\NUS\IVLEDrive\EE2024 PROGRAMMING FOR COMPUTER INTERFACES\PROGRAMMING FOR COMPUTER INTERFACES\Assignment 2\Lib_MCU\Debug\libLib_MCU.a(lpc17xx_uart.o)
                0x00003e24                UART_Init
 .text.UART_SendData
                0x00004184       0x78 C:\Users\thyagesh93\Documents\NUS\IVLEDrive\EE2024 PROGRAMMING FOR COMPUTER INTERFACES\PROGRAMMING FOR COMPUTER INTERFACES\Assignment 2\Lib_MCU\Debug\libLib_MCU.a(lpc17xx_uart.o)
                0x00004184                UART_SendData
 .text.UART_ReceiveData
                0x000041fc       0x7c C:\Users\thyagesh93\Documents\NUS\IVLEDrive\EE2024 PROGRAMMING FOR COMPUTER INTERFACES\PROGRAMMING FOR COMPUTER INTERFACES\Assignment 2\Lib_MCU\Debug\libLib_MCU.a(lpc17xx_uart.o)
                0x000041fc                UART_ReceiveData
 .text.UART_TxCmd
                0x00004278       0xf0 C:\Users\thyagesh93\Documents\NUS\IVLEDrive\EE2024 PROGRAMMING FOR COMPUTER INTERFACES\PROGRAMMING FOR COMPUTER INTERFACES\Assignment 2\Lib_MCU\Debug\libLib_MCU.a(lpc17xx_uart.o)
                0x00004278                UART_TxCmd
 .text.UART_Send
                0x00004368      0x100 C:\Users\thyagesh93\Documents\NUS\IVLEDrive\EE2024 PROGRAMMING FOR COMPUTER INTERFACES\PROGRAMMING FOR COMPUTER INTERFACES\Assignment 2\Lib_MCU\Debug\libLib_MCU.a(lpc17xx_uart.o)
                0x00004368                UART_Send
 .text.UART_Receive
                0x00004468       0xc8 C:\Users\thyagesh93\Documents\NUS\IVLEDrive\EE2024 PROGRAMMING FOR COMPUTER INTERFACES\PROGRAMMING FOR COMPUTER INTERFACES\Assignment 2\Lib_MCU\Debug\libLib_MCU.a(lpc17xx_uart.o)
                0x00004468                UART_Receive
 .text.CLKPWR_SetPCLKDiv
                0x00004530       0xd0 C:\Users\thyagesh93\Documents\NUS\IVLEDrive\EE2024 PROGRAMMING FOR COMPUTER INTERFACES\PROGRAMMING FOR COMPUTER INTERFACES\Assignment 2\Lib_MCU\Debug\libLib_MCU.a(lpc17xx_clkpwr.o)
                0x00004530                CLKPWR_SetPCLKDiv
 .text.CLKPWR_GetPCLKSEL
                0x00004600       0x54 C:\Users\thyagesh93\Documents\NUS\IVLEDrive\EE2024 PROGRAMMING FOR COMPUTER INTERFACES\PROGRAMMING FOR COMPUTER INTERFACES\Assignment 2\Lib_MCU\Debug\libLib_MCU.a(lpc17xx_clkpwr.o)
                0x00004600                CLKPWR_GetPCLKSEL
 .text.CLKPWR_GetPCLK
                0x00004654       0x70 C:\Users\thyagesh93\Documents\NUS\IVLEDrive\EE2024 PROGRAMMING FOR COMPUTER INTERFACES\PROGRAMMING FOR COMPUTER INTERFACES\Assignment 2\Lib_MCU\Debug\libLib_MCU.a(lpc17xx_clkpwr.o)
                0x00004654                CLKPWR_GetPCLK
 .text.CLKPWR_ConfigPPWR
                0x000046c4       0x7c C:\Users\thyagesh93\Documents\NUS\IVLEDrive\EE2024 PROGRAMMING FOR COMPUTER INTERFACES\PROGRAMMING FOR COMPUTER INTERFACES\Assignment 2\Lib_MCU\Debug\libLib_MCU.a(lpc17xx_clkpwr.o)
                0x000046c4                CLKPWR_ConfigPPWR
 .text          0x00004740      0x370 c:/nxp/lpcxpresso_3.6.3_317/tools/bin/../lib/gcc/arm-none-eabi/4.3.3/thumb2\libgcc.a(_arm_addsubdf3.o)
                0x00004a54                __floatdidf
                0x000049e4                __floatsidf
                0x000049c4                __aeabi_ui2d
                0x00004740                __aeabi_drsub
                0x00004a08                __extendsfdf2
                0x0000474c                __adddf3
                0x000049c4                __floatunsidf
                0x0000474c                __aeabi_dadd
                0x00004a44                __aeabi_ul2d
                0x00004748                __aeabi_dsub
                0x00004a44                __floatundidf
                0x000049e4                __aeabi_i2d
                0x00004a54                __aeabi_l2d
                0x00004a08                __aeabi_f2d
                0x00004748                __subdf3
 .text          0x00004ab0      0x424 c:/nxp/lpcxpresso_3.6.3_317/tools/bin/../lib/gcc/arm-none-eabi/4.3.3/thumb2\libgcc.a(_arm_muldivdf3.o)
                0x00004d04                __aeabi_ddiv
                0x00004ab0                __aeabi_dmul
                0x00004d04                __divdf3
                0x00004ab0                __muldf3
 .text          0x00004ed4       0xa0 c:/nxp/lpcxpresso_3.6.3_317/tools/bin/../lib/gcc/arm-none-eabi/4.3.3/thumb2\libgcc.a(_arm_truncdfsf2.o)
                0x00004ed4                __aeabi_d2f
                0x00004ed4                __truncdfsf2
 .text          0x00004f74      0x21c c:/nxp/lpcxpresso_3.6.3_317/tools/bin/../lib/gcc/arm-none-eabi/4.3.3/thumb2\libgcc.a(_arm_addsubsf3.o)
                0x00004f80                __aeabi_fadd
                0x00004f7c                __subsf3
                0x000050e8                __aeabi_i2f
                0x00004f7c                __aeabi_fsub
                0x00005114                __floatdisf
                0x000050e8                __floatsisf
                0x00005104                __floatundisf
                0x000050e0                __aeabi_ui2f
                0x00005114                __aeabi_l2f
                0x00005104                __aeabi_ul2f
                0x00004f74                __aeabi_frsub
                0x000050e0                __floatunsisf
                0x00004f80                __addsf3
 .text          0x00005190       0xec c:/nxp/lpcxpresso_3.6.3_317/tools/bin/../lib/gcc/arm-none-eabi/4.3.3/thumb2\libgcc.a(_arm_cmpsf2.o)
                0x00005268                __aeabi_fcmpgt
                0x00005198                __lesf2
                0x000051a0                __nesf2
                0x00005254                __aeabi_fcmpge
                0x00005190                __gtsf2
                0x00005240                __aeabi_fcmple
                0x000051a0                __eqsf2
                0x000051a0                __cmpsf2
                0x00005198                __ltsf2
                0x00005208                __aeabi_cfcmple
                0x00005190                __gesf2
                0x00005218                __aeabi_fcmpeq
                0x00005200                __aeabi_cfrcmple
                0x0000522c                __aeabi_fcmplt
                0x00005208                __aeabi_cfcmpeq
 .text          0x0000527c       0x2c c:/nxp/lpcxpresso_3.6.3_317/tools/bin/../lib/gcc/arm-none-eabi/4.3.3/thumb2\libgcc.a(_aeabi_uldivmod.o)
                0x0000527c                __aeabi_uldivmod
 .text          0x000052a8       0x60 c:/nxp/lpcxpresso_3.6.3_317/tools/bin/../lib/gcc/arm-none-eabi/4.3.3/thumb2\libgcc.a(bpabi.o)
                0x000052a8                __gnu_uldivmod_helper
                0x000052d8                __gnu_ldivmod_helper
 .text          0x00005308        0x4 c:/nxp/lpcxpresso_3.6.3_317/tools/bin/../lib/gcc/arm-none-eabi/4.3.3/thumb2\libgcc.a(_dvmd_tls.o)
                0x00005308                __aeabi_ldiv0
                0x00005308                __aeabi_idiv0
 .text          0x0000530c      0x40c c:/nxp/lpcxpresso_3.6.3_317/tools/bin/../lib/gcc/arm-none-eabi/4.3.3/thumb2\libgcc.a(_divdi3.o)
                0x0000530c                __divdi3
 .text          0x00005718      0x3cc c:/nxp/lpcxpresso_3.6.3_317/tools/bin/../lib/gcc/arm-none-eabi/4.3.3/thumb2\libgcc.a(_udivdi3.o)
                0x00005718                __udivdi3
 .text          0x00005ae4       0x8c c:/nxp/lpcxpresso_3.6.3_317/tools/bin/../lib/gcc/arm-none-eabi/4.3.3/thumb2\libgcc.a(_udivsi3.o)
                0x00005ae4                __udivsi3
                0x00005ae4                __aeabi_uidiv
                0x00005b5c                __aeabi_uidivmod
 .text          0x00005b70      0x12c c:/nxp/lpcxpresso_3.6.3_317/tools/bin/../lib/gcc/arm-none-eabi/4.3.3/../../../../arm-none-eabi/lib/thumb2\libc.a(lib_a-memcpy.o)
                0x00005b70                memcpy
 .text          0x00005c9c       0xb0 c:/nxp/lpcxpresso_3.6.3_317/tools/bin/../lib/gcc/arm-none-eabi/4.3.3/../../../../arm-none-eabi/lib/thumb2\libc.a(lib_a-memset.o)
                0x00005c9c                memset
 .text          0x00005d4c       0x60 c:/nxp/lpcxpresso_3.6.3_317/tools/bin/../lib/gcc/arm-none-eabi/4.3.3/../../../../arm-none-eabi/lib/thumb2\libc.a(lib_a-printf.o)
                0x00005d4c                printf
                0x00005d80                _printf_r
 .text          0x00005dac       0x8c c:/nxp/lpcxpresso_3.6.3_317/tools/bin/../lib/gcc/arm-none-eabi/4.3.3/../../../../arm-none-eabi/lib/thumb2\libc.a(lib_a-sprintf.o)
                0x00005df8                _sprintf_r
                0x00005dac                sprintf
 .text          0x00005e38       0x60 c:/nxp/lpcxpresso_3.6.3_317/tools/bin/../lib/gcc/arm-none-eabi/4.3.3/../../../../arm-none-eabi/lib/thumb2\libc.a(lib_a-strlen.o)
                0x00005e38                strlen
 .text          0x00005e98     0x1488 c:/nxp/lpcxpresso_3.6.3_317/tools/bin/../lib/gcc/arm-none-eabi/4.3.3/../../../../arm-none-eabi/lib/thumb2\libc.a(lib_a-svfprintf.o)
                0x00005f94                _svfprintf_r
 .text          0x00007320     0x1724 c:/nxp/lpcxpresso_3.6.3_317/tools/bin/../lib/gcc/arm-none-eabi/4.3.3/../../../../arm-none-eabi/lib/thumb2\libc.a(lib_a-vfprintf.o)
                0x0000733c                _vfprintf_r
                0x00008a28                vfprintf
 .text          0x00008a44      0x100 c:/nxp/lpcxpresso_3.6.3_317/tools/bin/../lib/gcc/arm-none-eabi/4.3.3/../../../../arm-none-eabi/lib/thumb2\libc.a(lib_a-wsetup.o)
                0x00008a44                __swsetup_r
 *fill*         0x00008b44        0x4 00
 .text          0x00008b48      0xf88 c:/nxp/lpcxpresso_3.6.3_317/tools/bin/../lib/gcc/arm-none-eabi/4.3.3/../../../../arm-none-eabi/lib/thumb2\libc.a(lib_a-dtoa.o)
                0x00008c78                _dtoa_r
 .text          0x00009ad0      0x178 c:/nxp/lpcxpresso_3.6.3_317/tools/bin/../lib/gcc/arm-none-eabi/4.3.3/../../../../arm-none-eabi/lib/thumb2\libc.a(lib_a-fflush.o)
                0x00009c18                fflush
                0x00009ad0                _fflush_r
 .text          0x00009c48      0x1e8 c:/nxp/lpcxpresso_3.6.3_317/tools/bin/../lib/gcc/arm-none-eabi/4.3.3/../../../../arm-none-eabi/lib/thumb2\libc.a(lib_a-findfp.o)
                0x00009dd0                __sinit
                0x00009d14                __sfmoreglue
                0x00009ca8                _cleanup
                0x00009c98                _cleanup_r
                0x00009c7c                __fp_lock_all
                0x00009c48                __sfp_lock_acquire
                0x00009d40                __sfp
                0x00009c54                __sinit_lock_release
                0x00009c60                __fp_unlock_all
                0x00009c4c                __sfp_lock_release
                0x00009c50                __sinit_lock_acquire
 .text          0x00009e30      0x238 c:/nxp/lpcxpresso_3.6.3_317/tools/bin/../lib/gcc/arm-none-eabi/4.3.3/../../../../arm-none-eabi/lib/thumb2\libc.a(lib_a-freer.o)
                0x00009edc                _free_r
                0x00009e30                _malloc_trim_r
 .text          0x0000a068      0x2e8 c:/nxp/lpcxpresso_3.6.3_317/tools/bin/../lib/gcc/arm-none-eabi/4.3.3/../../../../arm-none-eabi/lib/thumb2\libc.a(lib_a-fvwrite.o)
                0x0000a068                __sfvwrite_r
 .text          0x0000a350       0xb0 c:/nxp/lpcxpresso_3.6.3_317/tools/bin/../lib/gcc/arm-none-eabi/4.3.3/../../../../arm-none-eabi/lib/thumb2\libc.a(lib_a-fwalk.o)
                0x0000a3a8                _fwalk
                0x0000a350                _fwalk_reent
 .text          0x0000a400       0x74 c:/nxp/lpcxpresso_3.6.3_317/tools/bin/../lib/gcc/arm-none-eabi/4.3.3/../../../../arm-none-eabi/lib/thumb2\libc.a(lib_a-locale.o)
                0x0000a41c                _setlocale_r
                0x0000a400                __locale_charset
                0x0000a40c                _localeconv_r
                0x0000a45c                setlocale
                0x0000a414                localeconv
 .text          0x0000a474       0xe0 c:/nxp/lpcxpresso_3.6.3_317/tools/bin/../lib/gcc/arm-none-eabi/4.3.3/../../../../arm-none-eabi/lib/thumb2\libc.a(lib_a-makebuf.o)
                0x0000a474                __smakebuf_r
 .text          0x0000a554       0x28 c:/nxp/lpcxpresso_3.6.3_317/tools/bin/../lib/gcc/arm-none-eabi/4.3.3/../../../../arm-none-eabi/lib/thumb2\libc.a(lib_a-malloc.o)
                0x0000a568                malloc
                0x0000a554                free
 .text          0x0000a57c      0x530 c:/nxp/lpcxpresso_3.6.3_317/tools/bin/../lib/gcc/arm-none-eabi/4.3.3/../../../../arm-none-eabi/lib/thumb2\libc.a(lib_a-mallocr.o)
                0x0000a57c                _malloc_r
 .text          0x0000aaac       0x7c c:/nxp/lpcxpresso_3.6.3_317/tools/bin/../lib/gcc/arm-none-eabi/4.3.3/../../../../arm-none-eabi/lib/thumb2\libc.a(lib_a-memchr.o)
                0x0000aaac                memchr
 .text          0x0000ab28       0xc0 c:/nxp/lpcxpresso_3.6.3_317/tools/bin/../lib/gcc/arm-none-eabi/4.3.3/../../../../arm-none-eabi/lib/thumb2\libc.a(lib_a-memmove.o)
                0x0000ab28                memmove
 .text          0x0000abe8        0x8 c:/nxp/lpcxpresso_3.6.3_317/tools/bin/../lib/gcc/arm-none-eabi/4.3.3/../../../../arm-none-eabi/lib/thumb2\libc.a(lib_a-mlock.o)
                0x0000abec                __malloc_unlock
                0x0000abe8                __malloc_lock
 .text          0x0000abf0      0x92c c:/nxp/lpcxpresso_3.6.3_317/tools/bin/../lib/gcc/arm-none-eabi/4.3.3/../../../../arm-none-eabi/lib/thumb2\libc.a(lib_a-mprec.o)
                0x0000ae1c                _mprec_log10
                0x0000aea8                __any_on
                0x0000af3c                _Balloc
                0x0000adc8                __ratio
                0x0000b344                __i2b
                0x0000ad1c                __b2d
                0x0000b488                __s2b
                0x0000ac94                __mcmp
                0x0000abf0                __hi0bits
                0x0000b3d4                __pow5mult
                0x0000b160                __lshift
                0x0000b214                __multiply
                0x0000afac                __d2b
                0x0000ae58                __copybits
                0x0000acd4                __ulp
                0x0000b064                __mdiff
                0x0000ac30                __lo0bits
                0x0000b358                __multadd
                0x0000af0c                _Bfree
 .text          0x0000b51c      0x388 c:/nxp/lpcxpresso_3.6.3_317/tools/bin/../lib/gcc/arm-none-eabi/4.3.3/../../../../arm-none-eabi/lib/thumb2\libc.a(lib_a-reallocr.o)
                0x0000b51c                _realloc_r
 .text          0x0000b8a4       0x28 c:/nxp/lpcxpresso_3.6.3_317/tools/bin/../lib/gcc/arm-none-eabi/4.3.3/../../../../arm-none-eabi/lib/thumb2\libc.a(lib_a-s_isinfd.o)
                0x0000b8a4                __isinfd
 .text          0x0000b8cc       0x1c c:/nxp/lpcxpresso_3.6.3_317/tools/bin/../lib/gcc/arm-none-eabi/4.3.3/../../../../arm-none-eabi/lib/thumb2\libc.a(lib_a-s_isnand.o)
                0x0000b8cc                __isnand
 .text          0x0000b8e8       0x28 c:/nxp/lpcxpresso_3.6.3_317/tools/bin/../lib/gcc/arm-none-eabi/4.3.3/../../../../arm-none-eabi/lib/thumb2\libc.a(lib_a-sbrkr.o)
                0x0000b8e8                _sbrk_r
 .text          0x0000b910       0x94 c:/nxp/lpcxpresso_3.6.3_317/tools/bin/../lib/gcc/arm-none-eabi/4.3.3/../../../../arm-none-eabi/lib/thumb2\libc.a(lib_a-stdio.o)
                0x0000b91c                __sseek
                0x0000b980                __sread
                0x0000b910                __sclose
                0x0000b944                __swrite
 .text          0x0000b9a4      0x1dc c:/nxp/lpcxpresso_3.6.3_317/tools/bin/../lib/gcc/arm-none-eabi/4.3.3/../../../../arm-none-eabi/lib/thumb2\libc.a(lib_a-strcmp.o)
                0x0000b9a4                strcmp
 .text          0x0000bb80       0x2c c:/nxp/lpcxpresso_3.6.3_317/tools/bin/../lib/gcc/arm-none-eabi/4.3.3/../../../../arm-none-eabi/lib/thumb2\libc.a(lib_a-writer.o)
                0x0000bb80                _write_r
 .text          0x0000bbac       0x5c c:/nxp/lpcxpresso_3.6.3_317/tools/bin/../lib/gcc/arm-none-eabi/4.3.3/../../../../arm-none-eabi/lib/thumb2\libc.a(lib_a-callocr.o)
                0x0000bbac                _calloc_r
 .text          0x0000bc08       0x28 c:/nxp/lpcxpresso_3.6.3_317/tools/bin/../lib/gcc/arm-none-eabi/4.3.3/../../../../arm-none-eabi/lib/thumb2\libc.a(lib_a-closer.o)
                0x0000bc08                _close_r
 .text          0x0000bc30       0xcc c:/nxp/lpcxpresso_3.6.3_317/tools/bin/../lib/gcc/arm-none-eabi/4.3.3/../../../../arm-none-eabi/lib/thumb2\libc.a(lib_a-fclose.o)
                0x0000bc30                _fclose_r
                0x0000bce8                fclose
 .text          0x0000bcfc       0x2c c:/nxp/lpcxpresso_3.6.3_317/tools/bin/../lib/gcc/arm-none-eabi/4.3.3/../../../../arm-none-eabi/lib/thumb2\libc.a(lib_a-fstatr.o)
                0x0000bcfc                _fstat_r
 .text          0x0000bd28       0x28 c:/nxp/lpcxpresso_3.6.3_317/tools/bin/../lib/gcc/arm-none-eabi/4.3.3/../../../../arm-none-eabi/lib/thumb2\libc.a(lib_a-isattyr.o)
                0x0000bd28                _isatty_r
 .text          0x0000bd50       0x2c c:/nxp/lpcxpresso_3.6.3_317/tools/bin/../lib/gcc/arm-none-eabi/4.3.3/../../../../arm-none-eabi/lib/thumb2\libc.a(lib_a-lseekr.o)
                0x0000bd50                _lseek_r
 .text          0x0000bd7c       0x2c c:/nxp/lpcxpresso_3.6.3_317/tools/bin/../lib/gcc/arm-none-eabi/4.3.3/../../../../arm-none-eabi/lib/thumb2\libc.a(lib_a-readr.o)
                0x0000bd7c                _read_r
 .text.initialise_monitor_handles
                0x0000bda8       0xbc c:/nxp/lpcxpresso_3.6.3_317/tools/bin/../lib/gcc/arm-none-eabi/4.3.3/../../../../arm-none-eabi/lib/thumb2\libcr_newlib_semihost.a(syscalls.o)
 .text._sbrk    0x0000be64       0x7c c:/nxp/lpcxpresso_3.6.3_317/tools/bin/../lib/gcc/arm-none-eabi/4.3.3/../../../../arm-none-eabi/lib/thumb2\libcr_newlib_semihost.a(syscalls.o)
                0x0000be64                _sbrk
 .text._swilseek
                0x0000bee0       0xdc c:/nxp/lpcxpresso_3.6.3_317/tools/bin/../lib/gcc/arm-none-eabi/4.3.3/../../../../arm-none-eabi/lib/thumb2\libcr_newlib_semihost.a(syscalls.o)
                0x0000bee0                _swilseek
 .text._lseek   0x0000bfbc        0x8 c:/nxp/lpcxpresso_3.6.3_317/tools/bin/../lib/gcc/arm-none-eabi/4.3.3/../../../../arm-none-eabi/lib/thumb2\libcr_newlib_semihost.a(syscalls.o)
                0x0000bfbc                _lseek
 .text._isatty  0x0000bfc4       0x60 c:/nxp/lpcxpresso_3.6.3_317/tools/bin/../lib/gcc/arm-none-eabi/4.3.3/../../../../arm-none-eabi/lib/thumb2\libcr_newlib_semihost.a(syscalls.o)
                0x0000bfc4                _isatty
 .text._close   0x0000c024       0x9c c:/nxp/lpcxpresso_3.6.3_317/tools/bin/../lib/gcc/arm-none-eabi/4.3.3/../../../../arm-none-eabi/lib/thumb2\libcr_newlib_semihost.a(syscalls.o)
                0x0000c024                _close
 .text._read    0x0000c0c0       0x84 c:/nxp/lpcxpresso_3.6.3_317/tools/bin/../lib/gcc/arm-none-eabi/4.3.3/../../../../arm-none-eabi/lib/thumb2\libcr_newlib_semihost.a(syscalls.o)
                0x0000c0c0                _read
 .text._write   0x0000c144       0xa8 c:/nxp/lpcxpresso_3.6.3_317/tools/bin/../lib/gcc/arm-none-eabi/4.3.3/../../../../arm-none-eabi/lib/thumb2\libcr_newlib_semihost.a(syscalls.o)
                0x0000c144                _write
 .text._fstat   0x0000c1ec       0x80 c:/nxp/lpcxpresso_3.6.3_317/tools/bin/../lib/gcc/arm-none-eabi/4.3.3/../../../../arm-none-eabi/lib/thumb2\libcr_newlib_semihost.a(syscalls.o)
                0x0000c1ec                _fstat
 .text          0x0000c26c      0x110 c:/nxp/lpcxpresso_3.6.3_317/tools/bin/../lib/gcc/arm-none-eabi/4.3.3/thumb2\libgcc.a(_arm_cmpdf2.o)
                0x0000c340                __aeabi_dcmple
                0x0000c27c                __cmpdf2
                0x0000c27c                __eqdf2
                0x0000c26c                __gtdf2
                0x0000c308                __aeabi_cdcmple
                0x0000c2f8                __aeabi_cdrcmple
                0x0000c274                __ltdf2
                0x0000c32c                __aeabi_dcmplt
                0x0000c274                __ledf2
                0x0000c368                __aeabi_dcmpgt
                0x0000c354                __aeabi_dcmpge
                0x0000c27c                __nedf2
                0x0000c318                __aeabi_dcmpeq
                0x0000c308                __aeabi_cdcmpeq
                0x0000c26c                __gedf2
 .text          0x0000c37c       0x50 c:/nxp/lpcxpresso_3.6.3_317/tools/bin/../lib/gcc/arm-none-eabi/4.3.3/thumb2\libgcc.a(_arm_fixdfsi.o)
                0x0000c37c                __fixdfsi
                0x0000c37c                __aeabi_d2iz
 .text          0x0000c3cc        0xc c:/nxp/lpcxpresso_3.6.3_317/tools/bin/../lib/gcc/arm-none-eabi/4.3.3/../../../../arm-none-eabi/lib/thumb2\libc.a(lib_a-errno.o)
                0x0000c3cc                __errno
 *(.rodata .rodata.*)
 .rodata        0x0000c3d8      0x10c ./src/main.o
                0x0000c3de                RESET_PIN
                0x0000c3e8                ACC_THRESHOLD
                0x0000c3f0                notes
                0x0000c3e4                TEMP_UPPER_LIMIT
                0x0000c3ec                FREQ_UPDATE_PERIOD_MS
                0x0000c3e0                LIGHT_PORT
                0x0000c3d8                CALIBRATED_PORT
                0x0000c428                tempStateStringMap
                0x0000c3dc                RESET_PORT
                0x0000c3da                CALIBRATED_PIN
                0x0000c443                radiationStateStringMap
                0x0000c3e6                ACC_UPDATE_PERIOD_MS
                0x0000c3e2                LIGHT_PIN
 .rodata        0x0000c4e4        0x4 C:\Users\thyagesh93\Documents\NUS\IVLEDrive\EE2024 PROGRAMMING FOR COMPUTER INTERFACES\PROGRAMMING FOR COMPUTER INTERFACES\Assignment 2\Lib_EaBaseBoard\Debug\libLib_EaBaseBoard.a(pca9532.o)
 .rodata        0x0000c4e8       0x18 C:\Users\thyagesh93\Documents\NUS\IVLEDrive\EE2024 PROGRAMMING FOR COMPUTER INTERFACES\PROGRAMMING FOR COMPUTER INTERFACES\Assignment 2\Lib_MCU\Debug\libLib_MCU.a(lpc17xx_i2c.o)
 .rodata        0x0000c500       0x18 C:\Users\thyagesh93\Documents\NUS\IVLEDrive\EE2024 PROGRAMMING FOR COMPUTER INTERFACES\PROGRAMMING FOR COMPUTER INTERFACES\Assignment 2\Lib_MCU\Debug\libLib_MCU.a(lpc17xx_ssp.o)
 .rodata        0x0000c518       0x18 C:\Users\thyagesh93\Documents\NUS\IVLEDrive\EE2024 PROGRAMMING FOR COMPUTER INTERFACES\PROGRAMMING FOR COMPUTER INTERFACES\Assignment 2\Lib_MCU\Debug\libLib_MCU.a(lpc17xx_timer.o)
 .rodata        0x0000c530       0x18 C:\Users\thyagesh93\Documents\NUS\IVLEDrive\EE2024 PROGRAMMING FOR COMPUTER INTERFACES\PROGRAMMING FOR COMPUTER INTERFACES\Assignment 2\Lib_MCU\Debug\libLib_MCU.a(lpc17xx_uart.o)
 .rodata        0x0000c548      0x100 c:/nxp/lpcxpresso_3.6.3_317/tools/bin/../lib/gcc/arm-none-eabi/4.3.3/thumb2\libgcc.a(_clz.o)
                0x0000c548                __clz_tab
 .rodata        0x0000c648       0x20 c:/nxp/lpcxpresso_3.6.3_317/tools/bin/../lib/gcc/arm-none-eabi/4.3.3/../../../../arm-none-eabi/lib/thumb2\libc.a(lib_a-svfprintf.o)
 .rodata.str1.4
                0x0000c668       0x5e c:/nxp/lpcxpresso_3.6.3_317/tools/bin/../lib/gcc/arm-none-eabi/4.3.3/../../../../arm-none-eabi/lib/thumb2\libc.a(lib_a-svfprintf.o)
                                 0x60 (size before relaxing)
 .rodata        0x0000c6c6       0x20 c:/nxp/lpcxpresso_3.6.3_317/tools/bin/../lib/gcc/arm-none-eabi/4.3.3/../../../../arm-none-eabi/lib/thumb2\libc.a(lib_a-vfprintf.o)
 .rodata.str1.4
                0x00000000       0x60 c:/nxp/lpcxpresso_3.6.3_317/tools/bin/../lib/gcc/arm-none-eabi/4.3.3/../../../../arm-none-eabi/lib/thumb2\libc.a(lib_a-vfprintf.o)
 *fill*         0x0000c6e6        0x2 00
 .rodata.str1.4
                0x0000c6e8       0x10 c:/nxp/lpcxpresso_3.6.3_317/tools/bin/../lib/gcc/arm-none-eabi/4.3.3/../../../../arm-none-eabi/lib/thumb2\libc.a(lib_a-dtoa.o)
                                 0x14 (size before relaxing)
 .rodata        0x0000c6f8       0x60 c:/nxp/lpcxpresso_3.6.3_317/tools/bin/../lib/gcc/arm-none-eabi/4.3.3/../../../../arm-none-eabi/lib/thumb2\libc.a(lib_a-findfp.o)
                0x0000c738                __sf_fake_stderr
                0x0000c6f8                __sf_fake_stdin
                0x0000c718                __sf_fake_stdout
 .rodata        0x0000c758        0x4 c:/nxp/lpcxpresso_3.6.3_317/tools/bin/../lib/gcc/arm-none-eabi/4.3.3/../../../../arm-none-eabi/lib/thumb2\libc.a(lib_a-impure.o)
                0x0000c758                _global_impure_ptr
 .rodata.str1.4
                0x0000c75c        0x2 c:/nxp/lpcxpresso_3.6.3_317/tools/bin/../lib/gcc/arm-none-eabi/4.3.3/../../../../arm-none-eabi/lib/thumb2\libc.a(lib_a-impure.o)
                                  0x4 (size before relaxing)
 *fill*         0x0000c75e        0x2 00
 .rodata        0x0000c760       0x34 c:/nxp/lpcxpresso_3.6.3_317/tools/bin/../lib/gcc/arm-none-eabi/4.3.3/../../../../arm-none-eabi/lib/thumb2\libc.a(lib_a-locale.o)
 .rodata.str1.4
                0x0000c794        0xf c:/nxp/lpcxpresso_3.6.3_317/tools/bin/../lib/gcc/arm-none-eabi/4.3.3/../../../../arm-none-eabi/lib/thumb2\libc.a(lib_a-locale.o)
                                 0x18 (size before relaxing)
 *fill*         0x0000c7a3        0x5 00
 .rodata        0x0000c7a8      0x128 c:/nxp/lpcxpresso_3.6.3_317/tools/bin/../lib/gcc/arm-none-eabi/4.3.3/../../../../arm-none-eabi/lib/thumb2\libc.a(lib_a-mprec.o)
                0x0000c8a8                __mprec_tinytens
                0x0000c7a8                __mprec_tens
                0x0000c880                __mprec_bigtens
 .rodata.str1.4
                0x0000c8d0        0x4 c:/nxp/lpcxpresso_3.6.3_317/tools/bin/../lib/gcc/arm-none-eabi/4.3.3/../../../../arm-none-eabi/lib/thumb2\libcr_newlib_semihost.a(syscalls.o)
                0x0000c8d4                . = ALIGN (0x4)

.glue_7         0x0000c8d4        0x0
 .glue_7        0x00000000        0x0 linker stubs

.glue_7t        0x0000c8d4        0x0
 .glue_7t       0x00000000        0x0 linker stubs

.vfp11_veneer   0x0000c8d4        0x0
 .vfp11_veneer  0x00000000        0x0 linker stubs

.v4_bx          0x0000c8d4        0x0
 .v4_bx         0x00000000        0x0 linker stubs

.ARM.extab
 *(.ARM.extab* .gnu.linkonce.armextab.*)
                0x0000c8d4                __exidx_start = .

.ARM.exidx      0x0000c8d4        0x8
 *(.ARM.exidx* .gnu.linkonce.armexidx.*)
 .ARM.exidx     0x0000c8d4        0x8 c:/nxp/lpcxpresso_3.6.3_317/tools/bin/../lib/gcc/arm-none-eabi/4.3.3/thumb2\libgcc.a(_divdi3.o)
 .ARM.exidx     0x0000c8dc        0x0 c:/nxp/lpcxpresso_3.6.3_317/tools/bin/../lib/gcc/arm-none-eabi/4.3.3/thumb2\libgcc.a(_udivdi3.o)
                                  0x8 (size before relaxing)
                0x0000c8dc                __exidx_end = .
                0x0000c8dc                _etext = .

.data_RAM2      0x2007c000        0x0 load address 0x0000c8dc
 FILL mask 0xff
 *(.data.$RAM2*)
 *(.data.$RamAHB32*)
                0x2007c000                . = ALIGN (0x4)

.data_RAM3      0x40038000        0x0 load address 0x0000c8dc
 FILL mask 0xff
 *(.data.$RAM3*)
 *(.data.$CANAccFilterRAM*)
                0x40038000                . = ALIGN (0x4)

.uninit_RESERVED
 *(.bss.$RESERVED*)

.data           0x10000000      0x56c load address 0x0000c8dc
 FILL mask 0xff
                0x10000000                _data = .
 *(vtable)
 *(.data*)
 .data          0x10000000        0xa ./src/main.o
                0x10000006                REPORTING_PERIOD_MS
                0x10000004                UNSAFE_UPPER_HZ
                0x10000002                UNSAFE_LOWER_HZ
                0x10000000                TIME_WINDOW_MS
                0x10000008                radiationState
 *fill*         0x1000000a        0x2 00
 .data          0x1000000c        0x4 C:\Users\thyagesh93\Documents\NUS\IVLEDrive\EE2024 PROGRAMMING FOR COMPUTER INTERFACES\PROGRAMMING FOR COMPUTER INTERFACES\Assignment 2\Lib_CMSISv1p30_LPC17xx\Debug\libCMSISv1p30_LPC17xx.a(system_LPC17xx.o)
                0x1000000c                SystemCoreClock
 .data          0x10000010       0x50 C:\Users\thyagesh93\Documents\NUS\IVLEDrive\EE2024 PROGRAMMING FOR COMPUTER INTERFACES\PROGRAMMING FOR COMPUTER INTERFACES\Assignment 2\Lib_EaBaseBoard\Debug\libLib_EaBaseBoard.a(led7seg.o)
 .data          0x10000060        0x8 C:\Users\thyagesh93\Documents\NUS\IVLEDrive\EE2024 PROGRAMMING FOR COMPUTER INTERFACES\PROGRAMMING FOR COMPUTER INTERFACES\Assignment 2\Lib_EaBaseBoard\Debug\libLib_EaBaseBoard.a(light.o)
 .data          0x10000068       0xf4 c:/nxp/lpcxpresso_3.6.3_317/tools/bin/../lib/gcc/arm-none-eabi/4.3.3/../../../../arm-none-eabi/lib/thumb2\libc.a(lib_a-impure.o)
                0x10000068                _impure_ptr
 .data          0x1000015c      0x410 c:/nxp/lpcxpresso_3.6.3_317/tools/bin/../lib/gcc/arm-none-eabi/4.3.3/../../../../arm-none-eabi/lib/thumb2\libc.a(lib_a-mallocr.o)
                0x10000564                __malloc_sbrk_base
                0x1000015c                __malloc_av_
                0x10000568                __malloc_trim_threshold
                0x1000056c                . = ALIGN (0x4)
                0x1000056c                _edata = .

.bss_RAM2       0x2007c000        0x0
 *(.bss.$RAM2*)
 *(.bss.$RamAHB32*)
                0x2007c000                . = ALIGN (0x4)

.bss_RAM3       0x40038000        0x0
 *(.bss.$RAM3*)
 *(.bss.$CANAccFilterRAM*)
                0x40038000                . = ALIGN (0x4)

.bss            0x1000056c      0x474
                0x1000056c                _bss = .
 *(.bss*)
 .bss           0x1000056c       0xa4 ./src/main.o
                0x1000057c                temp_i
                0x10000604                accTick
                0x1000058c                accValues
                0x10000587                accXOffset
                0x100005fa                setWarningToStop
                0x100005fc                setWarningToStart
                0x10000586                accZ
                0x100005ec                hasCrossedAccThreshold
                0x1000056c                countDownStarted
                0x10000570                currentCountValue
                0x1000058a                accZValToRemove
                0x100005f8                isWarningOn
                0x100005e4                currentAccZFilteredValue
                0x10000608                warningTick
                0x10000600                oneSecondTick
                0x10000580                temp_pointer
                0x100005f4                currentFrequency
                0x100005dc                curNumOfAccValues
                0x100005e8                prevAccZFilteredValue
                0x10000578                temp_t2
                0x10000574                temp_t1
                0x100005e0                currentAccIdx
                0x100005f0                currentFreqCounter
                0x10000589                accZOffset
                0x100005b4                accValuesSorted
                0x10000585                accY
                0x10000588                accYOffset
                0x10000584                accX
 .bss           0x10000610      0x300 C:\Users\thyagesh93\Documents\NUS\IVLEDrive\EE2024 PROGRAMMING FOR COMPUTER INTERFACES\PROGRAMMING FOR COMPUTER INTERFACES\Assignment 2\Lib_EaBaseBoard\Debug\libLib_EaBaseBoard.a(oled.o)
 .bss           0x10000910        0x6 C:\Users\thyagesh93\Documents\NUS\IVLEDrive\EE2024 PROGRAMMING FOR COMPUTER INTERFACES\PROGRAMMING FOR COMPUTER INTERFACES\Assignment 2\Lib_EaBaseBoard\Debug\libLib_EaBaseBoard.a(pca9532.o)
 *fill*         0x10000916        0x2 00
 .bss           0x10000918       0x24 C:\Users\thyagesh93\Documents\NUS\IVLEDrive\EE2024 PROGRAMMING FOR COMPUTER INTERFACES\PROGRAMMING FOR COMPUTER INTERFACES\Assignment 2\Lib_MCU\Debug\libLib_MCU.a(lpc17xx_i2c.o)
 .bss           0x1000093c       0x18 C:\Users\thyagesh93\Documents\NUS\IVLEDrive\EE2024 PROGRAMMING FOR COMPUTER INTERFACES\PROGRAMMING FOR COMPUTER INTERFACES\Assignment 2\Lib_MCU\Debug\libLib_MCU.a(lpc17xx_ssp.o)
 .bss           0x10000954       0x34 c:/nxp/lpcxpresso_3.6.3_317/tools/bin/../lib/gcc/arm-none-eabi/4.3.3/../../../../arm-none-eabi/lib/thumb2\libc.a(lib_a-mallocr.o)
                0x10000954                __malloc_top_pad
                0x10000980                __malloc_max_sbrked_mem
                0x10000958                __malloc_current_mallinfo
                0x10000984                __malloc_max_total_mem
 .bss.monitor_stdout
                0x10000988        0x4 c:/nxp/lpcxpresso_3.6.3_317/tools/bin/../lib/gcc/arm-none-eabi/4.3.3/../../../../arm-none-eabi/lib/thumb2\libcr_newlib_semihost.a(syscalls.o)
 .bss.initialized.2363
                0x1000098c        0x4 c:/nxp/lpcxpresso_3.6.3_317/tools/bin/../lib/gcc/arm-none-eabi/4.3.3/../../../../arm-none-eabi/lib/thumb2\libcr_newlib_semihost.a(syscalls.o)
 .bss.heap_end.2542
                0x10000990        0x4 c:/nxp/lpcxpresso_3.6.3_317/tools/bin/../lib/gcc/arm-none-eabi/4.3.3/../../../../arm-none-eabi/lib/thumb2\libcr_newlib_semihost.a(syscalls.o)
 .bss.monitor_stdin
                0x10000994        0x4 c:/nxp/lpcxpresso_3.6.3_317/tools/bin/../lib/gcc/arm-none-eabi/4.3.3/../../../../arm-none-eabi/lib/thumb2\libcr_newlib_semihost.a(syscalls.o)
 .bss.heap_base.2543
                0x10000998        0x4 c:/nxp/lpcxpresso_3.6.3_317/tools/bin/../lib/gcc/arm-none-eabi/4.3.3/../../../../arm-none-eabi/lib/thumb2\libcr_newlib_semihost.a(syscalls.o)
 .bss.monitor_stderr
                0x1000099c        0x4 c:/nxp/lpcxpresso_3.6.3_317/tools/bin/../lib/gcc/arm-none-eabi/4.3.3/../../../../arm-none-eabi/lib/thumb2\libcr_newlib_semihost.a(syscalls.o)
 .bss.openfiles
                0x100009a0       0x28 c:/nxp/lpcxpresso_3.6.3_317/tools/bin/../lib/gcc/arm-none-eabi/4.3.3/../../../../arm-none-eabi/lib/thumb2\libcr_newlib_semihost.a(syscalls.o)
 *(COMMON)
 COMMON         0x100009c8       0x11 ./src/main.o
                0x100009c8                currentTemperatureReading
                0x100009cc                buzzerState
                0x100009cd                currentState
                0x100009ce                handShakeState
                0x100009cf                accMode
                0x100009d0                flutterState
                0x100009d4                msTicks
                0x100009d8                temperatureState
 *fill*         0x100009d9        0x3 00
 COMMON         0x100009dc        0x4 c:/nxp/lpcxpresso_3.6.3_317/tools/bin/../lib/gcc/arm-none-eabi/4.3.3/../../../../arm-none-eabi/lib/thumb2\libc.a(lib_a-reent.o)
                0x100009dc                errno
                0x100009e0                . = ALIGN (0x4)
                0x100009e0                _ebss = .
                0x100009e0                PROVIDE (end, .)
                0x100009e0                PROVIDE (_pvHeapStart, .)
                0x10008000                PROVIDE (_vStackTop, (__top_RamLoc32 - 0x0))
OUTPUT(Assignment2.axf elf32-littlearm)

.debug_abbrev   0x00000000     0x194a
 .debug_abbrev  0x00000000       0xbd ./src/cr_startup_lpc17.o
 .debug_abbrev  0x000000bd      0x290 ./src/main.o
 .debug_abbrev  0x0000034d       0xc6 C:\Users\thyagesh93\Documents\NUS\IVLEDrive\EE2024 PROGRAMMING FOR COMPUTER INTERFACES\PROGRAMMING FOR COMPUTER INTERFACES\Assignment 2\Lib_CMSISv1p30_LPC17xx\Debug\libCMSISv1p30_LPC17xx.a(system_LPC17xx.o)
 .debug_abbrev  0x00000413      0x165 C:\Users\thyagesh93\Documents\NUS\IVLEDrive\EE2024 PROGRAMMING FOR COMPUTER INTERFACES\PROGRAMMING FOR COMPUTER INTERFACES\Assignment 2\Lib_EaBaseBoard\Debug\libLib_EaBaseBoard.a(acc.o)
 .debug_abbrev  0x00000578      0x151 C:\Users\thyagesh93\Documents\NUS\IVLEDrive\EE2024 PROGRAMMING FOR COMPUTER INTERFACES\PROGRAMMING FOR COMPUTER INTERFACES\Assignment 2\Lib_EaBaseBoard\Debug\libLib_EaBaseBoard.a(led7seg.o)
 .debug_abbrev  0x000006c9      0x1c6 C:\Users\thyagesh93\Documents\NUS\IVLEDrive\EE2024 PROGRAMMING FOR COMPUTER INTERFACES\PROGRAMMING FOR COMPUTER INTERFACES\Assignment 2\Lib_EaBaseBoard\Debug\libLib_EaBaseBoard.a(light.o)
 .debug_abbrev  0x0000088f      0x1ed C:\Users\thyagesh93\Documents\NUS\IVLEDrive\EE2024 PROGRAMMING FOR COMPUTER INTERFACES\PROGRAMMING FOR COMPUTER INTERFACES\Assignment 2\Lib_EaBaseBoard\Debug\libLib_EaBaseBoard.a(oled.o)
 .debug_abbrev  0x00000a7c      0x1b3 C:\Users\thyagesh93\Documents\NUS\IVLEDrive\EE2024 PROGRAMMING FOR COMPUTER INTERFACES\PROGRAMMING FOR COMPUTER INTERFACES\Assignment 2\Lib_EaBaseBoard\Debug\libLib_EaBaseBoard.a(pca9532.o)
 .debug_abbrev  0x00000c2f       0x97 C:\Users\thyagesh93\Documents\NUS\IVLEDrive\EE2024 PROGRAMMING FOR COMPUTER INTERFACES\PROGRAMMING FOR COMPUTER INTERFACES\Assignment 2\Lib_EaBaseBoard\Debug\libLib_EaBaseBoard.a(rgb.o)
 .debug_abbrev  0x00000cc6       0x54 C:\Users\thyagesh93\Documents\NUS\IVLEDrive\EE2024 PROGRAMMING FOR COMPUTER INTERFACES\PROGRAMMING FOR COMPUTER INTERFACES\Assignment 2\Lib_EaBaseBoard\Debug\libLib_EaBaseBoard.a(font5x7.o)
 .debug_abbrev  0x00000d1a      0x18e C:\Users\thyagesh93\Documents\NUS\IVLEDrive\EE2024 PROGRAMMING FOR COMPUTER INTERFACES\PROGRAMMING FOR COMPUTER INTERFACES\Assignment 2\Lib_MCU\Debug\libLib_MCU.a(lpc17xx_gpio.o)
 .debug_abbrev  0x00000ea8      0x253 C:\Users\thyagesh93\Documents\NUS\IVLEDrive\EE2024 PROGRAMMING FOR COMPUTER INTERFACES\PROGRAMMING FOR COMPUTER INTERFACES\Assignment 2\Lib_MCU\Debug\libLib_MCU.a(lpc17xx_i2c.o)
 .debug_abbrev  0x000010fb      0x113 C:\Users\thyagesh93\Documents\NUS\IVLEDrive\EE2024 PROGRAMMING FOR COMPUTER INTERFACES\PROGRAMMING FOR COMPUTER INTERFACES\Assignment 2\Lib_MCU\Debug\libLib_MCU.a(lpc17xx_pinsel.o)
 .debug_abbrev  0x0000120e      0x1dc C:\Users\thyagesh93\Documents\NUS\IVLEDrive\EE2024 PROGRAMMING FOR COMPUTER INTERFACES\PROGRAMMING FOR COMPUTER INTERFACES\Assignment 2\Lib_MCU\Debug\libLib_MCU.a(lpc17xx_ssp.o)
 .debug_abbrev  0x000013ea      0x1a8 C:\Users\thyagesh93\Documents\NUS\IVLEDrive\EE2024 PROGRAMMING FOR COMPUTER INTERFACES\PROGRAMMING FOR COMPUTER INTERFACES\Assignment 2\Lib_MCU\Debug\libLib_MCU.a(lpc17xx_timer.o)
 .debug_abbrev  0x00001592      0x23b C:\Users\thyagesh93\Documents\NUS\IVLEDrive\EE2024 PROGRAMMING FOR COMPUTER INTERFACES\PROGRAMMING FOR COMPUTER INTERFACES\Assignment 2\Lib_MCU\Debug\libLib_MCU.a(lpc17xx_uart.o)
 .debug_abbrev  0x000017cd      0x17d C:\Users\thyagesh93\Documents\NUS\IVLEDrive\EE2024 PROGRAMMING FOR COMPUTER INTERFACES\PROGRAMMING FOR COMPUTER INTERFACES\Assignment 2\Lib_MCU\Debug\libLib_MCU.a(lpc17xx_clkpwr.o)

.debug_info     0x00000000     0x8a64
 .debug_info    0x00000000      0x1ec ./src/cr_startup_lpc17.o
 .debug_info    0x000001ec     0x1cf6 ./src/main.o
 .debug_info    0x00001ee2      0x334 C:\Users\thyagesh93\Documents\NUS\IVLEDrive\EE2024 PROGRAMMING FOR COMPUTER INTERFACES\PROGRAMMING FOR COMPUTER INTERFACES\Assignment 2\Lib_CMSISv1p30_LPC17xx\Debug\libCMSISv1p30_LPC17xx.a(system_LPC17xx.o)
 .debug_info    0x00002216      0x526 C:\Users\thyagesh93\Documents\NUS\IVLEDrive\EE2024 PROGRAMMING FOR COMPUTER INTERFACES\PROGRAMMING FOR COMPUTER INTERFACES\Assignment 2\Lib_EaBaseBoard\Debug\libLib_EaBaseBoard.a(acc.o)
 .debug_info    0x0000273c      0x26b C:\Users\thyagesh93\Documents\NUS\IVLEDrive\EE2024 PROGRAMMING FOR COMPUTER INTERFACES\PROGRAMMING FOR COMPUTER INTERFACES\Assignment 2\Lib_EaBaseBoard\Debug\libLib_EaBaseBoard.a(led7seg.o)
 .debug_info    0x000029a7      0x74c C:\Users\thyagesh93\Documents\NUS\IVLEDrive\EE2024 PROGRAMMING FOR COMPUTER INTERFACES\PROGRAMMING FOR COMPUTER INTERFACES\Assignment 2\Lib_EaBaseBoard\Debug\libLib_EaBaseBoard.a(light.o)
 .debug_info    0x000030f3      0x954 C:\Users\thyagesh93\Documents\NUS\IVLEDrive\EE2024 PROGRAMMING FOR COMPUTER INTERFACES\PROGRAMMING FOR COMPUTER INTERFACES\Assignment 2\Lib_EaBaseBoard\Debug\libLib_EaBaseBoard.a(oled.o)
 .debug_info    0x00003a47      0x62b C:\Users\thyagesh93\Documents\NUS\IVLEDrive\EE2024 PROGRAMMING FOR COMPUTER INTERFACES\PROGRAMMING FOR COMPUTER INTERFACES\Assignment 2\Lib_EaBaseBoard\Debug\libLib_EaBaseBoard.a(pca9532.o)
 .debug_info    0x00004072       0xd9 C:\Users\thyagesh93\Documents\NUS\IVLEDrive\EE2024 PROGRAMMING FOR COMPUTER INTERFACES\PROGRAMMING FOR COMPUTER INTERFACES\Assignment 2\Lib_EaBaseBoard\Debug\libLib_EaBaseBoard.a(rgb.o)
 .debug_info    0x0000414b       0x61 C:\Users\thyagesh93\Documents\NUS\IVLEDrive\EE2024 PROGRAMMING FOR COMPUTER INTERFACES\PROGRAMMING FOR COMPUTER INTERFACES\Assignment 2\Lib_EaBaseBoard\Debug\libLib_EaBaseBoard.a(font5x7.o)
 .debug_info    0x000041ac      0xb8a C:\Users\thyagesh93\Documents\NUS\IVLEDrive\EE2024 PROGRAMMING FOR COMPUTER INTERFACES\PROGRAMMING FOR COMPUTER INTERFACES\Assignment 2\Lib_MCU\Debug\libLib_MCU.a(lpc17xx_gpio.o)
 .debug_info    0x00004d36      0xcad C:\Users\thyagesh93\Documents\NUS\IVLEDrive\EE2024 PROGRAMMING FOR COMPUTER INTERFACES\PROGRAMMING FOR COMPUTER INTERFACES\Assignment 2\Lib_MCU\Debug\libLib_MCU.a(lpc17xx_i2c.o)
 .debug_info    0x000059e3      0x49b C:\Users\thyagesh93\Documents\NUS\IVLEDrive\EE2024 PROGRAMMING FOR COMPUTER INTERFACES\PROGRAMMING FOR COMPUTER INTERFACES\Assignment 2\Lib_MCU\Debug\libLib_MCU.a(lpc17xx_pinsel.o)
 .debug_info    0x00005e7e      0x85c C:\Users\thyagesh93\Documents\NUS\IVLEDrive\EE2024 PROGRAMMING FOR COMPUTER INTERFACES\PROGRAMMING FOR COMPUTER INTERFACES\Assignment 2\Lib_MCU\Debug\libLib_MCU.a(lpc17xx_ssp.o)
 .debug_info    0x000066da      0x8d9 C:\Users\thyagesh93\Documents\NUS\IVLEDrive\EE2024 PROGRAMMING FOR COMPUTER INTERFACES\PROGRAMMING FOR COMPUTER INTERFACES\Assignment 2\Lib_MCU\Debug\libLib_MCU.a(lpc17xx_timer.o)
 .debug_info    0x00006fb3     0x149e C:\Users\thyagesh93\Documents\NUS\IVLEDrive\EE2024 PROGRAMMING FOR COMPUTER INTERFACES\PROGRAMMING FOR COMPUTER INTERFACES\Assignment 2\Lib_MCU\Debug\libLib_MCU.a(lpc17xx_uart.o)
 .debug_info    0x00008451      0x613 C:\Users\thyagesh93\Documents\NUS\IVLEDrive\EE2024 PROGRAMMING FOR COMPUTER INTERFACES\PROGRAMMING FOR COMPUTER INTERFACES\Assignment 2\Lib_MCU\Debug\libLib_MCU.a(lpc17xx_clkpwr.o)

.debug_line     0x00000000     0x5f5e
 .debug_line    0x00000000      0x2a6 ./src/cr_startup_lpc17.o
 .debug_line    0x000002a6      0xd71 ./src/main.o
 .debug_line    0x00001017      0x36d C:\Users\thyagesh93\Documents\NUS\IVLEDrive\EE2024 PROGRAMMING FOR COMPUTER INTERFACES\PROGRAMMING FOR COMPUTER INTERFACES\Assignment 2\Lib_CMSISv1p30_LPC17xx\Debug\libCMSISv1p30_LPC17xx.a(system_LPC17xx.o)
 .debug_line    0x00001384      0x534 C:\Users\thyagesh93\Documents\NUS\IVLEDrive\EE2024 PROGRAMMING FOR COMPUTER INTERFACES\PROGRAMMING FOR COMPUTER INTERFACES\Assignment 2\Lib_EaBaseBoard\Debug\libLib_EaBaseBoard.a(acc.o)
 .debug_line    0x000018b8      0x4af C:\Users\thyagesh93\Documents\NUS\IVLEDrive\EE2024 PROGRAMMING FOR COMPUTER INTERFACES\PROGRAMMING FOR COMPUTER INTERFACES\Assignment 2\Lib_EaBaseBoard\Debug\libLib_EaBaseBoard.a(led7seg.o)
 .debug_line    0x00001d67      0x5df C:\Users\thyagesh93\Documents\NUS\IVLEDrive\EE2024 PROGRAMMING FOR COMPUTER INTERFACES\PROGRAMMING FOR COMPUTER INTERFACES\Assignment 2\Lib_EaBaseBoard\Debug\libLib_EaBaseBoard.a(light.o)
 .debug_line    0x00002346      0x6d0 C:\Users\thyagesh93\Documents\NUS\IVLEDrive\EE2024 PROGRAMMING FOR COMPUTER INTERFACES\PROGRAMMING FOR COMPUTER INTERFACES\Assignment 2\Lib_EaBaseBoard\Debug\libLib_EaBaseBoard.a(oled.o)
 .debug_line    0x00002a16      0x5a2 C:\Users\thyagesh93\Documents\NUS\IVLEDrive\EE2024 PROGRAMMING FOR COMPUTER INTERFACES\PROGRAMMING FOR COMPUTER INTERFACES\Assignment 2\Lib_EaBaseBoard\Debug\libLib_EaBaseBoard.a(pca9532.o)
 .debug_line    0x00002fb8      0x493 C:\Users\thyagesh93\Documents\NUS\IVLEDrive\EE2024 PROGRAMMING FOR COMPUTER INTERFACES\PROGRAMMING FOR COMPUTER INTERFACES\Assignment 2\Lib_EaBaseBoard\Debug\libLib_EaBaseBoard.a(rgb.o)
 .debug_line    0x0000344b       0xdd C:\Users\thyagesh93\Documents\NUS\IVLEDrive\EE2024 PROGRAMMING FOR COMPUTER INTERFACES\PROGRAMMING FOR COMPUTER INTERFACES\Assignment 2\Lib_EaBaseBoard\Debug\libLib_EaBaseBoard.a(font5x7.o)
 .debug_line    0x00003528      0x5ca C:\Users\thyagesh93\Documents\NUS\IVLEDrive\EE2024 PROGRAMMING FOR COMPUTER INTERFACES\PROGRAMMING FOR COMPUTER INTERFACES\Assignment 2\Lib_MCU\Debug\libLib_MCU.a(lpc17xx_gpio.o)
 .debug_line    0x00003af2      0x727 C:\Users\thyagesh93\Documents\NUS\IVLEDrive\EE2024 PROGRAMMING FOR COMPUTER INTERFACES\PROGRAMMING FOR COMPUTER INTERFACES\Assignment 2\Lib_MCU\Debug\libLib_MCU.a(lpc17xx_i2c.o)
 .debug_line    0x00004219      0x45b C:\Users\thyagesh93\Documents\NUS\IVLEDrive\EE2024 PROGRAMMING FOR COMPUTER INTERFACES\PROGRAMMING FOR COMPUTER INTERFACES\Assignment 2\Lib_MCU\Debug\libLib_MCU.a(lpc17xx_pinsel.o)
 .debug_line    0x00004674      0x65d C:\Users\thyagesh93\Documents\NUS\IVLEDrive\EE2024 PROGRAMMING FOR COMPUTER INTERFACES\PROGRAMMING FOR COMPUTER INTERFACES\Assignment 2\Lib_MCU\Debug\libLib_MCU.a(lpc17xx_ssp.o)
 .debug_line    0x00004cd1      0x5e6 C:\Users\thyagesh93\Documents\NUS\IVLEDrive\EE2024 PROGRAMMING FOR COMPUTER INTERFACES\PROGRAMMING FOR COMPUTER INTERFACES\Assignment 2\Lib_MCU\Debug\libLib_MCU.a(lpc17xx_timer.o)
 .debug_line    0x000052b7      0x812 C:\Users\thyagesh93\Documents\NUS\IVLEDrive\EE2024 PROGRAMMING FOR COMPUTER INTERFACES\PROGRAMMING FOR COMPUTER INTERFACES\Assignment 2\Lib_MCU\Debug\libLib_MCU.a(lpc17xx_uart.o)
 .debug_line    0x00005ac9      0x495 C:\Users\thyagesh93\Documents\NUS\IVLEDrive\EE2024 PROGRAMMING FOR COMPUTER INTERFACES\PROGRAMMING FOR COMPUTER INTERFACES\Assignment 2\Lib_MCU\Debug\libLib_MCU.a(lpc17xx_clkpwr.o)

.debug_macinfo  0x00000000    0x7f985
 .debug_macinfo
                0x00000000     0x151f ./src/cr_startup_lpc17.o
 .debug_macinfo
                0x0000151f     0xcf2d ./src/main.o
 .debug_macinfo
                0x0000e44c     0x6d5c C:\Users\thyagesh93\Documents\NUS\IVLEDrive\EE2024 PROGRAMMING FOR COMPUTER INTERFACES\PROGRAMMING FOR COMPUTER INTERFACES\Assignment 2\Lib_CMSISv1p30_LPC17xx\Debug\libCMSISv1p30_LPC17xx.a(system_LPC17xx.o)
 .debug_macinfo
                0x000151a8     0x787f C:\Users\thyagesh93\Documents\NUS\IVLEDrive\EE2024 PROGRAMMING FOR COMPUTER INTERFACES\PROGRAMMING FOR COMPUTER INTERFACES\Assignment 2\Lib_EaBaseBoard\Debug\libLib_EaBaseBoard.a(acc.o)
 .debug_macinfo
                0x0001ca27     0x8007 C:\Users\thyagesh93\Documents\NUS\IVLEDrive\EE2024 PROGRAMMING FOR COMPUTER INTERFACES\PROGRAMMING FOR COMPUTER INTERFACES\Assignment 2\Lib_EaBaseBoard\Debug\libLib_EaBaseBoard.a(led7seg.o)
 .debug_macinfo
                0x00024a2e     0x779e C:\Users\thyagesh93\Documents\NUS\IVLEDrive\EE2024 PROGRAMMING FOR COMPUTER INTERFACES\PROGRAMMING FOR COMPUTER INTERFACES\Assignment 2\Lib_EaBaseBoard\Debug\libLib_EaBaseBoard.a(light.o)
 .debug_macinfo
                0x0002c1cc     0x8aa7 C:\Users\thyagesh93\Documents\NUS\IVLEDrive\EE2024 PROGRAMMING FOR COMPUTER INTERFACES\PROGRAMMING FOR COMPUTER INTERFACES\Assignment 2\Lib_EaBaseBoard\Debug\libLib_EaBaseBoard.a(oled.o)
 .debug_macinfo
                0x00034c73     0x77bd C:\Users\thyagesh93\Documents\NUS\IVLEDrive\EE2024 PROGRAMMING FOR COMPUTER INTERFACES\PROGRAMMING FOR COMPUTER INTERFACES\Assignment 2\Lib_EaBaseBoard\Debug\libLib_EaBaseBoard.a(pca9532.o)
 .debug_macinfo
                0x0003c430     0x6eb0 C:\Users\thyagesh93\Documents\NUS\IVLEDrive\EE2024 PROGRAMMING FOR COMPUTER INTERFACES\PROGRAMMING FOR COMPUTER INTERFACES\Assignment 2\Lib_EaBaseBoard\Debug\libLib_EaBaseBoard.a(rgb.o)
 .debug_macinfo
                0x000432e0     0x1cb1 C:\Users\thyagesh93\Documents\NUS\IVLEDrive\EE2024 PROGRAMMING FOR COMPUTER INTERFACES\PROGRAMMING FOR COMPUTER INTERFACES\Assignment 2\Lib_EaBaseBoard\Debug\libLib_EaBaseBoard.a(font5x7.o)
 .debug_macinfo
                0x00044f91     0x701c C:\Users\thyagesh93\Documents\NUS\IVLEDrive\EE2024 PROGRAMMING FOR COMPUTER INTERFACES\PROGRAMMING FOR COMPUTER INTERFACES\Assignment 2\Lib_MCU\Debug\libLib_MCU.a(lpc17xx_gpio.o)
 .debug_macinfo
                0x0004bfad     0x8f3c C:\Users\thyagesh93\Documents\NUS\IVLEDrive\EE2024 PROGRAMMING FOR COMPUTER INTERFACES\PROGRAMMING FOR COMPUTER INTERFACES\Assignment 2\Lib_MCU\Debug\libLib_MCU.a(lpc17xx_i2c.o)
 .debug_macinfo
                0x00054ee9     0x7137 C:\Users\thyagesh93\Documents\NUS\IVLEDrive\EE2024 PROGRAMMING FOR COMPUTER INTERFACES\PROGRAMMING FOR COMPUTER INTERFACES\Assignment 2\Lib_MCU\Debug\libLib_MCU.a(lpc17xx_pinsel.o)
 .debug_macinfo
                0x0005c020     0x9234 C:\Users\thyagesh93\Documents\NUS\IVLEDrive\EE2024 PROGRAMMING FOR COMPUTER INTERFACES\PROGRAMMING FOR COMPUTER INTERFACES\Assignment 2\Lib_MCU\Debug\libLib_MCU.a(lpc17xx_ssp.o)
 .debug_macinfo
                0x00065254     0x8e31 C:\Users\thyagesh93\Documents\NUS\IVLEDrive\EE2024 PROGRAMMING FOR COMPUTER INTERFACES\PROGRAMMING FOR COMPUTER INTERFACES\Assignment 2\Lib_MCU\Debug\libLib_MCU.a(lpc17xx_timer.o)
 .debug_macinfo
                0x0006e085     0x99a3 C:\Users\thyagesh93\Documents\NUS\IVLEDrive\EE2024 PROGRAMMING FOR COMPUTER INTERFACES\PROGRAMMING FOR COMPUTER INTERFACES\Assignment 2\Lib_MCU\Debug\libLib_MCU.a(lpc17xx_uart.o)
 .debug_macinfo
                0x00077a28     0x7f5d C:\Users\thyagesh93\Documents\NUS\IVLEDrive\EE2024 PROGRAMMING FOR COMPUTER INTERFACES\PROGRAMMING FOR COMPUTER INTERFACES\Assignment 2\Lib_MCU\Debug\libLib_MCU.a(lpc17xx_clkpwr.o)

.debug_frame    0x00000000     0x2c78
 .debug_frame   0x00000000      0x120 ./src/cr_startup_lpc17.o
 .debug_frame   0x00000120      0x620 ./src/main.o
 .debug_frame   0x00000740       0x48 C:\Users\thyagesh93\Documents\NUS\IVLEDrive\EE2024 PROGRAMMING FOR COMPUTER INTERFACES\PROGRAMMING FOR COMPUTER INTERFACES\Assignment 2\Lib_CMSISv1p30_LPC17xx\Debug\libCMSISv1p30_LPC17xx.a(system_LPC17xx.o)
 .debug_frame   0x00000788      0x12c C:\Users\thyagesh93\Documents\NUS\IVLEDrive\EE2024 PROGRAMMING FOR COMPUTER INTERFACES\PROGRAMMING FOR COMPUTER INTERFACES\Assignment 2\Lib_EaBaseBoard\Debug\libLib_EaBaseBoard.a(acc.o)
 .debug_frame   0x000008b4       0x4c C:\Users\thyagesh93\Documents\NUS\IVLEDrive\EE2024 PROGRAMMING FOR COMPUTER INTERFACES\PROGRAMMING FOR COMPUTER INTERFACES\Assignment 2\Lib_EaBaseBoard\Debug\libLib_EaBaseBoard.a(led7seg.o)
 .debug_frame   0x00000900      0x208 C:\Users\thyagesh93\Documents\NUS\IVLEDrive\EE2024 PROGRAMMING FOR COMPUTER INTERFACES\PROGRAMMING FOR COMPUTER INTERFACES\Assignment 2\Lib_EaBaseBoard\Debug\libLib_EaBaseBoard.a(light.o)
 .debug_frame   0x00000b08      0x1fc C:\Users\thyagesh93\Documents\NUS\IVLEDrive\EE2024 PROGRAMMING FOR COMPUTER INTERFACES\PROGRAMMING FOR COMPUTER INTERFACES\Assignment 2\Lib_EaBaseBoard\Debug\libLib_EaBaseBoard.a(oled.o)
 .debug_frame   0x00000d04      0x1a8 C:\Users\thyagesh93\Documents\NUS\IVLEDrive\EE2024 PROGRAMMING FOR COMPUTER INTERFACES\PROGRAMMING FOR COMPUTER INTERFACES\Assignment 2\Lib_EaBaseBoard\Debug\libLib_EaBaseBoard.a(pca9532.o)
 .debug_frame   0x00000eac       0x4c C:\Users\thyagesh93\Documents\NUS\IVLEDrive\EE2024 PROGRAMMING FOR COMPUTER INTERFACES\PROGRAMMING FOR COMPUTER INTERFACES\Assignment 2\Lib_EaBaseBoard\Debug\libLib_EaBaseBoard.a(rgb.o)
 .debug_frame   0x00000ef8      0x2c4 C:\Users\thyagesh93\Documents\NUS\IVLEDrive\EE2024 PROGRAMMING FOR COMPUTER INTERFACES\PROGRAMMING FOR COMPUTER INTERFACES\Assignment 2\Lib_MCU\Debug\libLib_MCU.a(lpc17xx_gpio.o)
 .debug_frame   0x000011bc      0x2c8 C:\Users\thyagesh93\Documents\NUS\IVLEDrive\EE2024 PROGRAMMING FOR COMPUTER INTERFACES\PROGRAMMING FOR COMPUTER INTERFACES\Assignment 2\Lib_MCU\Debug\libLib_MCU.a(lpc17xx_i2c.o)
 .debug_frame   0x00001484       0xbc C:\Users\thyagesh93\Documents\NUS\IVLEDrive\EE2024 PROGRAMMING FOR COMPUTER INTERFACES\PROGRAMMING FOR COMPUTER INTERFACES\Assignment 2\Lib_MCU\Debug\libLib_MCU.a(lpc17xx_pinsel.o)
 .debug_frame   0x00001540      0x280 C:\Users\thyagesh93\Documents\NUS\IVLEDrive\EE2024 PROGRAMMING FOR COMPUTER INTERFACES\PROGRAMMING FOR COMPUTER INTERFACES\Assignment 2\Lib_MCU\Debug\libLib_MCU.a(lpc17xx_ssp.o)
 .debug_frame   0x000017c0      0x22c C:\Users\thyagesh93\Documents\NUS\IVLEDrive\EE2024 PROGRAMMING FOR COMPUTER INTERFACES\PROGRAMMING FOR COMPUTER INTERFACES\Assignment 2\Lib_MCU\Debug\libLib_MCU.a(lpc17xx_timer.o)
 .debug_frame   0x000019ec      0x44c C:\Users\thyagesh93\Documents\NUS\IVLEDrive\EE2024 PROGRAMMING FOR COMPUTER INTERFACES\PROGRAMMING FOR COMPUTER INTERFACES\Assignment 2\Lib_MCU\Debug\libLib_MCU.a(lpc17xx_uart.o)
 .debug_frame   0x00001e38      0x10c C:\Users\thyagesh93\Documents\NUS\IVLEDrive\EE2024 PROGRAMMING FOR COMPUTER INTERFACES\PROGRAMMING FOR COMPUTER INTERFACES\Assignment 2\Lib_MCU\Debug\libLib_MCU.a(lpc17xx_clkpwr.o)
 .debug_frame   0x00001f44       0x50 c:/nxp/lpcxpresso_3.6.3_317/tools/bin/../lib/gcc/arm-none-eabi/4.3.3/thumb2\libgcc.a(bpabi.o)
 .debug_frame   0x00001f94       0x38 c:/nxp/lpcxpresso_3.6.3_317/tools/bin/../lib/gcc/arm-none-eabi/4.3.3/thumb2\libgcc.a(_divdi3.o)
 .debug_frame   0x00001fcc       0x38 c:/nxp/lpcxpresso_3.6.3_317/tools/bin/../lib/gcc/arm-none-eabi/4.3.3/thumb2\libgcc.a(_udivdi3.o)
 .debug_frame   0x00002004       0x20 c:/nxp/lpcxpresso_3.6.3_317/tools/bin/../lib/gcc/arm-none-eabi/4.3.3/thumb2\libgcc.a(_udivsi3.o)
 .debug_frame   0x00002024       0x30 c:/nxp/lpcxpresso_3.6.3_317/tools/bin/../lib/gcc/arm-none-eabi/4.3.3/../../../../arm-none-eabi/lib/thumb2\libc.a(lib_a-memcpy.o)
 .debug_frame   0x00002054       0x28 c:/nxp/lpcxpresso_3.6.3_317/tools/bin/../lib/gcc/arm-none-eabi/4.3.3/../../../../arm-none-eabi/lib/thumb2\libc.a(lib_a-memset.o)
 .debug_frame   0x0000207c       0x5c c:/nxp/lpcxpresso_3.6.3_317/tools/bin/../lib/gcc/arm-none-eabi/4.3.3/../../../../arm-none-eabi/lib/thumb2\libc.a(lib_a-printf.o)
 .debug_frame   0x000020d8       0x58 c:/nxp/lpcxpresso_3.6.3_317/tools/bin/../lib/gcc/arm-none-eabi/4.3.3/../../../../arm-none-eabi/lib/thumb2\libc.a(lib_a-sprintf.o)
 .debug_frame   0x00002130       0x28 c:/nxp/lpcxpresso_3.6.3_317/tools/bin/../lib/gcc/arm-none-eabi/4.3.3/../../../../arm-none-eabi/lib/thumb2\libc.a(lib_a-strcat.o)
 .debug_frame   0x00002158       0x20 c:/nxp/lpcxpresso_3.6.3_317/tools/bin/../lib/gcc/arm-none-eabi/4.3.3/../../../../arm-none-eabi/lib/thumb2\libc.a(lib_a-strcpy.o)
 .debug_frame   0x00002178       0x20 c:/nxp/lpcxpresso_3.6.3_317/tools/bin/../lib/gcc/arm-none-eabi/4.3.3/../../../../arm-none-eabi/lib/thumb2\libc.a(lib_a-strlen.o)
 .debug_frame   0x00002198       0x64 c:/nxp/lpcxpresso_3.6.3_317/tools/bin/../lib/gcc/arm-none-eabi/4.3.3/../../../../arm-none-eabi/lib/thumb2\libc.a(lib_a-svfprintf.o)
 .debug_frame   0x000021fc       0x74 c:/nxp/lpcxpresso_3.6.3_317/tools/bin/../lib/gcc/arm-none-eabi/4.3.3/../../../../arm-none-eabi/lib/thumb2\libc.a(lib_a-vfprintf.o)
 .debug_frame   0x00002270       0x2c c:/nxp/lpcxpresso_3.6.3_317/tools/bin/../lib/gcc/arm-none-eabi/4.3.3/../../../../arm-none-eabi/lib/thumb2\libc.a(lib_a-wsetup.o)
 .debug_frame   0x0000229c       0x64 c:/nxp/lpcxpresso_3.6.3_317/tools/bin/../lib/gcc/arm-none-eabi/4.3.3/../../../../arm-none-eabi/lib/thumb2\libc.a(lib_a-dtoa.o)
 .debug_frame   0x00002300       0x48 c:/nxp/lpcxpresso_3.6.3_317/tools/bin/../lib/gcc/arm-none-eabi/4.3.3/../../../../arm-none-eabi/lib/thumb2\libc.a(lib_a-fflush.o)
 .debug_frame   0x00002348      0x13c c:/nxp/lpcxpresso_3.6.3_317/tools/bin/../lib/gcc/arm-none-eabi/4.3.3/../../../../arm-none-eabi/lib/thumb2\libc.a(lib_a-findfp.o)
 .debug_frame   0x00002484       0x50 c:/nxp/lpcxpresso_3.6.3_317/tools/bin/../lib/gcc/arm-none-eabi/4.3.3/../../../../arm-none-eabi/lib/thumb2\libc.a(lib_a-freer.o)
 .debug_frame   0x000024d4       0x38 c:/nxp/lpcxpresso_3.6.3_317/tools/bin/../lib/gcc/arm-none-eabi/4.3.3/../../../../arm-none-eabi/lib/thumb2\libc.a(lib_a-fvwrite.o)
 .debug_frame   0x0000250c       0x58 c:/nxp/lpcxpresso_3.6.3_317/tools/bin/../lib/gcc/arm-none-eabi/4.3.3/../../../../arm-none-eabi/lib/thumb2\libc.a(lib_a-fwalk.o)
 .debug_frame   0x00002564       0x74 c:/nxp/lpcxpresso_3.6.3_317/tools/bin/../lib/gcc/arm-none-eabi/4.3.3/../../../../arm-none-eabi/lib/thumb2\libc.a(lib_a-locale.o)
 .debug_frame   0x000025d8       0x30 c:/nxp/lpcxpresso_3.6.3_317/tools/bin/../lib/gcc/arm-none-eabi/4.3.3/../../../../arm-none-eabi/lib/thumb2\libc.a(lib_a-makebuf.o)
 .debug_frame   0x00002608       0x40 c:/nxp/lpcxpresso_3.6.3_317/tools/bin/../lib/gcc/arm-none-eabi/4.3.3/../../../../arm-none-eabi/lib/thumb2\libc.a(lib_a-malloc.o)
 .debug_frame   0x00002648       0x38 c:/nxp/lpcxpresso_3.6.3_317/tools/bin/../lib/gcc/arm-none-eabi/4.3.3/../../../../arm-none-eabi/lib/thumb2\libc.a(lib_a-mallocr.o)
 .debug_frame   0x00002680       0x28 c:/nxp/lpcxpresso_3.6.3_317/tools/bin/../lib/gcc/arm-none-eabi/4.3.3/../../../../arm-none-eabi/lib/thumb2\libc.a(lib_a-memchr.o)
 .debug_frame   0x000026a8       0x2c c:/nxp/lpcxpresso_3.6.3_317/tools/bin/../lib/gcc/arm-none-eabi/4.3.3/../../../../arm-none-eabi/lib/thumb2\libc.a(lib_a-memmove.o)
 .debug_frame   0x000026d4       0x30 c:/nxp/lpcxpresso_3.6.3_317/tools/bin/../lib/gcc/arm-none-eabi/4.3.3/../../../../arm-none-eabi/lib/thumb2\libc.a(lib_a-mlock.o)
 .debug_frame   0x00002704      0x228 c:/nxp/lpcxpresso_3.6.3_317/tools/bin/../lib/gcc/arm-none-eabi/4.3.3/../../../../arm-none-eabi/lib/thumb2\libc.a(lib_a-mprec.o)
 .debug_frame   0x0000292c       0x38 c:/nxp/lpcxpresso_3.6.3_317/tools/bin/../lib/gcc/arm-none-eabi/4.3.3/../../../../arm-none-eabi/lib/thumb2\libc.a(lib_a-reallocr.o)
 .debug_frame   0x00002964       0x28 c:/nxp/lpcxpresso_3.6.3_317/tools/bin/../lib/gcc/arm-none-eabi/4.3.3/../../../../arm-none-eabi/lib/thumb2\libc.a(lib_a-s_isinfd.o)
 .debug_frame   0x0000298c       0x20 c:/nxp/lpcxpresso_3.6.3_317/tools/bin/../lib/gcc/arm-none-eabi/4.3.3/../../../../arm-none-eabi/lib/thumb2\libc.a(lib_a-s_isnand.o)
 .debug_frame   0x000029ac       0x2c c:/nxp/lpcxpresso_3.6.3_317/tools/bin/../lib/gcc/arm-none-eabi/4.3.3/../../../../arm-none-eabi/lib/thumb2\libc.a(lib_a-sbrkr.o)
 .debug_frame   0x000029d8       0x78 c:/nxp/lpcxpresso_3.6.3_317/tools/bin/../lib/gcc/arm-none-eabi/4.3.3/../../../../arm-none-eabi/lib/thumb2\libc.a(lib_a-stdio.o)
 .debug_frame   0x00002a50       0x30 c:/nxp/lpcxpresso_3.6.3_317/tools/bin/../lib/gcc/arm-none-eabi/4.3.3/../../../../arm-none-eabi/lib/thumb2\libc.a(lib_a-strcmp.o)
 .debug_frame   0x00002a80       0x2c c:/nxp/lpcxpresso_3.6.3_317/tools/bin/../lib/gcc/arm-none-eabi/4.3.3/../../../../arm-none-eabi/lib/thumb2\libc.a(lib_a-writer.o)
 .debug_frame   0x00002aac       0x28 c:/nxp/lpcxpresso_3.6.3_317/tools/bin/../lib/gcc/arm-none-eabi/4.3.3/../../../../arm-none-eabi/lib/thumb2\libc.a(lib_a-callocr.o)
 .debug_frame   0x00002ad4       0x2c c:/nxp/lpcxpresso_3.6.3_317/tools/bin/../lib/gcc/arm-none-eabi/4.3.3/../../../../arm-none-eabi/lib/thumb2\libc.a(lib_a-closer.o)
 .debug_frame   0x00002b00       0x44 c:/nxp/lpcxpresso_3.6.3_317/tools/bin/../lib/gcc/arm-none-eabi/4.3.3/../../../../arm-none-eabi/lib/thumb2\libc.a(lib_a-fclose.o)
 .debug_frame   0x00002b44       0x2c c:/nxp/lpcxpresso_3.6.3_317/tools/bin/../lib/gcc/arm-none-eabi/4.3.3/../../../../arm-none-eabi/lib/thumb2\libc.a(lib_a-fstatr.o)
 .debug_frame   0x00002b70       0x2c c:/nxp/lpcxpresso_3.6.3_317/tools/bin/../lib/gcc/arm-none-eabi/4.3.3/../../../../arm-none-eabi/lib/thumb2\libc.a(lib_a-isattyr.o)
 .debug_frame   0x00002b9c       0x2c c:/nxp/lpcxpresso_3.6.3_317/tools/bin/../lib/gcc/arm-none-eabi/4.3.3/../../../../arm-none-eabi/lib/thumb2\libc.a(lib_a-lseekr.o)
 .debug_frame   0x00002bc8       0x2c c:/nxp/lpcxpresso_3.6.3_317/tools/bin/../lib/gcc/arm-none-eabi/4.3.3/../../../../arm-none-eabi/lib/thumb2\libc.a(lib_a-readr.o)
 .debug_frame   0x00002bf4       0x64 c:/nxp/lpcxpresso_3.6.3_317/tools/bin/../lib/gcc/arm-none-eabi/4.3.3/../../../../arm-none-eabi/lib/thumb2\libc.a(lib_a-reent.o)
 .debug_frame   0x00002c58       0x20 c:/nxp/lpcxpresso_3.6.3_317/tools/bin/../lib/gcc/arm-none-eabi/4.3.3/../../../../arm-none-eabi/lib/thumb2\libc.a(lib_a-errno.o)

.debug_loc      0x00000000     0x3425
 .debug_loc     0x00000000      0x1e5 ./src/cr_startup_lpc17.o
 .debug_loc     0x000001e5      0xa2d ./src/main.o
 .debug_loc     0x00000c12       0x56 C:\Users\thyagesh93\Documents\NUS\IVLEDrive\EE2024 PROGRAMMING FOR COMPUTER INTERFACES\PROGRAMMING FOR COMPUTER INTERFACES\Assignment 2\Lib_CMSISv1p30_LPC17xx\Debug\libCMSISv1p30_LPC17xx.a(system_LPC17xx.o)
 .debug_loc     0x00000c68      0x1e7 C:\Users\thyagesh93\Documents\NUS\IVLEDrive\EE2024 PROGRAMMING FOR COMPUTER INTERFACES\PROGRAMMING FOR COMPUTER INTERFACES\Assignment 2\Lib_EaBaseBoard\Debug\libLib_EaBaseBoard.a(acc.o)
 .debug_loc     0x00000e4f       0x62 C:\Users\thyagesh93\Documents\NUS\IVLEDrive\EE2024 PROGRAMMING FOR COMPUTER INTERFACES\PROGRAMMING FOR COMPUTER INTERFACES\Assignment 2\Lib_EaBaseBoard\Debug\libLib_EaBaseBoard.a(led7seg.o)
 .debug_loc     0x00000eb1      0x368 C:\Users\thyagesh93\Documents\NUS\IVLEDrive\EE2024 PROGRAMMING FOR COMPUTER INTERFACES\PROGRAMMING FOR COMPUTER INTERFACES\Assignment 2\Lib_EaBaseBoard\Debug\libLib_EaBaseBoard.a(light.o)
 .debug_loc     0x00001219      0x331 C:\Users\thyagesh93\Documents\NUS\IVLEDrive\EE2024 PROGRAMMING FOR COMPUTER INTERFACES\PROGRAMMING FOR COMPUTER INTERFACES\Assignment 2\Lib_EaBaseBoard\Debug\libLib_EaBaseBoard.a(oled.o)
 .debug_loc     0x0000154a      0x2c3 C:\Users\thyagesh93\Documents\NUS\IVLEDrive\EE2024 PROGRAMMING FOR COMPUTER INTERFACES\PROGRAMMING FOR COMPUTER INTERFACES\Assignment 2\Lib_EaBaseBoard\Debug\libLib_EaBaseBoard.a(pca9532.o)
 .debug_loc     0x0000180d       0x62 C:\Users\thyagesh93\Documents\NUS\IVLEDrive\EE2024 PROGRAMMING FOR COMPUTER INTERFACES\PROGRAMMING FOR COMPUTER INTERFACES\Assignment 2\Lib_EaBaseBoard\Debug\libLib_EaBaseBoard.a(rgb.o)
 .debug_loc     0x0000186f      0x4ba C:\Users\thyagesh93\Documents\NUS\IVLEDrive\EE2024 PROGRAMMING FOR COMPUTER INTERFACES\PROGRAMMING FOR COMPUTER INTERFACES\Assignment 2\Lib_MCU\Debug\libLib_MCU.a(lpc17xx_gpio.o)
 .debug_loc     0x00001d29      0x4cd C:\Users\thyagesh93\Documents\NUS\IVLEDrive\EE2024 PROGRAMMING FOR COMPUTER INTERFACES\PROGRAMMING FOR COMPUTER INTERFACES\Assignment 2\Lib_MCU\Debug\libLib_MCU.a(lpc17xx_i2c.o)
 .debug_loc     0x000021f6      0x14a C:\Users\thyagesh93\Documents\NUS\IVLEDrive\EE2024 PROGRAMMING FOR COMPUTER INTERFACES\PROGRAMMING FOR COMPUTER INTERFACES\Assignment 2\Lib_MCU\Debug\libLib_MCU.a(lpc17xx_pinsel.o)
 .debug_loc     0x00002340      0x434 C:\Users\thyagesh93\Documents\NUS\IVLEDrive\EE2024 PROGRAMMING FOR COMPUTER INTERFACES\PROGRAMMING FOR COMPUTER INTERFACES\Assignment 2\Lib_MCU\Debug\libLib_MCU.a(lpc17xx_ssp.o)
 .debug_loc     0x00002774      0x3a7 C:\Users\thyagesh93\Documents\NUS\IVLEDrive\EE2024 PROGRAMMING FOR COMPUTER INTERFACES\PROGRAMMING FOR COMPUTER INTERFACES\Assignment 2\Lib_MCU\Debug\libLib_MCU.a(lpc17xx_timer.o)
 .debug_loc     0x00002b1b      0x757 C:\Users\thyagesh93\Documents\NUS\IVLEDrive\EE2024 PROGRAMMING FOR COMPUTER INTERFACES\PROGRAMMING FOR COMPUTER INTERFACES\Assignment 2\Lib_MCU\Debug\libLib_MCU.a(lpc17xx_uart.o)
 .debug_loc     0x00003272      0x1b3 C:\Users\thyagesh93\Documents\NUS\IVLEDrive\EE2024 PROGRAMMING FOR COMPUTER INTERFACES\PROGRAMMING FOR COMPUTER INTERFACES\Assignment 2\Lib_MCU\Debug\libLib_MCU.a(lpc17xx_clkpwr.o)

.debug_pubnames
                0x00000000     0x16cf
 .debug_pubnames
                0x00000000       0xfd ./src/cr_startup_lpc17.o
 .debug_pubnames
                0x000000fd      0x799 ./src/main.o
 .debug_pubnames
                0x00000896       0x4f C:\Users\thyagesh93\Documents\NUS\IVLEDrive\EE2024 PROGRAMMING FOR COMPUTER INTERFACES\PROGRAMMING FOR COMPUTER INTERFACES\Assignment 2\Lib_CMSISv1p30_LPC17xx\Debug\libCMSISv1p30_LPC17xx.a(system_LPC17xx.o)
 .debug_pubnames
                0x000008e5       0x4d C:\Users\thyagesh93\Documents\NUS\IVLEDrive\EE2024 PROGRAMMING FOR COMPUTER INTERFACES\PROGRAMMING FOR COMPUTER INTERFACES\Assignment 2\Lib_EaBaseBoard\Debug\libLib_EaBaseBoard.a(acc.o)
 .debug_pubnames
                0x00000932       0x37 C:\Users\thyagesh93\Documents\NUS\IVLEDrive\EE2024 PROGRAMMING FOR COMPUTER INTERFACES\PROGRAMMING FOR COMPUTER INTERFACES\Assignment 2\Lib_EaBaseBoard\Debug\libLib_EaBaseBoard.a(led7seg.o)
 .debug_pubnames
                0x00000969      0x107 C:\Users\thyagesh93\Documents\NUS\IVLEDrive\EE2024 PROGRAMMING FOR COMPUTER INTERFACES\PROGRAMMING FOR COMPUTER INTERFACES\Assignment 2\Lib_EaBaseBoard\Debug\libLib_EaBaseBoard.a(light.o)
 .debug_pubnames
                0x00000a70       0xa9 C:\Users\thyagesh93\Documents\NUS\IVLEDrive\EE2024 PROGRAMMING FOR COMPUTER INTERFACES\PROGRAMMING FOR COMPUTER INTERFACES\Assignment 2\Lib_EaBaseBoard\Debug\libLib_EaBaseBoard.a(oled.o)
 .debug_pubnames
                0x00000b19       0xef C:\Users\thyagesh93\Documents\NUS\IVLEDrive\EE2024 PROGRAMMING FOR COMPUTER INTERFACES\PROGRAMMING FOR COMPUTER INTERFACES\Assignment 2\Lib_EaBaseBoard\Debug\libLib_EaBaseBoard.a(pca9532.o)
 .debug_pubnames
                0x00000c08       0x2f C:\Users\thyagesh93\Documents\NUS\IVLEDrive\EE2024 PROGRAMMING FOR COMPUTER INTERFACES\PROGRAMMING FOR COMPUTER INTERFACES\Assignment 2\Lib_EaBaseBoard\Debug\libLib_EaBaseBoard.a(rgb.o)
 .debug_pubnames
                0x00000c37       0x1e C:\Users\thyagesh93\Documents\NUS\IVLEDrive\EE2024 PROGRAMMING FOR COMPUTER INTERFACES\PROGRAMMING FOR COMPUTER INTERFACES\Assignment 2\Lib_EaBaseBoard\Debug\libLib_EaBaseBoard.a(font5x7.o)
 .debug_pubnames
                0x00000c55      0x196 C:\Users\thyagesh93\Documents\NUS\IVLEDrive\EE2024 PROGRAMMING FOR COMPUTER INTERFACES\PROGRAMMING FOR COMPUTER INTERFACES\Assignment 2\Lib_MCU\Debug\libLib_MCU.a(lpc17xx_gpio.o)
 .debug_pubnames
                0x00000deb      0x165 C:\Users\thyagesh93\Documents\NUS\IVLEDrive\EE2024 PROGRAMMING FOR COMPUTER INTERFACES\PROGRAMMING FOR COMPUTER INTERFACES\Assignment 2\Lib_MCU\Debug\libLib_MCU.a(lpc17xx_i2c.o)
 .debug_pubnames
                0x00000f50       0xa6 C:\Users\thyagesh93\Documents\NUS\IVLEDrive\EE2024 PROGRAMMING FOR COMPUTER INTERFACES\PROGRAMMING FOR COMPUTER INTERFACES\Assignment 2\Lib_MCU\Debug\libLib_MCU.a(lpc17xx_pinsel.o)
 .debug_pubnames
                0x00000ff6      0x17f C:\Users\thyagesh93\Documents\NUS\IVLEDrive\EE2024 PROGRAMMING FOR COMPUTER INTERFACES\PROGRAMMING FOR COMPUTER INTERFACES\Assignment 2\Lib_MCU\Debug\libLib_MCU.a(lpc17xx_ssp.o)
 .debug_pubnames
                0x00001175      0x17a C:\Users\thyagesh93\Documents\NUS\IVLEDrive\EE2024 PROGRAMMING FOR COMPUTER INTERFACES\PROGRAMMING FOR COMPUTER INTERFACES\Assignment 2\Lib_MCU\Debug\libLib_MCU.a(lpc17xx_timer.o)
 .debug_pubnames
                0x000012ef      0x325 C:\Users\thyagesh93\Documents\NUS\IVLEDrive\EE2024 PROGRAMMING FOR COMPUTER INTERFACES\PROGRAMMING FOR COMPUTER INTERFACES\Assignment 2\Lib_MCU\Debug\libLib_MCU.a(lpc17xx_uart.o)
 .debug_pubnames
                0x00001614       0xbb C:\Users\thyagesh93\Documents\NUS\IVLEDrive\EE2024 PROGRAMMING FOR COMPUTER INTERFACES\PROGRAMMING FOR COMPUTER INTERFACES\Assignment 2\Lib_MCU\Debug\libLib_MCU.a(lpc17xx_clkpwr.o)

.debug_aranges  0x00000000      0x978
 .debug_aranges
                0x00000000       0x70 ./src/cr_startup_lpc17.o
 .debug_aranges
                0x00000070      0x1c0 ./src/main.o
 .debug_aranges
                0x00000230       0x28 C:\Users\thyagesh93\Documents\NUS\IVLEDrive\EE2024 PROGRAMMING FOR COMPUTER INTERFACES\PROGRAMMING FOR COMPUTER INTERFACES\Assignment 2\Lib_CMSISv1p30_LPC17xx\Debug\libCMSISv1p30_LPC17xx.a(system_LPC17xx.o)
 .debug_aranges